OkHttp: 26595,828117,DHANBAD,JHARKHAND
2021-09-15 12:05:08.660 7613-7711/com.capitalfirst D/OkHttp: 26596,828119,DHANBAD,JHARKHAND
2021-09-15 12:05:08.681 7613-7735/com.capitalfirst D/OkHttp: 26865,841223,SARAN,BIHAR
2021-09-15 12:05:08.681 7613-7735/com.capitalfirst D/OkHttp: 26866,841224,SARAN,BIHAR
2021-09-15 12:05:08.681 7613-7735/com.capitalfirst D/OkHttp: 26867,841225,SARAN,BIHAR
2021-09-15 12:05:08.681 7613-7735/com.capitalfirst D/OkHttp: 26868,841226,SIWAN,BIHAR
2021-09-15 12:05:08.681 7613-7735/com.capitalfirst D/OkHttp: 26869,841227,SIWAN,BIHAR
2021-09-15 12:05:08.681 7613-7735/com.capitalfirst D/OkHttp: 26870,841231,SIWAN,BIHAR
2021-09-15 12:05:08.682 7613-7735/com.capitalfirst D/OkHttp: 26871,841232,SIWAN,BIHAR
2021-09-15 12:05:08.682 7613-7735/com.capitalfirst D/OkHttp: 26872,841233,SIWAN,BIHAR
2021-09-15 12:05:08.682 7613-7735/com.capitalfirst D/OkHttp: 26873,841234,SARAN,BIHAR
2021-09-15 12:05:08.682 7613-7735/com.capitalfirst D/OkHttp: 26874,841235,SARAN,BIHAR
2021-09-15 12:05:08.682 7613-7735/com.capitalfirst D/OkHttp: 26875,841236,SIWAN,BIHAR
2021-09-15 12:05:08.685 7613-7735/com.capitalfirst D/OkHttp: 26876,841237,SIWAN,BIHAR
2021-09-15 12:05:08.686 7613-7735/com.capitalfirst D/OkHttp: 26877,841238,SIWAN,BIHAR
2021-09-15 12:05:08.691 7613-7735/com.capitalfirst D/OkHttp: 26878,841239,SARAN,BIHAR
2021-09-15 12:05:08.691 7613-7735/com.capitalfirst D/OkHttp: 26879,841240,SARAN,BIHAR
2021-09-15 12:05:08.691 7613-7735/com.capitalfirst D/OkHttp: 26880,841241,SIWAN,BIHAR
2021-09-15 12:05:08.691 7613-7735/com.capitalfirst D/OkHttp: 26881,841242,SARAN,BIHAR
2021-09-15 12:05:08.691 7613-7735/com.capitalfirst D/OkHttp: 26882,841243,SIWAN,BIHAR
2021-09-15 12:05:08.691 7613-7710/com.capitalfirst D/OkHttp: 22624,721130,EAST MIDNAPORE,WEST BENGAL
2021-09-15 12:05:08.694 7613-7710/com.capitalfirst D/OkHttp: 22625,721131,EAST MIDNAPORE,WEST BENGAL
2021-09-15 12:05:08.694 7613-7710/com.capitalfirst D/OkHttp: 22626,721132,WEST MIDNAPORE,WEST BENGAL
2021-09-15 12:05:08.694 7613-7710/com.capitalfirst D/OkHttp: 22627,721133,MEDINIPUR,WEST BENGAL
2021-09-15 12:05:08.694 7613-7710/com.capitalfirst D/OkHttp: 22628,721134,EAST MIDNAPORE,WEST BENGAL
2021-09-15 12:05:08.694 7613-7676/com.capitalfirst D/OkHttp: 27580,851204,KHAGARIA,BIHAR
2021-09-15 12:05:08.696 7613-7676/com.capitalfirst D/OkHttp: 27581,851205,KHAGARIA,BIHAR
2021-09-15 12:05:08.696 7613-7676/com.capitalfirst D/OkHttp: 27582,851206,KHAGARIA,BIHAR
2021-09-15 12:05:08.697 7613-7676/com.capitalfirst D/OkHttp: 27583,851210,BEGUSARAI,BIHAR
2021-09-15 12:05:08.697 7613-7676/com.capitalfirst D/OkHttp: 27584,851211,BEGUSARAI,BIHAR
2021-09-15 12:05:08.697 7613-7676/com.capitalfirst D/OkHttp: 27585,851212,KHAGARIA,BIHAR
2021-09-15 12:05:08.697 7613-7676/com.capitalfirst D/OkHttp: 27586,851213,KHAGARIA,BIHAR
2021-09-15 12:05:08.697 7613-7676/com.capitalfirst D/OkHttp: 27587,851214,KHAGARIA,BIHAR
2021-09-15 12:05:08.697 7613-7676/com.capitalfirst D/OkHttp: 27588,851215,KHAGARIA,BIHAR
2021-09-15 12:05:08.697 7613-7676/com.capitalfirst D/OkHttp: 27589,851216,KHAGARIA,BIHAR
2021-09-15 12:05:08.697 7613-7676/com.capitalfirst D/OkHttp: 27590,851217,BEGUSARAI,BIHAR
2021-09-15 12:05:08.697 7613-7676/com.capitalfirst D/OkHttp: 27591,851218,BEGUSARAI,BIHAR
2021-09-15 12:05:08.697 7613-7676/com.capitalfirst D/OkHttp: 27592,851219,KHAGARIA,BIHAR
2021-09-15 12:05:08.698 7613-7676/com.capitalfirst D/OkHttp: 27593,851220,BEGUSARAI,BIHAR
2021-09-15 12:05:08.698 7613-7676/com.capitalfirst D/OkHttp: 27594,851221,BEGUSARAI,BIHAR
2021-09-15 12:05:08.698 7613-7676/com.capitalfirst D/OkHttp: 27595,851222,BEGUSARAI,BIHAR
2021-09-15 12:05:08.698 7613-7676/com.capitalfirst D/OkHttp: 27596,851223,BEGUSARAI,BIHAR
2021-09-15 12:05:08.698 7613-7676/com.capitalfirst D/OkHttp: 27597,851224,BEGUSARAI,BIHAR
2021-09-15 12:05:08.698 7613-7710/com.capitalfirst D/OkHttp: 22629,721135,MEDINIPUR,WEST BENGAL
2021-09-15 12:05:08.698 7613-7710/com.capitalfirst D/OkHttp: 22630,721136,MEDINIPUR,WEST BENGAL
2021-09-15 12:05:08.698 7613-7710/com.capitalfirst D/OkHttp: 22631,721137,EAST MIDNAPORE,WEST BENGAL
2021-09-15 12:05:08.698 7613-7710/com.capitalfirst D/OkHttp: 22632,721138,MEDINIPUR,WEST BENGAL
2021-09-15 12:05:08.698 7613-7710/com.capitalfirst D/OkHttp: 22633,721139,BANKURA,WEST BENGAL
2021-09-15 12:05:08.698 7613-7710/com.capitalfirst D/OkHttp: 22634,721140,WEST MIDNAPORE,WEST BENGAL
2021-09-15 12:05:08.698 7613-7710/com.capitalfirst D/OkHttp: 22635,721141,MEDINIPUR,WEST BENGAL
2021-09-15 12:05:08.698 7613-7710/com.capitalfirst D/OkHttp: 22636,721142,MEDINIPUR,WEST BENGAL
2021-09-15 12:05:08.699 7613-7710/com.capitalfirst D/OkHttp: 22637,721143,WEST MIDNAPORE,WEST BENGAL
2021-09-15 12:05:08.699 7613-7710/com.capitalfirst D/OkHttp: 22638,721144,WEST MIDNAPORE,WEST BENGAL
2021-09-15 12:05:08.699 7613-7710/com.capitalfirst D/OkHttp: 22639,721145,BANKURA,WEST BENGAL
2021-09-15 12:05:08.699 7613-7710/com.capitalfirst D/OkHttp: 22640,721146,MEDINIPUR,WEST BENGAL
2021-09-15 12:05:08.699 7613-7710/com.capitalfirst D/OkHttp: 22641,721147,MEDINIPUR,WEST BENGAL
2021-09-15 12:05:08.699 7613-7710/com.capitalfirst D/OkHttp: 22642,721148,MEDINIPUR,WEST BENGAL
2021-09-15 12:05:08.699 7613-7710/com.capitalfirst D/OkHttp: 22643,721149,WEST MIDNAPORE,WEST BENGAL
2021-09-15 12:05:08.699 7613-7710/com.capitalfirst D/OkHttp: 22644,721150,WEST DINAJPUR,WEST BENGAL
2021-09-15 12:05:08.699 7613-7710/com.capitalfirst D/OkHttp: 22645,721151,MEDINIPUR,WEST BENGAL
2021-09-15 12:05:08.699 7613-7710/com.capitalfirst D/OkHttp: 22646,721152,MEDINIPUR,WEST BENGAL
2021-09-15 12:05:08.699 7613-7710/com.capitalfirst D/OkHttp: 22647,721153,MEDINIPUR,WEST BENGAL
2021-09-15 12:05:08.699 7613-7710/com.capitalfirst D/OkHttp: 22648,721154,EAST MIDNAPORE,WEST BENGAL
2021-09-15 12:05:08.699 7613-7710/com.capitalfirst D/OkHttp: 22649,721155,MEDINIPUR,WEST BENGAL
2021-09-15 12:05:08.699 7613-7710/com.capitalfirst D/OkHttp: 22650,721156,MEDINIPUR,WEST BENGAL
2021-09-15 12:05:08.700 7613-7710/com.capitalfirst D/OkHttp: 22651,721157,MEDINIPUR,WEST BENGAL
2021-09-15 12:05:08.700 7613-7710/com.capitalfirst D/OkHttp: 22652,721158,MEDINIPUR,WEST BENGAL
2021-09-15 12:05:08.700 7613-7710/com.capitalfirst D/OkHttp: 22653,721159,MEDINIPUR,WEST BENGAL
2021-09-15 12:05:08.700 7613-7710/com.capitalfirst D/OkHttp: 22654,721160,WEST MIDNAPORE,WEST BENGAL
2021-09-15 12:05:08.700 7613-7710/com.capitalfirst D/OkHttp: 22655,721161,MEDINIPUR,WEST BENGAL
2021-09-15 12:05:08.700 7613-7710/com.capitalfirst D/OkHttp: 22656,721162,MEDINIPUR,WEST BENGAL
2021-09-15 12:05:08.700 7613-7710/com.capitalfirst D/OkHttp: 22657,721163,MEDINIPUR,WEST BENGAL
2021-09-15 12:05:08.700 7613-7710/com.capitalfirst D/OkHttp: 22658,721164,MEDINIPUR,WEST BENGAL
2021-09-15 12:05:08.703 7613-7710/com.capitalfirst D/OkHttp: 22659,721165,MEDINIPUR,WEST BENGAL
2021-09-15 12:05:08.709 7613-7676/com.capitalfirst D/OkHttp: 27598,851225,KHAGARIA,BIHAR
2021-09-15 12:05:08.710 7613-7676/com.capitalfirst D/OkHttp: 27599,851226,KHAGARIA,BIHAR
2021-09-15 12:05:08.710 7613-7710/com.capitalfirst D/OkHttp: 22660,721166,WEST MIDNAPORE,WEST BENGAL
2021-09-15 12:05:08.710 7613-7710/com.capitalfirst D/OkHttp: 22661,721167,MEDINIPUR,WEST BENGAL
2021-09-15 12:05:08.710 7613-7710/com.capitalfirst D/OkHttp: 22662,721168,MEDINIPUR,WEST BENGAL
2021-09-15 12:05:08.718 7613-7676/com.capitalfirst D/OkHttp: 27600,851227,KHAGARIA,BIHAR
2021-09-15 12:05:08.720 7613-7676/com.capitalfirst D/OkHttp: 27601,851228,KHAGARIA,BIHAR
2021-09-15 12:05:08.720 7613-7676/com.capitalfirst D/OkHttp: 27602,851230,BEGUSARAI,BIHAR
2021-09-15 12:05:08.721 7613-7676/com.capitalfirst D/OkHttp: 27603,852101,MADHEPURA,BIHAR
2021-09-15 12:05:08.721 7613-7676/com.capitalfirst D/OkHttp: 27604,852105,SAHARSA,BIHAR
2021-09-15 12:05:08.727 7613-7676/com.capitalfirst D/OkHttp: 27605,852106,SAHARSA,BIHAR
2021-09-15 12:05:08.728 7613-7676/com.capitalfirst D/OkHttp: 27606,852107,MADHEPURA,BIHAR
2021-09-15 12:05:08.728 7613-7676/com.capitalfirst D/OkHttp: 27607,852108,SAHARSA,BIHAR
2021-09-15 12:05:08.728 7613-7676/com.capitalfirst D/OkHttp: 27608,852109,SAHARSA,BIHAR
2021-09-15 12:05:08.728 7613-7676/com.capitalfirst D/OkHttp: 27609,852110,SAHARSA,BIHAR
2021-09-15 12:05:08.728 7613-7676/com.capitalfirst D/OkHttp: 27610,852111,SAHARSA,BIHAR
2021-09-15 12:05:08.728 7613-7676/com.capitalfirst D/OkHttp: 27611,852112,MADHEPURA,BIHAR
2021-09-15 12:05:08.729 7613-7676/com.capitalfirst D/OkHttp: 27612,852113,MADHEPURA,BIHAR
2021-09-15 12:05:08.729 7613-7676/com.capitalfirst D/OkHttp: 27613,852114,MADHEPURA,BIHAR
2021-09-15 12:05:08.729 7613-7676/com.capitalfirst D/OkHttp: 27614,852115,MADHEPURA,BIHAR
2021-09-15 12:05:08.729 7613-7735/com.capitalfirst D/OkHttp: 26883,841244,SARAN,BIHAR
2021-09-15 12:05:08.729 7613-7735/com.capitalfirst D/OkHttp: 26884,841245,SIWAN,BIHAR
2021-09-15 12:05:08.729 7613-7735/com.capitalfirst D/OkHttp: 26885,841246,SARAN,BIHAR
2021-09-15 12:05:08.729 7613-7735/com.capitalfirst D/OkHttp: 26886,841247,SARAN,BIHAR
2021-09-15 12:05:08.729 7613-7735/com.capitalfirst D/OkHttp: 26887,841248,SARAN,BIHAR
2021-09-15 12:05:08.729 7613-7735/com.capitalfirst D/OkHttp: 26888,841249,SARAN,BIHAR
2021-09-15 12:05:08.729 7613-7735/com.capitalfirst D/OkHttp: 26889,841250,SARAN,BIHAR
2021-09-15 12:05:08.729 7613-7735/com.capitalfirst D/OkHttp: 26890,841251,SARAN,BIHAR
2021-09-15 12:05:08.729 7613-7735/com.capitalfirst D/OkHttp: 26891,841252,SIWAN,BIHAR
2021-09-15 12:05:08.729 7613-7735/com.capitalfirst D/OkHttp: 26892,841253,SARAN,BIHAR
2021-09-15 12:05:08.729 7613-7735/com.capitalfirst D/OkHttp: 26893,841254,SIWAN,BIHAR
2021-09-15 12:05:08.729 7613-7735/com.capitalfirst D/OkHttp: 26894,841255,SARAN,BIHAR
2021-09-15 12:05:08.729 7613-7735/com.capitalfirst D/OkHttp: 26895,841256,SARAN,BIHAR
2021-09-15 12:05:08.729 7613-7735/com.capitalfirst D/OkHttp: 26896,841286,SIWAN,BIHAR
2021-09-15 12:05:08.729 7613-7735/com.capitalfirst D/OkHttp: 26897,841287,SIWAN,BIHAR
2021-09-15 12:05:08.729 7613-7735/com.capitalfirst D/OkHttp: 26898,841301,SARAN,BIHAR
2021-09-15 12:05:08.729 7613-7735/com.capitalfirst D/OkHttp: 26899,841302,SARAN,BIHAR
2021-09-15 12:05:08.729 7613-7735/com.capitalfirst D/OkHttp: 26900,841305,SARAN,BIHAR
2021-09-15 12:05:08.729 7613-7735/com.capitalfirst D/OkHttp: 26901,841311,SARAN,BIHAR
2021-09-15 12:05:08.730 7613-7735/com.capitalfirst D/OkHttp: 26902,841312,BHOJPUR,BIHAR
2021-09-15 12:05:08.730 7613-7735/com.capitalfirst D/OkHttp: 26903,841313,SARAN,BIHAR
2021-09-15 12:05:08.730 7613-7735/com.capitalfirst D/OkHttp: 26904,841314,SARAN,BIHAR
2021-09-15 12:05:08.730 7613-7735/com.capitalfirst D/OkHttp: 26905,841315,REVELGANJ,BIHAR
2021-09-15 12:05:08.730 7613-7735/com.capitalfirst D/OkHttp: 26906,841316,SARAN,BIHAR
2021-09-15 12:05:08.730 7613-7735/com.capitalfirst D/OkHttp: 26907,841317,SARAN,BIHAR
2021-09-15 12:05:08.730 7613-7735/com.capitalfirst D/OkHttp: 26908,841318,SARAN,BIHAR
2021-09-15 12:05:08.730 7613-7735/com.capitalfirst D/OkHttp: 26909,841339,SARAN,BIHAR
2021-09-15 12:05:08.730 7613-7735/com.capitalfirst D/OkHttp: 26910,841401,SARAN,BIHAR
2021-09-15 12:05:08.730 7613-7735/com.capitalfirst D/OkHttp: 26911,841402,SARAN,BIHAR
2021-09-15 12:05:08.730 7613-7735/com.capitalfirst D/OkHttp: 26912,841403,SARAN,BIHAR
2021-09-15 12:05:08.730 7613-7735/com.capitalfirst D/OkHttp: 26913,841404,SIWAN,BIHAR
2021-09-15 12:05:08.730 7613-7735/com.capitalfirst D/OkHttp: 26914,841405,SIWAN,BIHAR
2021-09-15 12:05:08.730 7613-7735/com.capitalfirst D/OkHttp: 26915,841406,SIWAN,BIHAR
2021-09-15 12:05:08.730 7613-7735/com.capitalfirst D/OkHttp: 26916,841407,GOPALGANJ,BIHAR
2021-09-15 12:05:08.730 7613-7735/com.capitalfirst D/OkHttp: 26917,841408,SIWAN,BIHAR
2021-09-15 12:05:08.730 7613-7735/com.capitalfirst D/OkHttp: 26918,841409,GOPALGANJ,BIHAR
2021-09-15 12:05:08.730 7613-7735/com.capitalfirst D/OkHttp: 26919,841410,SARAN,BIHAR
2021-09-15 12:05:08.730 7613-7735/com.capitalfirst D/OkHttp: 26920,841411,SARAN,BIHAR
2021-09-15 12:05:08.731 7613-7735/com.capitalfirst D/OkHttp: 26921,841412,SARAN,BIHAR
2021-09-15 12:05:08.731 7613-7735/com.capitalfirst D/OkHttp: 26922,841413,SIWAN,BIHAR
2021-09-15 12:05:08.731 7613-7735/com.capitalfirst D/OkHttp: 26923,841414,SARAN,BIHAR
2021-09-15 12:05:08.731 7613-7735/com.capitalfirst D/OkHttp: 26924,841415,SARAN,BIHAR
2021-09-15 12:05:08.731 7613-7735/com.capitalfirst D/OkHttp: 26925,841416,SARAN,BIHAR
2021-09-15 12:05:08.731 7613-7735/com.capitalfirst D/OkHttp: 26926,841417,SARAN,BIHAR
2021-09-15 12:05:08.731 7613-7735/com.capitalfirst D/OkHttp: 26927,841418,SARAN,BIHAR
2021-09-15 12:05:08.731 7613-7735/com.capitalfirst D/OkHttp: 26928,841419,SARAN,BIHAR
2021-09-15 12:05:08.738 7613-7735/com.capitalfirst D/OkHttp: 26929,841420,GOPALGANJ,BIHAR
2021-09-15 12:05:08.738 7613-7735/com.capitalfirst D/OkHttp: 26930,841421,SARAN,BIHAR
2021-09-15 12:05:08.738 7613-7735/com.capitalfirst D/OkHttp: 26931,841422,SARAN,BIHAR
2021-09-15 12:05:08.738 7613-7735/com.capitalfirst D/OkHttp: 26932,841423,GOPALGANJ,BIHAR
2021-09-15 12:05:08.739 7613-7735/com.capitalfirst D/OkHttp: 26933,841424,SARAN,BIHAR
2021-09-15 12:05:08.739 7613-7735/com.capitalfirst D/OkHttp: 26934,841425,GOPALGANJ,BIHAR
2021-09-15 12:05:08.739 7613-7735/com.capitalfirst D/OkHttp: 26935,841426,GOPALGANJ,BIHAR
2021-09-15 12:05:08.739 7613-7735/com.capitalfirst D/OkHttp: 26936,841427,GOPALGANJ,BIHAR
2021-09-15 12:05:08.739 7613-7735/com.capitalfirst D/OkHttp: 26937,841428,GOPALGANJ,BIHAR
2021-09-15 12:05:08.739 7613-7735/com.capitalfirst D/OkHttp: 26938,841429,SARAN,BIHAR
2021-09-15 12:05:08.739 7613-7735/com.capitalfirst D/OkHttp: 26939,841430,SARAN,BIHAR
2021-09-15 12:05:08.739 7613-7735/com.capitalfirst D/OkHttp: 26940,841431,SARAN,BIHAR
2021-09-15 12:05:08.739 7613-7735/com.capitalfirst D/OkHttp: 26941,841432,SARAN,BIHAR
2021-09-15 12:05:08.739 7613-7735/com.capitalfirst D/OkHttp: 26942,841433,SARAN,BIHAR
2021-09-15 12:05:08.739 7613-7735/com.capitalfirst D/OkHttp: 26943,841434,SIWAN,BIHAR
2021-09-15 12:05:08.740 7613-7735/com.capitalfirst D/OkHttp: 26944,841435,SIWAN,BIHAR
2021-09-15 12:05:08.740 7613-7735/com.capitalfirst D/OkHttp: 26945,841436,SIWAN,BIHAR
2021-09-15 12:05:08.740 7613-7676/com.capitalfirst D/OkHttp: 27615,852116,MADHEPURA,BIHAR
2021-09-15 12:05:08.740 7613-7676/com.capitalfirst D/OkHttp: 27616,852121,MADHEPURA,BIHAR
2021-09-15 12:05:08.740 7613-7676/com.capitalfirst D/OkHttp: 27617,852122,MURLIGANJ,BIHAR
2021-09-15 12:05:08.740 7613-7676/com.capitalfirst D/OkHttp: 27618,852123,SAHARSA,BIHAR
2021-09-15 12:05:08.743 7613-7676/com.capitalfirst D/OkHttp: 27619,852124,SAHARSA,BIHAR
2021-09-15 12:05:08.746 7613-7676/com.capitalfirst D/OkHttp: 27620,852125,SAHARSA,BIHAR
2021-09-15 12:05:08.746 7613-7676/com.capitalfirst D/OkHttp: 27621,852126,SAHARSA,BIHAR
2021-09-15 12:05:08.751 7613-7735/com.capitalfirst D/OkHttp: 26946,841437,GOPALGANJ,BIHAR
2021-09-15 12:05:08.751 7613-7735/com.capitalfirst D/OkHttp: 26947,841438,GOPALGANJ,BIHAR
2021-09-15 12:05:08.751 7613-7735/com.capitalfirst D/OkHttp: 26948,841439,SIWAN,BIHAR
2021-09-15 12:05:08.751 7613-7735/com.capitalfirst D/OkHttp: 26949,841440,GOPALGANJ,BIHAR
2021-09-15 12:05:08.751 7613-7735/com.capitalfirst D/OkHttp: 26950,841441,GOPALGANJ,BIHAR
2021-09-15 12:05:08.751 7613-7735/com.capitalfirst D/OkHttp: 26951,841442,SARAN,BIHAR
2021-09-15 12:05:08.752 7613-7735/com.capitalfirst D/OkHttp: 26952,841443,SARAN,BIHAR
2021-09-15 12:05:08.752 7613-7735/com.capitalfirst D/OkHttp: 26953,841446,SIWAN,BIHAR
2021-09-15 12:05:08.752 7613-7735/com.capitalfirst D/OkHttp: 26954,841460,SARAN,BIHAR
2021-09-15 12:05:08.753 7613-7735/com.capitalfirst D/OkHttp: 26955,841501,GOPALGANJ,BIHAR
2021-09-15 12:05:08.755 7613-7735/com.capitalfirst D/OkHttp: 26956,841502,SIWAN,BIHAR
2021-09-15 12:05:08.755 7613-7735/com.capitalfirst D/OkHttp: 26957,841503,GOPALGANJ,BIHAR
2021-09-15 12:05:08.755 7613-7735/com.capitalfirst D/OkHttp: 26958,841504,SIWAN,BIHAR
2021-09-15 12:05:08.755 7613-7735/com.capitalfirst D/OkHttp: 26959,841505,GOPALGANJ,BIHAR
2021-09-15 12:05:08.755 7613-7735/com.capitalfirst D/OkHttp: 26960,841506,SIWAN,BIHAR
2021-09-15 12:05:08.755 7613-7735/com.capitalfirst D/OkHttp: 26961,841507,SIWAN,BIHAR
2021-09-15 12:05:08.755 7613-7735/com.capitalfirst D/OkHttp: 26962,841508,GOPALGANJ,BIHAR
2021-09-15 12:05:08.756 7613-7735/com.capitalfirst D/OkHttp: 26963,841509,SIWAN,BIHAR
2021-09-15 12:05:08.756 7613-7735/com.capitalfirst D/OkHttp: 26964,842001,MUZAFFARPUR,BIHAR
2021-09-15 12:05:08.765 7613-7735/com.capitalfirst D/OkHttp: 26965,842002,MUZAFFARPUR,BIHAR
2021-09-15 12:05:08.766 7613-7735/com.capitalfirst D/OkHttp: 26966,842003,MUZAFFARPUR,BIHAR
2021-09-15 12:05:08.766 7613-7735/com.capitalfirst D/OkHttp: 26967,842004,MUZAFFARPUR,BIHAR
2021-09-15 12:05:08.769 7613-7735/com.capitalfirst D/OkHttp: 26968,842005,MUZAFFARPUR,BIHAR
2021-09-15 12:05:08.769 7613-7735/com.capitalfirst D/OkHttp: 26969,842006,SAMASTIPUR,BIHAR
2021-09-15 12:05:08.769 7613-7735/com.capitalfirst D/OkHttp: 26970,842101,AURANGABAD BH,BIHAR
2021-09-15 12:05:08.769 7613-7735/com.capitalfirst D/OkHttp: 26971,842113,MUZAFFARPUR,BIHAR
2021-09-15 12:05:08.769 7613-7735/com.capitalfirst D/OkHttp: 26972,843101,MUZAFFARPUR,BIHAR
2021-09-15 12:05:08.770 7613-7735/com.capitalfirst D/OkHttp: 26973,843102,MUZAFFARPUR,BIHAR
2021-09-15 12:05:08.770 7613-7735/com.capitalfirst D/OkHttp: 26974,843103,MUZAFFARPUR,BIHAR
2021-09-15 12:05:08.770 7613-7735/com.capitalfirst D/OkHttp: 26975,843104,MUZAFFARPUR,BIHAR
2021-09-15 12:05:08.770 7613-7735/com.capitalfirst D/OkHttp: 26976,843105,MUZAFFARPUR,BIHAR
2021-09-15 12:05:08.770 7613-7735/com.capitalfirst D/OkHttp: 26977,843106,MUZAFFARPUR,BIHAR
2021-09-15 12:05:08.770 7613-7735/com.capitalfirst D/OkHttp: 26978,843107,MUZAFFARPUR,BIHAR
2021-09-15 12:05:08.770 7613-7735/com.capitalfirst D/OkHttp: 26979,843108,MUZAFFARPUR,BIHAR
2021-09-15 12:05:08.770 7613-7735/com.capitalfirst D/OkHttp: 26980,843109,MUZAFFARPUR,BIHAR
2021-09-15 12:05:08.770 7613-7735/com.capitalfirst D/OkHttp: 26981,843110,VAISHALI,BIHAR
2021-09-15 12:05:08.770 7613-7735/com.capitalfirst D/OkHttp: 26982,843111,MUZAFFARPUR,BIHAR
2021-09-15 12:05:08.770 7613-7735/com.capitalfirst D/OkHttp: 26983,843112,MUZAFFARPUR,BIHAR
2021-09-15 12:05:08.770 7613-7735/com.capitalfirst D/OkHttp: 26984,843113,MUZAFFARPUR,BIHAR
2021-09-15 12:05:08.770 7613-7735/com.capitalfirst D/OkHttp: 26985,843114,VAISHALI,BIHAR
2021-09-15 12:05:08.771 7613-7735/com.capitalfirst D/OkHttp: 26986,843115,MUZAFFARPUR,BIHAR
2021-09-15 12:05:08.771 7613-7735/com.capitalfirst D/OkHttp: 26987,843116,MUZAFFARPUR,BIHAR
2021-09-15 12:05:08.771 7613-7735/com.capitalfirst D/OkHttp: 26988,843117,MUZAFFARPUR,BIHAR
2021-09-15 12:05:08.772 7613-7735/com.capitalfirst D/OkHttp: 26989,843118,MUZAFFARPUR,BIHAR
2021-09-15 12:05:08.772 7613-7711/com.capitalfirst D/OkHttp: 26597,828120,DHANBAD,JHARKHAND
2021-09-15 12:05:08.772 7613-7711/com.capitalfirst D/OkHttp: 26598,828121,SIJUA,JHARKHAND
2021-09-15 12:05:08.772 7613-7711/com.capitalfirst D/OkHttp: 26599,828122,SINDRI,JHARKHAND
2021-09-15 12:05:08.772 7613-7711/com.capitalfirst D/OkHttp: 26600,828123,DHANBAD,JHARKHAND
2021-09-15 12:05:08.773 7613-7711/com.capitalfirst D/OkHttp: 26601,828124,DHANBAD,JHARKHAND
2021-09-15 12:05:08.773 7613-7711/com.capitalfirst D/OkHttp: 26602,828125,DHANBAD,JHARKHAND
2021-09-15 12:05:08.773 7613-7711/com.capitalfirst D/OkHttp: 26603,828126,DHANBAD,JHARKHAND
2021-09-15 12:05:08.774 7613-7711/com.capitalfirst D/OkHttp: 26604,828127,DHANBAD,JHARKHAND
2021-09-15 12:05:08.774 7613-7711/com.capitalfirst D/OkHttp: 26605,828128,DHANBAD,JHARKHAND
2021-09-15 12:05:08.774 7613-7711/com.capitalfirst D/OkHttp: 26606,828129,DHANBAD,JHARKHAND
2021-09-15 12:05:08.774 7613-7711/com.capitalfirst D/OkHttp: 26607,828130,DHANBAD,JHARKHAND
2021-09-15 12:05:08.774 7613-7711/com.capitalfirst D/OkHttp: 26608,828131,DHANBAD,JHARKHAND
2021-09-15 12:05:08.774 7613-7711/com.capitalfirst D/OkHttp: 26609,828132,DHANBAD,JHARKHAND
2021-09-15 12:05:08.774 7613-7711/com.capitalfirst D/OkHttp: 26610,828133,DHANBAD,JHARKHAND
2021-09-15 12:05:08.776 7613-7711/com.capitalfirst D/OkHttp: 26611,828134,BOKARO,JHARKHAND
2021-09-15 12:05:08.776 7613-7710/com.capitalfirst D/OkHttp: 22663,721169,MEDINIPUR,WEST BENGAL
2021-09-15 12:05:08.777 7613-7710/com.capitalfirst D/OkHttp: 22664,721170,MEDINIPUR,WEST BENGAL
2021-09-15 12:05:08.777 7613-7710/com.capitalfirst D/OkHttp: 22665,721171,KOLAGHAT,WEST BENGAL
2021-09-15 12:05:08.777 7613-7710/com.capitalfirst D/OkHttp: 22666,721172,EAST MIDNAPORE,WEST BENGAL
2021-09-15 12:05:08.777 7613-7710/com.capitalfirst D/OkHttp: 22667,721201,WEST MIDNAPORE,WEST BENGAL
2021-09-15 12:05:08.777 7613-7710/com.capitalfirst D/OkHttp: 22668,721211,MEDINIPUR,WEST BENGAL
2021-09-15 12:05:08.777 7613-7711/com.capitalfirst D/OkHttp: 26612,828135,DHANBAD,JHARKHAND
2021-09-15 12:05:08.778 7613-7710/com.capitalfirst D/OkHttp: 22669,721212,MEDINIPUR,WEST BENGAL
2021-09-15 12:05:08.778 7613-7710/com.capitalfirst D/OkHttp: 22670,721222,WEST MIDNAPORE,WEST BENGAL
2021-09-15 12:05:08.778 7613-7710/com.capitalfirst D/OkHttp: 22671,721228,WEST MIDNAPORE,WEST BENGAL
2021-09-15 12:05:08.778 7613-7710/com.capitalfirst D/OkHttp: 22672,721232,MEDINIPUR,WEST BENGAL
2021-09-15 12:05:08.778 7613-7710/com.capitalfirst D/OkHttp: 22673,721242,WEST MIDNAPORE,WEST BENGAL
2021-09-15 12:05:08.780 7613-7735/com.capitalfirst D/OkHttp: 26990,843119,MUZAFFARPUR,BIHAR
2021-09-15 12:05:08.780 7613-7735/com.capitalfirst D/OkHttp: 26991,843120,MUZAFFARPUR,BIHAR
2021-09-15 12:05:08.780 7613-7735/com.capitalfirst D/OkHttp: 26992,843121,MUZAFFARPUR,BIHAR
2021-09-15 12:05:08.780 7613-7735/com.capitalfirst D/OkHttp: 26993,843122,MUZAFFARPUR,BIHAR
2021-09-15 12:05:08.780 7613-7735/com.capitalfirst D/OkHttp: 26994,843123,MUZAFFARPUR,BIHAR
2021-09-15 12:05:08.782 7613-7735/com.capitalfirst D/OkHttp: 26995,843124,MUZAFFARPUR,BIHAR
2021-09-15 12:05:08.782 7613-7735/com.capitalfirst D/OkHttp: 26996,843125,MUZAFFARPUR,BIHAR
2021-09-15 12:05:08.783 7613-7735/com.capitalfirst D/OkHttp: 26997,843126,MUZAFFARPUR,BIHAR
2021-09-15 12:05:08.783 7613-7735/com.capitalfirst D/OkHttp: 26998,843127,MUZAFFARPUR,BIHAR
2021-09-15 12:05:08.783 7613-7735/com.capitalfirst D/OkHttp: 26999,843128,MUZAFFARPUR,BIHAR
2021-09-15 12:05:08.783 7613-7735/com.capitalfirst D/OkHttp: 27000,843129,MUZAFFARPUR,BIHAR
2021-09-15 12:05:08.783 7613-7735/com.capitalfirst D/OkHttp: 27001,843130,MUZAFFARPUR,BIHAR
2021-09-15 12:05:08.783 7613-7735/com.capitalfirst D/OkHttp: 27002,843131,MUZAFFARPUR,BIHAR
2021-09-15 12:05:08.783 7613-7735/com.capitalfirst D/OkHttp: 27003,843132,MUZAFFARPUR,BIHAR
2021-09-15 12:05:08.783 7613-7735/com.capitalfirst D/OkHttp: 27004,843133,MUZAFFARPUR,BIHAR
2021-09-15 12:05:08.783 7613-7735/com.capitalfirst D/OkHttp: 27005,843134,MUZAFFARPUR,BIHAR
2021-09-15 12:05:08.783 7613-7735/com.capitalfirst D/OkHttp: 27006,843135,MUZAFFARPUR,BIHAR
2021-09-15 12:05:08.783 7613-7735/com.capitalfirst D/OkHttp: 27007,843136,MUZAFFARPUR,BIHAR
2021-09-15 12:05:08.783 7613-7735/com.capitalfirst D/OkHttp: 27008,843137,MUZAFFARPUR,BIHAR
2021-09-15 12:05:08.783 7613-7735/com.capitalfirst D/OkHttp: 27009,843138,MUZAFFARPUR,BIHAR
2021-09-15 12:05:08.784 7613-7735/com.capitalfirst D/OkHttp: 27010,843139,MUZAFFARPUR,BIHAR
2021-09-15 12:05:08.784 7613-7735/com.capitalfirst D/OkHttp: 27011,843140,MUZAFFARPUR,BIHAR
2021-09-15 12:05:08.784 7613-7735/com.capitalfirst D/OkHttp: 27012,843141,MUZAFFARPUR,BIHAR
2021-09-15 12:05:08.784 7613-7735/com.capitalfirst D/OkHttp: 27013,843142,MUZAFFARPUR,BIHAR
2021-09-15 12:05:08.784 7613-7735/com.capitalfirst D/OkHttp: 27014,843143,MUZAFFARPUR,BIHAR
2021-09-15 12:05:08.784 7613-7735/com.capitalfirst D/OkHttp: 27015,843144,MUZAFFARPUR,BIHAR
2021-09-15 12:05:08.784 7613-7735/com.capitalfirst D/OkHttp: 27016,843145,MUZAFFARPUR,BIHAR
2021-09-15 12:05:08.784 7613-7735/com.capitalfirst D/OkHttp: 27017,843146,MUZAFFARPUR,BIHAR
2021-09-15 12:05:08.784 7613-7735/com.capitalfirst D/OkHttp: 27018,843147,MUZAFFARPUR,BIHAR
2021-09-15 12:05:08.785 7613-7735/com.capitalfirst D/OkHttp: 27019,843148,MUZAFFARPUR,BIHAR
2021-09-15 12:05:08.785 7613-7735/com.capitalfirst D/OkHttp: 27020,843149,MUZAFFARPUR,BIHAR
2021-09-15 12:05:08.785 7613-7735/com.capitalfirst D/OkHttp: 27021,843150,MUZAFFARPUR,BIHAR
2021-09-15 12:05:08.785 7613-7735/com.capitalfirst D/OkHttp: 27022,843151,MUZAFFARPUR,BIHAR
2021-09-15 12:05:08.785 7613-7735/com.capitalfirst D/OkHttp: 27023,843152,MUZAFFARPUR,BIHAR
2021-09-15 12:05:08.785 7613-7735/com.capitalfirst D/OkHttp: 27024,843153,MUZAFFARPUR,BIHAR
2021-09-15 12:05:08.785 7613-7735/com.capitalfirst D/OkHttp: 27025,843154,MUZAFFARPUR,BIHAR
2021-09-15 12:05:08.786 7613-7735/com.capitalfirst D/OkHttp: 27026,843155,MUZAFFARPUR,BIHAR
2021-09-15 12:05:08.786 7613-7735/com.capitalfirst D/OkHttp: 27027,843156,MUZAFFARPUR,BIHAR
2021-09-15 12:05:08.786 7613-7735/com.capitalfirst D/OkHttp: 27028,843157,MUZAFFARPUR,BIHAR
2021-09-15 12:05:08.786 7613-7735/com.capitalfirst D/OkHttp: 27029,843158,MUZAFFARPUR,BIHAR
2021-09-15 12:05:08.786 7613-7735/com.capitalfirst D/OkHttp: 27030,843159,MUZAFFARPUR,BIHAR
2021-09-15 12:05:08.787 7613-7735/com.capitalfirst D/OkHttp: 27031,843160,MUZAFFARPUR,BIHAR
2021-09-15 12:05:08.788 7613-7735/com.capitalfirst D/OkHttp: 27032,843161,MUZAFFARPUR,BIHAR
2021-09-15 12:05:08.789 7613-7735/com.capitalfirst D/OkHttp: 27033,843162,MUZAFFARPUR,BIHAR
2021-09-15 12:05:08.789 7613-7735/com.capitalfirst D/OkHttp: 27034,843163,MUZAFFARPUR,BIHAR
2021-09-15 12:05:08.789 7613-7735/com.capitalfirst D/OkHttp: 27035,843164,MUZAFFARPUR,BIHAR
2021-09-15 12:05:08.789 7613-7735/com.capitalfirst D/OkHttp: 27036,843165,MUZAFFARPUR,BIHAR
2021-09-15 12:05:08.789 7613-7735/com.capitalfirst D/OkHttp: 27037,843301,SITAMARHI,BIHAR
2021-09-15 12:05:08.790 7613-7735/com.capitalfirst D/OkHttp: 27038,843302,SITAMARHI,BIHAR
2021-09-15 12:05:08.790 7613-7735/com.capitalfirst D/OkHttp: 27039,843311,SITAMARHI,BIHAR
2021-09-15 12:05:08.790 7613-7735/com.capitalfirst D/OkHttp: 27040,843312,MUZAFFARPUR,BIHAR
2021-09-15 12:05:08.790 7613-7735/com.capitalfirst D/OkHttp: 27041,843313,SITAMARHI,BIHAR
2021-09-15 12:05:08.790 7613-7735/com.capitalfirst D/OkHttp: 27042,843314,SITAMARHI,BIHAR
2021-09-15 12:05:08.790 7613-7735/com.capitalfirst D/OkHttp: 27043,843315,SITAMARHI,BIHAR
2021-09-15 12:05:08.790 7613-7735/com.capitalfirst D/OkHttp: 27044,843316,SITAMARHI,BIHAR
2021-09-15 12:05:08.790 7613-7735/com.capitalfirst D/OkHttp: 27045,843317,SITAMARHI,BIHAR
2021-09-15 12:05:08.790 7613-7735/com.capitalfirst D/OkHttp: 27046,843318,SITAMARHI,BIHAR
2021-09-15 12:05:08.790 7613-7735/com.capitalfirst D/OkHttp: 27047,843319,SITAMARHI,BIHAR
2021-09-15 12:05:08.790 7613-7735/com.capitalfirst D/OkHttp: 27048,843320,SITAMARHI,BIHAR
2021-09-15 12:05:08.790 7613-7735/com.capitalfirst D/OkHttp: 27049,843321,MUZAFFARPUR,BIHAR
2021-09-15 12:05:08.790 7613-7735/com.capitalfirst D/OkHttp: 27050,843322,SITAMARHI,BIHAR
2021-09-15 12:05:08.790 7613-7735/com.capitalfirst D/OkHttp: 27051,843323,SITAMARHI,BIHAR
2021-09-15 12:05:08.790 7613-7735/com.capitalfirst D/OkHttp: 27052,843324,SITAMARHI,BIHAR
2021-09-15 12:05:08.790 7613-7735/com.capitalfirst D/OkHttp: 27053,843325,SITAMARHI,BIHAR
2021-09-15 12:05:08.791 7613-7711/com.capitalfirst D/OkHttp: 26613,828142,DHANBAD,JHARKHAND
2021-09-15 12:05:08.800 7613-7676/com.capitalfirst D/OkHttp: 27622,852127,SAHARSA,BIHAR
2021-09-15 12:05:08.800 7613-7676/com.capitalfirst D/OkHttp: 27623,852128,MADHEPURA,BIHAR
2021-09-15 12:05:08.800 7613-7676/com.capitalfirst D/OkHttp: 27624,852129,MADHEPURA,BIHAR
2021-09-15 12:05:08.801 7613-7676/com.capitalfirst D/OkHttp: 27625,852130,MADHEPURA,BIHAR
2021-09-15 12:05:08.801 7613-7676/com.capitalfirst D/OkHttp: 27626,852131,SAHARSA,BIHAR
2021-09-15 12:05:08.801 7613-7676/com.capitalfirst D/OkHttp: 27627,852132,MADHEPURA,BIHAR
2021-09-15 12:05:08.801 7613-7676/com.capitalfirst D/OkHttp: 27628,852133,SUPAUL,BIHAR
2021-09-15 12:05:08.803 7613-7676/com.capitalfirst D/OkHttp: 27629,852137,MADHEPURA,BIHAR
2021-09-15 12:05:08.803 7613-7676/com.capitalfirst D/OkHttp: 27630,852138,SAHARSA,BIHAR
2021-09-15 12:05:08.803 7613-7676/com.capitalfirst D/OkHttp: 27631,852139,MADHUBANI,BIHAR
2021-09-15 12:05:08.806 7613-7676/com.capitalfirst D/OkHttp: 27632,852140,SAHARSA,BIHAR
2021-09-15 12:05:08.817 7613-7735/com.capitalfirst D/OkHttp: 27054,843326,SITAMARHI,BIHAR
2021-09-15 12:05:08.818 7613-7735/com.capitalfirst D/OkHttp: 27055,843327,SITAMARHI,BIHAR
2021-09-15 12:05:08.818 7613-7735/com.capitalfirst D/OkHttp: 27056,843328,SITAMARHI,BIHAR
2021-09-15 12:05:08.818 7613-7735/com.capitalfirst D/OkHttp: 27057,843329,SHEOHAR,BIHAR
2021-09-15 12:05:08.818 7613-7735/com.capitalfirst D/OkHttp: 27058,843330,SITAMARHI,BIHAR
2021-09-15 12:05:08.818 7613-7735/com.capitalfirst D/OkHttp: 27059,843331,SITAMARHI,BIHAR
2021-09-15 12:05:08.818 7613-7735/com.capitalfirst D/OkHttp: 27060,843332,SITAMARHI,BIHAR
2021-09-15 12:05:08.818 7613-7735/com.capitalfirst D/OkHttp: 27061,843333,SITAMARHI,BIHAR
2021-09-15 12:05:08.818 7613-7735/com.capitalfirst D/OkHttp: 27062,843334,SITAMARHI,BIHAR
2021-09-15 12:05:08.818 7613-7735/com.capitalfirst D/OkHttp: 27063,843335,SITAMARHI,BIHAR
2021-09-15 12:05:08.818 7613-7735/com.capitalfirst D/OkHttp: 27064,843336,SITAMARHI,BIHAR
2021-09-15 12:05:08.818 7613-7735/com.capitalfirst D/OkHttp: 27065,843337,SITAMARHI,BIHAR
2021-09-15 12:05:08.818 7613-7735/com.capitalfirst D/OkHttp: 27066,843338,SITAMARHI,BIHAR
2021-09-15 12:05:08.818 7613-7735/com.capitalfirst D/OkHttp: 27067,843339,SITAMARHI,BIHAR
2021-09-15 12:05:08.818 7613-7735/com.capitalfirst D/OkHttp: 27068,843340,SITAMARHI,BIHAR
2021-09-15 12:05:08.818 7613-7735/com.capitalfirst D/OkHttp: 27069,843341,SITAMARHI,BIHAR
2021-09-15 12:05:08.818 7613-7735/com.capitalfirst D/OkHttp: 27070,843342,SITAMARHI,BIHAR
2021-09-15 12:05:08.818 7613-7735/com.capitalfirst D/OkHttp: 27071,843343,SITAMARHI,BIHAR
2021-09-15 12:05:08.818 7613-7735/com.capitalfirst D/OkHttp: 27072,843344,SITAMARHI,BIHAR
2021-09-15 12:05:08.818 7613-7735/com.capitalfirst D/OkHttp: 27073,843346,SITAMARHI,BIHAR
2021-09-15 12:05:08.819 7613-7735/com.capitalfirst D/OkHttp: 27074,843347,SITAMARHI,BIHAR
2021-09-15 12:05:08.819 7613-7735/com.capitalfirst D/OkHttp: 27075,843348,SITAMARHI,BIHAR
2021-09-15 12:05:08.819 7613-7735/com.capitalfirst D/OkHttp: 27076,843349,SITAMARHI,BIHAR
2021-09-15 12:05:08.819 7613-7735/com.capitalfirst D/OkHttp: 27077,843350,SITAMARHI,BIHAR
2021-09-15 12:05:08.819 7613-7735/com.capitalfirst D/OkHttp: 27078,843351,SITAMARHI,BIHAR
2021-09-15 12:05:08.819 7613-7735/com.capitalfirst D/OkHttp: 27079,843352,SITAMARHI,BIHAR
2021-09-15 12:05:08.819 7613-7735/com.capitalfirst D/OkHttp: 27080,843353,SITAMARHI,BIHAR
2021-09-15 12:05:08.819 7613-7735/com.capitalfirst D/OkHttp: 27081,843354,SITAMARHI,BIHAR
2021-09-15 12:05:08.819 7613-7735/com.capitalfirst D/OkHttp: 27082,843355,SITAMARHI,BIHAR
2021-09-15 12:05:08.819 7613-7735/com.capitalfirst D/OkHttp: 27083,843356,SHEIKHPURA,BIHAR
2021-09-15 12:05:08.819 7613-7735/com.capitalfirst D/OkHttp: 27084,843357,SITAMARHI,BIHAR
2021-09-15 12:05:08.819 7613-7735/com.capitalfirst D/OkHttp: 27085,843358,SITAMARHI,BIHAR
2021-09-15 12:05:08.819 7613-7735/com.capitalfirst D/OkHttp: 27086,843359,SITAMARHI,BIHAR
2021-09-15 12:05:08.819 7613-7710/com.capitalfirst D/OkHttp: 22674,721252,MEDINIPUR,WEST BENGAL
2021-09-15 12:05:08.819 7613-7710/com.capitalfirst D/OkHttp: 22675,721253,MEDINIPUR,WEST BENGAL
2021-09-15 12:05:08.819 7613-7710/com.capitalfirst D/OkHttp: 22676,721254,MEDINIPUR,WEST BENGAL
2021-09-15 12:05:08.819 7613-7710/com.capitalfirst D/OkHttp: 22677,721256,MEDINIPUR,WEST BENGAL
2021-09-15 12:05:08.820 7613-7710/com.capitalfirst D/OkHttp: 22678,721257,MEDINIPUR,WEST BENGAL
2021-09-15 12:05:08.820 7613-7710/com.capitalfirst D/OkHttp: 22679,721258,MEDINIPUR,WEST BENGAL
2021-09-15 12:05:08.820 7613-7710/com.capitalfirst D/OkHttp: 22680,721259,MEDINIPUR,WEST BENGAL
2021-09-15 12:05:08.820 7613-7710/com.capitalfirst D/OkHttp: 22681,721260,WEST MIDNAPORE,WEST BENGAL
2021-09-15 12:05:08.820 7613-7710/com.capitalfirst D/OkHttp: 22682,721301,KHARAGPUR,WEST BENGAL
2021-09-15 12:05:08.820 7613-7710/com.capitalfirst D/OkHttp: 22683,721302,MEDINIPUR,WEST BENGAL
2021-09-15 12:05:08.820 7613-7710/com.capitalfirst D/OkHttp: 22684,721303,MEDINIPUR,WEST BENGAL
2021-09-15 12:05:08.820 7613-7710/com.capitalfirst D/OkHttp: 22685,721304,MEDINIPUR,WEST BENGAL
2021-09-15 12:05:08.820 7613-7710/com.capitalfirst D/OkHttp: 22686,721305,WEST MIDNAPORE,WEST BENGAL
2021-09-15 12:05:08.820 7613-7710/com.capitalfirst D/OkHttp: 22687,721306,MEDINIPUR,WEST BENGAL
2021-09-15 12:05:08.820 7613-7710/com.capitalfirst D/OkHttp: 22688,721307,MEDINIPUR,WEST BENGAL
2021-09-15 12:05:08.820 7613-7710/com.capitalfirst D/OkHttp: 22689,721401,MEDINIPUR,WEST BENGAL
2021-09-15 12:05:08.820 7613-7710/com.capitalfirst D/OkHttp: 22690,721420,EAST MIDNAPORE,WEST BENGAL
2021-09-15 12:05:08.820 7613-7710/com.capitalfirst D/OkHttp: 22691,721421,MEDINIPUR,WEST BENGAL
2021-09-15 12:05:08.821 7613-7676/com.capitalfirst D/OkHttp: 27633,852141,SAHARSA,BIHAR
2021-09-15 12:05:08.821 7613-7676/com.capitalfirst D/OkHttp: 27634,852142,SAHARSA,BIHAR
2021-09-15 12:05:08.831 7613-7676/com.capitalfirst D/OkHttp: 27635,852143,SAHARSA,BIHAR
2021-09-15 12:05:08.831 7613-7676/com.capitalfirst D/OkHttp: 27636,852144,SAHARSA,BIHAR
2021-09-15 12:05:08.831 7613-7676/com.capitalfirst D/OkHttp: 27637,852145,SAHARSA,BIHAR
2021-09-15 12:05:08.831 7613-7676/com.capitalfirst D/OkHttp: 27638,852146,SAHARSA,BIHAR
2021-09-15 12:05:08.831 7613-7676/com.capitalfirst D/OkHttp: 27639,852147,SAHARSA,BIHAR
2021-09-15 12:05:08.831 7613-7676/com.capitalfirst D/OkHttp: 27640,852148,SAHARSA,BIHAR
2021-09-15 12:05:08.831 7613-7676/com.capitalfirst D/OkHttp: 27641,852149,SAHARSA,BIHAR
2021-09-15 12:05:08.831 7613-7676/com.capitalfirst D/OkHttp: 27642,852150,MADHUBANI,BIHAR
2021-09-15 12:05:08.835 7613-7676/com.capitalfirst D/OkHttp: 27643,852151,SAHARSA,BIHAR
2021-09-15 12:05:08.835 7613-7676/com.capitalfirst D/OkHttp: 27644,852152,SAHARSA,BIHAR
2021-09-15 12:05:08.835 7613-7676/com.capitalfirst D/OkHttp: 27645,852153,SAHARSA,BIHAR
2021-09-15 12:05:08.835 7613-7711/com.capitalfirst D/OkHttp: 26614,828144,TISRA,JHARKHAND
2021-09-15 12:05:08.835 7613-7711/com.capitalfirst D/OkHttp: 26615,828201,DHANBAD,JHARKHAND
2021-09-15 12:05:08.835 7613-7711/com.capitalfirst D/OkHttp: 26616,828202,CHIRKUNDA,JHARKHAND
2021-09-15 12:05:08.835 7613-7711/com.capitalfirst D/OkHttp: 26617,828203,DHANBAD,JHARKHAND
2021-09-15 12:05:08.835 7613-7711/com.capitalfirst D/OkHttp: 26618,828204,DHANBAD,JHARKHAND
2021-09-15 12:05:08.835 7613-7711/com.capitalfirst D/OkHttp: 26619,828205,DHANBAD,JHARKHAND
2021-09-15 12:05:08.836 7613-7711/com.capitalfirst D/OkHttp: 26620,828206,DHANBAD,JHARKHAND
2021-09-15 12:05:08.836 7613-7711/com.capitalfirst D/OkHttp: 26621,828207,DHANBAD,JHARKHAND
2021-09-15 12:05:08.836 7613-7711/com.capitalfirst D/OkHttp: 26622,828262,CHIRKUNDA,JHARKHAND
2021-09-15 12:05:08.836 7613-7711/com.capitalfirst D/OkHttp: 26623,828301,DHANBAD,JHARKHAND
2021-09-15 12:05:08.836 7613-7711/com.capitalfirst D/OkHttp: 26624,828302,DHANBAD,JHARKHAND
2021-09-15 12:05:08.837 7613-7711/com.capitalfirst D/OkHttp: 26625,828303,DHANBAD,JHARKHAND
2021-09-15 12:05:08.837 7613-7711/com.capitalfirst D/OkHttp: 26626,828304,MALKERA,JHARKHAND
2021-09-15 12:05:08.837 7613-7711/com.capitalfirst D/OkHttp: 26627,828305,DHANBAD,JHARKHAND
2021-09-15 12:05:08.837 7613-7711/com.capitalfirst D/OkHttp: 26628,828306,Nawagarh,JHARKHAND
2021-09-15 12:05:08.837 7613-7711/com.capitalfirst D/OkHttp: 26629,828307,DHANBAD,JHARKHAND
2021-09-15 12:05:08.837 7613-7711/com.capitalfirst D/OkHttp: 26630,828308,DHANBAD,JHARKHAND
2021-09-15 12:05:08.837 7613-7711/com.capitalfirst D/OkHttp: 26631,828309,DHANBAD,JHARKHAND
2021-09-15 12:05:08.837 7613-7711/com.capitalfirst D/OkHttp: 26632,828310,DHANBAD,JHARKHAND
2021-09-15 12:05:08.837 7613-7711/com.capitalfirst D/OkHttp: 26633,828311,DHANBAD,JHARKHAND
2021-09-15 12:05:08.837 7613-7711/com.capitalfirst D/OkHttp: 26634,828313,DHANBAD,JHARKHAND
2021-09-15 12:05:08.837 7613-7711/com.capitalfirst D/OkHttp: 26635,828401,DHANBAD,JHARKHAND
2021-09-15 12:05:08.838 7613-7711/com.capitalfirst D/OkHttp: 26636,828402,TOPCHANCHI,JHARKHAND
2021-09-15 12:05:08.838 7613-7711/com.capitalfirst D/OkHttp: 26637,828403,CHANDRAPURA,JHARKHAND
2021-09-15 12:05:08.838 7613-7711/com.capitalfirst D/OkHttp: 26638,828404,GIRIDIH,JHARKHAND
2021-09-15 12:05:08.838 7613-7711/com.capitalfirst D/OkHttp: 26639,828504,MUGMA,JHARKHAND
2021-09-15 12:05:08.838 7613-7711/com.capitalfirst D/OkHttp: 26640,828505,CHIRKUNDA,JHARKHAND
2021-09-15 12:05:08.838 7613-7711/com.capitalfirst D/OkHttp: 26641,828610,DHANBAD,JHARKHAND
2021-09-15 12:05:08.838 7613-7711/com.capitalfirst D/OkHttp: 26642,829101,HAZARIBAGH,JHARKHAND
2021-09-15 12:05:08.838 7613-7711/com.capitalfirst D/OkHttp: 26643,829102,RAMGARH,JHARKHAND
2021-09-15 12:05:08.838 7613-7711/com.capitalfirst D/OkHttp: 26644,829103,HAZARIBAGH,JHARKHAND
2021-09-15 12:05:08.838 7613-7711/com.capitalfirst D/OkHttp: 26645,829104,BOKARO,JHARKHAND
2021-09-15 12:05:08.838 7613-7711/com.capitalfirst D/OkHttp: 26646,829105,HAZARIBAGH,JHARKHAND
2021-09-15 12:05:08.838 7613-7676/com.capitalfirst D/OkHttp: 27646,852154,SAHARSA,BIHAR
2021-09-15 12:05:08.838 7613-7676/com.capitalfirst D/OkHttp: 27647,852155,SAHARSA,BIHAR
2021-09-15 12:05:08.838 7613-7676/com.capitalfirst D/OkHttp: 27648,852156,SAHARSA,BIHAR
2021-09-15 12:05:08.838 7613-7676/com.capitalfirst D/OkHttp: 27649,852157,SAHARSA,BIHAR
2021-09-15 12:05:08.838 7613-7710/com.capitalfirst D/OkHttp: 22692,721422,MEDINIPUR,WEST BENGAL
2021-09-15 12:05:08.838 7613-7710/com.capitalfirst D/OkHttp: 22693,721423,MEDINIPUR,WEST BENGAL
2021-09-15 12:05:08.838 7613-7710/com.capitalfirst D/OkHttp: 22694,721424,MEDINIPUR,WEST BENGAL
2021-09-15 12:05:08.838 7613-7735/com.capitalfirst D/OkHttp: 27087,843360,MUZAFFARPUR,BIHAR
2021-09-15 12:05:08.838 7613-7735/com.capitalfirst D/OkHttp: 27088,843361,SITAMARHI,BIHAR
2021-09-15 12:05:08.838 7613-7735/com.capitalfirst D/OkHttp: 27089,843362,SITAMARHI,BIHAR
2021-09-15 12:05:08.839 7613-7735/com.capitalfirst D/OkHttp: 27090,843363,SITAMARHI,BIHAR
2021-09-15 12:05:08.839 7613-7735/com.capitalfirst D/OkHttp: 27091,843364,SITAMARHI,BIHAR
2021-09-15 12:05:08.839 7613-7735/com.capitalfirst D/OkHttp: 27092,843365,SITAMARHI,BIHAR
2021-09-15 12:05:08.839 7613-7735/com.capitalfirst D/OkHttp: 27093,843366,SITAMARHI,BIHAR
2021-09-15 12:05:08.839 7613-7735/com.capitalfirst D/OkHttp: 27094,843367,SITAMARHI,BIHAR
2021-09-15 12:05:08.839 7613-7735/com.capitalfirst D/OkHttp: 27095,843368,SHEOHAR,BIHAR
2021-09-15 12:05:08.839 7613-7735/com.capitalfirst D/OkHttp: 27096,843401,MUZAFFARPUR,BIHAR
2021-09-15 12:05:08.839 7613-7711/com.capitalfirst D/OkHttp: 26647,829106,HAZARIBAGH,JHARKHAND
2021-09-15 12:05:08.839 7613-7711/com.capitalfirst D/OkHttp: 26648,829107,BOKARO,JHARKHAND
2021-09-15 12:05:08.839 7613-7711/com.capitalfirst D/OkHttp: 26649,829108,HAZARIBAGH,JHARKHAND
2021-09-15 12:05:08.839 7613-7676/com.capitalfirst D/OkHttp: 27650,852158,SAHARSA,BIHAR
2021-09-15 12:05:08.839 7613-7676/com.capitalfirst D/OkHttp: 27651,852159,SAHARSA,BIHAR
2021-09-15 12:05:08.839 7613-7676/com.capitalfirst D/OkHttp: 27652,852160,SAHARSA,BIHAR
2021-09-15 12:05:08.839 7613-7710/com.capitalfirst D/OkHttp: 22695,721425,WEST MIDNAPORE,WEST BENGAL
2021-09-15 12:05:08.839 7613-7710/com.capitalfirst D/OkHttp: 22696,721426,MEDINIPUR,WEST BENGAL
2021-09-15 12:05:08.839 7613-7710/com.capitalfirst D/OkHttp: 22697,721427,MEDINIPUR,WEST BENGAL
2021-09-15 12:05:08.839 7613-7710/com.capitalfirst D/OkHttp: 22698,721428,MEDINIPUR,WEST BENGAL
2021-09-15 12:05:08.839 7613-7710/com.capitalfirst D/OkHttp: 22699,721429,EGRA,WEST BENGAL
2021-09-15 12:05:08.839 7613-7710/com.capitalfirst D/OkHttp: 22700,721430,EAST MIDNAPORE,WEST BENGAL
2021-09-15 12:05:08.839 7613-7676/com.capitalfirst D/OkHttp: 27653,852161,KHAGARIA,BIHAR
2021-09-15 12:05:08.839 7613-7676/com.capitalfirst D/OkHttp: 27654,852201,SAHARSA,BIHAR
2021-09-15 12:05:08.839 7613-7676/com.capitalfirst D/OkHttp: 27655,852202,SAHARSA,BIHAR
2021-09-15 12:05:08.839 7613-7676/com.capitalfirst D/OkHttp: 27656,852207,JIND,HARYANA
2021-09-15 12:05:08.839 7613-7676/com.capitalfirst D/OkHttp: 27657,852210,MADHEPURA,BIHAR
2021-09-15 12:05:08.839 7613-7676/com.capitalfirst D/OkHttp: 27658,852211,BEGUSARAI,BIHAR
2021-09-15 12:05:08.839 7613-7676/com.capitalfirst D/OkHttp: 27659,852212,SAHARSA,BIHAR
2021-09-15 12:05:08.840 7613-7676/com.capitalfirst D/OkHttp: 27660,852213,MADHEPURA,BIHAR
2021-09-15 12:05:08.840 7613-7676/com.capitalfirst D/OkHttp: 27661,852214,SAHARSA,BIHAR
2021-09-15 12:05:08.840 7613-7676/com.capitalfirst D/OkHttp: 27662,852215,SAHARSA,BIHAR
2021-09-15 12:05:08.842 7613-7676/com.capitalfirst D/OkHttp: 27663,852216,SAHARSA,BIHAR
2021-09-15 12:05:08.842 7613-7676/com.capitalfirst D/OkHttp: 27664,852217,MADHEPURA,BIHAR
2021-09-15 12:05:08.842 7613-7676/com.capitalfirst D/OkHttp: 27665,852218,MADHEPURA,BIHAR
2021-09-15 12:05:08.842 7613-7676/com.capitalfirst D/OkHttp: 27666,852219,MADHEPURA,BIHAR
2021-09-15 12:05:08.842 7613-7676/com.capitalfirst D/OkHttp: 27667,852220,MADHEPURA,BIHAR
2021-09-15 12:05:08.842 7613-7676/com.capitalfirst D/OkHttp: 27668,852221,SAHARSA,BIHAR
2021-09-15 12:05:08.844 7613-7676/com.capitalfirst D/OkHttp: 27669,852233,SAHARSA,BIHAR
2021-09-15 12:05:08.850 7613-7711/com.capitalfirst D/OkHttp: 26650,829109,HAZARIBAGH,JHARKHAND
2021-09-15 12:05:08.854 7613-7711/com.capitalfirst D/OkHttp: 26651,829110,HAZARIBAGH,JHARKHAND
2021-09-15 12:05:08.854 7613-7711/com.capitalfirst D/OkHttp: 26652,829111,BOKARO,JHARKHAND
2021-09-15 12:05:08.856 7613-7711/com.capitalfirst D/OkHttp: 26653,829112,GIRIDIH,JHARKHAND
2021-09-15 12:05:08.856 7613-7711/com.capitalfirst D/OkHttp: 26654,829113,GIRIDIH,JHARKHAND
2021-09-15 12:05:08.856 7613-7711/com.capitalfirst D/OkHttp: 26655,829114,JARIDIH BAZAR,JHARKHAND
2021-09-15 12:05:08.857 7613-7711/com.capitalfirst D/OkHttp: 26656,829115,BOKARO,JHARKHAND
2021-09-15 12:05:08.857 7613-7711/com.capitalfirst D/OkHttp: 26657,829116,GIRIDIH,JHARKHAND
2021-09-15 12:05:08.857 7613-7711/com.capitalfirst D/OkHttp: 26658,829117,HAZARIBAGH,JHARKHAND
2021-09-15 12:05:08.857 7613-7711/com.capitalfirst D/OkHttp: 26659,829118,PATRATU,JHARKHAND
2021-09-15 12:05:08.857 7613-7711/com.capitalfirst D/OkHttp: 26660,829119,HAZARIBAGH,JHARKHAND
2021-09-15 12:05:08.857 7613-7711/com.capitalfirst D/OkHttp: 26661,829120,HAZARIBAGH,JHARKHAND
2021-09-15 12:05:08.857 7613-7735/com.capitalfirst D/OkHttp: 27097,844010,HAJIPUR,PUNJAB
2021-09-15 12:05:08.858 7613-7735/com.capitalfirst D/OkHttp: 27098,844056,VAISHALI,BIHAR
2021-09-15 12:05:08.858 7613-7735/com.capitalfirst D/OkHttp: 27099,844101,VAISHALI,BIHAR
2021-09-15 12:05:08.858 7613-7735/com.capitalfirst D/OkHttp: 27100,844102,VAISHALI,BIHAR
2021-09-15 12:05:08.858 7613-7735/com.capitalfirst D/OkHttp: 27101,844103,VAISHALI,BIHAR
2021-09-15 12:05:08.858 7613-7735/com.capitalfirst D/OkHttp: 27102,844111,VAISHALI,BIHAR
2021-09-15 12:05:08.858 7613-7735/com.capitalfirst D/OkHttp: 27103,844112,VAISHALI,BIHAR
2021-09-15 12:05:08.858 7613-7735/com.capitalfirst D/OkHttp: 27104,844113,VAISHALI,BIHAR
2021-09-15 12:05:08.859 7613-7735/com.capitalfirst D/OkHttp: 27105,844114,VAISHALI,BIHAR
2021-09-15 12:05:08.859 7613-7735/com.capitalfirst D/OkHttp: 27106,844115,VAISHALI,BIHAR
2021-09-15 12:05:08.859 7613-7710/com.capitalfirst D/OkHttp: 22701,721431,EAST MIDNAPORE,WEST BENGAL
2021-09-15 12:05:08.865 7613-7710/com.capitalfirst D/OkHttp: 22702,721432,EAST MIDNAPORE,WEST BENGAL
2021-09-15 12:05:08.865 7613-7710/com.capitalfirst D/OkHttp: 22703,721433,MEDINIPUR,WEST BENGAL
2021-09-15 12:05:08.865 7613-7710/com.capitalfirst D/OkHttp: 22704,721434,EAST MIDNAPORE,WEST BENGAL
2021-09-15 12:05:08.865 7613-7710/com.capitalfirst D/OkHttp: 22705,721435,MEDINIPUR,WEST BENGAL
2021-09-15 12:05:08.866 7613-7710/com.capitalfirst D/OkHttp: 22706,721436,MEDINIPUR,WEST BENGAL
2021-09-15 12:05:08.866 7613-7710/com.capitalfirst D/OkHttp: 22707,721437,MEDINIPUR,WEST BENGAL
2021-09-15 12:05:08.866 7613-7710/com.capitalfirst D/OkHttp: 22708,721438,MEDINIPUR,WEST BENGAL
2021-09-15 12:05:08.867 7613-7710/com.capitalfirst D/OkHttp: 22709,721439,MEDINIPUR,WEST BENGAL
2021-09-15 12:05:08.867 7613-7735/com.capitalfirst D/OkHttp: 27107,844116,VAISHALI,BIHAR
2021-09-15 12:05:08.867 7613-7735/com.capitalfirst D/OkHttp: 27108,844117,VAISHALI,BIHAR
2021-09-15 12:05:08.867 7613-7735/com.capitalfirst D/OkHttp: 27109,844118,HAZIPUR,BIHAR
2021-09-15 12:05:08.873 7613-7735/com.capitalfirst D/OkHttp: 27110,844119,VAISHALI,BIHAR
2021-09-15 12:05:08.873 7613-7735/com.capitalfirst D/OkHttp: 27111,844120,MUZAFFARPUR,BIHAR
2021-09-15 12:05:08.873 7613-7735/com.capitalfirst D/OkHttp: 27112,844121,VAISHALI,BIHAR
2021-09-15 12:05:08.873 7613-7735/com.capitalfirst D/OkHttp: 27113,844122,VAISHALI,BIHAR
2021-09-15 12:05:08.873 7613-7735/com.capitalfirst D/OkHttp: 27114,844123,VAISHALI,BIHAR
2021-09-15 12:05:08.873 7613-7735/com.capitalfirst D/OkHttp: 27115,844124,VAISHALI,BIHAR
2021-09-15 12:05:08.874 7613-7735/com.capitalfirst D/OkHttp: 27116,844125,VAISHALI,BIHAR
2021-09-15 12:05:08.874 7613-7735/com.capitalfirst D/OkHttp: 27117,844126,VAISHALI,BIHAR
2021-09-15 12:05:08.874 7613-7735/com.capitalfirst D/OkHttp: 27118,844127,MUZAFFARPUR,BIHAR
2021-09-15 12:05:08.874 7613-7710/com.capitalfirst D/OkHttp: 22710,721440,MEDINIPUR,WEST BENGAL
2021-09-15 12:05:08.874 7613-7710/com.capitalfirst D/OkHttp: 22711,721441,RAMNAGAR,WEST BENGAL
2021-09-15 12:05:08.874 7613-7710/com.capitalfirst D/OkHttp: 22712,721442,MEDINIPUR,WEST BENGAL
2021-09-15 12:05:08.874 7613-7710/com.capitalfirst D/OkHttp: 22713,721443,MEDINIPUR,WEST BENGAL
2021-09-15 12:05:08.874 7613-7710/com.capitalfirst D/OkHttp: 22714,721444,MEDINIPUR,WEST BENGAL
2021-09-15 12:05:08.874 7613-7710/com.capitalfirst D/OkHttp: 22715,721445,MEDINIPUR,WEST BENGAL
2021-09-15 12:05:08.874 7613-7710/com.capitalfirst D/OkHttp: 22716,721446,MEDINIPUR,WEST BENGAL
2021-09-15 12:05:08.874 7613-7710/com.capitalfirst D/OkHttp: 22717,721447,MEDINIPUR,WEST BENGAL
2021-09-15 12:05:08.874 7613-7710/com.capitalfirst D/OkHttp: 22718,721448,MEDINIPUR,WEST BENGAL
2021-09-15 12:05:08.874 7613-7710/com.capitalfirst D/OkHttp: 22719,721449,MEDINIPUR,WEST BENGAL
2021-09-15 12:05:08.874 7613-7710/com.capitalfirst D/OkHttp: 22720,721450,MEDINIPUR,WEST BENGAL
2021-09-15 12:05:08.874 7613-7710/com.capitalfirst D/OkHttp: 22721,721451,MEDINIPUR,WEST BENGAL
2021-09-15 12:05:08.874 7613-7710/com.capitalfirst D/OkHttp: 22722,721452,MEDINIPUR,WEST BENGAL
2021-09-15 12:05:08.874 7613-7710/com.capitalfirst D/OkHttp: 22723,721453,MEDINIPUR,WEST BENGAL
2021-09-15 12:05:08.874 7613-7710/com.capitalfirst D/OkHttp: 22724,721454,MEDINIPUR,WEST BENGAL
2021-09-15 12:05:08.874 7613-7710/com.capitalfirst D/OkHttp: 22725,721455,MEDINIPUR,WEST BENGAL
2021-09-15 12:05:08.874 7613-7710/com.capitalfirst D/OkHttp: 22726,721456,MEDINIPUR,WEST BENGAL
2021-09-15 12:05:08.875 7613-7710/com.capitalfirst D/OkHttp: 22727,721457,MEDINIPUR,WEST BENGAL
2021-09-15 12:05:08.875 7613-7710/com.capitalfirst D/OkHttp: 22728,721458,EAST MIDNAPORE,WEST BENGAL
2021-09-15 12:05:08.875 7613-7710/com.capitalfirst D/OkHttp: 22729,721459,MEDINIPUR,WEST BENGAL
2021-09-15 12:05:08.875 7613-7710/com.capitalfirst D/OkHttp: 22730,721460,MEDINIPUR,WEST BENGAL
2021-09-15 12:05:08.875 7613-7710/com.capitalfirst D/OkHttp: 22731,721461,EAST MIDNAPORE,WEST BENGAL
2021-09-15 12:05:08.875 7613-7710/com.capitalfirst D/OkHttp: 22732,721462,MEDINIPUR,WEST BENGAL
2021-09-15 12:05:08.875 7613-7710/com.capitalfirst D/OkHttp: 22733,721463,EAST MIDNAPORE,WEST BENGAL
2021-09-15 12:05:08.875 7613-7710/com.capitalfirst D/OkHttp: 22734,721464,MEDINIPUR,WEST BENGAL
2021-09-15 12:05:08.875 7613-7710/com.capitalfirst D/OkHttp: 22735,721465,MEDINIPUR,WEST BENGAL
2021-09-15 12:05:08.875 7613-7710/com.capitalfirst D/OkHttp: 22736,721466,MEDINIPUR,WEST BENGAL
2021-09-15 12:05:08.875 7613-7710/com.capitalfirst D/OkHttp: 22737,721467,MEDINIPUR,WEST BENGAL
2021-09-15 12:05:08.875 7613-7710/com.capitalfirst D/OkHttp: 22738,721501,MEDINIPUR,WEST BENGAL
2021-09-15 12:05:08.875 7613-7710/com.capitalfirst D/OkHttp: 22739,721502,MEDINIPUR,WEST BENGAL
2021-09-15 12:05:08.875 7613-7710/com.capitalfirst D/OkHttp: 22740,721503,MEDINIPUR,WEST BENGAL
2021-09-15 12:05:08.875 7613-7710/com.capitalfirst D/OkHttp: 22741,721504,KHARAGPUR,WEST BENGAL
2021-09-15 12:05:08.875 7613-7710/com.capitalfirst D/OkHttp: 22742,721505,MEDINIPUR,WEST BENGAL
2021-09-15 12:05:08.875 7613-7710/com.capitalfirst D/OkHttp: 22743,721506,MEDINIPUR,WEST BENGAL
2021-09-15 12:05:08.875 7613-7710/com.capitalfirst D/OkHttp: 22744,721507,MEDINIPUR,WEST BENGAL
2021-09-15 12:05:08.875 7613-7710/com.capitalfirst D/OkHttp: 22745,721513,MEDINIPUR,WEST BENGAL
2021-09-15 12:05:08.876 7613-7710/com.capitalfirst D/OkHttp: 22746,721514,MEDINIPUR,WEST BENGAL
2021-09-15 12:05:08.876 7613-7710/com.capitalfirst D/OkHttp: 22747,721515,MEDINIPUR,WEST BENGAL
2021-09-15 12:05:08.876 7613-7710/com.capitalfirst D/OkHttp: 22748,721516,MEDINIPUR,WEST BENGAL
2021-09-15 12:05:08.876 7613-7710/com.capitalfirst D/OkHttp: 22749,721517,KHARAGPUR,WEST BENGAL
2021-09-15 12:05:08.876 7613-7710/com.capitalfirst D/OkHttp: 22750,721518,MEDINIPUR,WEST BENGAL
2021-09-15 12:05:08.876 7613-7710/com.capitalfirst D/OkHttp: 22751,721519,MEDINIPUR,WEST BENGAL
2021-09-15 12:05:08.876 7613-7710/com.capitalfirst D/OkHttp: 22752,721577,MEDINIPUR,WEST BENGAL
2021-09-15 12:05:08.877 7613-7676/com.capitalfirst D/OkHttp: 27670,852235,SAHARSA,BIHAR
2021-09-15 12:05:08.878 7613-7710/com.capitalfirst D/OkHttp: 22753,721601,MEDINIPUR,WEST BENGAL
2021-09-15 12:05:08.879 7613-7711/com.capitalfirst D/OkHttp: 26662,829121,BOKARO,JHARKHAND
2021-09-15 12:05:08.879 7613-7711/com.capitalfirst D/OkHttp: 26663,829122,HAZARIBAGH,JHARKHAND
2021-09-15 12:05:08.879 7613-7711/com.capitalfirst D/OkHttp: 26664,829123,BOKARO,JHARKHAND
2021-09-15 12:05:08.880 7613-7711/com.capitalfirst D/OkHttp: 26665,829124,HAZARIBAGH,JHARKHAND
2021-09-15 12:05:08.880 7613-7711/com.capitalfirst D/OkHttp: 26666,829125,HAZARIBAGH,JHARKHAND
