2021-09-15 12:05:09.568 7613-7710/com.capitalfirst D/OkHttp: 23809,751009,KHORDA,ORISSA
2021-09-15 12:05:09.569 7613-7710/com.capitalfirst D/OkHttp: 23810,751010,BHUBANESHWAR,ORISSA
2021-09-15 12:05:09.569 7613-7710/com.capitalfirst D/OkHttp: 23811,751011,KHORDA,ORISSA
2021-09-15 12:05:09.569 7613-7710/com.capitalfirst D/OkHttp: 23812,751012,KHORDA,ORISSA
2021-09-15 12:05:09.569 7613-7710/com.capitalfirst D/OkHttp: 23813,751013,KHORDA,ORISSA
2021-09-15 12:05:09.569 7613-7710/com.capitalfirst D/OkHttp: 23814,751014,KHORDA,ORISSA
2021-09-15 12:05:09.569 7613-7710/com.capitalfirst D/OkHttp: 23815,751015,KHORDA,ORISSA
2021-09-15 12:05:09.569 7613-7710/com.capitalfirst D/OkHttp: 23816,751016,KHORDA,ORISSA
2021-09-15 12:05:09.569 7613-7710/com.capitalfirst D/OkHttp: 23817,751017,KHORDA,ORISSA
2021-09-15 12:05:09.569 7613-7710/com.capitalfirst D/OkHttp: 23818,751018,KHORDA,ORISSA
2021-09-15 12:05:09.569 7613-7710/com.capitalfirst D/OkHttp: 23819,751019,KHORDA,ORISSA
2021-09-15 12:05:09.569 7613-7710/com.capitalfirst D/OkHttp: 23820,751020,KHORDA,ORISSA
2021-09-15 12:05:09.569 7613-7710/com.capitalfirst D/OkHttp: 23821,751021,KHORDA,ORISSA
2021-09-15 12:05:09.570 7613-7710/com.capitalfirst D/OkHttp: 23822,751022,KHORDA,ORISSA
2021-09-15 12:05:09.570 7613-7710/com.capitalfirst D/OkHttp: 23823,751023,KHORDA,ORISSA
2021-09-15 12:05:09.570 7613-7710/com.capitalfirst D/OkHttp: 23824,751024,KHORDA,ORISSA
2021-09-15 12:05:09.570 7613-7710/com.capitalfirst D/OkHttp: 23825,751025,KHORDA,ORISSA
2021-09-15 12:05:09.570 7613-7710/com.capitalfirst D/OkHttp: 23826,751026,BHUBANESHWAR,ORISSA
2021-09-15 12:05:09.570 7613-7710/com.capitalfirst D/OkHttp: 23827,751028,KHORDA,ORISSA
2021-09-15 12:05:09.570 7613-7710/com.capitalfirst D/OkHttp: 23828,751029,KHORDA,ORISSA
2021-09-15 12:05:09.570 7613-7710/com.capitalfirst D/OkHttp: 23829,751030,KHORDA,ORISSA
2021-09-15 12:05:09.570 7613-7710/com.capitalfirst D/OkHttp: 23830,751031,KHORDA,ORISSA
2021-09-15 12:05:09.570 7613-7710/com.capitalfirst D/OkHttp: 23831,751037,KOLKATA,WEST BENGAL
2021-09-15 12:05:09.570 7613-7710/com.capitalfirst D/OkHttp: 23832,751050,KHURDHA,ORISSA
2021-09-15 12:05:09.570 7613-7710/com.capitalfirst D/OkHttp: 23833,751055,KORDHA,ORISSA
2021-09-15 12:05:09.570 7613-7710/com.capitalfirst D/OkHttp: 23834,751616,KHURDHA,ORISSA
2021-09-15 12:05:09.571 7613-7710/com.capitalfirst D/OkHttp: 23835,752000,CUTTACK,ORISSA
2021-09-15 12:05:09.571 7613-7710/com.capitalfirst D/OkHttp: 23836,752001,PURI,ORISSA
2021-09-15 12:05:09.571 7613-7710/com.capitalfirst D/OkHttp: 23837,752002,PURI,ORISSA
2021-09-15 12:05:09.571 7613-7710/com.capitalfirst D/OkHttp: 23838,752003,PURI,ORISSA
2021-09-15 12:05:09.571 7613-7710/com.capitalfirst D/OkHttp: 23839,752006,PURI,ORISSA
2021-09-15 12:05:09.571 7613-7710/com.capitalfirst D/OkHttp: 23840,752009,KHURDHA,ORISSA
2021-09-15 12:05:09.571 7613-7710/com.capitalfirst D/OkHttp: 23841,752011,PURI,ORISSA
2021-09-15 12:05:09.571 7613-7710/com.capitalfirst D/OkHttp: 23842,752012,PURI,ORISSA
2021-09-15 12:05:09.571 7613-7710/com.capitalfirst D/OkHttp: 23843,752013,PURI,ORISSA
2021-09-15 12:05:09.571 7613-7710/com.capitalfirst D/OkHttp: 23844,752014,PURI,ORISSA
2021-09-15 12:05:09.571 7613-7710/com.capitalfirst D/OkHttp: 23845,752015,PURI,ORISSA
2021-09-15 12:05:09.571 7613-7710/com.capitalfirst D/OkHttp: 23846,752016,PURI,ORISSA
2021-09-15 12:05:09.571 7613-7710/com.capitalfirst D/OkHttp: 23847,752017,PURI,ORISSA
2021-09-15 12:05:09.571 7613-7710/com.capitalfirst D/OkHttp: 23848,752018,KHORDA,ORISSA
2021-09-15 12:05:09.571 7613-7710/com.capitalfirst D/OkHttp: 23849,752019,KHORDA,ORISSA
2021-09-15 12:05:09.572 7613-7710/com.capitalfirst D/OkHttp: 23850,752020,KHORDA,ORISSA
2021-09-15 12:05:09.572 7613-7710/com.capitalfirst D/OkHttp: 23851,752021,KHORDA,ORISSA
2021-09-15 12:05:09.572 7613-7710/com.capitalfirst D/OkHttp: 23852,752022,KHORDA,ORISSA
2021-09-15 12:05:09.572 7613-7710/com.capitalfirst D/OkHttp: 23853,752023,KHORDA,ORISSA
2021-09-15 12:05:09.572 7613-7710/com.capitalfirst D/OkHttp: 23854,752024,NAYAGARH,ORISSA
2021-09-15 12:05:09.577 7613-7710/com.capitalfirst D/OkHttp: 23855,752025,NAYAGARH,ORISSA
2021-09-15 12:05:09.577 7613-7710/com.capitalfirst D/OkHttp: 23856,752026,NAYAGARH,ORISSA
2021-09-15 12:05:09.577 7613-7710/com.capitalfirst D/OkHttp: 23857,752027,KHORDA,ORISSA
2021-09-15 12:05:09.578 7613-7710/com.capitalfirst D/OkHttp: 23858,752028,KORDHA,ORISSA
2021-09-15 12:05:09.578 7613-7710/com.capitalfirst D/OkHttp: 23859,752029,PURI,ORISSA
2021-09-15 12:05:09.578 7613-7710/com.capitalfirst D/OkHttp: 23860,752030,KHORDA,ORISSA
2021-09-15 12:05:09.578 7613-7710/com.capitalfirst D/OkHttp: 23861,752031,KHORDA,ORISSA
2021-09-15 12:05:09.578 7613-7710/com.capitalfirst D/OkHttp: 23862,752032,PURI,ORISSA
2021-09-15 12:05:09.578 7613-7710/com.capitalfirst D/OkHttp: 23863,752033,PURI,ORISSA
2021-09-15 12:05:09.578 7613-7710/com.capitalfirst D/OkHttp: 23864,752034,KHORDA,ORISSA
2021-09-15 12:05:09.578 7613-7710/com.capitalfirst D/OkHttp: 23865,752035,KORDHA,ORISSA
2021-09-15 12:05:09.578 7613-7710/com.capitalfirst D/OkHttp: 23866,752036,PURI,ORISSA
2021-09-15 12:05:09.579 7613-7710/com.capitalfirst D/OkHttp: 23867,752037,KHORDA,ORISSA
2021-09-15 12:05:09.579 7613-7710/com.capitalfirst D/OkHttp: 23868,752038,KHORDA,ORISSA
2021-09-15 12:05:09.579 7613-7710/com.capitalfirst D/OkHttp: 23869,752040,KHURDHA,ORISSA
2021-09-15 12:05:09.579 7613-7710/com.capitalfirst D/OkHttp: 23870,752041,PURI,ORISSA
2021-09-15 12:05:09.579 7613-7710/com.capitalfirst D/OkHttp: 23871,752042,PURI,ORISSA
2021-09-15 12:05:09.579 7613-7710/com.capitalfirst D/OkHttp: 23872,752043,PURI,ORISSA
2021-09-15 12:05:09.579 7613-7710/com.capitalfirst D/OkHttp: 23873,752044,PANIKOII,ORISSA
2021-09-15 12:05:09.579 7613-7710/com.capitalfirst D/OkHttp: 23874,752045,PURI,ORISSA
2021-09-15 12:05:09.579 7613-7710/com.capitalfirst D/OkHttp: 23875,752046,PURI,ORISSA
2021-09-15 12:05:09.579 7613-7710/com.capitalfirst D/OkHttp: 23876,752050,KHORDA,ORISSA
2021-09-15 12:05:09.579 7613-7710/com.capitalfirst D/OkHttp: 23877,752051,KHURDHA,ORISSA
2021-09-15 12:05:09.580 7613-7710/com.capitalfirst D/OkHttp: 23878,752054,KHORDA,ORISSA
2021-09-15 12:05:09.580 7613-7710/com.capitalfirst D/OkHttp: 23879,752055,KHORDA,ORISSA
2021-09-15 12:05:09.580 7613-7710/com.capitalfirst D/OkHttp: 23880,752056,KHORDA,ORISSA
2021-09-15 12:05:09.580 7613-7710/com.capitalfirst D/OkHttp: 23881,752057,KHORDA,ORISSA
2021-09-15 12:05:09.580 7613-7710/com.capitalfirst D/OkHttp: 23882,752058,PURI,ORISSA
2021-09-15 12:05:09.581 7613-7710/com.capitalfirst D/OkHttp: 23883,752059,PURI,ORISSA
2021-09-15 12:05:09.581 7613-7710/com.capitalfirst D/OkHttp: 23884,752060,KHORDA,ORISSA
2021-09-15 12:05:09.581 7613-7710/com.capitalfirst D/OkHttp: 23885,752061,KHORDA,ORISSA
2021-09-15 12:05:09.581 7613-7710/com.capitalfirst D/OkHttp: 23886,752062,KHORDA,ORISSA
2021-09-15 12:05:09.581 7613-7710/com.capitalfirst D/OkHttp: 23887,752063,BHAPUR,ORISSA
2021-09-15 12:05:09.581 7613-7710/com.capitalfirst D/OkHttp: 23888,752064,KHORDA,ORISSA
2021-09-15 12:05:09.582 7613-7710/com.capitalfirst D/OkHttp: 23889,752065,NAYAGARH,ORISSA
2021-09-15 12:05:09.582 7613-7710/com.capitalfirst D/OkHttp: 23890,752066,KHORDA,ORISSA
2021-09-15 12:05:09.582 7613-7710/com.capitalfirst D/OkHttp: 23891,752067,PURI,ORISSA
2021-09-15 12:05:09.582 7613-7710/com.capitalfirst D/OkHttp: 23892,752068,NAYAGARH,ORISSA
2021-09-15 12:05:09.582 7613-7710/com.capitalfirst D/OkHttp: 23893,752069,NAYAGARH,ORISSA
2021-09-15 12:05:09.583 7613-7710/com.capitalfirst D/OkHttp: 23894,752070,NAYAGARH,ORISSA
2021-09-15 12:05:09.583 7613-7710/com.capitalfirst D/OkHttp: 23895,752077,NAYAGARH,ORISSA
2021-09-15 12:05:09.583 7613-7710/com.capitalfirst D/OkHttp: 23896,752078,NAYAGARH,ORISSA
2021-09-15 12:05:09.583 7613-7710/com.capitalfirst D/OkHttp: 23897,752079,NAYAGARH,ORISSA
2021-09-15 12:05:09.584 7613-7710/com.capitalfirst D/OkHttp: 23898,752080,NAYAGARH,ORISSA
2021-09-15 12:05:09.584 7613-7710/com.capitalfirst D/OkHttp: 23899,752081,NAYAGARH,ORISSA
2021-09-15 12:05:09.585 7613-7710/com.capitalfirst D/OkHttp: 23900,752082,NAYAGARH,ORISSA
2021-09-15 12:05:09.585 7613-7710/com.capitalfirst D/OkHttp: 23901,752083,NAYAGARH,ORISSA
2021-09-15 12:05:09.585 7613-7710/com.capitalfirst D/OkHttp: 23902,752084,NAYAGARH,ORISSA
2021-09-15 12:05:09.585 7613-7711/com.capitalfirst D/OkHttp: 27527,848406,SAMASTIPUR,BIHAR
2021-09-15 12:05:09.585 7613-7711/com.capitalfirst D/OkHttp: 27528,848501,SAMASTIPUR,BIHAR
2021-09-15 12:05:09.586 7613-7711/com.capitalfirst D/OkHttp: 27529,848502,SAMASTIPUR,BIHAR
2021-09-15 12:05:09.586 7613-7711/com.capitalfirst D/OkHttp: 27530,848503,SAMASTIPUR,BIHAR
2021-09-15 12:05:09.588 7613-7711/com.capitalfirst D/OkHttp: 27531,848504,SAMASTIPUR,BIHAR
2021-09-15 12:05:09.588 7613-7711/com.capitalfirst D/OkHttp: 27532,848505,SAMASTIPUR,BIHAR
2021-09-15 12:05:09.588 7613-7711/com.capitalfirst D/OkHttp: 27533,848506,SAMASTIPUR,BIHAR
2021-09-15 12:05:09.589 7613-7711/com.capitalfirst D/OkHttp: 27534,848507,SAMASTIPUR,BIHAR
2021-09-15 12:05:09.589 7613-7711/com.capitalfirst D/OkHttp: 27535,848508,SAMASTIPUR,BIHAR
2021-09-15 12:05:09.589 7613-7711/com.capitalfirst D/OkHttp: 27536,848509,SAMASTIPUR,BIHAR
2021-09-15 12:05:09.590 7613-7711/com.capitalfirst D/OkHttp: 27537,848510,SAMASTIPUR,BIHAR
2021-09-15 12:05:09.590 7613-7711/com.capitalfirst D/OkHttp: 27538,848511,SAMASTIPUR,BIHAR
2021-09-15 12:05:09.591 7613-7711/com.capitalfirst D/OkHttp: 27539,848512,SAMASTIPUR,BIHAR
2021-09-15 12:05:09.591 7613-7711/com.capitalfirst D/OkHttp: 27540,848513,SAMASTIPUR,BIHAR
2021-09-15 12:05:09.591 7613-7711/com.capitalfirst D/OkHttp: 27541,848514,SAMASTIPUR,BIHAR
2021-09-15 12:05:09.596 7613-7710/com.capitalfirst D/OkHttp: 23903,752085,NAYAGARH,ORISSA
2021-09-15 12:05:09.596 7613-7710/com.capitalfirst D/OkHttp: 23904,752086,PURI,ORISSA
2021-09-15 12:05:09.597 7613-7710/com.capitalfirst D/OkHttp: 23905,752087,DEBAGARH,ORISSA
2021-09-15 12:05:09.597 7613-7710/com.capitalfirst D/OkHttp: 23906,752088,PURI,ORISSA
2021-09-15 12:05:09.597 7613-7710/com.capitalfirst D/OkHttp: 23907,752089,NAYAGARH,ORISSA
2021-09-15 12:05:09.597 7613-7710/com.capitalfirst D/OkHttp: 23908,752090,PURI,ORISSA
2021-09-15 12:05:09.597 7613-7710/com.capitalfirst D/OkHttp: 23909,752091,NAYAGARH,ORISSA
2021-09-15 12:05:09.599 7613-7710/com.capitalfirst D/OkHttp: 23910,752092,NAYAGARH,ORISSA
2021-09-15 12:05:09.600 7613-7710/com.capitalfirst D/OkHttp: 23911,752093,NAYAGARH,ORISSA
2021-09-15 12:05:09.602 7613-7710/com.capitalfirst D/OkHttp: 23912,752094,NAYAGARH,ORISSA
2021-09-15 12:05:09.602 7613-7710/com.capitalfirst D/OkHttp: 23913,752095,BALUGAON,ORISSA
2021-09-15 12:05:09.602 7613-7710/com.capitalfirst D/OkHttp: 23914,752096,PURI,ORISSA
2021-09-15 12:05:09.606 7613-7710/com.capitalfirst D/OkHttp: 23915,752100,KHORDA,ORISSA
2021-09-15 12:05:09.606 7613-7710/com.capitalfirst D/OkHttp: 23916,752101,KHORDA,ORISSA
2021-09-15 12:05:09.606 7613-7710/com.capitalfirst D/OkHttp: 23917,752102,KHORDA,ORISSA
2021-09-15 12:05:09.606 7613-7710/com.capitalfirst D/OkHttp: 23918,752103,KHORDA,ORISSA
2021-09-15 12:05:09.606 7613-7710/com.capitalfirst D/OkHttp: 23919,752104,PURI,ORISSA
2021-09-15 12:05:09.606 7613-7710/com.capitalfirst D/OkHttp: 23920,752105,NIMAPARA,ORISSA
2021-09-15 12:05:09.606 7613-7710/com.capitalfirst D/OkHttp: 23921,752106,PURI,ORISSA
2021-09-15 12:05:09.606 7613-7710/com.capitalfirst D/OkHttp: 23922,752107,PURI,ORISSA
2021-09-15 12:05:09.613 7613-7710/com.capitalfirst D/OkHttp: 23923,752108,PURI,ORISSA
2021-09-15 12:05:09.613 7613-7710/com.capitalfirst D/OkHttp: 23924,752109,PURI,ORISSA
2021-09-15 12:05:09.613 7613-7710/com.capitalfirst D/OkHttp: 23925,752110,PURI,ORISSA
2021-09-15 12:05:09.614 7613-7710/com.capitalfirst D/OkHttp: 23926,752111,KONARK,ORISSA
2021-09-15 12:05:09.614 7613-7710/com.capitalfirst D/OkHttp: 23927,752112,PURI,ORISSA
2021-09-15 12:05:09.614 7613-7710/com.capitalfirst D/OkHttp: 23928,752113,PURI,ORISSA
2021-09-15 12:05:09.614 7613-7710/com.capitalfirst D/OkHttp: 23929,752114,PURI,ORISSA
2021-09-15 12:05:09.614 7613-7710/com.capitalfirst D/OkHttp: 23930,752115,KHORDA,ORISSA
2021-09-15 12:05:09.614 7613-7710/com.capitalfirst D/OkHttp: 23931,752116,PURI,ORISSA
2021-09-15 12:05:09.614 7613-7710/com.capitalfirst D/OkHttp: 23932,752117,PURI,ORISSA
2021-09-15 12:05:09.614 7613-7710/com.capitalfirst D/OkHttp: 23933,752118,PURI,ORISSA
2021-09-15 12:05:09.614 7613-7710/com.capitalfirst D/OkHttp: 23934,752119,PURI,ORISSA
2021-09-15 12:05:09.614 7613-7710/com.capitalfirst D/OkHttp: 23935,752120,CUTTACK,ORISSA
2021-09-15 12:05:09.614 7613-7710/com.capitalfirst D/OkHttp: 23936,752121,PURI,ORISSA
2021-09-15 12:05:09.614 7613-7710/com.capitalfirst D/OkHttp: 23937,752201,PURI,ORISSA
2021-09-15 12:05:09.614 7613-7710/com.capitalfirst D/OkHttp: 23938,752346,CUTTACK,ORISSA
2021-09-15 12:05:09.614 7613-7710/com.capitalfirst D/OkHttp: 23939,752400,CUTTACK,ORISSA
2021-09-15 12:05:09.615 7613-7710/com.capitalfirst D/OkHttp: 23940,753000,CUTTACK,ORISSA
2021-09-15 12:05:09.615 7613-7710/com.capitalfirst D/OkHttp: 23941,753001,CUTTACK,ORISSA
2021-09-15 12:05:09.615 7613-7710/com.capitalfirst D/OkHttp: 23942,753002,CUTTACK,ORISSA
2021-09-15 12:05:09.615 7613-7710/com.capitalfirst D/OkHttp: 23943,753003,CUTTACK,ORISSA
2021-09-15 12:05:09.615 7613-7710/com.capitalfirst D/OkHttp: 23944,753004,CUTTACK,ORISSA
2021-09-15 12:05:09.615 7613-7710/com.capitalfirst D/OkHttp: 23945,753005,CUTTACK,ORISSA
2021-09-15 12:05:09.615 7613-7710/com.capitalfirst D/OkHttp: 23946,753006,CUTTACK,ORISSA
2021-09-15 12:05:09.615 7613-7710/com.capitalfirst D/OkHttp: 23947,753007,CUTTACK,ORISSA
2021-09-15 12:05:09.615 7613-7710/com.capitalfirst D/OkHttp: 23948,753008,CUTTACK,ORISSA
2021-09-15 12:05:09.615 7613-7710/com.capitalfirst D/OkHttp: 23949,753009,CUTTACK,ORISSA
2021-09-15 12:05:09.615 7613-7710/com.capitalfirst D/OkHttp: 23950,753010,CUTTACK,ORISSA
2021-09-15 12:05:09.615 7613-7710/com.capitalfirst D/OkHttp: 23951,753011,CUTTACK,ORISSA
2021-09-15 12:05:09.615 7613-7710/com.capitalfirst D/OkHttp: 23952,753012,CUTTACK,ORISSA
2021-09-15 12:05:09.615 7613-7710/com.capitalfirst D/OkHttp: 23953,753013,CUTTACK,ORISSA
2021-09-15 12:05:09.615 7613-7710/com.capitalfirst D/OkHttp: 23954,753014,CUTTACK,ORISSA
2021-09-15 12:05:09.616 7613-7710/com.capitalfirst D/OkHttp: 23955,753015,PURI,ORISSA
2021-09-15 12:05:09.616 7613-7710/com.capitalfirst D/OkHttp: 23956,753021,BHUBANESHWAR,ORISSA
2021-09-15 12:05:09.616 7613-7710/com.capitalfirst D/OkHttp: 23957,753025,CUTTACK,ORISSA
2021-09-15 12:05:09.616 7613-7710/com.capitalfirst D/OkHttp: 23958,753027,CUTTACK,ORISSA
2021-09-15 12:05:09.616 7613-7710/com.capitalfirst D/OkHttp: 23959,753046,CUTTACK,ORISSA
2021-09-15 12:05:09.616 7613-7710/com.capitalfirst D/OkHttp: 23960,753051,CUTTACK,ORISSA
2021-09-15 12:05:09.616 7613-7710/com.capitalfirst D/OkHttp: 23961,753052,CUTTACK,ORISSA
2021-09-15 12:05:09.616 7613-7710/com.capitalfirst D/OkHttp: 23962,753071,CUTTACK,ORISSA
2021-09-15 12:05:09.616 7613-7710/com.capitalfirst D/OkHttp: 23963,753141,CUTTACK,ORISSA
2021-09-15 12:05:09.616 7613-7710/com.capitalfirst D/OkHttp: 23964,753513,AMTALA,WEST BENGAL
2021-09-15 12:05:09.616 7613-7710/com.capitalfirst D/OkHttp: 23965,754000,CUTTACK,ORISSA
2021-09-15 12:05:09.616 7613-7710/com.capitalfirst D/OkHttp: 23966,754001,CUTTACK,ORISSA
2021-09-15 12:05:09.616 7613-7710/com.capitalfirst D/OkHttp: 23967,754002,CUTTACK,ORISSA
2021-09-15 12:05:09.617 7613-7710/com.capitalfirst D/OkHttp: 23968,754003,CUTTACK,ORISSA
2021-09-15 12:05:09.617 7613-7710/com.capitalfirst D/OkHttp: 23969,754004,CUTTACK,ORISSA
2021-09-15 12:05:09.617 7613-7710/com.capitalfirst D/OkHttp: 23970,754005,KHORDA,ORISSA
2021-09-15 12:05:09.617 7613-7710/com.capitalfirst D/OkHttp: 23971,754006,CUTTACK,ORISSA
2021-09-15 12:05:09.617 7613-7710/com.capitalfirst D/OkHttp: 23972,754007,CUTTACK,ORISSA
2021-09-15 12:05:09.617 7613-7710/com.capitalfirst D/OkHttp: 23973,754008,CUTTACK,ORISSA
2021-09-15 12:05:09.617 7613-7710/com.capitalfirst D/OkHttp: 23974,754009,CUTTACK,ORISSA
2021-09-15 12:05:09.617 7613-7710/com.capitalfirst D/OkHttp: 23975,754010,CUTTACK,ORISSA
2021-09-15 12:05:09.617 7613-7710/com.capitalfirst D/OkHttp: 23976,754011,CUTTACK,ORISSA
2021-09-15 12:05:09.617 7613-7710/com.capitalfirst D/OkHttp: 23977,754012,KHORDA,ORISSA
2021-09-15 12:05:09.617 7613-7710/com.capitalfirst D/OkHttp: 23978,754013,CUTTACK,ORISSA
2021-09-15 12:05:09.617 7613-7710/com.capitalfirst D/OkHttp: 23979,754014,CUTTACK,ORISSA
2021-09-15 12:05:09.617 7613-7710/com.capitalfirst D/OkHttp: 23980,754015,CUTTACK,ORISSA
2021-09-15 12:05:09.617 7613-7710/com.capitalfirst D/OkHttp: 23981,754016,KORDHA,ORISSA
2021-09-15 12:05:09.617 7613-7710/com.capitalfirst D/OkHttp: 23982,754017,CUTTACK,ORISSA
2021-09-15 12:05:09.617 7613-7710/com.capitalfirst D/OkHttp: 23983,754018,CUTTACK,ORISSA
2021-09-15 12:05:09.617 7613-7710/com.capitalfirst D/OkHttp: 23984,754020,CUTTACK,ORISSA
2021-09-15 12:05:09.617 7613-7710/com.capitalfirst D/OkHttp: 23985,754021,CUTTACK,ORISSA
2021-09-15 12:05:09.617 7613-7710/com.capitalfirst D/OkHttp: 23986,754022,CUTTACK,ORISSA
2021-09-15 12:05:09.617 7613-7710/com.capitalfirst D/OkHttp: 23987,754023,JAJAPUR,ORISSA
2021-09-15 12:05:09.617 7613-7710/com.capitalfirst D/OkHttp: 23988,754024,JAJAPUR,ORISSA
2021-09-15 12:05:09.617 7613-7710/com.capitalfirst D/OkHttp: 23989,754025,CUTTACK,ORISSA
2021-09-15 12:05:09.617 7613-7710/com.capitalfirst D/OkHttp: 23990,754026,CUTTACK,ORISSA
2021-09-15 12:05:09.617 7613-7710/com.capitalfirst D/OkHttp: 23991,754027,CUTTACK,ORISSA
2021-09-15 12:05:09.618 7613-7710/com.capitalfirst D/OkHttp: 23992,754028,CUTTACK,ORISSA
2021-09-15 12:05:09.618 7613-7710/com.capitalfirst D/OkHttp: 23993,754029,CUTTACK,ORISSA
2021-09-15 12:05:09.618 7613-7710/com.capitalfirst D/OkHttp: 23994,754030,CUTTACK,ORISSA
2021-09-15 12:05:09.618 7613-7710/com.capitalfirst D/OkHttp: 23995,754031,CUTTACK,ORISSA
2021-09-15 12:05:09.618 7613-7710/com.capitalfirst D/OkHttp: 23996,754032,CUTTACK,ORISSA
2021-09-15 12:05:09.618 7613-7710/com.capitalfirst D/OkHttp: 23997,754033,CUTTACK,ORISSA
2021-09-15 12:05:09.618 7613-7710/com.capitalfirst D/OkHttp: 23998,754034,CUTTACK,ORISSA
2021-09-15 12:05:09.618 7613-7710/com.capitalfirst D/OkHttp: 23999,754035,CUTTACK,ORISSA
2021-09-15 12:05:09.618 7613-7710/com.capitalfirst D/OkHttp: 24000,754036,ANUGUL,ORISSA
2021-09-15 12:05:09.618 7613-7710/com.capitalfirst D/OkHttp: 24001,754037,CUTTACK,ORISSA
2021-09-15 12:05:09.618 7613-7710/com.capitalfirst D/OkHttp: 24002,754070,CUTTACK,ORISSA
2021-09-15 12:05:09.618 7613-7710/com.capitalfirst D/OkHttp: 24003,754071,CUTTACK,ORISSA
2021-09-15 12:05:09.618 7613-7710/com.capitalfirst D/OkHttp: 24004,754080,CUTTACK,ORISSA
2021-09-15 12:05:09.618 7613-7710/com.capitalfirst D/OkHttp: 24005,754081,JAJAPUR,ORISSA
2021-09-15 12:05:09.618 7613-7710/com.capitalfirst D/OkHttp: 24006,754082,JAJAPUR,ORISSA
2021-09-15 12:05:09.619 7613-7710/com.capitalfirst D/OkHttp: 24007,754100,CUTTACK,ORISSA
2021-09-15 12:05:09.619 7613-7710/com.capitalfirst D/OkHttp: 24008,754101,CUTTACK,ORISSA
2021-09-15 12:05:09.619 7613-7710/com.capitalfirst D/OkHttp: 24009,754102,JAGATSINGHAPUR,ORISSA
2021-09-15 12:05:09.619 7613-7710/com.capitalfirst D/OkHttp: 24010,754103,JAGATSINGHAPUR,ORISSA
2021-09-15 12:05:09.619 7613-7710/com.capitalfirst D/OkHttp: 24011,754104,JAGATSINGHAPUR,ORISSA
2021-09-15 12:05:09.619 7613-7710/com.capitalfirst D/OkHttp: 24012,754105,CUTTACK,ORISSA
2021-09-15 12:05:09.619 7613-7710/com.capitalfirst D/OkHttp: 24013,754106,JAGATSINGHAPUR,ORISSA
2021-09-15 12:05:09.619 7613-7710/com.capitalfirst D/OkHttp: 24014,754107,JAGATSINGHAPUR,ORISSA
2021-09-15 12:05:09.619 7613-7710/com.capitalfirst D/OkHttp: 24015,754108,JAGATSINGHAPUR,ORISSA
2021-09-15 12:05:09.619 7613-7710/com.capitalfirst D/OkHttp: 24016,754109,JAGATSINGHAPUR,ORISSA
2021-09-15 12:05:09.619 7613-7710/com.capitalfirst D/OkHttp: 24017,754110,JAGATSINGHAPUR,ORISSA
2021-09-15 12:05:09.619 7613-7710/com.capitalfirst D/OkHttp: 24018,754111,JAGATSINGHAPUR,ORISSA
2021-09-15 12:05:09.621 7613-7710/com.capitalfirst D/OkHttp: 24019,754112,CUTTACK,ORISSA
2021-09-15 12:05:09.621 7613-7710/com.capitalfirst D/OkHttp: 24020,754113,JAGATSINGHAPUR,ORISSA
2021-09-15 12:05:09.621 7613-7711/com.capitalfirst D/OkHttp: 27542,848515,SAMASTIPUR,BIHAR
2021-09-15 12:05:09.621 7613-7711/com.capitalfirst D/OkHttp: 27543,848516,SAMASTIPUR,BIHAR
2021-09-15 12:05:09.622 7613-7711/com.capitalfirst D/OkHttp: 27544,848517,SAMASTIPUR,BIHAR
2021-09-15 12:05:09.622 7613-7711/com.capitalfirst D/OkHttp: 27545,848518,SAMASTIPUR,BIHAR
2021-09-15 12:05:09.622 7613-7711/com.capitalfirst D/OkHttp: 27546,848519,SAMASTIPUR,BIHAR
2021-09-15 12:05:09.622 7613-7711/com.capitalfirst D/OkHttp: 27547,850001,MUZAFFARPUR,BIHAR
2021-09-15 12:05:09.622 7613-7711/com.capitalfirst D/OkHttp: 27548,850010,LUDHIANA,PUNJAB
2021-09-15 12:05:09.623 7613-7711/com.capitalfirst D/OkHttp: 27549,851101,BEGUSARAI,BIHAR
2021-09-15 12:05:09.623 7613-7711/com.capitalfirst D/OkHttp: 27550,851102,KHAGARIA,BIHAR
2021-09-15 12:05:09.623 7613-7711/com.capitalfirst D/OkHttp: 27551,851111,BEGUSARAI,BIHAR
2021-09-15 12:05:09.623 7613-7711/com.capitalfirst D/OkHttp: 27552,851112,BEGUSARAI,BIHAR
2021-09-15 12:05:09.623 7613-7711/com.capitalfirst D/OkHttp: 27553,851113,BEGUSARAI,BIHAR
2021-09-15 12:05:09.623 7613-7711/com.capitalfirst D/OkHttp: 27554,851114,BEGUSARAI,BIHAR
2021-09-15 12:05:09.623 7613-7711/com.capitalfirst D/OkHttp: 27555,851115,BEGUSARAI,BIHAR
2021-09-15 12:05:09.623 7613-7711/com.capitalfirst D/OkHttp: 27556,851116,BEGUSARAI,BIHAR
2021-09-15 12:05:09.623 7613-7711/com.capitalfirst D/OkHttp: 27557,851117,BEGUSARAI,BIHAR
2021-09-15 12:05:09.623 7613-7711/com.capitalfirst D/OkHttp: 27558,851118,BEGUSARAI,BIHAR
2021-09-15 12:05:09.623 7613-7711/com.capitalfirst D/OkHttp: 27559,851119,BEGUSARAI,BIHAR
2021-09-15 12:05:09.623 7613-7710/com.capitalfirst D/OkHttp: 24021,754114,JAGATSINGHAPUR,ORISSA
2021-09-15 12:05:09.624 7613-7710/com.capitalfirst D/OkHttp: 24022,754115,CUTTACK,ORISSA
2021-09-15 12:05:09.624 7613-7710/com.capitalfirst D/OkHttp: 24023,754116,JAGATSINGHAPUR,ORISSA
2021-09-15 12:05:09.624 7613-7710/com.capitalfirst D/OkHttp: 24024,754117,CUTTACK,ORISSA
2021-09-15 12:05:09.624 7613-7710/com.capitalfirst D/OkHttp: 24025,754118,CUTTACK,ORISSA
2021-09-15 12:05:09.624 7613-7710/com.capitalfirst D/OkHttp: 24026,754119,JAGATSINGHAPUR,ORISSA
2021-09-15 12:05:09.624 7613-7710/com.capitalfirst D/OkHttp: 24027,754120,JAGATSINGHAPUR,ORISSA
2021-09-15 12:05:09.624 7613-7710/com.capitalfirst D/OkHttp: 24028,754130,CUTTACK,ORISSA
2021-09-15 12:05:09.624 7613-7710/com.capitalfirst D/OkHttp: 24029,754131,CUTTACK,ORISSA
2021-09-15 12:05:09.624 7613-7710/com.capitalfirst D/OkHttp: 24030,754132,JAGATSINGHAPUR,ORISSA
2021-09-15 12:05:09.624 7613-7710/com.capitalfirst D/OkHttp: 24031,754133,JAGATSINGHAPUR,ORISSA
2021-09-15 12:05:09.624 7613-7710/com.capitalfirst D/OkHttp: 24032,754134,KENDRAPARA,ORISSA
2021-09-15 12:05:09.625 7613-7710/com.capitalfirst D/OkHttp: 24033,754135,KENDRAPARA,ORISSA
2021-09-15 12:05:09.625 7613-7710/com.capitalfirst D/OkHttp: 24034,754136,JAGATSINGHAPUR,ORISSA
2021-09-15 12:05:09.625 7613-7710/com.capitalfirst D/OkHttp: 24035,754137,JAGATSINGHAPUR,ORISSA
2021-09-15 12:05:09.625 7613-7710/com.capitalfirst D/OkHttp: 24036,754138,JAGATSINGHAPUR,ORISSA
2021-09-15 12:05:09.625 7613-7710/com.capitalfirst D/OkHttp: 24037,754139,JAGATSINGHAPUR,ORISSA
2021-09-15 12:05:09.625 7613-7710/com.capitalfirst D/OkHttp: 24038,754140,KENDRAPARA,ORISSA
2021-09-15 12:05:09.625 7613-7710/com.capitalfirst D/OkHttp: 24039,754141,JAGATSINGHAPUR,ORISSA
2021-09-15 12:05:09.626 7613-7710/com.capitalfirst D/OkHttp: 24040,754142,JAGATSINGHAPUR,ORISSA
2021-09-15 12:05:09.626 7613-7710/com.capitalfirst D/OkHttp: 24041,754143,JAGATSINGHAPUR,ORISSA
2021-09-15 12:05:09.626 7613-7710/com.capitalfirst D/OkHttp: 24042,754144,JAGATSINGHAPUR,ORISSA
2021-09-15 12:05:09.626 7613-7710/com.capitalfirst D/OkHttp: 24043,754145,JAGATSINGHAPUR,ORISSA
2021-09-15 12:05:09.626 7613-7710/com.capitalfirst D/OkHttp: 24044,754153,KENDRAPARA,ORISSA
2021-09-15 12:05:09.626 7613-7710/com.capitalfirst D/OkHttp: 24045,754154,CUTTACK,ORISSA
2021-09-15 12:05:09.626 7613-7710/com.capitalfirst D/OkHttp: 24046,754155,CUTTACK,ORISSA
2021-09-15 12:05:09.626 7613-7710/com.capitalfirst D/OkHttp: 24047,754156,KENDRAPARA,ORISSA
2021-09-15 12:05:09.626 7613-7710/com.capitalfirst D/OkHttp: 24048,754157,CUTTACK,ORISSA
2021-09-15 12:05:09.627 7613-7710/com.capitalfirst D/OkHttp: 24049,754158,CUTTACK,ORISSA
2021-09-15 12:05:09.627 7613-7710/com.capitalfirst D/OkHttp: 24050,754159,JAGATSINGHAPUR,ORISSA
2021-09-15 12:05:09.627 7613-7710/com.capitalfirst D/OkHttp: 24051,754160,JAGATSINGHAPUR,ORISSA
2021-09-15 12:05:09.627 7613-7710/com.capitalfirst D/OkHttp: 24052,754161,CUTTACK,ORISSA
2021-09-15 12:05:09.627 7613-7710/com.capitalfirst D/OkHttp: 24053,754162,KENDRAPARA,ORISSA
2021-09-15 12:05:09.627 7613-7710/com.capitalfirst D/OkHttp: 24054,754200,CUTTACK,ORISSA
2021-09-15 12:05:09.627 7613-7710/com.capitalfirst D/OkHttp: 24055,754201,CUTTACK,ORISSA
2021-09-15 12:05:09.627 7613-7710/com.capitalfirst D/OkHttp: 24056,754202,CUTTACK,ORISSA
2021-09-15 12:05:09.627 7613-7710/com.capitalfirst D/OkHttp: 24057,754203,CUTTACK,ORISSA
2021-09-15 12:05:09.627 7613-7710/com.capitalfirst D/OkHttp: 24058,754204,CUTTACK,ORISSA
2021-09-15 12:05:09.627 7613-7710/com.capitalfirst D/OkHttp: 24059,754205,JAJAPUR,ORISSA
2021-09-15 12:05:09.627 7613-7710/com.capitalfirst D/OkHttp: 24060,754206,CUTTACK,ORISSA
2021-09-15 12:05:09.628 7613-7710/com.capitalfirst D/OkHttp: 24061,754207,CUTTACK,ORISSA
2021-09-15 12:05:09.628 7613-7710/com.capitalfirst D/OkHttp: 24062,754208,KENDRAPARA,ORISSA
2021-09-15 12:05:09.628 7613-7710/com.capitalfirst D/OkHttp: 24063,754209,CUTTACK,ORISSA
2021-09-15 12:05:09.628 7613-7710/com.capitalfirst D/OkHttp: 24064,754210,KENDRAPARA,ORISSA
2021-09-15 12:05:09.629 7613-7710/com.capitalfirst D/OkHttp: 24065,754211,KENDRAPARA,ORISSA
2021-09-15 12:05:09.629 7613-7710/com.capitalfirst D/OkHttp: 24066,754212,KENDRAPARA,ORISSA
2021-09-15 12:05:09.629 7613-7710/com.capitalfirst D/OkHttp: 24067,754213,KENDRAPARA,ORISSA
2021-09-15 12:05:09.629 7613-7710/com.capitalfirst D/OkHttp: 24068,754214,KENDRAPARA,ORISSA
2021-09-15 12:05:09.629 7613-7710/com.capitalfirst D/OkHttp: 24069,754215,KENDRAPARA,ORISSA
2021-09-15 12:05:09.629 7613-7710/com.capitalfirst D/OkHttp: 24070,754216,KENDRAPARA,ORISSA
2021-09-15 12:05:09.629 7613-7710/com.capitalfirst D/OkHttp: 24071,754217,KENDRAPARA,ORISSA
2021-09-15 12:05:09.629 7613-7710/com.capitalfirst D/OkHttp: 24072,754218,KENDRAPARA,ORISSA
2021-09-15 12:05:09.629 7613-7710/com.capitalfirst D/OkHttp: 24073,754219,KENDRAPARA,ORISSA
2021-09-15 12:05:09.629 7613-7710/com.capitalfirst D/OkHttp: 24074,754220,KENDRAPARA,ORISSA
2021-09-15 12:05:09.629 7613-7710/com.capitalfirst D/OkHttp: 24075,754221,CUTTACK,ORISSA
2021-09-15 12:05:09.629 7613-7710/com.capitalfirst D/OkHttp: 24076,754222,KENDRAPARA,ORISSA
2021-09-15 12:05:09.630 7613-7710/com.capitalfirst D/OkHttp: 24077,754223,KENDRAPARA,ORISSA
2021-09-15 12:05:09.630 7613-7710/com.capitalfirst D/OkHttp: 24078,754224,KENDRAPARA,ORISSA
2021-09-15 12:05:09.630 7613-7710/com.capitalfirst D/OkHttp: 24079,754225,KENDRAPARA,ORISSA
2021-09-15 12:05:09.630 7613-7710/com.capitalfirst D/OkHttp: 24080,754226,KENDRAPARA,ORISSA
2021-09-15 12:05:09.630 7613-7710/com.capitalfirst D/OkHttp: 24081,754227,KENDRAPARA,ORISSA
2021-09-15 12:05:09.630 7613-7710/com.capitalfirst D/OkHttp: 24082,754228,KENDRAPARA,ORISSA
2021-09-15 12:05:09.631 7613-7710/com.capitalfirst D/OkHttp: 24083,754229,KENDRAPARA,ORISSA
2021-09-15 12:05:09.632 7613-7710/com.capitalfirst D/OkHttp: 24084,754230,CUTTACK,ORISSA
2021-09-15 12:05:09.632 7613-7710/com.capitalfirst D/OkHttp: 24085,754231,KENDRAPARA,ORISSA
2021-09-15 12:05:09.632 7613-7710/com.capitalfirst D/OkHttp: 24086,754232,CUTTACK,ORISSA
2021-09-15 12:05:09.632 7613-7710/com.capitalfirst D/OkHttp: 24087,754233,KENDRAPARA,ORISSA
2021-09-15 12:05:09.632 7613-7710/com.capitalfirst D/OkHttp: 24088,754234,CUTTACK,ORISSA
2021-09-15 12:05:09.632 7613-7710/com.capitalfirst D/OkHttp: 24089,754235,CUTTACK,ORISSA
2021-09-15 12:05:09.633 7613-7710/com.capitalfirst D/OkHttp: 24090,754236,CUTTACK,ORISSA
2021-09-15 12:05:09.633 7613-7710/com.capitalfirst D/OkHttp: 24091,754237,KENDRAPARA,ORISSA
2021-09-15 12:05:09.633 7613-7710/com.capitalfirst D/OkHttp: 24092,754238,KENDRAPARA,ORISSA
2021-09-15 12:05:09.633 7613-7710/com.capitalfirst D/OkHttp: 24093,754239,KENDRAPARA,ORISSA
2021-09-15 12:05:09.633 7613-7710/com.capitalfirst D/OkHttp: 24094,754240,KENDRAPARA,ORISSA
2021-09-15 12:05:09.634 7613-7710/com.capitalfirst D/OkHttp: 24095,754241,KENDRAPARA,ORISSA
2021-09-15 12:05:09.634 7613-7710/com.capitalfirst D/OkHttp: 24096,754242,KENDRAPARA,ORISSA
2021-09-15 12:05:09.634 7613-7710/com.capitalfirst D/OkHttp: 24097,754243,KENDRAPARA,ORISSA
2021-09-15 12:05:09.634 7613-7711/com.capitalfirst D/OkHttp: 27560,851120,BEGUSARAI,BIHAR
2021-09-15 12:05:09.634 7613-7711/com.capitalfirst D/OkHttp: 27561,851121,BEGUSARAI,BIHAR
2021-09-15 12:05:09.634 7613-7711/com.capitalfirst D/OkHttp: 27562,851122,BEGUSARAI,BIHAR
2021-09-15 12:05:09.634 7613-7711/com.capitalfirst D/OkHttp: 27563,851126,BEGUSARAI,BIHAR
2021-09-15 12:05:09.634 7613-7711/com.capitalfirst D/OkHttp: 27564,851127,BEGUSARAI,BIHAR
2021-09-15 12:05:09.634 7613-7711/com.capitalfirst D/OkHttp: 27565,851128,BEGUSARAI,BIHAR
2021-09-15 12:05:09.634 7613-7711/com.capitalfirst D/OkHttp: 27566,851129,BEGUSARAI,BIHAR
2021-09-15 12:05:09.634 7613-7711/com.capitalfirst D/OkHttp: 27567,851130,BEGUSARAI,BIHAR
2021-09-15 12:05:09.634 7613-7711/com.capitalfirst D/OkHttp: 27568,851131,BEGUSARAI,BIHAR
2021-09-15 12:05:09.634 7613-7711/com.capitalfirst D/OkHttp: 27569,851132,BEGUSARAI,BIHAR
2021-09-15 12:05:09.634 7613-7711/com.capitalfirst D/OkHttp: 27570,851133,BEGUSARAI,BIHAR
2021-09-15 12:05:09.635 7613-7711/com.capitalfirst D/OkHttp: 27571,851134,BEGUSARAI,BIHAR
2021-09-15 12:05:09.635 7613-7711/com.capitalfirst D/OkHttp: 27572,851135,BEGUSARAI,BIHAR
2021-09-15 12:05:09.635 7613-7711/com.capitalfirst D/OkHttp: 27573,851136,BEGUSARAI,BIHAR
2021-09-15 12:05:09.635 7613-7711/com.capitalfirst D/OkHttp: 27574,851137,BEGUSARAI,BIHAR
2021-09-15 12:05:09.635 7613-7711/com.capitalfirst D/OkHttp: 27575,851138,BEGUSARAI,BIHAR
2021-09-15 12:05:09.635 7613-7711/com.capitalfirst D/OkHttp: 27576,851139,BEGUSARAI,BIHAR
2021-09-15 12:05:09.635 7613-7711/com.capitalfirst D/OkHttp: 27577,851201,KHAGARIA,BIHAR
2021-09-15 12:05:09.635 7613-7711/com.capitalfirst D/OkHttp: 27578,851202,KHAGARIA,BIHAR
2021-09-15 12:05:09.635 7613-7711/com.capitalfirst D/OkHttp: 27579,851203,KHAGARIA,BIHAR
2021-09-15 12:05:09.635 7613-7711/com.capitalfirst D/OkHttp: 27580,851204,KHAGARIA,BIHAR
2021-09-15 12:05:09.635 7613-7711/com.capitalfirst D/OkHttp: 27581,851205,KHAGARIA,BIHAR
2021-09-15 12:05:09.635 7613-7711/com.capitalfirst D/OkHttp: 27582,851206,KHAGARIA,BIHAR
2021-09-15 12:05:09.635 7613-7711/com.capitalfirst D/OkHttp: 27583,851210,BEGUSARAI,BIHAR
2021-09-15 12:05:09.636 7613-7711/com.capitalfirst D/OkHttp: 27584,851211,BEGUSARAI,BIHAR
2021-09-15 12:05:09.636 7613-7711/com.capitalfirst D/OkHttp: 27585,851212,KHAGARIA,BIHAR
2021-09-15 12:05:09.636 7613-7711/com.capitalfirst D/OkHttp: 27586,851213,KHAGARIA,BIHAR
2021-09-15 12:05:09.636 7613-7711/com.capitalfirst D/OkHttp: 27587,851214,KHAGARIA,BIHAR
2021-09-15 12:05:09.636 7613-7711/com.capitalfirst D/OkHttp: 27588,851215,KHAGARIA,BIHAR
2021-09-15 12:05:09.636 7613-7711/com.capitalfirst D/OkHttp: 27589,851216,KHAGARIA,BIHAR
2021-09-15 12:05:09.636 7613-7711/com.capitalfirst D/OkHttp: 27590,851217,BEGUSARAI,BIHAR
2021-09-15 12:05:09.636 7613-7711/com.capitalfirst D/OkHttp: 27591,851218,BEGUSARAI,BIHAR
2021-09-15 12:05:09.637 7613-7711/com.capitalfirst D/OkHttp: 27592,851219,KHAGARIA,BIHAR
2021-09-15 12:05:09.637 7613-7711/com.capitalfirst D/OkHttp: 27593,851220,BEGUSARAI,BIHAR
2021-09-15 12:05:09.637 7613-7711/com.capitalfirst D/OkHttp: 27594,851221,BEGUSARAI,BIHAR
2021-09-15 12:05:09.637 7613-7710/com.capitalfirst D/OkHttp: 24098,754244,KENDRAPARA,ORISSA
2021-09-15 12:05:09.637 7613-7710/com.capitalfirst D/OkHttp: 24099,754245,KENDRAPARA,ORISSA
2021-09-15 12:05:09.637 7613-7710/com.capitalfirst D/OkHttp: 24100,754246,KENDRAPARA,ORISSA
2021-09-15 12:05:09.638 7613-7710/com.capitalfirst D/OkHttp: 24101,754247,CUTTACK,ORISSA
2021-09-15 12:05:09.638 7613-7710/com.capitalfirst D/OkHttp: 24102,754248,KENDRAPARA,ORISSA
2021-09-15 12:05:09.638 7613-7710/com.capitalfirst D/OkHttp: 24103,754249,CUTTACK,ORISSA
2021-09-15 12:05:09.638 7613-7710/com.capitalfirst D/OkHttp: 24104,754250,KENDRAPARA,ORISSA
2021-09-15 12:05:09.638 7613-7710/com.capitalfirst D/OkHttp: 24105,754251,KENDRAPARA,ORISSA
2021-09-15 12:05:09.638 7613-7710/com.capitalfirst D/OkHttp: 24106,754252,CUTTACK,ORISSA
2021-09-15 12:05:09.638 7613-7710/com.capitalfirst D/OkHttp: 24107,754253,KENDRAPARA,ORISSA
2021-09-15 12:05:09.638 7613-7710/com.capitalfirst D/OkHttp: 24108,754259,CUTTACK,ORISSA
2021-09-15 12:05:09.638 7613-7710/com.capitalfirst D/OkHttp: 24109,754260,PADMAPUR,ORISSA
2021-09-15 12:05:09.638 7613-7710/com.capitalfirst D/OkHttp: 24110,754280,CUTTACK,ORISSA
2021-09-15 12:05:09.638 7613-7710/com.capitalfirst D/OkHttp: 24111,754281,CUTTACK,ORISSA
2021-09-15 12:05:09.638 7613-7710/com.capitalfirst D/OkHttp: 24112,754282,CUTTACK,ORISSA
2021-09-15 12:05:09.638 7613-7710/com.capitalfirst D/OkHttp: 24113,754283,CUTTACK,ORISSA
2021-09-15 12:05:09.638 7613-7710/com.capitalfirst D/OkHttp: 24114,754284,CUTTACK,ORISSA
2021-09-15 12:05:09.639 7613-7711/com.capitalfirst D/OkHttp: 27595,851222,BEGUSARAI,BIHAR
2021-09-15 12:05:09.641 7613-7711/com.capitalfirst D/OkHttp: 27596,851223,BEGUSARAI,BIHAR
2021-09-15 12:05:09.641 7613-7711/com.capitalfirst D/OkHttp: 27597,851224,BEGUSARAI,BIHAR
2021-09-15 12:05:09.642 7613-7711/com.capitalfirst D/OkHttp: 27598,851225,KHAGARIA,BIHAR
2021-09-15 12:05:09.642 7613-7711/com.capitalfirst D/OkHttp: 27599,851226,KHAGARIA,BIHAR
2021-09-15 12:05:09.642 7613-7711/com.capitalfirst D/OkHttp: 27600,851227,KHAGARIA,BIHAR
2021-09-15 12:05:09.642 7613-7711/com.capitalfirst D/OkHttp: 27601,851228,KHAGARIA,BIHAR
2021-09-15 12:05:09.645 7613-7711/com.capitalfirst D/OkHttp: 27602,851230,BEGUSARAI,BIHAR
2021-09-15 12:05:09.646 7613-7711/com.capitalfirst D/OkHttp: 27603,852101,MADHEPURA,BIHAR
2021-09-15 12:05:09.646 7613-7711/com.capitalfirst D/OkHttp: 27604,852105,SAHARSA,BIHAR
2021-09-15 12:05:09.646 7613-7711/com.capitalfirst D/OkHttp: 27605,852106,SAHARSA,BIHAR
2021-09-15 12:05:09.647 7613-7711/com.capitalfirst D/OkHttp: 27606,852107,MADHEPURA,BIHAR
2021-09-15 12:05:09.647 7613-7711/com.capitalfirst D/OkHttp: 27607,852108,SAHARSA,BIHAR
2021-09-15 12:05:09.647 7613-7711/com.capitalfirst D/OkHttp: 27608,852109,SAHARSA,BIHAR
2021-09-15 12:05:09.647 7613-7711/com.capitalfirst D/OkHttp: 27609,852110,SAHARSA,BIHAR
2021-09-15 12:05:09.647 7613-7711/com.capitalfirst D/OkHttp: 27610,852111,SAHARSA,BIHAR
2021-09-15 12:05:09.647 7613-7711/com.capitalfirst D/OkHttp: 27611,852112,MADHEPURA,BIHAR
2021-09-15 12:05:09.647 7613-7711/com.capitalfirst D/OkHttp: 27612,852113,MADHEPURA,BIHAR
2021-09-15 12:05:09.647 7613-7711/com.capitalfirst D/OkHttp: 27613,852114,MADHEPURA,BIHAR
2021-09-15 12:05:09.647 7613-7711/com.capitalfirst D/OkHttp: 27614,852115,MADHEPURA,BIHAR
2021-09-15 12:05:09.647 7613-7711/com.capitalfirst D/OkHttp: 27615,852116,MADHEPURA,BIHAR
2021-09-15 12:05:09.647 7613-7711/com.capitalfirst D/OkHttp: 27616,852121,MADHEPURA,BIHAR
2021-09-15 12:05:09.647 7613-7711/com.capitalfirst D/OkHttp: 27617,852122,MURLIGANJ,BIHAR
2021-09-15 12:05:09.647 7613-7711/com.capitalfirst D/OkHttp: 27618,852123,SAHARSA,BIHAR
2021-09-15 12:05:09.647 7613-7711/com.capitalfirst D/OkHttp: 27619,852124,SAHARSA,BIHAR
2021-09-15 12:05:09.647 7613-7711/com.capitalfirst D/OkHttp: 27620,852125,SAHARSA,BIHAR
2021-09-15 12:05:09.647 7613-7711/com.capitalfirst D/OkHttp: 27621,852126,SAHARSA,BIHAR
2021-09-15 12:05:09.647 7613-7711/com.capitalfirst D/OkHttp: 27622,852127,SAHARSA,BIHAR
2021-09-15 12:05:09.648 7613-7711/com.capitalfirst D/OkHttp: 27623,852128,MADHEPURA,BIHAR
2021-09-15 12:05:09.650 7613-7711/com.capitalfirst D/OkHttp: 27624,852129,MADHEPURA,BIHAR
2021-09-15 12:05:09.650 7613-7711/com.capitalfirst D/OkHttp: 27625,852130,MADHEPURA,BIHAR
2021-09-15 12:05:09.650 7613-7711/com.capitalfirst D/OkHttp: 27626,852131,SAHARSA,BIHAR
2021-09-15 12:05:09.651 7613-7710/com.capitalfirst D/OkHttp: 24115,754285,JAJAPUR,ORISSA
2021-09-15 12:05:09.651 7613-7710/com.capitalfirst D/OkHttp: 24116,754286,CUTTACK,ORISSA
2021-09-15 12:05:09.652 7613-7710/com.capitalfirst D/OkHttp: 24117,754287,CUTTACK,ORISSA
2021-09-15 12:05:09.652 7613-7710/com.capitalfirst D/OkHttp: 24118,754288,CUTTACK,ORISSA
2021-09-15 12:05:09.653 7613-7710/com.capitalfirst D/OkHttp: 24119,754289,KENDRAPARA,ORISSA
2021-09-15 12:05:09.654 7613-7710/com.capitalfirst D/OkHttp: 24120,754290,CUTTACK,ORISSA
2021-09-15 12:05:09.654 7613-7710/com.capitalfirst D/OkHttp: 24121,754291,CUTTACK,ORISSA
2021-09-15 12:05:09.654 7613-7710/com.capitalfirst D/OkHttp: 24122,754292,KENDRAPARA,ORISSA
2021-09-15 12:05:09.654 7613-7710/com.capitalfirst D/OkHttp: 24123,754293,CUTTACK,ORISSA
2021-09-15 12:05:09.656 7613-7710/com.capitalfirst D/OkHttp: 24124,754294,JAGATSINGHAPUR,ORISSA
2021-09-15 12:05:09.656 7613-7710/com.capitalfirst D/OkHttp: 24125,754295,CUTTACK,ORISSA
2021-09-15 12:05:09.656 7613-7710/com.capitalfirst D/OkHttp: 24126,754296,JAJAPUR,ORISSA
2021-09-15 12:05:09.657 7613-7710/com.capitalfirst D/OkHttp: 24127,754297,CUTTACK,ORISSA
2021-09-15 12:05:09.658 7613-7710/com.capitalfirst D/OkHttp: 24128,754400,KHURDHA,ORISSA
2021-09-15 12:05:09.658 7613-7710/com.capitalfirst D/OkHttp: 24129,755001,JAJAPUR,ORISSA
2021-09-15 12:05:09.659 7613-7711/com.capitalfirst D/OkHttp: 27627,852132,MADHEPURA,BIHAR
2021-09-15 12:05:09.663 7613-7711/com.capitalfirst D/OkHttp: 27628,852133,SUPAUL,BIHAR
2021-09-15 12:05:09.664 7613-7711/com.capitalfirst D/OkHttp: 27629,852137,MADHEPURA,BIHAR
2021-09-15 12:05:09.664 7613-7711/com.capitalfirst D/OkHttp: 27630,852138,SAHARSA,BIHAR
2021-09-15 12:05:09.664 7613-7711/com.capitalfirst D/OkHttp: 27631,852139,MADHUBANI,BIHAR
2021-09-15 12:05:09.664 7613-7711/com.capitalfirst D/OkHttp: 27632,852140,SAHARSA,BIHAR
2021-09-15 12:05:09.664 7613-7711/com.capitalfirst D/OkHttp: 27633,852141,SAHARSA,BIHAR
2021-09-15 12:05:09.664 7613-7711/com.capitalfirst D/OkHttp: 27634,852142,SAHARSA,BIHAR
2021-09-15 12:05:09.664 7613-7711/com.capitalfirst D/OkHttp: 27635,852143,SAHARSA,BIHAR
2021-09-15 12:05:09.664 7613-7711/com.capitalfirst D/OkHttp: 27636,852144,SAHARSA,BIHAR
2021-09-15 12:05:09.664 7613-7711/com.capitalfirst D/OkHttp: 27637,852145,SAHARSA,BIHAR
2021-09-15 12:05:09.664 7613-7711/com.capitalfirst D/OkHttp: 27638,852146,SAHARSA,BIHAR
2021-09-15 12:05:09.664 7613-7711/com.capitalfirst D/OkHttp: 27639,852147,SAHARSA,BIHAR
2021-09-15 12:05:09.664 7613-7711/com.capitalfirst D/OkHttp: 27640,852148,SAHARSA,BIHAR
2021-09-15 12:05:09.664 7613-7711/com.capitalfirst D/OkHttp: 27641,852149,SAHARSA,BIHAR
2021-09-15 12:05:09.664 7613-7710/com.capitalfirst D/OkHttp: 24130,755003,JAJAPUR,ORISSA
2021-09-15 12:05:09.664 7613-7710/com.capitalfirst D/OkHttp: 24131,755004,JAJAPUR,ORISSA
2021-09-15 12:05:09.665 7613-7710/com.capitalfirst D/OkHttp: 24132,755005,JAJAPUR,ORISSA
2021-09-15 12:05:09.665 7613-7710/com.capitalfirst D/OkHttp: 24133,755006,JAJAPUR,ORISSA
2021-09-15 12:05:09.665 7613-7710/com.capitalfirst D/OkHttp: 24134,755007,JAJAPUR,ORISSA
2021-09-15 12:05:09.665 7613-7710/com.capitalfirst D/OkHttp: 24135,755008,JAJAPUR,ORISSA
2021-09-15 12:05:09.665 7613-7710/com.capitalfirst D/OkHttp: 24136,755009,JAJAPUR,ORISSA
2021-09-15 12:05:09.665 7613-7710/com.capitalfirst D/OkHttp: 24137,755010,JAJAPUR,ORISSA
2021-09-15 12:05:09.665 7613-7710/com.capitalfirst D/OkHttp: 24138,755011,JAJAPUR,ORISSA
2021-09-15 12:05:09.665 7613-7710/com.capitalfirst D/OkHttp: 24139,755012,JAJAPUR,ORISSA
2021-09-15 12:05:09.665 7613-7710/com.capitalfirst D/OkHttp: 24140,755013,JAJAPUR,ORISSA
2021-09-15 12:05:09.665 7613-7710/com.capitalfirst D/OkHttp: 24141,755014,JAJAPUR,ORISSA
2021-09-15 12:05:09.665 7613-7710/com.capitalfirst D/OkHttp: 24142,755015,JAJAPUR,ORISSA
2021-09-15 12:05:09.665 7613-7710/com.capitalfirst D/OkHttp: 24143,755016,JAJAPUR,ORISSA
2021-09-15 12:05:09.665 7613-7710/com.capitalfirst D/OkHttp: 24144,755017,JAJAPUR,ORISSA
2021-09-15 12:05:09.665 7613-7710/com.capitalfirst D/OkHttp: 24145,755018,JAJAPUR,ORISSA
2021-09-15 12:05:09.665 7613-7710/com.capitalfirst D/OkHttp: 24146,755019,JAJAPUR,ORISSA
2021-09-15 12:05:09.665 7613-7710/com.capitalfirst D/OkHttp: 24147,755020,JAJAPUR,ORISSA
2021-09-15 12:05:09.666 7613-7710/com.capitalfirst D/OkHttp: 24148,755021,JAJAPUR,ORISSA
2021-09-15 12:05:09.666 7613-7710/com.capitalfirst D/OkHttp: 24149,755022,JAJAPUR,ORISSA
2021-09-15 12:05:09.666 7613-7710/com.capitalfirst D/OkHttp: 24150,755023,JAJAPUR,ORISSA
2021-09-15 12:05:09.666 7613-7710/com.capitalfirst D/OkHttp: 24151,755024,JAJAPUR,ORISSA
2021-09-15 12:05:09.666 7613-7710/com.capitalfirst D/OkHttp: 24152,755025,JAJAPUR,ORISSA
2021-09-15 12:05:09.666 7613-7710/com.capitalfirst D/OkHttp: 24153,755026,JAJAPUR,ORISSA
2021-09-15 12:05:09.666 7613-7710/com.capitalfirst D/OkHttp: 24154,755027,JAJAPUR,ORISSA
2021-09-15 12:05:09.666 7613-7710/com.capitalfirst D/OkHttp: 24155,755028,JAJAPUR,ORISSA
2021-09-15 12:05:09.666 7613-7710/com.capitalfirst D/OkHttp: 24156,755029,JAJAPUR,ORISSA
2021-09-15 12:05:09.666 7613-7710/com.capitalfirst D/OkHttp: 24157,755030,JAJAPUR,ORISSA
2021-09-15 12:05:09.666 7613-7710/com.capitalfirst D/OkHttp: 24158,755031,JAJAPUR,ORISSA
2021-09-15 12:05:09.666 7613-7710/com.capitalfirst D/OkHttp: 24159,755032,JAJAPUR,ORISSA
2021-09-15 12:05:09.667 7613-7710/com.capitalfirst D/OkHttp: 24160,755033,JAJAPUR,ORISSA
2021-09-15 12:05:09.667 7613-7710/com.capitalfirst D/OkHttp: 24161,755034,CUTTACK,ORISSA
2021-09-15 12:05:09.667 7613-7710/com.capitalfirst D/OkHttp: 24162,755035,JAJAPUR,ORISSA
2021-09-15 12:05:09.667 7613-7710/com.capitalfirst D/OkHttp: 24163,755036,JAJAPUR,ORISSA
2021-09-15 12:05:09.667 7613-7710/com.capitalfirst D/OkHttp: 24164,755037,CUTTACK,ORISSA
2021-09-15 12:05:09.667 7613-7710/com.capitalfirst D/OkHttp: 24165,755038,JAJAPUR,ORISSA
2021-09-15 12:05:09.667 7613-7710/com.capitalfirst D/OkHttp: 24166,755039,JAJAPUR,ORISSA
2021-09-15 12:05:09.667 7613-7710/com.capitalfirst D/OkHttp: 24167,755041,JAJAPUR,ORISSA
2021-09-15 12:05:09.667 7613-7710/com.capitalfirst D/OkHttp: 24168,755042,CUTTACK,ORISSA
2021-09-15 12:05:09.667 7613-7710/com.capitalfirst D/OkHttp: 24169,755043,JAJAPUR,ORISSA
2021-09-15 12:05:09.667 7613-7710/com.capitalfirst D/OkHttp: 24170,755044,JAJAPUR,ORISSA
2021-09-15 12:05:09.667 7613-7710/com.capitalfirst D/OkHttp: 24171,755045,JAJAPUR,ORISSA
2021-09-15 12:05:09.667 7613-7710/com.capitalfirst D/OkHttp: 24172,755046,JAJAPUR,ORISSA
2021-09-15 12:05:09.667 7613-7710/com.capitalfirst D/OkHttp: 24173,755047,JAJAPUR,ORISSA
2021-09-15 12:05:09.667 7613-7710/com.capitalfirst D/OkHttp: 24174,755048,CUTTACK,ORISSA
2021-09-15 12:05:09.668 7613-7710/com.capitalfirst D/OkHttp: 24175,755049,JAJAPUR,ORISSA
2021-09-15 12:05:09.668 7613-7710/com.capitalfirst D/OkHttp: 24176,755050,JAJAPUR,ORISSA
2021-09-15 12:05:09.668 7613-7710/com.capitalfirst D/OkHttp: 24177,755051,JAJAPUR,ORISSA
2021-09-15 12:05:09.668 7613-7710/com.capitalfirst D/OkHttp: 24178,755061,KENDRAPARA,ORISSA
2021-09-15 12:05:09.668 7613-7710/com.capitalfirst D/OkHttp: 24179,756001,BALESHWAR,ORISSA
2021-09-15 12:05:09.668 7613-7710/com.capitalfirst D/OkHttp: 24180,756002,BALESHWAR,ORISSA
2021-09-15 12:05:09.668 7613-7710/com.capitalfirst D/OkHttp: 24181,756003,BALESHWAR,ORISSA
2021-09-15 12:05:09.668 7613-7710/com.capitalfirst D/OkHttp: 24182,756017,BALESHWAR,ORISSA
2021-09-15 12:05:09.668 7613-7710/com.capitalfirst D/OkHttp: 24183,756018,BALESHWAR,ORISSA
2021-09-15 12:05:09.669 7613-7710/com.capitalfirst D/OkHttp: 24184,756019,BALESWAR,ORISSA
2021-09-15 12:05:09.669 7613-7710/com.capitalfirst D/OkHttp: 24185,756020,BALESHWAR,ORISSA
2021-09-15 12:05:09.669 7613-7710/com.capitalfirst D/OkHttp: 24186,756021,BALESWAR,ORISSA
2021-09-15 12:05:09.669 7613-7710/com.capitalfirst D/OkHttp: 24187,756022,BALESHWAR,ORISSA
2021-09-15 12:05:09.669 7613-7710/com.capitalfirst D/OkHttp: 24188,756023,BALESHWAR,ORISSA
2021-09-15 12:05:09.669 7613-7710/com.capitalfirst D/OkHttp: 24189,756024,BALESHWAR,ORISSA
2021-09-15 12:05:09.669 7613-7710/com.capitalfirst D/OkHttp: 24190,756025,BALESHWAR,ORISSA
2021-09-15 12:05:09.669 7613-7710/com.capitalfirst D/OkHttp: 24191,756026,BALESHWAR,ORISSA
2021-09-15 12:05:09.669 7613-7710/com.capitalfirst D/OkHttp: 24192,756027,BALESHWAR,ORISSA
2021-09-15 12:05:09.669 7613-7710/com.capitalfirst D/OkHttp: 24193,756028,BALESHWAR,ORISSA
2021-09-15 12:05:09.669 7613-7710/com.capitalfirst D/OkHttp: 24194,756029,BALESHWAR,ORISSA
2021-09-15 12:05:09.669 7613-7710/com.capitalfirst D/OkHttp: 24195,756030,BALESHWAR,ORISSA
2021-09-15 12:05:09.669 7613-7710/com.capitalfirst D/OkHttp: 24196,756032,BALESWAR,ORISSA
2021-09-15 12:05:09.669 7613-7710/com.capitalfirst D/OkHttp: 24197,756033,BALESHWAR,ORISSA
2021-09-15 12:05:09.669 7613-7710/com.capitalfirst D/OkHttp: 24198,756034,BALESHWAR,ORISSA
2021-09-15 12:05:09.669 7613-7710/com.capitalfirst D/OkHttp: 24199,756035,BALESHWAR,ORISSA
2021-09-15 12:05:09.670 7613-7710/com.capitalfirst D/OkHttp: 24200,756036,BALESHWAR,ORISSA
2021-09-15 12:05:09.670 7613-7711/com.capitalfirst D/OkHttp: 27642,852150,MADHUBANI,BIHAR
2021-09-15 12:05:09.672 7613-7710/com.capitalfirst D/OkHttp: 24201,756037,BALESHWAR,ORISSA
2021-09-15 12:05:09.672 7613-7710/com.capitalfirst D/OkHttp: 24202,756038,BALESHWAR,ORISSA
2021-09-15 12:05:09.673 7613-7710/com.capitalfirst D/OkHttp: 24203,756039,BALESHWAR,ORISSA
2021-09-15 12:05:09.673 7613-7711/com.capitalfirst D/OkHttp: 27643,852151,SAHARSA,BIHAR
2021-09-15 12:05:09.677 7613-7711/com.capitalfirst D/OkHttp: 27644,852152,SAHARSA,BIHAR
2021-09-15 12:05:09.677 7613-7711/com.capitalfirst D/OkHttp: 27645,852153,SAHARSA,BIHAR
2021-09-15 12:05:09.677 7613-7711/com.capitalfirst D/OkHttp: 27646,852154,SAHARSA,BIHAR
2021-09-15 12:05:09.678 7613-7711/com.capitalfirst D/OkHttp: 27647,852155,SAHARSA,BIHAR
2021-09-15 12:05:09.678 7613-7711/com.capitalfirst D/OkHttp: 27648,852156,SAHARSA,BIHAR
2021-09-15 12:05:09.678 7613-7711/com.capitalfirst D/OkHttp: 27649,852157,SAHARSA,BIHAR
2021-09-15 12:05:09.678 7613-7711/com.capitalfirst D/OkHttp: 27650,852158,SAHARSA,BIHAR
2021-09-15 12:05:09.678 7613-7711/com.capitalfirst D/OkHttp: 27651,852159,SAHARSA,BIHAR
2021-09-15 12:05:09.678 7613-7711/com.capitalfirst D/OkHttp: 27652,852160,SAHARSA,BIHAR
2021-09-15 12:05:09.678 7613-7711/com.capitalfirst D/OkHttp: 27653,852161,KHAGARIA,BIHAR
2021-09-15 12:05:09.678 7613-7711/com.capitalfirst D/OkHttp: 27654,852201,SAHARSA,BIHAR
2021-09-15 12:05:09.678 7613-7711/com.capitalfirst D/OkHttp: 27655,852202,SAHARSA,BIHAR
2021-09-15 12:05:09.678 7613-7711/com.capitalfirst D/OkHttp: 27656,852207,JIND,HARYANA
2021-09-15 12:05:09.679 7613-7711/com.capitalfirst D/OkHttp: 27657,852210,MADHEPURA,BIHAR
2021-09-15 12:05:09.679 7613-7711/com.capitalfirst D/OkHttp: 27658,852211,BEGUSARAI,BIHAR
2021-09-15 12:05:09.684 7613-7711/com.capitalfirst D/OkHttp: 27659,852212,SAHARSA,BIHAR
2021-09-15 12:05:09.685 7613-7711/com.capitalfirst D/OkHttp: 27660,852213,MADHEPURA,BIHAR
2021-09-15 12:05:09.685 7613-7711/com.capitalfirst D/OkHttp: 27661,852214,SAHARSA,BIHAR
2021-09-15 12:05:09.685 7613-7711/com.capitalfirst D/OkHttp: 27662,852215,SAHARSA,BIHAR
2021-09-15 12:05:09.685 7613-7711/com.capitalfirst D/OkHttp: 27663,852216,SAHARSA,BIHAR
2021-09-15 12:05:09.685 7613-7711/com.capitalfirst D/OkHttp: 27664,852217,MADHEPURA,BIHAR
2021-09-15 12:05:09.685 7613-7711/com.capitalfirst D/OkHttp: 27665,852218,MADHEPURA,BIHAR
2021-09-15 12:05:09.685 7613-7711/com.capitalfirst D/OkHttp: 27666,852219,MADHEPURA,BIHAR
2021-09-15 12:05:09.685 7613-7711/com.capitalfirst D/OkHttp: 27667,852220,MADHEPURA,BIHAR
2021-09-15 12:05:09.685 7613-7711/com.capitalfirst D/OkHttp: 27668,852221,SAHARSA,BIHAR
2021-09-15 12:05:09.685 7613-7711/com.capitalfirst D/OkHttp: 27669,852233,SAHARSA,BIHAR
2021-09-15 12:05:09.685 7613-7711/com.capitalfirst D/OkHttp: 27670,852235,SAHARSA,BIHAR
2021-09-15 12:05:09.685 7613-7711/com.capitalfirst D/OkHttp: 27671,853201,BHAGALPUR,BIHAR
2021-09-15 12:05:09.685 7613-7710/com.capitalfirst D/OkHttp: 24204,756040,BALESHWAR,ORISSA
2021-09-15 12:05:09.686 7613-7710/com.capitalfirst D/OkHttp: 24205,756041,BALESHWAR,ORISSA
2021-09-15 12:05:09.686 7613-7710/com.capitalfirst D/OkHttp: 24206,756042,BALESHWAR,ORISSA
2021-09-15 12:05:09.686 7613-7710/com.capitalfirst D/OkHttp: 24207,756043,BALESWAR,ORISSA
2021-09-15 12:05:09.687 7613-7710/com.capitalfirst D/OkHttp: 24208,756044,BALESWAR,ORISSA
2021-09-15 12:05:09.687 7613-7710/com.capitalfirst D/OkHttp: 24209,756045,BALESWAR,ORISSA
2021-09-15 12:05:09.687 7613-7710/com.capitalfirst D/OkHttp: 24210,756046,BALESHWAR,ORISSA
2021-09-15 12:05:09.687 7613-7710/com.capitalfirst D/OkHttp: 24211,756047,BALESHWAR,ORISSA
2021-09-15 12:05:09.687 7613-7710/com.capitalfirst D/OkHttp: 24212,756048,BALESHWAR,ORISSA
2021-09-15 12:05:09.687 7613-7710/com.capitalfirst D/OkHttp: 24213,756049,BALESHWAR,ORISSA
2021-09-15 12:05:09.687 7613-7710/com.capitalfirst D/OkHttp: 24214,756050,BALESHWAR,ORISSA
2021-09-15 12:05:09.688 7613-7710/com.capitalfirst D/OkHttp: 24215,756051,BALESHWAR,ORISSA
2021-09-15 12:05:09.688 7613-7710/com.capitalfirst D/OkHttp: 24216,756052,BALESHWAR,ORISSA
2021-09-15 12:05:09.688 7613-7710/com.capitalfirst D/OkHttp: 24217,756053,BALESHWAR,ORISSA
2021-09-15 12:05:09.688 7613-7710/com.capitalfirst D/OkHttp: 24218,756054,BALESHWAR,ORISSA
2021-09-15 12:05:09.688 7613-7710/com.capitalfirst D/OkHttp: 24219,756055,BALESHWAR,ORISSA
2021-09-15 12:05:09.688 7613-7710/com.capitalfirst D/OkHttp: 24220,756056,BALESWAR,ORISSA
2021-09-15 12:05:09.688 7613-7710/com.capitalfirst D/OkHttp: 24221,756057,BALESHWAR,ORISSA
