2021-09-15 12:05:09.416 7613-7735/com.capitalfirst D/OkHttp: 27748,854346,PURNIA,BIHAR
2021-09-15 12:05:09.416 7613-7735/com.capitalfirst D/OkHttp: 27749,854347,KAIMUR,BIHAR
2021-09-15 12:05:09.416 7613-7735/com.capitalfirst D/OkHttp: 27750,854349,PURNIA,BIHAR
2021-09-15 12:05:09.417 7613-7735/com.capitalfirst D/OkHttp: 27751,854350,PURNIA,BIHAR
2021-09-15 12:05:09.417 7613-7735/com.capitalfirst D/OkHttp: 27752,854351,PURNIA,BIHAR
2021-09-15 12:05:09.417 7613-7735/com.capitalfirst D/OkHttp: 27753,854352,PURNIA,BIHAR
2021-09-15 12:05:09.417 7613-7735/com.capitalfirst D/OkHttp: 27754,854353,PURNIA,BIHAR
2021-09-15 12:05:09.417 7613-7711/com.capitalfirst D/OkHttp: 27415,847418,MADHUBANI,BIHAR
2021-09-15 12:05:09.418 7613-7711/com.capitalfirst D/OkHttp: 27416,847419,MADHUBANI,BIHAR
2021-09-15 12:05:09.418 7613-7711/com.capitalfirst D/OkHttp: 27417,847420,MADHUBANI,BIHAR
2021-09-15 12:05:09.418 7613-7711/com.capitalfirst D/OkHttp: 27418,847421,MADHUBANI,BIHAR
2021-09-15 12:05:09.418 7613-7711/com.capitalfirst D/OkHttp: 27419,847422,DARBHANGA,BIHAR
2021-09-15 12:05:09.418 7613-7711/com.capitalfirst D/OkHttp: 27420,847423,MADHUBANI,BIHAR
2021-09-15 12:05:09.418 7613-7711/com.capitalfirst D/OkHttp: 27421,847424,MADHUBANI,BIHAR
2021-09-15 12:05:09.418 7613-7711/com.capitalfirst D/OkHttp: 27422,847425,MADHUBANI,BIHAR
2021-09-15 12:05:09.419 7613-7711/com.capitalfirst D/OkHttp: 27423,847426,MADHUBANI,BIHAR
2021-09-15 12:05:09.419 7613-7711/com.capitalfirst D/OkHttp: 27424,847427,DARBHANGA,BIHAR
2021-09-15 12:05:09.419 7613-7711/com.capitalfirst D/OkHttp: 27425,847428,DARBHANGA,BIHAR
2021-09-15 12:05:09.419 7613-7711/com.capitalfirst D/OkHttp: 27426,847429,DARBHANGA,BIHAR
2021-09-15 12:05:09.419 7613-7711/com.capitalfirst D/OkHttp: 27427,847451,SAHARSA,BIHAR
2021-09-15 12:05:09.419 7613-7710/com.capitalfirst D/OkHttp: 23464,742138,BERHAMPORE,WEST BENGAL
2021-09-15 12:05:09.420 7613-7710/com.capitalfirst D/OkHttp: 23465,742139,BERHAMPORE,WEST BENGAL
2021-09-15 12:05:09.421 7613-7710/com.capitalfirst D/OkHttp: 23466,742140,BERHAMPORE,WEST BENGAL
2021-09-15 12:05:09.422 7613-7710/com.capitalfirst D/OkHttp: 23467,742147,BERHAMPORE,WEST BENGAL
2021-09-15 12:05:09.422 7613-7710/com.capitalfirst D/OkHttp: 23468,742148,BERHAMPORE,WEST BENGAL
2021-09-15 12:05:09.422 7613-7710/com.capitalfirst D/OkHttp: 23469,742149,MURSHIDABAD,WEST BENGAL
2021-09-15 12:05:09.422 7613-7710/com.capitalfirst D/OkHttp: 23470,742150,BERHAMPORE,WEST BENGAL
2021-09-15 12:05:09.422 7613-7710/com.capitalfirst D/OkHttp: 23471,742151,BERHAMPORE,WEST BENGAL
2021-09-15 12:05:09.423 7613-7710/com.capitalfirst D/OkHttp: 23472,742157,MURSHIDABAD,WEST BENGAL
2021-09-15 12:05:09.424 7613-7710/com.capitalfirst D/OkHttp: 23473,742159,MURSHIDABAD,WEST BENGAL
2021-09-15 12:05:09.424 7613-7710/com.capitalfirst D/OkHttp: 23474,742160,BERHAMPORE,WEST BENGAL
2021-09-15 12:05:09.424 7613-7710/com.capitalfirst D/OkHttp: 23475,742161,BERHAMPORE,WEST BENGAL
2021-09-15 12:05:09.424 7613-7710/com.capitalfirst D/OkHttp: 23476,742162,MURSHIDABAD,WEST BENGAL
2021-09-15 12:05:09.424 7613-7710/com.capitalfirst D/OkHttp: 23477,742163,BERHAMPORE,WEST BENGAL
2021-09-15 12:05:09.424 7613-7710/com.capitalfirst D/OkHttp: 23478,742164,BERHAMPORE,WEST BENGAL
2021-09-15 12:05:09.424 7613-7710/com.capitalfirst D/OkHttp: 23479,742165,BERHAMPORE,WEST BENGAL
2021-09-15 12:05:09.425 7613-7710/com.capitalfirst D/OkHttp: 23480,742166,BERHAMPORE,WEST BENGAL
2021-09-15 12:05:09.425 7613-7710/com.capitalfirst D/OkHttp: 23481,742167,BERHAMPORE,WEST BENGAL
2021-09-15 12:05:09.425 7613-7710/com.capitalfirst D/OkHttp: 23482,742168,BERHAMPORE,WEST BENGAL
2021-09-15 12:05:09.425 7613-7710/com.capitalfirst D/OkHttp: 23483,742169,BERHAMPORE,WEST BENGAL
2021-09-15 12:05:09.425 7613-7710/com.capitalfirst D/OkHttp: 23484,742170,BERHAMPORE,WEST BENGAL
2021-09-15 12:05:09.425 7613-7710/com.capitalfirst D/OkHttp: 23485,742171,BERHAMPORE,WEST BENGAL
2021-09-15 12:05:09.425 7613-7710/com.capitalfirst D/OkHttp: 23486,742172,BERHAMPORE,WEST BENGAL
2021-09-15 12:05:09.425 7613-7710/com.capitalfirst D/OkHttp: 23487,742173,BERHAMPORE,WEST BENGAL
2021-09-15 12:05:09.425 7613-7710/com.capitalfirst D/OkHttp: 23488,742174,BERHAMPORE,WEST BENGAL
2021-09-15 12:05:09.425 7613-7710/com.capitalfirst D/OkHttp: 23489,742175,BERHAMPORE,WEST BENGAL
2021-09-15 12:05:09.425 7613-7710/com.capitalfirst D/OkHttp: 23490,742176,BERHAMPORE,WEST BENGAL
2021-09-15 12:05:09.425 7613-7710/com.capitalfirst D/OkHttp: 23491,742177,BERHAMPORE,WEST BENGAL
2021-09-15 12:05:09.425 7613-7735/com.capitalfirst D/OkHttp: 27755,854354,PURNIA,BIHAR
2021-09-15 12:05:09.425 7613-7735/com.capitalfirst D/OkHttp: 27756,854355,PURNIA,BIHAR
2021-09-15 12:05:09.425 7613-7735/com.capitalfirst D/OkHttp: 27757,854356,PURNIA,BIHAR
2021-09-15 12:05:09.425 7613-7735/com.capitalfirst D/OkHttp: 27758,854357,PURNIA,BIHAR
2021-09-15 12:05:09.426 7613-7735/com.capitalfirst D/OkHttp: 27759,854358,PURNIA,BIHAR
2021-09-15 12:05:09.426 7613-7735/com.capitalfirst D/OkHttp: 27760,854360,PURNIA,BIHAR
2021-09-15 12:05:09.426 7613-7735/com.capitalfirst D/OkHttp: 27761,854362,BANKA,BIHAR
2021-09-15 12:05:09.426 7613-7735/com.capitalfirst D/OkHttp: 27762,854364,PURNIA,BIHAR
2021-09-15 12:05:09.426 7613-7735/com.capitalfirst D/OkHttp: 27763,854365,PURNIA,BIHAR
2021-09-15 12:05:09.426 7613-7735/com.capitalfirst D/OkHttp: 27764,854366,PURNIA,BIHAR
2021-09-15 12:05:09.426 7613-7735/com.capitalfirst D/OkHttp: 27765,854367,PURNIA,BIHAR
2021-09-15 12:05:09.426 7613-7735/com.capitalfirst D/OkHttp: 27766,854368,PURNIA,BIHAR
2021-09-15 12:05:09.426 7613-7735/com.capitalfirst D/OkHttp: 27767,854369,SAHARSA,BIHAR
2021-09-15 12:05:09.426 7613-7735/com.capitalfirst D/OkHttp: 27768,854515,PURNIA,BIHAR
2021-09-15 12:05:09.426 7613-7735/com.capitalfirst D/OkHttp: 27769,855101,KISHANGANJ,BIHAR
2021-09-15 12:05:09.427 7613-7735/com.capitalfirst D/OkHttp: 27770,855102,PURNIA,BIHAR
2021-09-15 12:05:09.427 7613-7735/com.capitalfirst D/OkHttp: 27771,855105,KATIHAR,BIHAR
2021-09-15 12:05:09.427 7613-7735/com.capitalfirst D/OkHttp: 27772,855106,KISHANGANJ,BIHAR
2021-09-15 12:05:09.427 7613-7735/com.capitalfirst D/OkHttp: 27773,855107,KISHANGANJ,BIHAR
2021-09-15 12:05:09.427 7613-7735/com.capitalfirst D/OkHttp: 27774,855108,KISHANGANJ,BIHAR
2021-09-15 12:05:09.427 7613-7735/com.capitalfirst D/OkHttp: 27775,855113,KATIHAR,BIHAR
2021-09-15 12:05:09.427 7613-7735/com.capitalfirst D/OkHttp: 27776,855114,KATIHAR,BIHAR
2021-09-15 12:05:09.427 7613-7735/com.capitalfirst D/OkHttp: 27777,855115,KISHANGANJ,BIHAR
2021-09-15 12:05:09.427 7613-7735/com.capitalfirst D/OkHttp: 27778,855116,KISHANGANJ,BIHAR
2021-09-15 12:05:09.427 7613-7735/com.capitalfirst D/OkHttp: 27779,855117,KISHANGANJ,BIHAR
2021-09-15 12:05:09.428 7613-7735/com.capitalfirst D/OkHttp: 27780,855119,KISHANGANJ,BIHAR
2021-09-15 12:05:09.429 7613-7735/com.capitalfirst D/OkHttp: 27781,855120,KISHANGANJ,BIHAR
2021-09-15 12:05:09.429 7613-7735/com.capitalfirst D/OkHttp: 27782,855121,PURNIA,BIHAR
2021-09-15 12:05:09.431 7613-7735/com.capitalfirst D/OkHttp: 27783,855122,PURNIA,BIHAR
2021-09-15 12:05:09.431 7613-7735/com.capitalfirst D/OkHttp: 27784,855124,KATIHAR,BIHAR
2021-09-15 12:05:09.431 7613-7735/com.capitalfirst D/OkHttp: 27785,855126,PURNIA,BIHAR
2021-09-15 12:05:09.431 7613-7735/com.capitalfirst D/OkHttp: 27786,855128,KISHANGANJ,BIHAR
2021-09-15 12:05:09.431 7613-7711/com.capitalfirst D/OkHttp: 27428,847452,SUPAUL,BIHAR
2021-09-15 12:05:09.432 7613-7711/com.capitalfirst D/OkHttp: 27429,848001,DARBHANGA,BIHAR
2021-09-15 12:05:09.432 7613-7735/com.capitalfirst D/OkHttp: 27787,855454,BETIA,BIHAR
2021-09-15 12:05:09.432 7613-7735/com.capitalfirst D/OkHttp: 27788,855456,MOTIHARI,BIHAR
2021-09-15 12:05:09.433 7613-7735/com.capitalfirst D/OkHttp: 27789,857225,MADHUBANI,BIHAR
2021-09-15 12:05:09.433 7613-7735/com.capitalfirst D/OkHttp: 27790,858204,BEGUSARAI,BIHAR
2021-09-15 12:05:09.433 7613-7735/com.capitalfirst D/OkHttp: 27791,863001,GOALPARA,ASSAM
2021-09-15 12:05:09.433 7613-7711/com.capitalfirst D/OkHttp: 27430,848009,DARBHANGA,BIHAR
2021-09-15 12:05:09.433 7613-7711/com.capitalfirst D/OkHttp: 27431,848101,SAMASTIPUR,BIHAR
2021-09-15 12:05:09.433 7613-7711/com.capitalfirst D/OkHttp: 27432,848102,SAMASTIPUR,BIHAR
2021-09-15 12:05:09.433 7613-7711/com.capitalfirst D/OkHttp: 27433,848109,SAMASTIPUR,BIHAR
2021-09-15 12:05:09.433 7613-7711/com.capitalfirst D/OkHttp: 27434,848110,SAMASTIPUR,BIHAR
2021-09-15 12:05:09.433 7613-7711/com.capitalfirst D/OkHttp: 27435,848111,SAMASTIPUR,BIHAR
2021-09-15 12:05:09.433 7613-7711/com.capitalfirst D/OkHttp: 27436,848112,SAMASTIPUR,BIHAR
2021-09-15 12:05:09.434 7613-7711/com.capitalfirst D/OkHttp: 27437,848113,SAMASTIPUR,BIHAR
2021-09-15 12:05:09.434 7613-7711/com.capitalfirst D/OkHttp: 27438,848114,SAMASTIPUR,BIHAR
2021-09-15 12:05:09.434 7613-7711/com.capitalfirst D/OkHttp: 27439,848115,SAMASTIPUR,BIHAR
2021-09-15 12:05:09.434 7613-7711/com.capitalfirst D/OkHttp: 27440,848116,SAMASTIPUR,BIHAR
2021-09-15 12:05:09.434 7613-7711/com.capitalfirst D/OkHttp: 27441,848117,SAMASTIPUR,BIHAR
2021-09-15 12:05:09.434 7613-7711/com.capitalfirst D/OkHttp: 27442,848118,SAMASTIPUR,BIHAR
2021-09-15 12:05:09.434 7613-7711/com.capitalfirst D/OkHttp: 27443,848119,SAMASTIPUR,BIHAR
2021-09-15 12:05:09.434 7613-7711/com.capitalfirst D/OkHttp: 27444,848120,SAMASTIPUR,BIHAR
2021-09-15 12:05:09.434 7613-7711/com.capitalfirst D/OkHttp: 27445,848121,SAMASTIPUR,BIHAR
2021-09-15 12:05:09.434 7613-7735/com.capitalfirst D/OkHttp: 27792,865101,SAMASTIPUR,BIHAR
2021-09-15 12:05:09.434 7613-7735/com.capitalfirst D/OkHttp: 27793,865102,SAMASTIPUR,BIHAR
2021-09-15 12:05:09.434 7613-7735/com.capitalfirst D/OkHttp: 27794,865106,SAMASTIPUR,BIHAR
2021-09-15 12:05:09.435 7613-7735/com.capitalfirst D/OkHttp: 27795,871335,ASANSOLE,WEST BENGAL
2021-09-15 12:05:09.435 7613-7735/com.capitalfirst D/OkHttp: 27796,875612,BOKAKHAT,ASSAM
2021-09-15 12:05:09.435 7613-7735/com.capitalfirst D/OkHttp: 27797,881101,BEGUSARAI,BIHAR
2021-09-15 12:05:09.435 7613-7735/com.capitalfirst D/OkHttp: 27798,888301,DHANBAD,JHARKHAND
2021-09-15 12:05:09.435 7613-7735/com.capitalfirst D/OkHttp: 27799,888304,DHANBAD,JHARKHAND
2021-09-15 12:05:09.435 7613-7735/com.capitalfirst D/OkHttp: 27800,896463,NAVSARI,GUJARAT
2021-09-15 12:05:09.435 7613-7735/com.capitalfirst D/OkHttp: 27801,906848,TENGA MARKET,ARUNACHAL PRADESH
2021-09-15 12:05:09.435 7613-7735/com.capitalfirst D/OkHttp: 27802,913371,BARDHAMAN,WEST BENGAL
2021-09-15 12:05:09.435 7613-7735/com.capitalfirst D/OkHttp: 27803,925409,KODARMA,JHARKHAND
2021-09-15 12:05:09.435 7613-7735/com.capitalfirst D/OkHttp: 27804,932560,AHMEDABAD,GUJARAT
2021-09-15 12:05:09.435 7613-7735/com.capitalfirst D/OkHttp: 27805,978411,DHEKIAJULI,ASSAM
2021-09-15 12:05:09.435 7613-7735/com.capitalfirst D/OkHttp: 27806,638153,Erode,TAMIL NADU
2021-09-15 12:05:09.436 7613-7735/com.capitalfirst D/OkHttp: 27807,141007,LUDHIANA,Punjab
2021-09-15 12:05:09.436 7613-7735/com.capitalfirst D/OkHttp: <-- END HTTP (899171-byte body)
2021-09-15 12:05:09.438 7613-7711/com.capitalfirst D/OkHttp: 27446,848122,SAMASTIPUR,BIHAR
2021-09-15 12:05:09.438 7613-7711/com.capitalfirst D/OkHttp: 27447,848123,SAMASTIPUR,BIHAR
2021-09-15 12:05:09.438 7613-7711/com.capitalfirst D/OkHttp: 27448,848124,SAMASTIPUR,BIHAR
2021-09-15 12:05:09.438 7613-7711/com.capitalfirst D/OkHttp: 27449,848125,SAMASTIPUR,BIHAR
2021-09-15 12:05:09.438 7613-7711/com.capitalfirst D/OkHttp: 27450,848126,SAMASTIPUR,BIHAR
2021-09-15 12:05:09.438 7613-7711/com.capitalfirst D/OkHttp: 27451,848127,SAMASTIPUR,BIHAR
2021-09-15 12:05:09.439 7613-7711/com.capitalfirst D/OkHttp: 27452,848128,SAMASTIPUR,BIHAR
2021-09-15 12:05:09.442 7613-7711/com.capitalfirst D/OkHttp: 27453,848129,SAMASTIPUR,BIHAR
2021-09-15 12:05:09.442 7613-7711/com.capitalfirst D/OkHttp: 27454,848130,SAMASTIPUR,BIHAR
2021-09-15 12:05:09.443 7613-7711/com.capitalfirst D/OkHttp: 27455,848131,SAMASTIPUR,BIHAR
2021-09-15 12:05:09.449 7613-7711/com.capitalfirst D/OkHttp: 27456,848132,SAMASTIPUR,BIHAR
2021-09-15 12:05:09.450 7613-7711/com.capitalfirst D/OkHttp: 27457,848133,SAMASTIPUR,BIHAR
2021-09-15 12:05:09.450 7613-7711/com.capitalfirst D/OkHttp: 27458,848134,SAMASTIPUR,BIHAR
2021-09-15 12:05:09.450 7613-7711/com.capitalfirst D/OkHttp: 27459,848135,SAMASTIPUR,BIHAR
2021-09-15 12:05:09.453 7613-7711/com.capitalfirst D/OkHttp: 27460,848136,SAMASTIPUR,BIHAR
2021-09-15 12:05:09.453 7613-7711/com.capitalfirst D/OkHttp: 27461,848137,SAMASTIPUR,BIHAR
2021-09-15 12:05:09.454 7613-7711/com.capitalfirst D/OkHttp: 27462,848138,SAMASTIPUR,BIHAR
2021-09-15 12:05:09.454 7613-7711/com.capitalfirst D/OkHttp: 27463,848139,SAMASTIPUR,BIHAR
2021-09-15 12:05:09.455 7613-7711/com.capitalfirst D/OkHttp: 27464,848140,SAMASTIPUR,BIHAR
2021-09-15 12:05:09.455 7613-7711/com.capitalfirst D/OkHttp: 27465,848142,SAMASTIPUR,BIHAR
2021-09-15 12:05:09.455 7613-7711/com.capitalfirst D/OkHttp: 27466,848144,SAMASTIPUR,BIHAR
2021-09-15 12:05:09.455 7613-7711/com.capitalfirst D/OkHttp: 27467,848145,SAMASTIPUR,BIHAR
2021-09-15 12:05:09.456 7613-7711/com.capitalfirst D/OkHttp: 27468,848146,SAMASTIPUR,BIHAR
2021-09-15 12:05:09.457 7613-7710/com.capitalfirst D/OkHttp: 23492,742178,BERHAMPORE,WEST BENGAL
2021-09-15 12:05:09.457 7613-7710/com.capitalfirst D/OkHttp: 23493,742179,BERHAMPORE,WEST BENGAL
2021-09-15 12:05:09.457 7613-7710/com.capitalfirst D/OkHttp: 23494,742180,BERHAMPORE,WEST BENGAL
2021-09-15 12:05:09.458 7613-7710/com.capitalfirst D/OkHttp: 23495,742181,BERHAMPORE,WEST BENGAL
2021-09-15 12:05:09.458 7613-7710/com.capitalfirst D/OkHttp: 23496,742182,BERHAMPORE,WEST BENGAL
2021-09-15 12:05:09.458 7613-7710/com.capitalfirst D/OkHttp: 23497,742183,BERHAMPORE,WEST BENGAL
2021-09-15 12:05:09.458 7613-7710/com.capitalfirst D/OkHttp: 23498,742184,NABAGRAM,WEST BENGAL
2021-09-15 12:05:09.458 7613-7710/com.capitalfirst D/OkHttp: 23499,742185,KRISHNAPUR,WEST BENGAL
2021-09-15 12:05:09.458 7613-7710/com.capitalfirst D/OkHttp: 23500,742186,BERHAMPORE,WEST BENGAL
2021-09-15 12:05:09.458 7613-7710/com.capitalfirst D/OkHttp: 23501,742187,BERHAMPORE,WEST BENGAL
2021-09-15 12:05:09.458 7613-7710/com.capitalfirst D/OkHttp: 23502,742188,MURSHIDABAD,WEST BENGAL
2021-09-15 12:05:09.458 7613-7710/com.capitalfirst D/OkHttp: 23503,742190,BERHAMPORE,WEST BENGAL
2021-09-15 12:05:09.458 7613-7710/com.capitalfirst D/OkHttp: 23504,742191,BERHAMPORE,WEST BENGAL
2021-09-15 12:05:09.458 7613-7710/com.capitalfirst D/OkHttp: 23505,742201,MURSHIDABAD,WEST BENGAL
2021-09-15 12:05:09.459 7613-7710/com.capitalfirst D/OkHttp: 23506,742202,DHULIAN,WEST BENGAL
2021-09-15 12:05:09.459 7613-7710/com.capitalfirst D/OkHttp: 23507,742212,BERHAMPORE,WEST BENGAL
2021-09-15 12:05:09.459 7613-7710/com.capitalfirst D/OkHttp: 23508,742213,JANGIPUR,WEST BENGAL
2021-09-15 12:05:09.459 7613-7710/com.capitalfirst D/OkHttp: 23509,742220,MURSHIDABAD,WEST BENGAL
2021-09-15 12:05:09.459 7613-7710/com.capitalfirst D/OkHttp: 23510,742223,BERHAMPORE,WEST BENGAL
2021-09-15 12:05:09.459 7613-7710/com.capitalfirst D/OkHttp: 23511,742224,BERHAMPORE,WEST BENGAL
2021-09-15 12:05:09.460 7613-7710/com.capitalfirst D/OkHttp: 23512,742225,BERHAMPORE,WEST BENGAL
2021-09-15 12:05:09.461 7613-7710/com.capitalfirst D/OkHttp: 23513,742226,BERHAMPORE,WEST BENGAL
2021-09-15 12:05:09.461 7613-7710/com.capitalfirst D/OkHttp: 23514,742227,BERHAMPORE,WEST BENGAL
2021-09-15 12:05:09.462 7613-7710/com.capitalfirst D/OkHttp: 23515,742228,BERHAMPORE,WEST BENGAL
2021-09-15 12:05:09.462 7613-7710/com.capitalfirst D/OkHttp: 23516,742229,GHORSALA,WEST BENGAL
2021-09-15 12:05:09.462 7613-7711/com.capitalfirst D/OkHttp: 27469,848147,SAMASTIPUR,BIHAR
2021-09-15 12:05:09.462 7613-7711/com.capitalfirst D/OkHttp: 27470,848148,SAMASTIPUR,BIHAR
2021-09-15 12:05:09.462 7613-7711/com.capitalfirst D/OkHttp: 27471,848149,SAMASTIPUR,BIHAR
2021-09-15 12:05:09.462 7613-7711/com.capitalfirst D/OkHttp: 27472,848150,KAIMUR,BIHAR
2021-09-15 12:05:09.462 7613-7711/com.capitalfirst D/OkHttp: 27473,848151,SAMASTIPUR,BIHAR
2021-09-15 12:05:09.463 7613-7711/com.capitalfirst D/OkHttp: 27474,848152,SAMASTIPUR,BIHAR
2021-09-15 12:05:09.463 7613-7711/com.capitalfirst D/OkHttp: 27475,848153,SAMASTIPUR,BIHAR
2021-09-15 12:05:09.463 7613-7711/com.capitalfirst D/OkHttp: 27476,848154,SAMASTIPUR,BIHAR
2021-09-15 12:05:09.463 7613-7711/com.capitalfirst D/OkHttp: 27477,848155,SAMASTIPUR,BIHAR
2021-09-15 12:05:09.463 7613-7711/com.capitalfirst D/OkHttp: 27478,848156,SAMASTIPUR,BIHAR
2021-09-15 12:05:09.464 7613-7711/com.capitalfirst D/OkHttp: 27479,848157,SAMASTIPUR,BIHAR
2021-09-15 12:05:09.464 7613-7711/com.capitalfirst D/OkHttp: 27480,848158,SAMASTIPUR,BIHAR
2021-09-15 12:05:09.464 7613-7711/com.capitalfirst D/OkHttp: 27481,848159,SAMASTIPUR,BIHAR
2021-09-15 12:05:09.464 7613-7711/com.capitalfirst D/OkHttp: 27482,848160,SAMASTIPUR,BIHAR
2021-09-15 12:05:09.465 7613-7711/com.capitalfirst D/OkHttp: 27483,848161,SAMASTIPUR,BIHAR
2021-09-15 12:05:09.465 7613-7711/com.capitalfirst D/OkHttp: 27484,848162,SAMASTIPUR,BIHAR
2021-09-15 12:05:09.465 7613-7711/com.capitalfirst D/OkHttp: 27485,848163,SAMASTIPUR,BIHAR
2021-09-15 12:05:09.466 7613-7711/com.capitalfirst D/OkHttp: 27486,848183,SAMASTIPUR,BIHAR
2021-09-15 12:05:09.466 7613-7710/com.capitalfirst D/OkHttp: 23517,742230,BERHAMPORE,WEST BENGAL
2021-09-15 12:05:09.466 7613-7710/com.capitalfirst D/OkHttp: 23518,742231,BERHAMPORE,WEST BENGAL
2021-09-15 12:05:09.466 7613-7710/com.capitalfirst D/OkHttp: 23519,742232,BERHAMPORE,WEST BENGAL
2021-09-15 12:05:09.466 7613-7710/com.capitalfirst D/OkHttp: 23520,742233,BERHAMPORE,WEST BENGAL
2021-09-15 12:05:09.466 7613-7710/com.capitalfirst D/OkHttp: 23521,742234,BERHAMPORE,WEST BENGAL
2021-09-15 12:05:09.466 7613-7710/com.capitalfirst D/OkHttp: 23522,742235,BERHAMPORE,WEST BENGAL
2021-09-15 12:05:09.466 7613-7710/com.capitalfirst D/OkHttp: 23523,742236,BERHAMPORE,WEST BENGAL
2021-09-15 12:05:09.466 7613-7710/com.capitalfirst D/OkHttp: 23524,742237,BERHAMPORE,WEST BENGAL
2021-09-15 12:05:09.466 7613-7710/com.capitalfirst D/OkHttp: 23525,742286,MURSHIDABAD,WEST BENGAL
2021-09-15 12:05:09.466 7613-7710/com.capitalfirst D/OkHttp: 23526,742301,BERHAMPORE,WEST BENGAL
2021-09-15 12:05:09.467 7613-7710/com.capitalfirst D/OkHttp: 23527,742302,BERHAMPORE,WEST BENGAL
2021-09-15 12:05:09.467 7613-7710/com.capitalfirst D/OkHttp: 23528,742303,BERHAMPORE,WEST BENGAL
2021-09-15 12:05:09.483 7613-7710/com.capitalfirst D/OkHttp: 23529,742304,BERHAMPORE,WEST BENGAL
2021-09-15 12:05:09.483 7613-7710/com.capitalfirst D/OkHttp: 23530,742305,BERHAMPORE,WEST BENGAL
2021-09-15 12:05:09.486 7613-7710/com.capitalfirst D/OkHttp: 23531,742306,BERHAMPORE,WEST BENGAL
2021-09-15 12:05:09.491 7613-7710/com.capitalfirst D/OkHttp: 23532,742307,BERHAMPORE,WEST BENGAL
2021-09-15 12:05:09.491 7613-7710/com.capitalfirst D/OkHttp: 23533,742308,BERHAMPORE,WEST BENGAL
2021-09-15 12:05:09.492 7613-7710/com.capitalfirst D/OkHttp: 23534,742401,BERHAMPORE,WEST BENGAL
2021-09-15 12:05:09.492 7613-7710/com.capitalfirst D/OkHttp: 23535,742402,BERHAMPORE,WEST BENGAL
2021-09-15 12:05:09.493 7613-7710/com.capitalfirst D/OkHttp: 23536,742403,BERHAMPORE,WEST BENGAL
2021-09-15 12:05:09.493 7613-7710/com.capitalfirst D/OkHttp: 23537,742404,MURSHIDABAD,WEST BENGAL
2021-09-15 12:05:09.494 7613-7710/com.capitalfirst D/OkHttp: 23538,742405,BERHAMPORE,WEST BENGAL
2021-09-15 12:05:09.494 7613-7710/com.capitalfirst D/OkHttp: 23539,742406,KARIMPUR,WEST BENGAL
2021-09-15 12:05:09.495 7613-7710/com.capitalfirst D/OkHttp: 23540,743001,DARJEELING,WEST BENGAL
2021-09-15 12:05:09.495 7613-7710/com.capitalfirst D/OkHttp: 23541,743101,24 PARGANAS,WEST BENGAL
2021-09-15 12:05:09.495 7613-7710/com.capitalfirst D/OkHttp: 23542,743102,24 PARGANAS,WEST BENGAL
2021-09-15 12:05:09.495 7613-7710/com.capitalfirst D/OkHttp: 23543,743103,24 PARGANAS,WEST BENGAL
2021-09-15 12:05:09.496 7613-7710/com.capitalfirst D/OkHttp: 23544,743114,24 PARGANAS,WEST BENGAL
2021-09-15 12:05:09.496 7613-7710/com.capitalfirst D/OkHttp: 23545,743120,24 PARGANAS,WEST BENGAL
2021-09-15 12:05:09.496 7613-7710/com.capitalfirst D/OkHttp: 23546,743121,24 PARGANAS,WEST BENGAL
2021-09-15 12:05:09.496 7613-7710/com.capitalfirst D/OkHttp: 23547,743122,NORTH 24 PARGANAS,WEST BENGAL
2021-09-15 12:05:09.496 7613-7710/com.capitalfirst D/OkHttp: 23548,743123,NORTH 24 PARGANAS,WEST BENGAL
2021-09-15 12:05:09.496 7613-7710/com.capitalfirst D/OkHttp: 23549,743124,NORTH 24 PARGANAS,WEST BENGAL
2021-09-15 12:05:09.496 7613-7710/com.capitalfirst D/OkHttp: 23550,743125,NORTH 24 PARGANAS,WEST BENGAL
2021-09-15 12:05:09.496 7613-7710/com.capitalfirst D/OkHttp: 23551,743126,NORTH 24 PARGANAS,WEST BENGAL
2021-09-15 12:05:09.496 7613-7710/com.capitalfirst D/OkHttp: 23552,743127,NORTH 24 PARGANAS,WEST BENGAL
2021-09-15 12:05:09.496 7613-7710/com.capitalfirst D/OkHttp: 23553,743128,NORTH 24 PARGANAS,WEST BENGAL
2021-09-15 12:05:09.497 7613-7710/com.capitalfirst D/OkHttp: 23554,743129,NORTH 24 PARGANAS,WEST BENGAL
2021-09-15 12:05:09.497 7613-7710/com.capitalfirst D/OkHttp: 23555,743130,NORTH 24 PARGANAS,WEST BENGAL
2021-09-15 12:05:09.497 7613-7710/com.capitalfirst D/OkHttp: 23556,743133,NORTH 24 PARGANAS,WEST BENGAL
2021-09-15 12:05:09.497 7613-7710/com.capitalfirst D/OkHttp: 23557,743134,NORTH 24 PARGANAS,WEST BENGAL
2021-09-15 12:05:09.498 7613-7710/com.capitalfirst D/OkHttp: 23558,743135,NORTH 24 PARGANAS,WEST BENGAL
2021-09-15 12:05:09.498 7613-7710/com.capitalfirst D/OkHttp: 23559,743136,NORTH 24 PARGANAS,WEST BENGAL
2021-09-15 12:05:09.498 7613-7710/com.capitalfirst D/OkHttp: 23560,743137,PARAGANA,WEST BENGAL
2021-09-15 12:05:09.498 7613-7710/com.capitalfirst D/OkHttp: 23561,743144,NORTH 24 PARGANAS,WEST BENGAL
2021-09-15 12:05:09.498 7613-7710/com.capitalfirst D/OkHttp: 23562,743145,NORTH 24 PARGANAS,WEST BENGAL
2021-09-15 12:05:09.498 7613-7710/com.capitalfirst D/OkHttp: 23563,743155,24 PARGANAS,WEST BENGAL
2021-09-15 12:05:09.498 7613-7710/com.capitalfirst D/OkHttp: 23564,743164,NAIHATI,WEST BENGAL
2021-09-15 12:05:09.499 7613-7710/com.capitalfirst D/OkHttp: 23565,743165,NORTH 24 PARGANAS,WEST BENGAL
2021-09-15 12:05:09.499 7613-7710/com.capitalfirst D/OkHttp: 23566,743166,NORTH 24 PARGANAS,WEST BENGAL
2021-09-15 12:05:09.499 7613-7710/com.capitalfirst D/OkHttp: 23567,743170,24 PARGANAS,WEST BENGAL
2021-09-15 12:05:09.499 7613-7710/com.capitalfirst D/OkHttp: 23568,743175,24 PARGANAS,WEST BENGAL
2021-09-15 12:05:09.499 7613-7710/com.capitalfirst D/OkHttp: 23569,743176,24 PARGANAS,WEST BENGAL
2021-09-15 12:05:09.499 7613-7710/com.capitalfirst D/OkHttp: 23570,743177,24 PARGANAS,WEST BENGAL
2021-09-15 12:05:09.499 7613-7710/com.capitalfirst D/OkHttp: 23571,743178,24 PARGANAS,WEST BENGAL
2021-09-15 12:05:09.499 7613-7710/com.capitalfirst D/OkHttp: 23572,743179,24 PARGANAS,WEST BENGAL
2021-09-15 12:05:09.499 7613-7710/com.capitalfirst D/OkHttp: 23573,743180,ALIPORE,WEST BENGAL
2021-09-15 12:05:09.499 7613-7710/com.capitalfirst D/OkHttp: 23574,743186,24 PARGANAS,WEST BENGAL
2021-09-15 12:05:09.499 7613-7710/com.capitalfirst D/OkHttp: 23575,743187,24 PARGANAS,WEST BENGAL
2021-09-15 12:05:09.499 7613-7710/com.capitalfirst D/OkHttp: 23576,743188,24 PARGANAS,WEST BENGAL
2021-09-15 12:05:09.499 7613-7710/com.capitalfirst D/OkHttp: 23577,743193,NORTH 24 PARGANAS,WEST BENGAL
2021-09-15 12:05:09.499 7613-7710/com.capitalfirst D/OkHttp: 23578,743194,NORTH 24 PARGANAS,WEST BENGAL
2021-09-15 12:05:09.499 7613-7710/com.capitalfirst D/OkHttp: 23579,743195,24 PARGANAS,WEST BENGAL
2021-09-15 12:05:09.500 7613-7710/com.capitalfirst D/OkHttp: 23580,743201,24 PARGANAS,WEST BENGAL
2021-09-15 12:05:09.500 7613-7710/com.capitalfirst D/OkHttp: 23581,743202,ALIPORE,WEST BENGAL
2021-09-15 12:05:09.500 7613-7710/com.capitalfirst D/OkHttp: 23582,743203,24 PARGANAS,WEST BENGAL
2021-09-15 12:05:09.501 7613-7710/com.capitalfirst D/OkHttp: 23583,743204,24 PARGANAS,WEST BENGAL
2021-09-15 12:05:09.501 7613-7710/com.capitalfirst D/OkHttp: 23584,743211,24 PARGANAS,WEST BENGAL
2021-09-15 12:05:09.501 7613-7710/com.capitalfirst D/OkHttp: 23585,743221,NORTH 24 PARGANAS,WEST BENGAL
2021-09-15 12:05:09.501 7613-7710/com.capitalfirst D/OkHttp: 23586,743222,NORTH 24 PARGANAS,WEST BENGAL
2021-09-15 12:05:09.501 7613-7710/com.capitalfirst D/OkHttp: 23587,743223,NORTH 24 PARGANAS,WEST BENGAL
2021-09-15 12:05:09.502 7613-7710/com.capitalfirst D/OkHttp: 23588,743227,KALYANI,WEST BENGAL
2021-09-15 12:05:09.502 7613-7710/com.capitalfirst D/OkHttp: 23589,743232,NORTH 24 PARGANAS,WEST BENGAL
2021-09-15 12:05:09.502 7613-7710/com.capitalfirst D/OkHttp: 23590,743233,NORTH 24 PARGANAS,WEST BENGAL
2021-09-15 12:05:09.502 7613-7710/com.capitalfirst D/OkHttp: 23591,743234,NORTH 24 PARGANAS,WEST BENGAL
2021-09-15 12:05:09.502 7613-7710/com.capitalfirst D/OkHttp: 23592,743235,NORTH 24 PARGANAS,WEST BENGAL
2021-09-15 12:05:09.502 7613-7710/com.capitalfirst D/OkHttp: 23593,743238,KALYANI,WEST BENGAL
2021-09-15 12:05:09.502 7613-7710/com.capitalfirst D/OkHttp: 23594,743244,24 PARGANAS,WEST BENGAL
2021-09-15 12:05:09.502 7613-7710/com.capitalfirst D/OkHttp: 23595,743245,NORTH 24 PARGANAS,WEST BENGAL
2021-09-15 12:05:09.502 7613-7710/com.capitalfirst D/OkHttp: 23596,743246,24 PARGANAS,WEST BENGAL
2021-09-15 12:05:09.503 7613-7710/com.capitalfirst D/OkHttp: 23597,743247,NORTH 24 PARGANAS,WEST BENGAL
2021-09-15 12:05:09.503 7613-7710/com.capitalfirst D/OkHttp: 23598,743248,NORTH 24 PARGANAS,WEST BENGAL
2021-09-15 12:05:09.503 7613-7710/com.capitalfirst D/OkHttp: 23599,743249,NORTH 24 PARGANAS,WEST BENGAL
2021-09-15 12:05:09.503 7613-7710/com.capitalfirst D/OkHttp: 23600,743250,24 PARGANAS,WEST BENGAL
2021-09-15 12:05:09.503 7613-7710/com.capitalfirst D/OkHttp: 23601,743251,NORTH 24 PARGANAS,WEST BENGAL
2021-09-15 12:05:09.503 7613-7710/com.capitalfirst D/OkHttp: 23602,743252,NORTH 24 PARGANAS,WEST BENGAL
2021-09-15 12:05:09.503 7613-7710/com.capitalfirst D/OkHttp: 23603,743262,NORTH 24 PARGANAS,WEST BENGAL
2021-09-15 12:05:09.503 7613-7710/com.capitalfirst D/OkHttp: 23604,743263,NORTH 24 PARGANAS,WEST BENGAL
2021-09-15 12:05:09.503 7613-7710/com.capitalfirst D/OkHttp: 23605,743264,24 PARGANAS,WEST BENGAL
2021-09-15 12:05:09.503 7613-7710/com.capitalfirst D/OkHttp: 23606,743268,NORTH 24 PARGANAS,WEST BENGAL
2021-09-15 12:05:09.503 7613-7710/com.capitalfirst D/OkHttp: 23607,743269,24 PARGANAS,WEST BENGAL
2021-09-15 12:05:09.503 7613-7710/com.capitalfirst D/OkHttp: 23608,743270,NORTH 24 PARGANAS,WEST BENGAL
2021-09-15 12:05:09.504 7613-7710/com.capitalfirst D/OkHttp: 23609,743271,NORTH 24 PARGANAS,WEST BENGAL
2021-09-15 12:05:09.504 7613-7710/com.capitalfirst D/OkHttp: 23610,743272,NORTH 24 PARGANAS,WEST BENGAL
2021-09-15 12:05:09.504 7613-7710/com.capitalfirst D/OkHttp: 23611,743273,NORTH 24 PARGANAS,WEST BENGAL
2021-09-15 12:05:09.504 7613-7710/com.capitalfirst D/OkHttp: 23612,743274,24 PARGANAS,WEST BENGAL
2021-09-15 12:05:09.504 7613-7710/com.capitalfirst D/OkHttp: 23613,743275,24 PARGANAS,WEST BENGAL
2021-09-15 12:05:09.504 7613-7710/com.capitalfirst D/OkHttp: 23614,743276,24 PARGANAS,WEST BENGAL
2021-09-15 12:05:09.505 7613-7710/com.capitalfirst D/OkHttp: 23615,743286,NORTH 24 PARGANAS,WEST BENGAL
2021-09-15 12:05:09.505 7613-7710/com.capitalfirst D/OkHttp: 23616,743287,NORTH 24 PARGANAS,WEST BENGAL
2021-09-15 12:05:09.505 7613-7710/com.capitalfirst D/OkHttp: 23617,743288,ALIPORE,WEST BENGAL
2021-09-15 12:05:09.505 7613-7711/com.capitalfirst D/OkHttp: 27487,848201,BEGUSARAI,BIHAR
2021-09-15 12:05:09.505 7613-7711/com.capitalfirst D/OkHttp: 27488,848202,BEGUSARAI,BIHAR
2021-09-15 12:05:09.507 7613-7711/com.capitalfirst D/OkHttp: 27489,848203,KHAGARIA,BIHAR
2021-09-15 12:05:09.508 7613-7711/com.capitalfirst D/OkHttp: 27490,848204,BEGUSARAI,BIHAR
2021-09-15 12:05:09.509 7613-7711/com.capitalfirst D/OkHttp: 27491,848205,SAMASTIPUR,BIHAR
2021-09-15 12:05:09.509 7613-7711/com.capitalfirst D/OkHttp: 27492,848206,SAMASTIPUR,BIHAR
2021-09-15 12:05:09.511 7613-7710/com.capitalfirst D/OkHttp: 23618,743289,NORTH 24 PARGANAS,WEST BENGAL
2021-09-15 12:05:09.511 7613-7710/com.capitalfirst D/OkHttp: 23619,743290,NORTH 24 PARGANAS,WEST BENGAL
2021-09-15 12:05:09.511 7613-7710/com.capitalfirst D/OkHttp: 23620,743291,NORTH 24 PARGANAS,WEST BENGAL
2021-09-15 12:05:09.511 7613-7710/com.capitalfirst D/OkHttp: 23621,743292,NORTH 24 PARGANAS,WEST BENGAL
2021-09-15 12:05:09.511 7613-7710/com.capitalfirst D/OkHttp: 23622,743293,NORTH 24 PARGANAS,WEST BENGAL
2021-09-15 12:05:09.512 7613-7710/com.capitalfirst D/OkHttp: 23623,743294,NORTH 24 PARGANAS,WEST BENGAL
2021-09-15 12:05:09.529 7613-7710/com.capitalfirst D/OkHttp: 23624,743295,ALIPORE,WEST BENGAL
2021-09-15 12:05:09.530 7613-7710/com.capitalfirst D/OkHttp: 23625,743296,24 PARGANAS,WEST BENGAL
2021-09-15 12:05:09.530 7613-7710/com.capitalfirst D/OkHttp: 23626,743297,NORTH 24 PARGANAS,WEST BENGAL
2021-09-15 12:05:09.530 7613-7710/com.capitalfirst D/OkHttp: 23627,743298,24 PARGANAS,WEST BENGAL
2021-09-15 12:05:09.530 7613-7710/com.capitalfirst D/OkHttp: 23628,743301,24 PARGANAS,WEST BENGAL
2021-09-15 12:05:09.530 7613-7710/com.capitalfirst D/OkHttp: 23629,743302,24 PARGANAS,WEST BENGAL
2021-09-15 12:05:09.530 7613-7710/com.capitalfirst D/OkHttp: 23630,743312,SOUTH 24 PARGANAS,WEST BENGAL
2021-09-15 12:05:09.531 7613-7710/com.capitalfirst D/OkHttp: 23631,743313,24 PARGANAS,WEST BENGAL
2021-09-15 12:05:09.532 7613-7710/com.capitalfirst D/OkHttp: 23632,743316,BARAST,WEST BENGAL
2021-09-15 12:05:09.532 7613-7710/com.capitalfirst D/OkHttp: 23633,743318,SOUTH 24 PARGANAS,WEST BENGAL
2021-09-15 12:05:09.532 7613-7710/com.capitalfirst D/OkHttp: 23634,743319,24 PARGANAS,WEST BENGAL
2021-09-15 12:05:09.532 7613-7710/com.capitalfirst D/OkHttp: 23635,743329,NORTH 24 PARGANAS,WEST BENGAL
2021-09-15 12:05:09.532 7613-7710/com.capitalfirst D/OkHttp: 23636,743330,SOUTH 24 PARGANAS,WEST BENGAL
2021-09-15 12:05:09.532 7613-7710/com.capitalfirst D/OkHttp: 23637,743331,SOUTH 24 PARGANAS,WEST BENGAL
2021-09-15 12:05:09.532 7613-7710/com.capitalfirst D/OkHttp: 23638,743332,SOUTH 24 PARGANAS,WEST BENGAL
2021-09-15 12:05:09.532 7613-7710/com.capitalfirst D/OkHttp: 23639,743334,KOLKATA,WEST BENGAL
2021-09-15 12:05:09.532 7613-7710/com.capitalfirst D/OkHttp: 23640,743336,SOUTH 24 PARGANAS,WEST BENGAL
2021-09-15 12:05:09.535 7613-7710/com.capitalfirst D/OkHttp: 23641,743337,SOUTH 24 PARGANAS,WEST BENGAL
2021-09-15 12:05:09.535 7613-7710/com.capitalfirst D/OkHttp: 23642,743338,SOUTH 24 PARGANAS,WEST BENGAL
2021-09-15 12:05:09.535 7613-7710/com.capitalfirst D/OkHttp: 23643,743339,24 PARGANAS,WEST BENGAL
2021-09-15 12:05:09.535 7613-7710/com.capitalfirst D/OkHttp: 23644,743343,BARAST,WEST BENGAL
2021-09-15 12:05:09.537 7613-7710/com.capitalfirst D/OkHttp: 23645,743345,SOUTH 24 PARGANAS,WEST BENGAL
2021-09-15 12:05:09.539 7613-7710/com.capitalfirst D/OkHttp: 23646,743346,KOLKATA,WEST BENGAL
2021-09-15 12:05:09.539 7613-7710/com.capitalfirst D/OkHttp: 23647,743347,SOUTH 24 PARGANAS,WEST BENGAL
2021-09-15 12:05:09.541 7613-7710/com.capitalfirst D/OkHttp: 23648,743348,SOUTH 24 PARGANAS,WEST BENGAL
2021-09-15 12:05:09.542 7613-7711/com.capitalfirst D/OkHttp: 27493,848207,SAMASTIPUR,BIHAR
2021-09-15 12:05:09.542 7613-7711/com.capitalfirst D/OkHttp: 27494,848208,SAMASTIPUR,BIHAR
2021-09-15 12:05:09.543 7613-7711/com.capitalfirst D/OkHttp: 27495,848209,SAMASTIPUR,BIHAR
2021-09-15 12:05:09.543 7613-7711/com.capitalfirst D/OkHttp: 27496,848210,SAMASTIPUR,BIHAR
2021-09-15 12:05:09.543 7613-7711/com.capitalfirst D/OkHttp: 27497,848211,SAMASTIPUR,BIHAR
2021-09-15 12:05:09.543 7613-7711/com.capitalfirst D/OkHttp: 27498,848213,DARBHANGA,BIHAR
2021-09-15 12:05:09.543 7613-7711/com.capitalfirst D/OkHttp: 27499,848214,SAMASTIPUR,BIHAR
2021-09-15 12:05:09.543 7613-7711/com.capitalfirst D/OkHttp: 27500,848216,SAMASTIPUR,BIHAR
2021-09-15 12:05:09.543 7613-7711/com.capitalfirst D/OkHttp: 27501,848217,SAMASTIPUR,BIHAR
2021-09-15 12:05:09.543 7613-7710/com.capitalfirst D/OkHttp: 23649,743349,SOUTH 24 PARGANAS,WEST BENGAL
2021-09-15 12:05:09.545 7613-7711/com.capitalfirst D/OkHttp: 27502,848218,SAMASTIPUR,BIHAR
2021-09-15 12:05:09.545 7613-7711/com.capitalfirst D/OkHttp: 27503,848219,SAMASTIPUR,BIHAR
2021-09-15 12:05:09.545 7613-7711/com.capitalfirst D/OkHttp: 27504,848220,SAMASTIPUR,BIHAR
2021-09-15 12:05:09.546 7613-7711/com.capitalfirst D/OkHttp: 27505,848221,SAMASTIPUR,BIHAR
2021-09-15 12:05:09.546 7613-7711/com.capitalfirst D/OkHttp: 27506,848222,SAMASTIPUR,BIHAR
2021-09-15 12:05:09.546 7613-7711/com.capitalfirst D/OkHttp: 27507,848223,SAMASTIPUR,BIHAR
2021-09-15 12:05:09.546 7613-7711/com.capitalfirst D/OkHttp: 27508,848224,SAMASTIPUR,BIHAR
2021-09-15 12:05:09.546 7613-7711/com.capitalfirst D/OkHttp: 27509,848225,SAMASTIPUR,BIHAR
2021-09-15 12:05:09.546 7613-7711/com.capitalfirst D/OkHttp: 27510,848226,SAMASTIPUR,BIHAR
2021-09-15 12:05:09.546 7613-7711/com.capitalfirst D/OkHttp: 27511,848227,KISHANGANJ,BIHAR
2021-09-15 12:05:09.546 7613-7711/com.capitalfirst D/OkHttp: 27512,848228,SAMASTIPUR,BIHAR
2021-09-15 12:05:09.546 7613-7711/com.capitalfirst D/OkHttp: 27513,848229,SAMASTIPUR,BIHAR
2021-09-15 12:05:09.546 7613-7711/com.capitalfirst D/OkHttp: 27514,848230,SAMASTIPUR,BIHAR
2021-09-15 12:05:09.546 7613-7711/com.capitalfirst D/OkHttp: 27515,848231,SAMASTIPUR,BIHAR
2021-09-15 12:05:09.546 7613-7711/com.capitalfirst D/OkHttp: 27516,848233,SAMASTIPUR,BIHAR
2021-09-15 12:05:09.546 7613-7711/com.capitalfirst D/OkHttp: 27517,848234,SAMASTIPUR,BIHAR
2021-09-15 12:05:09.546 7613-7711/com.capitalfirst D/OkHttp: 27518,848235,SAMASTIPUR,BIHAR
2021-09-15 12:05:09.546 7613-7711/com.capitalfirst D/OkHttp: 27519,848236,SAMASTIPUR,BIHAR
2021-09-15 12:05:09.547 7613-7711/com.capitalfirst D/OkHttp: 27520,848237,SAMASTIPUR,BIHAR
2021-09-15 12:05:09.548 7613-7711/com.capitalfirst D/OkHttp: 27521,848238,SAMASTIPUR,BIHAR
2021-09-15 12:05:09.549 7613-7711/com.capitalfirst D/OkHttp: 27522,848239,SAMASTIPUR,BIHAR
2021-09-15 12:05:09.549 7613-7711/com.capitalfirst D/OkHttp: 27523,848301,SAMASTIPUR,BIHAR
2021-09-15 12:05:09.549 7613-7711/com.capitalfirst D/OkHttp: 27524,848302,SAMASTIPUR,BIHAR
2021-09-15 12:05:09.549 7613-7711/com.capitalfirst D/OkHttp: 27525,848303,SAMASTIPUR,BIHAR
2021-09-15 12:05:09.549 7613-7711/com.capitalfirst D/OkHttp: 27526,848327,SAMASTIPUR,BIHAR
2021-09-15 12:05:09.549 7613-7710/com.capitalfirst D/OkHttp: 23650,743350,24 PARGANAS,WEST BENGAL
2021-09-15 12:05:09.549 7613-7710/com.capitalfirst D/OkHttp: 23651,743351,SOUTH 24 PARGANAS,WEST BENGAL
2021-09-15 12:05:09.549 7613-7710/com.capitalfirst D/OkHttp: 23652,743352,24 PARGANAS,WEST BENGAL
2021-09-15 12:05:09.550 7613-7710/com.capitalfirst D/OkHttp: 23653,743353,24 PARGANAS,WEST BENGAL
2021-09-15 12:05:09.550 7613-7710/com.capitalfirst D/OkHttp: 23654,743354,SOUTH 24 PARGANAS,WEST BENGAL
2021-09-15 12:05:09.550 7613-7710/com.capitalfirst D/OkHttp: 23655,743355,SOUTH 24 PARGANAS,WEST BENGAL
2021-09-15 12:05:09.550 7613-7710/com.capitalfirst D/OkHttp: 23656,743356,SOUTH 24 PARGANAS,WEST BENGAL
2021-09-15 12:05:09.550 7613-7710/com.capitalfirst D/OkHttp: 23657,743357,SOUTH 24 PARGANAS,WEST BENGAL
2021-09-15 12:05:09.550 7613-7710/com.capitalfirst D/OkHttp: 23658,743358,24 PARGANAS,WEST BENGAL
2021-09-15 12:05:09.550 7613-7710/com.capitalfirst D/OkHttp: 23659,743360,BARAST,WEST BENGAL
2021-09-15 12:05:09.550 7613-7710/com.capitalfirst D/OkHttp: 23660,743363,SOUTH 24 PARGANAS,WEST BENGAL
2021-09-15 12:05:09.550 7613-7710/com.capitalfirst D/OkHttp: 23661,743368,SOUTH 24 PARGANAS,WEST BENGAL
2021-09-15 12:05:09.550 7613-7710/com.capitalfirst D/OkHttp: 23662,743369,24 PARGANAS,WEST BENGAL
2021-09-15 12:05:09.550 7613-7710/com.capitalfirst D/OkHttp: 23663,743370,SOUTH 24 PARGANAS,WEST BENGAL
2021-09-15 12:05:09.550 7613-7710/com.capitalfirst D/OkHttp: 23664,743371,SOUTH 24 PARGANAS,WEST BENGAL
2021-09-15 12:05:09.550 7613-7710/com.capitalfirst D/OkHttp: 23665,743372,SOUTH 24 PARGANAS,WEST BENGAL
2021-09-15 12:05:09.551 7613-7710/com.capitalfirst D/OkHttp: 23666,743373,SOUTH 24 PARGANAS,WEST BENGAL
2021-09-15 12:05:09.551 7613-7710/com.capitalfirst D/OkHttp: 23667,743374,SOUTH 24 PARGANAS,WEST BENGAL
2021-09-15 12:05:09.551 7613-7710/com.capitalfirst D/OkHttp: 23668,743375,SOUTH 24 PARGANAS,WEST BENGAL
2021-09-15 12:05:09.551 7613-7710/com.capitalfirst D/OkHttp: 23669,743376,SOUTH 24 PARGANAS,WEST BENGAL
2021-09-15 12:05:09.551 7613-7710/com.capitalfirst D/OkHttp: 23670,743377,SOUTH 24 PARGANAS,WEST BENGAL
2021-09-15 12:05:09.551 7613-7710/com.capitalfirst D/OkHttp: 23671,743378,SOUTH 24 PARGANAS,WEST BENGAL
2021-09-15 12:05:09.551 7613-7710/com.capitalfirst D/OkHttp: 23672,743379,24 PARGANAS,WEST BENGAL
2021-09-15 12:05:09.553 7613-7710/com.capitalfirst D/OkHttp: 23673,743380,BARAST,WEST BENGAL
2021-09-15 12:05:09.553 7613-7710/com.capitalfirst D/OkHttp: 23674,743381,BARAST,WEST BENGAL
2021-09-15 12:05:09.553 7613-7710/com.capitalfirst D/OkHttp: 23675,743382,24 PARGANAS,WEST BENGAL
2021-09-15 12:05:09.553 7613-7710/com.capitalfirst D/OkHttp: 23676,743383,SOUTH 24 PARGANAS,WEST BENGAL
2021-09-15 12:05:09.553 7613-7710/com.capitalfirst D/OkHttp: 23677,743384,24 PARGANAS,WEST BENGAL
2021-09-15 12:05:09.554 7613-7710/com.capitalfirst D/OkHttp: 23678,743385,BARAST,WEST BENGAL
2021-09-15 12:05:09.554 7613-7710/com.capitalfirst D/OkHttp: 23679,743387,SOUTH 24 PARGANAS,WEST BENGAL
2021-09-15 12:05:09.554 7613-7710/com.capitalfirst D/OkHttp: 23680,743388,BARAST,WEST BENGAL
2021-09-15 12:05:09.554 7613-7710/com.capitalfirst D/OkHttp: 23681,743389,BARAST,WEST BENGAL
2021-09-15 12:05:09.554 7613-7710/com.capitalfirst D/OkHttp: 23682,743390,BARAST,WEST BENGAL
2021-09-15 12:05:09.554 7613-7710/com.capitalfirst D/OkHttp: 23683,743391,BARAST,WEST BENGAL
2021-09-15 12:05:09.554 7613-7710/com.capitalfirst D/OkHttp: 23684,743392,24 PARGANAS,WEST BENGAL
2021-09-15 12:05:09.554 7613-7710/com.capitalfirst D/OkHttp: 23685,743393,BARAST,WEST BENGAL
2021-09-15 12:05:09.554 7613-7710/com.capitalfirst D/OkHttp: 23686,743394,BARAST,WEST BENGAL
2021-09-15 12:05:09.554 7613-7710/com.capitalfirst D/OkHttp: 23687,743395,SOUTH 24 PARGANAS,WEST BENGAL
2021-09-15 12:05:09.554 7613-7710/com.capitalfirst D/OkHttp: 23688,743396,BARAST,WEST BENGAL
2021-09-15 12:05:09.554 7613-7710/com.capitalfirst D/OkHttp: 23689,743397,BARAST,WEST BENGAL
2021-09-15 12:05:09.554 7613-7710/com.capitalfirst D/OkHttp: 23690,743398,24 PARGANAS,WEST BENGAL
2021-09-15 12:05:09.554 7613-7710/com.capitalfirst D/OkHttp: 23691,743399,SOUTH 24 PARGANAS,WEST BENGAL
2021-09-15 12:05:09.555 7613-7710/com.capitalfirst D/OkHttp: 23692,743401,NORTH 24 PARGANAS,WEST BENGAL
2021-09-15 12:05:09.555 7613-7710/com.capitalfirst D/OkHttp: 23693,743402,ALIPORE,WEST BENGAL
2021-09-15 12:05:09.556 7613-7710/com.capitalfirst D/OkHttp: 23694,743405,NORTH 24 PARGANAS,WEST BENGAL
2021-09-15 12:05:09.556 7613-7710/com.capitalfirst D/OkHttp: 23695,743411,NORTH 24 PARGANAS,WEST BENGAL
2021-09-15 12:05:09.556 7613-7710/com.capitalfirst D/OkHttp: 23696,743412,NORTH 24 PARGANAS,WEST BENGAL
2021-09-15 12:05:09.557 7613-7710/com.capitalfirst D/OkHttp: 23697,743413,ALIPORE,WEST BENGAL
2021-09-15 12:05:09.557 7613-7710/com.capitalfirst D/OkHttp: 23698,743414,24 PARGANAS,WEST BENGAL
2021-09-15 12:05:09.557 7613-7710/com.capitalfirst D/OkHttp: 23699,743422,NORTH 24 PARGANAS,WEST BENGAL
2021-09-15 12:05:09.557 7613-7710/com.capitalfirst D/OkHttp: 23700,743423,NORTH 24 PARGANAS,WEST BENGAL
2021-09-15 12:05:09.557 7613-7710/com.capitalfirst D/OkHttp: 23701,743424,NORTH 24 PARGANAS,WEST BENGAL
2021-09-15 12:05:09.557 7613-7710/com.capitalfirst D/OkHttp: 23702,743425,NORTH 24 PARGANAS,WEST BENGAL
2021-09-15 12:05:09.557 7613-7710/com.capitalfirst D/OkHttp: 23703,743426,NORTH 24 PARGANAS,WEST BENGAL
2021-09-15 12:05:09.557 7613-7710/com.capitalfirst D/OkHttp: 23704,743427,NORTH 24 PARGANAS,WEST BENGAL
2021-09-15 12:05:09.557 7613-7710/com.capitalfirst D/OkHttp: 23705,743428,NORTH 24 PARGANAS,WEST BENGAL
2021-09-15 12:05:09.557 7613-7710/com.capitalfirst D/OkHttp: 23706,743429,NORTH 24 PARGANAS,WEST BENGAL
2021-09-15 12:05:09.557 7613-7710/com.capitalfirst D/OkHttp: 23707,743435,NORTH 24 PARGANAS,WEST BENGAL
2021-09-15 12:05:09.557 7613-7710/com.capitalfirst D/OkHttp: 23708,743436,ALIPORE,WEST BENGAL
2021-09-15 12:05:09.557 7613-7710/com.capitalfirst D/OkHttp: 23709,743437,NORTH 24 PARGANAS,WEST BENGAL
2021-09-15 12:05:09.557 7613-7710/com.capitalfirst D/OkHttp: 23710,743438,NORTH 24 PARGANAS,WEST BENGAL
2021-09-15 12:05:09.557 7613-7710/com.capitalfirst D/OkHttp: 23711,743439,NORTH 24 PARGANAS,WEST BENGAL
2021-09-15 12:05:09.558 7613-7710/com.capitalfirst D/OkHttp: 23712,743440,ALIPORE,WEST BENGAL
2021-09-15 12:05:09.558 7613-7710/com.capitalfirst D/OkHttp: 23713,743441,24 PARGANAS,WEST BENGAL
2021-09-15 12:05:09.558 7613-7710/com.capitalfirst D/OkHttp: 23714,743442,NORTH 24 PARGANAS,WEST BENGAL
2021-09-15 12:05:09.558 7613-7710/com.capitalfirst D/OkHttp: 23715,743443,ALIPORE,WEST BENGAL
2021-09-15 12:05:09.558 7613-7710/com.capitalfirst D/OkHttp: 23716,743444,24 PARGANAS,WEST BENGAL
2021-09-15 12:05:09.558 7613-7710/com.capitalfirst D/OkHttp: 23717,743445,NORTH 24 PARGANAS,WEST BENGAL
2021-09-15 12:05:09.558 7613-7710/com.capitalfirst D/OkHttp: 23718,743446,NORTH 24 PARGANAS,WEST BENGAL
2021-09-15 12:05:09.558 7613-7710/com.capitalfirst D/OkHttp: 23719,743454,24 PARGANAS,WEST BENGAL
2021-09-15 12:05:09.558 7613-7710/com.capitalfirst D/OkHttp: 23720,743456,NORTH 24 PARGANAS,WEST BENGAL
2021-09-15 12:05:09.558 7613-7710/com.capitalfirst D/OkHttp: 23721,743501,24 PARGANAS,WEST BENGAL
2021-09-15 12:05:09.558 7613-7710/com.capitalfirst D/OkHttp: 23722,743502,SOUTH 24 PARGANAS,WEST BENGAL
2021-09-15 12:05:09.559 7613-7710/com.capitalfirst D/OkHttp: 23723,743503,SOUTH 24 PARGANAS,WEST BENGAL
2021-09-15 12:05:09.559 7613-7710/com.capitalfirst D/OkHttp: 23724,743504,SOUTH 24 PARGANAS,WEST BENGAL
2021-09-15 12:05:09.559 7613-7710/com.capitalfirst D/OkHttp: 23725,743505,24 PARGANAS,WEST BENGAL
2021-09-15 12:05:09.559 7613-7710/com.capitalfirst D/OkHttp: 23726,743506,24 PARGANAS,WEST BENGAL
2021-09-15 12:05:09.559 7613-7710/com.capitalfirst D/OkHttp: 23727,743507,24 PARGANAS,WEST BENGAL
2021-09-15 12:05:09.559 7613-7710/com.capitalfirst D/OkHttp: 23728,743508,24 PARGANAS,WEST BENGAL
2021-09-15 12:05:09.559 7613-7710/com.capitalfirst D/OkHttp: 23729,743510,24 PARGANAS,WEST BENGAL
2021-09-15 12:05:09.559 7613-7710/com.capitalfirst D/OkHttp: 23730,743511,ALIPORE,WEST BENGAL
2021-09-15 12:05:09.559 7613-7710/com.capitalfirst D/OkHttp: 23731,743512,24 PARGANAS,WEST BENGAL
2021-09-15 12:05:09.559 7613-7710/com.capitalfirst D/OkHttp: 23732,743513,SOUTH 24 PARGANAS,WEST BENGAL
2021-09-15 12:05:09.559 7613-7710/com.capitalfirst D/OkHttp: 23733,743514,BARAST,WEST BENGAL
2021-09-15 12:05:09.560 7613-7710/com.capitalfirst D/OkHttp: 23734,743515,BARAST,WEST BENGAL
2021-09-15 12:05:09.560 7613-7710/com.capitalfirst D/OkHttp: 23735,743516,BARAST,WEST BENGAL
2021-09-15 12:05:09.560 7613-7710/com.capitalfirst D/OkHttp: 23736,743517,BARAST,WEST BENGAL
2021-09-15 12:05:09.560 7613-7710/com.capitalfirst D/OkHttp: 23737,743518,24 PARGANAS,WEST BENGAL
2021-09-15 12:05:09.560 7613-7710/com.capitalfirst D/OkHttp: 23738,743552,24 PARGANAS,WEST BENGAL
2021-09-15 12:05:09.561 7613-7710/com.capitalfirst D/OkHttp: 23739,743593,AMTALA,WEST BENGAL
2021-09-15 12:05:09.561 7613-7710/com.capitalfirst D/OkHttp: 23740,743601,BARAST,WEST BENGAL
2021-09-15 12:05:09.561 7613-7710/com.capitalfirst D/OkHttp: 23741,743602,BARAST,WEST BENGAL
2021-09-15 12:05:09.561 7613-7710/com.capitalfirst D/OkHttp: 23742,743603,BARAST,WEST BENGAL
2021-09-15 12:05:09.561 7613-7710/com.capitalfirst D/OkHttp: 23743,743604,BARAST,WEST BENGAL
2021-09-15 12:05:09.561 7613-7710/com.capitalfirst D/OkHttp: 23744,743605,BARAST,WEST BENGAL
2021-09-15 12:05:09.562 7613-7710/com.capitalfirst D/OkHttp: 23745,743606,BARAST,WEST BENGAL
2021-09-15 12:05:09.562 7613-7710/com.capitalfirst D/OkHttp: 23746,743607,BARAST,WEST BENGAL
2021-09-15 12:05:09.562 7613-7710/com.capitalfirst D/OkHttp: 23747,743608,BARAST,WEST BENGAL
2021-09-15 12:05:09.562 7613-7710/com.capitalfirst D/OkHttp: 23748,743609,SOUTH 24 PARGANAS,WEST BENGAL
2021-09-15 12:05:09.562 7613-7710/com.capitalfirst D/OkHttp: 23749,743610,SOUTH 24 PARGANAS,WEST BENGAL
2021-09-15 12:05:09.562 7613-7710/com.capitalfirst D/OkHttp: 23750,743611,NORTH 24 PARGANAS,WEST BENGAL
2021-09-15 12:05:09.562 7613-7710/com.capitalfirst D/OkHttp: 23751,743612,24 PARGANAS,WEST BENGAL
2021-09-15 12:05:09.562 7613-7710/com.capitalfirst D/OkHttp: 23752,743613,SOUTH 24 PARGANAS,WEST BENGAL
2021-09-15 12:05:09.562 7613-7710/com.capitalfirst D/OkHttp: 23753,743700,24 PARGANAS,WEST BENGAL
2021-09-15 12:05:09.562 7613-7710/com.capitalfirst D/OkHttp: 23754,743701,NORTH 24 PARGANAS,WEST BENGAL
2021-09-15 12:05:09.562 7613-7710/com.capitalfirst D/OkHttp: 23755,743702,NORTH 24 PARGANAS,WEST BENGAL
2021-09-15 12:05:09.562 7613-7710/com.capitalfirst D/OkHttp: 23756,743703,ALIPORE,WEST BENGAL
2021-09-15 12:05:09.562 7613-7710/com.capitalfirst D/OkHttp: 23757,743704,NORTH 24 PARGANAS,WEST BENGAL
2021-09-15 12:05:09.563 7613-7710/com.capitalfirst D/OkHttp: 23758,743705,ALIPORE,WEST BENGAL
2021-09-15 12:05:09.563 7613-7710/com.capitalfirst D/OkHttp: 23759,743706,24 PARGANAS,WEST BENGAL
2021-09-15 12:05:09.563 7613-7710/com.capitalfirst D/OkHttp: 23760,743707,24 PARGANAS,WEST BENGAL
2021-09-15 12:05:09.564 7613-7710/com.capitalfirst D/OkHttp: 23761,743708,24 PARGANAS,WEST BENGAL
2021-09-15 12:05:09.564 7613-7710/com.capitalfirst D/OkHttp: 23762,743709,24 PARGANAS,WEST BENGAL
2021-09-15 12:05:09.564 7613-7710/com.capitalfirst D/OkHttp: 23763,743710,NORTH 24 PARGANAS,WEST BENGAL
2021-09-15 12:05:09.564 7613-7710/com.capitalfirst D/OkHttp: 23764,743711,NORTH 24 PARGANAS,WEST BENGAL
2021-09-15 12:05:09.565 7613-7710/com.capitalfirst D/OkHttp: 23765,744101,PORT BLAIR,ANDAMAN AND NICOBAR ISLANDS
2021-09-15 12:05:09.565 7613-7710/com.capitalfirst D/OkHttp: 23766,744102,PORT BLAIR,ANDAMAN AND NICOBAR ISLANDS
2021-09-15 12:05:09.565 7613-7710/com.capitalfirst D/OkHttp: 23767,744103,PORT BLAIR,ANDAMAN AND NICOBAR ISLANDS
2021-09-15 12:05:09.565 7613-7710/com.capitalfirst D/OkHttp: 23768,744104,PORT BLAIR,ANDAMAN AND NICOBAR ISLANDS
2021-09-15 12:05:09.565 7613-7710/com.capitalfirst D/OkHttp: 23769,744105,PORT BLAIR,ANDAMAN AND NICOBAR ISLANDS
2021-09-15 12:05:09.565 7613-7710/com.capitalfirst D/OkHttp: 23770,744106,PORT BLAIR,ANDAMAN AND NICOBAR ISLANDS
2021-09-15 12:05:09.565 7613-7710/com.capitalfirst D/OkHttp: 23771,744107,PORT BLAIR,ANDAMAN AND NICOBAR ISLANDS
2021-09-15 12:05:09.565 7613-7710/com.capitalfirst D/OkHttp: 23772,744110,DHEKIAJULI,ASSAM
2021-09-15 12:05:09.565 7613-7710/com.capitalfirst D/OkHttp: 23773,744153,DHEKIAJULI,ASSAM
2021-09-15 12:05:09.565 7613-7710/com.capitalfirst D/OkHttp: 23774,744201,PORT BLAIR,ANDAMAN AND NICOBAR ISLANDS
2021-09-15 12:05:09.565 7613-7710/com.capitalfirst D/OkHttp: 23775,744202,PORT BLAIR,ANDAMAN AND NICOBAR ISLANDS
2021-09-15 12:05:09.565 7613-7710/com.capitalfirst D/OkHttp: 23776,744203,PORT BLAIR,ANDAMAN AND NICOBAR ISLANDS
2021-09-15 12:05:09.565 7613-7710/com.capitalfirst D/OkHttp: 23777,744204,PORT BLAIR,ANDAMAN AND NICOBAR ISLANDS
2021-09-15 12:05:09.565 7613-7710/com.capitalfirst D/OkHttp: 23778,744205,PORT BLAIR,ANDAMAN AND NICOBAR ISLANDS
2021-09-15 12:05:09.566 7613-7710/com.capitalfirst D/OkHttp: 23779,744206,PORT BLAIR,ANDAMAN AND NICOBAR ISLANDS
2021-09-15 12:05:09.566 7613-7710/com.capitalfirst D/OkHttp: 23780,744207,PORT BLAIR,ANDAMAN AND NICOBAR ISLANDS
2021-09-15 12:05:09.566 7613-7710/com.capitalfirst D/OkHttp: 23781,744208,PORT BLAIR,ANDAMAN AND NICOBAR ISLANDS
2021-09-15 12:05:09.566 7613-7710/com.capitalfirst D/OkHttp: 23782,744209,PORT BLAIR,ANDAMAN AND NICOBAR ISLANDS
2021-09-15 12:05:09.566 7613-7710/com.capitalfirst D/OkHttp: 23783,744210,PORT BLAIR,ANDAMAN AND NICOBAR ISLANDS
2021-09-15 12:05:09.566 7613-7710/com.capitalfirst D/OkHttp: 23784,744211,PORT BLAIR,ANDAMAN AND NICOBAR ISLANDS
2021-09-15 12:05:09.566 7613-7710/com.capitalfirst D/OkHttp: 23785,744301,CAR NICOBAR,ANDAMAN AND NICOBAR ISLANDS
2021-09-15 12:05:09.566 7613-7710/com.capitalfirst D/OkHttp: 23786,744302,PORT BLAIR,ANDAMAN AND NICOBAR ISLANDS
2021-09-15 12:05:09.566 7613-7710/com.capitalfirst D/OkHttp: 23787,744303,PORT BLAIR,ANDAMAN AND NICOBAR ISLANDS
2021-09-15 12:05:09.566 7613-7710/com.capitalfirst D/OkHttp: 23788,744304,PORT BLAIR,ANDAMAN AND NICOBAR ISLANDS
2021-09-15 12:05:09.566 7613-7710/com.capitalfirst D/OkHttp: 23789,745100,KHURDHA,ORISSA
2021-09-15 12:05:09.567 7613-7710/com.capitalfirst D/OkHttp: 23790,745214,KRISHNAGAR,WEST BENGAL
2021-09-15 12:05:09.567 7613-7710/com.capitalfirst D/OkHttp: 23791,745415,BONGAIGAON,ASSAM
2021-09-15 12:05:09.567 7613-7710/com.capitalfirst D/OkHttp: 23792,746531,KOLKATA,WEST BENGAL
2021-09-15 12:05:09.567 7613-7710/com.capitalfirst D/OkHttp: 23793,750012,BHUBANESHWAR,ORISSA
2021-09-15 12:05:09.567 7613-7710/com.capitalfirst D/OkHttp: 23794,750103,CUTTACK,ORISSA
2021-09-15 12:05:09.567 7613-7710/com.capitalfirst D/OkHttp: 23795,750106,CUTTACK,ORISSA
2021-09-15 12:05:09.567 7613-7710/com.capitalfirst D/OkHttp: 23796,750214,CUTTACK,ORISSA
2021-09-15 12:05:09.567 7613-7710/com.capitalfirst D/OkHttp: 23797,750221,CUTTACK,ORISSA
2021-09-15 12:05:09.567 7613-7710/com.capitalfirst D/OkHttp: 23798,750310,CUTTACK,ORISSA
2021-09-15 12:05:09.567 7613-7710/com.capitalfirst D/OkHttp: 23799,750324,CUTTACK,ORISSA
2021-09-15 12:05:09.567 7613-7710/com.capitalfirst D/OkHttp: 23800,751000,BHUBANESHWAR,ORISSA
2021-09-15 12:05:09.567 7613-7710/com.capitalfirst D/OkHttp: 23801,751001,KHORDA,ORISSA
2021-09-15 12:05:09.567 7613-7710/com.capitalfirst D/OkHttp: 23802,751002,KHORDA,ORISSA
2021-09-15 12:05:09.567 7613-7710/com.capitalfirst D/OkHttp: 23803,751003,KHORDA,ORISSA
2021-09-15 12:05:09.567 7613-7710/com.capitalfirst D/OkHttp: 23804,751004,KHORDA,ORISSA
2021-09-15 12:05:09.567 7613-7710/com.capitalfirst D/OkHttp: 23805,751005,KHORDA,ORISSA
2021-09-15 12:05:09.568 7613-7710/com.capitalfirst D/OkHttp: 23806,751006,KHORDA,ORISSA
2021-09-15 12:05:09.568 7613-7710/com.capitalfirst D/OkHttp: 23807,751007,KHORDA,ORISSA
2021-09-15 12:05:09.568 7613-7710/com.capitalfirst D/OkHttp: 23808,751008,KHORDA,ORISSA
