2021-09-15 12:05:09.043 7613-7676/com.capitalfirst D/OkHttp: 27744,854342,JAMUI,BIHAR
2021-09-15 12:05:09.043 7613-7676/com.capitalfirst D/OkHttp: 27745,854343,PURNIA,BIHAR
2021-09-15 12:05:09.043 7613-7676/com.capitalfirst D/OkHttp: 27746,854344,PURNIA,BIHAR
2021-09-15 12:05:09.043 7613-7676/com.capitalfirst D/OkHttp: 27747,854345,PURNIA,BIHAR
2021-09-15 12:05:09.043 7613-7676/com.capitalfirst D/OkHttp: 27748,854346,PURNIA,BIHAR
2021-09-15 12:05:09.043 7613-7676/com.capitalfirst D/OkHttp: 27749,854347,KAIMUR,BIHAR
2021-09-15 12:05:09.043 7613-7676/com.capitalfirst D/OkHttp: 27750,854349,PURNIA,BIHAR
2021-09-15 12:05:09.043 7613-7676/com.capitalfirst D/OkHttp: 27751,854350,PURNIA,BIHAR
2021-09-15 12:05:09.043 7613-7676/com.capitalfirst D/OkHttp: 27752,854351,PURNIA,BIHAR
2021-09-15 12:05:09.043 7613-7676/com.capitalfirst D/OkHttp: 27753,854352,PURNIA,BIHAR
2021-09-15 12:05:09.043 7613-7676/com.capitalfirst D/OkHttp: 27754,854353,PURNIA,BIHAR
2021-09-15 12:05:09.043 7613-7676/com.capitalfirst D/OkHttp: 27755,854354,PURNIA,BIHAR
2021-09-15 12:05:09.043 7613-7676/com.capitalfirst D/OkHttp: 27756,854355,PURNIA,BIHAR
2021-09-15 12:05:09.043 7613-7676/com.capitalfirst D/OkHttp: 27757,854356,PURNIA,BIHAR
2021-09-15 12:05:09.043 7613-7676/com.capitalfirst D/OkHttp: 27758,854357,PURNIA,BIHAR
2021-09-15 12:05:09.043 7613-7676/com.capitalfirst D/OkHttp: 27759,854358,PURNIA,BIHAR
2021-09-15 12:05:09.044 7613-7676/com.capitalfirst D/OkHttp: 27760,854360,PURNIA,BIHAR
2021-09-15 12:05:09.044 7613-7676/com.capitalfirst D/OkHttp: 27761,854362,BANKA,BIHAR
2021-09-15 12:05:09.044 7613-7676/com.capitalfirst D/OkHttp: 27762,854364,PURNIA,BIHAR
2021-09-15 12:05:09.044 7613-7676/com.capitalfirst D/OkHttp: 27763,854365,PURNIA,BIHAR
2021-09-15 12:05:09.044 7613-7676/com.capitalfirst D/OkHttp: 27764,854366,PURNIA,BIHAR
2021-09-15 12:05:09.044 7613-7676/com.capitalfirst D/OkHttp: 27765,854367,PURNIA,BIHAR
2021-09-15 12:05:09.044 7613-7676/com.capitalfirst D/OkHttp: 27766,854368,PURNIA,BIHAR
2021-09-15 12:05:09.044 7613-7676/com.capitalfirst D/OkHttp: 27767,854369,SAHARSA,BIHAR
2021-09-15 12:05:09.046 7613-7676/com.capitalfirst D/OkHttp: 27768,854515,PURNIA,BIHAR
2021-09-15 12:05:09.046 7613-7676/com.capitalfirst D/OkHttp: 27769,855101,KISHANGANJ,BIHAR
2021-09-15 12:05:09.046 7613-7676/com.capitalfirst D/OkHttp: 27770,855102,PURNIA,BIHAR
2021-09-15 12:05:09.046 7613-7676/com.capitalfirst D/OkHttp: 27771,855105,KATIHAR,BIHAR
2021-09-15 12:05:09.046 7613-7676/com.capitalfirst D/OkHttp: 27772,855106,KISHANGANJ,BIHAR
2021-09-15 12:05:09.047 7613-7676/com.capitalfirst D/OkHttp: 27773,855107,KISHANGANJ,BIHAR
2021-09-15 12:05:09.048 7613-7711/com.capitalfirst D/OkHttp: 26763,833221,WEST SINGHBHUM,JHARKHAND
2021-09-15 12:05:09.048 7613-7711/com.capitalfirst D/OkHttp: 26764,833222,WEST SINGHBHUM,JHARKHAND
2021-09-15 12:05:09.048 7613-7711/com.capitalfirst D/OkHttp: 26765,833223,WEST SINGHBHUM,JHARKHAND
2021-09-15 12:05:09.048 7613-7711/com.capitalfirst D/OkHttp: 26766,833233,PASCHIMI SINGHBHUM,JHARKHAND
2021-09-15 12:05:09.048 7613-7711/com.capitalfirst D/OkHttp: 26767,833326,HAZARIBAGH,JHARKHAND
2021-09-15 12:05:09.048 7613-7711/com.capitalfirst D/OkHttp: 26768,834001,RANCHI,JHARKHAND
2021-09-15 12:05:09.049 7613-7711/com.capitalfirst D/OkHttp: 26769,834002,RANCHI,JHARKHAND
2021-09-15 12:05:09.049 7613-7711/com.capitalfirst D/OkHttp: 26770,834003,RANCHI,JHARKHAND
2021-09-15 12:05:09.050 7613-7711/com.capitalfirst D/OkHttp: 26771,834004,RANCHI,JHARKHAND
2021-09-15 12:05:09.050 7613-7711/com.capitalfirst D/OkHttp: 26772,834005,RANCHI,JHARKHAND
2021-09-15 12:05:09.053 7613-7710/com.capitalfirst D/OkHttp: 22996,732103,MALDA,WEST BENGAL
2021-09-15 12:05:09.053 7613-7735/com.capitalfirst D/OkHttp: 27249,845468,MOTIHARI,BIHAR
2021-09-15 12:05:09.053 7613-7735/com.capitalfirst D/OkHttp: 27250,845469,MOTIHARI,BIHAR
2021-09-15 12:05:09.054 7613-7735/com.capitalfirst D/OkHttp: 27251,845470,BETIA,BIHAR
2021-09-15 12:05:09.054 7613-7735/com.capitalfirst D/OkHttp: 27252,845471,BETIA,BIHAR
2021-09-15 12:05:09.054 7613-7735/com.capitalfirst D/OkHttp: 27253,845472,BETIA,BIHAR
2021-09-15 12:05:09.059 7613-7735/com.capitalfirst D/OkHttp: 27254,845473,BETIA,BIHAR
2021-09-15 12:05:09.060 7613-7735/com.capitalfirst D/OkHttp: 27255,845474,BETIA,BIHAR
2021-09-15 12:05:09.060 7613-7735/com.capitalfirst D/OkHttp: 27256,845475,BETIA,BIHAR
2021-09-15 12:05:09.060 7613-7735/com.capitalfirst D/OkHttp: 27257,845476,BETIA,BIHAR
2021-09-15 12:05:09.060 7613-7735/com.capitalfirst D/OkHttp: 27258,845477,BETIA,BIHAR
2021-09-15 12:05:09.060 7613-7735/com.capitalfirst D/OkHttp: 27259,845478,BETIA,BIHAR
2021-09-15 12:05:09.060 7613-7735/com.capitalfirst D/OkHttp: 27260,845479,BETIA,BIHAR
2021-09-15 12:05:09.060 7613-7735/com.capitalfirst D/OkHttp: 27261,845480,BETIA,BIHAR
2021-09-15 12:05:09.060 7613-7735/com.capitalfirst D/OkHttp: 27262,845481,BETIA,BIHAR
2021-09-15 12:05:09.061 7613-7735/com.capitalfirst D/OkHttp: 27263,845483,BETIA,BIHAR
2021-09-15 12:05:09.062 7613-7735/com.capitalfirst D/OkHttp: 27264,845484,BETIA,BIHAR
2021-09-15 12:05:09.062 7613-7735/com.capitalfirst D/OkHttp: 27265,845485,MUZAFFARPUR,BIHAR
2021-09-15 12:05:09.062 7613-7735/com.capitalfirst D/OkHttp: 27266,845486,MOTIHARI,BIHAR
2021-09-15 12:05:09.062 7613-7735/com.capitalfirst D/OkHttp: 27267,845487,MOTIHARI,BIHAR
2021-09-15 12:05:09.062 7613-7735/com.capitalfirst D/OkHttp: 27268,845488,MOTIHARI,BIHAR
2021-09-15 12:05:09.063 7613-7735/com.capitalfirst D/OkHttp: 27269,845489,MOTIHARI,BIHAR
2021-09-15 12:05:09.064 7613-7735/com.capitalfirst D/OkHttp: 27270,845490,MOTIHARI,BIHAR
2021-09-15 12:05:09.064 7613-7735/com.capitalfirst D/OkHttp: 27271,845491,MOTIHARI,BIHAR
2021-09-15 12:05:09.064 7613-7735/com.capitalfirst D/OkHttp: 27272,845492,MOTIHARI,BIHAR
2021-09-15 12:05:09.065 7613-7735/com.capitalfirst D/OkHttp: 27273,845494,MOTIHARI,BIHAR
2021-09-15 12:05:09.065 7613-7735/com.capitalfirst D/OkHttp: 27274,845495,MOTIHARI,BIHAR
2021-09-15 12:05:09.065 7613-7735/com.capitalfirst D/OkHttp: 27275,845496,MOTIHARI,BIHAR
2021-09-15 12:05:09.065 7613-7735/com.capitalfirst D/OkHttp: 27276,845497,MOTIHARI,BIHAR
2021-09-15 12:05:09.065 7613-7735/com.capitalfirst D/OkHttp: 27277,845498,MOTIHARI,BIHAR
2021-09-15 12:05:09.065 7613-7735/com.capitalfirst D/OkHttp: 27278,845499,MOTIHARI,BIHAR
2021-09-15 12:05:09.065 7613-7735/com.capitalfirst D/OkHttp: 27279,845501,MOTIHARI,BIHAR
2021-09-15 12:05:09.065 7613-7735/com.capitalfirst D/OkHttp: 27280,845502,MOTIHARI,BIHAR
2021-09-15 12:05:09.065 7613-7711/com.capitalfirst D/OkHttp: 26773,834006,RANCHI,JHARKHAND
2021-09-15 12:05:09.066 7613-7711/com.capitalfirst D/OkHttp: 26774,834007,RANCHI,JHARKHAND
2021-09-15 12:05:09.066 7613-7711/com.capitalfirst D/OkHttp: 26775,834008,RANCHI,JHARKHAND
2021-09-15 12:05:09.066 7613-7676/com.capitalfirst D/OkHttp: 27774,855108,KISHANGANJ,BIHAR
2021-09-15 12:05:09.066 7613-7676/com.capitalfirst D/OkHttp: 27775,855113,KATIHAR,BIHAR
2021-09-15 12:05:09.066 7613-7676/com.capitalfirst D/OkHttp: 27776,855114,KATIHAR,BIHAR
2021-09-15 12:05:09.066 7613-7676/com.capitalfirst D/OkHttp: 27777,855115,KISHANGANJ,BIHAR
2021-09-15 12:05:09.066 7613-7676/com.capitalfirst D/OkHttp: 27778,855116,KISHANGANJ,BIHAR
2021-09-15 12:05:09.066 7613-7676/com.capitalfirst D/OkHttp: 27779,855117,KISHANGANJ,BIHAR
2021-09-15 12:05:09.066 7613-7676/com.capitalfirst D/OkHttp: 27780,855119,KISHANGANJ,BIHAR
2021-09-15 12:05:09.066 7613-7676/com.capitalfirst D/OkHttp: 27781,855120,KISHANGANJ,BIHAR
2021-09-15 12:05:09.066 7613-7676/com.capitalfirst D/OkHttp: 27782,855121,PURNIA,BIHAR
2021-09-15 12:05:09.067 7613-7676/com.capitalfirst D/OkHttp: 27783,855122,PURNIA,BIHAR
2021-09-15 12:05:09.067 7613-7676/com.capitalfirst D/OkHttp: 27784,855124,KATIHAR,BIHAR
2021-09-15 12:05:09.067 7613-7676/com.capitalfirst D/OkHttp: 27785,855126,PURNIA,BIHAR
2021-09-15 12:05:09.067 7613-7676/com.capitalfirst D/OkHttp: 27786,855128,KISHANGANJ,BIHAR
2021-09-15 12:05:09.067 7613-7676/com.capitalfirst D/OkHttp: 27787,855454,BETIA,BIHAR
2021-09-15 12:05:09.067 7613-7676/com.capitalfirst D/OkHttp: 27788,855456,MOTIHARI,BIHAR
2021-09-15 12:05:09.067 7613-7676/com.capitalfirst D/OkHttp: 27789,857225,MADHUBANI,BIHAR
2021-09-15 12:05:09.067 7613-7676/com.capitalfirst D/OkHttp: 27790,858204,BEGUSARAI,BIHAR
2021-09-15 12:05:09.067 7613-7676/com.capitalfirst D/OkHttp: 27791,863001,GOALPARA,ASSAM
2021-09-15 12:05:09.067 7613-7676/com.capitalfirst D/OkHttp: 27792,865101,SAMASTIPUR,BIHAR
2021-09-15 12:05:09.067 7613-7676/com.capitalfirst D/OkHttp: 27793,865102,SAMASTIPUR,BIHAR
2021-09-15 12:05:09.067 7613-7735/com.capitalfirst D/OkHttp: 27281,845503,MOTIHARI,BIHAR
2021-09-15 12:05:09.070 7613-7735/com.capitalfirst D/OkHttp: 27282,845504,MOTIHARI,BIHAR
2021-09-15 12:05:09.070 7613-7735/com.capitalfirst D/OkHttp: 27283,845505,MOTIHARI,BIHAR
2021-09-15 12:05:09.070 7613-7735/com.capitalfirst D/OkHttp: 27284,845506,MOTIHARI,BIHAR
2021-09-15 12:05:09.070 7613-7711/com.capitalfirst D/OkHttp: 26776,834009,RANCHI,JHARKHAND
2021-09-15 12:05:09.070 7613-7735/com.capitalfirst D/OkHttp: 27285,845507,MOTIHARI,BIHAR
2021-09-15 12:05:09.071 7613-7710/com.capitalfirst D/OkHttp: 22997,732104,ENGLISH BAZAR,WEST BENGAL
2021-09-15 12:05:09.071 7613-7710/com.capitalfirst D/OkHttp: 22998,732121,AIHO,WEST BENGAL
2021-09-15 12:05:09.071 7613-7710/com.capitalfirst D/OkHttp: 22999,732122,ENGLISH BAZAR,WEST BENGAL
2021-09-15 12:05:09.071 7613-7710/com.capitalfirst D/OkHttp: 23000,732123,ENGLISH BAZAR,WEST BENGAL
2021-09-15 12:05:09.071 7613-7710/com.capitalfirst D/OkHttp: 23001,732124,COOCH BEHAR,WEST BENGAL
2021-09-15 12:05:09.071 7613-7711/com.capitalfirst D/OkHttp: 26777,834010,RANCHI,JHARKHAND
2021-09-15 12:05:09.071 7613-7711/com.capitalfirst D/OkHttp: 26778,834011,RANCHI,JHARKHAND
2021-09-15 12:05:09.071 7613-7711/com.capitalfirst D/OkHttp: 26779,834012,RANCHI,JHARKHAND
2021-09-15 12:05:09.071 7613-7676/com.capitalfirst D/OkHttp: 27794,865106,SAMASTIPUR,BIHAR
2021-09-15 12:05:09.071 7613-7676/com.capitalfirst D/OkHttp: 27795,871335,ASANSOLE,WEST BENGAL
2021-09-15 12:05:09.071 7613-7676/com.capitalfirst D/OkHttp: 27796,875612,BOKAKHAT,ASSAM
2021-09-15 12:05:09.071 7613-7676/com.capitalfirst D/OkHttp: 27797,881101,BEGUSARAI,BIHAR
2021-09-15 12:05:09.071 7613-7710/com.capitalfirst D/OkHttp: 23002,732125,ENGLISH BAZAR,WEST BENGAL
2021-09-15 12:05:09.071 7613-7710/com.capitalfirst D/OkHttp: 23003,732126,ENGLISH BAZAR,WEST BENGAL
2021-09-15 12:05:09.072 7613-7710/com.capitalfirst D/OkHttp: 23004,732127,ENGLISH BAZAR,WEST BENGAL
2021-09-15 12:05:09.072 7613-7710/com.capitalfirst D/OkHttp: 23005,732128,ENGLISH BAZAR,WEST BENGAL
2021-09-15 12:05:09.072 7613-7710/com.capitalfirst D/OkHttp: 23006,732138,ENGLISH BAZAR,WEST BENGAL
2021-09-15 12:05:09.072 7613-7710/com.capitalfirst D/OkHttp: 23007,732139,ENGLISH BAZAR,WEST BENGAL
2021-09-15 12:05:09.073 7613-7735/com.capitalfirst D/OkHttp: 27286,845508,MOTIHARI,BIHAR
2021-09-15 12:05:09.073 7613-7735/com.capitalfirst D/OkHttp: 27287,845509,MOTIHARI,BIHAR
2021-09-15 12:05:09.073 7613-7735/com.capitalfirst D/OkHttp: 27288,845511,MOTIHARI,BIHAR
2021-09-15 12:05:09.073 7613-7735/com.capitalfirst D/OkHttp: 27289,845513,AKBARPUR,UTTAR PRADESH
2021-09-15 12:05:09.073 7613-7735/com.capitalfirst D/OkHttp: 27290,845514,MOTIHARI,BIHAR
2021-09-15 12:05:09.074 7613-7735/com.capitalfirst D/OkHttp: 27291,845515,MOTIHARI,BIHAR
2021-09-15 12:05:09.074 7613-7735/com.capitalfirst D/OkHttp: 27292,845516,MOTIHARI,BIHAR
2021-09-15 12:05:09.074 7613-7735/com.capitalfirst D/OkHttp: 27293,845517,MOTIHARI,BIHAR
2021-09-15 12:05:09.074 7613-7735/com.capitalfirst D/OkHttp: 27294,845518,MOTIHARI,BIHAR
2021-09-15 12:05:09.074 7613-7735/com.capitalfirst D/OkHttp: 27295,845519,MOTIHARI,BIHAR
2021-09-15 12:05:09.074 7613-7735/com.capitalfirst D/OkHttp: 27296,845520,MOTIHARI,BIHAR
2021-09-15 12:05:09.074 7613-7735/com.capitalfirst D/OkHttp: 27297,845521,MOTIHARI,BIHAR
2021-09-15 12:05:09.074 7613-7735/com.capitalfirst D/OkHttp: 27298,845522,MOTIHARI,BIHAR
2021-09-15 12:05:09.074 7613-7735/com.capitalfirst D/OkHttp: 27299,845523,MOTIHARI,BIHAR
2021-09-15 12:05:09.074 7613-7735/com.capitalfirst D/OkHttp: 27300,845524,MOTIHARI,BIHAR
2021-09-15 12:05:09.074 7613-7735/com.capitalfirst D/OkHttp: 27301,845525,MOTIHARI,BIHAR
2021-09-15 12:05:09.076 7613-7735/com.capitalfirst D/OkHttp: 27302,845950,BETIA,BIHAR
2021-09-15 12:05:09.077 7613-7735/com.capitalfirst D/OkHttp: 27303,846001,DARBHANGA,BIHAR
2021-09-15 12:05:09.078 7613-7735/com.capitalfirst D/OkHttp: 27304,846002,DARBHANGA,BIHAR
2021-09-15 12:05:09.078 7613-7735/com.capitalfirst D/OkHttp: 27305,846003,DARBHANGA,BIHAR
2021-09-15 12:05:09.078 7613-7735/com.capitalfirst D/OkHttp: 27306,846004,DARBHANGA,BIHAR
2021-09-15 12:05:09.078 7613-7735/com.capitalfirst D/OkHttp: 27307,846005,DARBHANGA,BIHAR
2021-09-15 12:05:09.078 7613-7710/com.capitalfirst D/OkHttp: 23008,732140,ENGLISH BAZAR,WEST BENGAL
2021-09-15 12:05:09.078 7613-7710/com.capitalfirst D/OkHttp: 23009,732141,ENGLISH BAZAR,WEST BENGAL
2021-09-15 12:05:09.078 7613-7710/com.capitalfirst D/OkHttp: 23010,732142,ENGLISH BAZAR,WEST BENGAL
2021-09-15 12:05:09.078 7613-7710/com.capitalfirst D/OkHttp: 23011,732143,ENGLISH BAZAR,WEST BENGAL
2021-09-15 12:05:09.078 7613-7710/com.capitalfirst D/OkHttp: 23012,732144,MALDA,WEST BENGAL
2021-09-15 12:05:09.078 7613-7710/com.capitalfirst D/OkHttp: 23013,732145,ENGLISH BAZAR,WEST BENGAL
2021-09-15 12:05:09.078 7613-7710/com.capitalfirst D/OkHttp: 23014,732146,ENGLISH BAZAR,WEST BENGAL
2021-09-15 12:05:09.078 7613-7710/com.capitalfirst D/OkHttp: 23015,732147,ENGLISH BAZAR,WEST BENGAL
2021-09-15 12:05:09.078 7613-7710/com.capitalfirst D/OkHttp: 23016,732148,ENGLISH BAZAR,WEST BENGAL
2021-09-15 12:05:09.079 7613-7710/com.capitalfirst D/OkHttp: 23017,732149,ENGLISH BAZAR,WEST BENGAL
2021-09-15 12:05:09.079 7613-7710/com.capitalfirst D/OkHttp: 23018,732150,ENGLISH BAZAR,WEST BENGAL
2021-09-15 12:05:09.079 7613-7710/com.capitalfirst D/OkHttp: 23019,732151,ENGLISH BAZAR,WEST BENGAL
2021-09-15 12:05:09.079 7613-7710/com.capitalfirst D/OkHttp: 23020,732152,ENGLISH BAZAR,WEST BENGAL
2021-09-15 12:05:09.079 7613-7710/com.capitalfirst D/OkHttp: 23021,732153,ENGLISH BAZAR,WEST BENGAL
2021-09-15 12:05:09.079 7613-7710/com.capitalfirst D/OkHttp: 23022,732154,ENGLISH BAZAR,WEST BENGAL
2021-09-15 12:05:09.079 7613-7710/com.capitalfirst D/OkHttp: 23023,732155,ENGLISH BAZAR,WEST BENGAL
2021-09-15 12:05:09.079 7613-7710/com.capitalfirst D/OkHttp: 23024,732156,ENGLISH BAZAR,WEST BENGAL
2021-09-15 12:05:09.079 7613-7710/com.capitalfirst D/OkHttp: 23025,732157,ENGLISH BAZAR,WEST BENGAL
2021-09-15 12:05:09.079 7613-7710/com.capitalfirst D/OkHttp: 23026,732158,ENGLISH BAZAR,WEST BENGAL
2021-09-15 12:05:09.079 7613-7710/com.capitalfirst D/OkHttp: 23027,732159,ENGLISH BAZAR,WEST BENGAL
2021-09-15 12:05:09.079 7613-7710/com.capitalfirst D/OkHttp: 23028,732160,ENGLISH BAZAR,WEST BENGAL
2021-09-15 12:05:09.080 7613-7710/com.capitalfirst D/OkHttp: 23029,732161,ENGLISH BAZAR,WEST BENGAL
2021-09-15 12:05:09.080 7613-7710/com.capitalfirst D/OkHttp: 23030,732162,ENGLISH BAZAR,WEST BENGAL
2021-09-15 12:05:09.080 7613-7710/com.capitalfirst D/OkHttp: 23031,732163,ENGLISH BAZAR,WEST BENGAL
2021-09-15 12:05:09.080 7613-7710/com.capitalfirst D/OkHttp: 23032,732201,ENGLISH BAZAR,WEST BENGAL
2021-09-15 12:05:09.080 7613-7710/com.capitalfirst D/OkHttp: 23033,732202,ENGLISH BAZAR,WEST BENGAL
2021-09-15 12:05:09.080 7613-7710/com.capitalfirst D/OkHttp: 23034,732203,ENGLISH BAZAR,WEST BENGAL
2021-09-15 12:05:09.080 7613-7710/com.capitalfirst D/OkHttp: 23035,732204,ENGLISH BAZAR,WEST BENGAL
2021-09-15 12:05:09.081 7613-7710/com.capitalfirst D/OkHttp: 23036,732205,ENGLISH BAZAR,WEST BENGAL
2021-09-15 12:05:09.081 7613-7710/com.capitalfirst D/OkHttp: 23037,732206,ENGLISH BAZAR,WEST BENGAL
2021-09-15 12:05:09.081 7613-7710/com.capitalfirst D/OkHttp: 23038,732207,ENGLISH BAZAR,WEST BENGAL
2021-09-15 12:05:09.081 7613-7710/com.capitalfirst D/OkHttp: 23039,732208,ENGLISH BAZAR,WEST BENGAL
2021-09-15 12:05:09.081 7613-7710/com.capitalfirst D/OkHttp: 23040,732209,ENGLISH BAZAR,WEST BENGAL
2021-09-15 12:05:09.081 7613-7710/com.capitalfirst D/OkHttp: 23041,732210,ENGLISH BAZAR,WEST BENGAL
2021-09-15 12:05:09.081 7613-7710/com.capitalfirst D/OkHttp: 23042,732211,ENGLISH BAZAR,WEST BENGAL
2021-09-15 12:05:09.081 7613-7710/com.capitalfirst D/OkHttp: 23043,732212,ENGLISH BAZAR,WEST BENGAL
2021-09-15 12:05:09.081 7613-7710/com.capitalfirst D/OkHttp: 23044,732213,ENGLISH BAZAR,WEST BENGAL
2021-09-15 12:05:09.081 7613-7710/com.capitalfirst D/OkHttp: 23045,732214,ENGLISH BAZAR,WEST BENGAL
2021-09-15 12:05:09.081 7613-7710/com.capitalfirst D/OkHttp: 23046,732215,ENGLISH BAZAR,WEST BENGAL
2021-09-15 12:05:09.081 7613-7710/com.capitalfirst D/OkHttp: 23047,732216,MALDA,WEST BENGAL
2021-09-15 12:05:09.082 7613-7710/com.capitalfirst D/OkHttp: 23048,733006,SILIGURI,WEST BENGAL
2021-09-15 12:05:09.082 7613-7710/com.capitalfirst D/OkHttp: 23049,733101,WEST DINAJPUR,WEST BENGAL
2021-09-15 12:05:09.082 7613-7710/com.capitalfirst D/OkHttp: 23050,733102,WEST DINAJPUR,WEST BENGAL
2021-09-15 12:05:09.082 7613-7710/com.capitalfirst D/OkHttp: 23051,733103,WEST DINAJPUR,WEST BENGAL
2021-09-15 12:05:09.082 7613-7710/com.capitalfirst D/OkHttp: 23052,733121,WEST DINAJPUR,WEST BENGAL
2021-09-15 12:05:09.082 7613-7710/com.capitalfirst D/OkHttp: 23053,733123,WEST DINAJPUR,WEST BENGAL
2021-09-15 12:05:09.082 7613-7710/com.capitalfirst D/OkHttp: 23054,733124,GANGARAMPUR,WEST BENGAL
2021-09-15 12:05:09.082 7613-7710/com.capitalfirst D/OkHttp: 23055,733125,BALURGHAT,WEST BENGAL
2021-09-15 12:05:09.082 7613-7710/com.capitalfirst D/OkHttp: 23056,733126,WEST DINAJPUR,WEST BENGAL
2021-09-15 12:05:09.082 7613-7710/com.capitalfirst D/OkHttp: 23057,733127,BALURGHAT,WEST BENGAL
2021-09-15 12:05:09.082 7613-7710/com.capitalfirst D/OkHttp: 23058,733128,WEST DINAJPUR,WEST BENGAL
2021-09-15 12:05:09.083 7613-7710/com.capitalfirst D/OkHttp: 23059,733129,WEST DINAJPUR,WEST BENGAL
2021-09-15 12:05:09.083 7613-7710/com.capitalfirst D/OkHttp: 23060,733130,WEST DINAJPUR,WEST BENGAL
2021-09-15 12:05:09.083 7613-7710/com.capitalfirst D/OkHttp: 23061,733131,WEST DINAJPUR,WEST BENGAL
2021-09-15 12:05:09.083 7613-7710/com.capitalfirst D/OkHttp: 23062,733132,WEST DINAJPUR,WEST BENGAL
2021-09-15 12:05:09.083 7613-7710/com.capitalfirst D/OkHttp: 23063,733133,WEST DINAJPUR,WEST BENGAL
2021-09-15 12:05:09.083 7613-7710/com.capitalfirst D/OkHttp: 23064,733134,RAIGANJ,WEST BENGAL
2021-09-15 12:05:09.083 7613-7710/com.capitalfirst D/OkHttp: 23065,733140,WEST DINAJPUR,WEST BENGAL
2021-09-15 12:05:09.083 7613-7710/com.capitalfirst D/OkHttp: 23066,733141,WEST DINAJPUR,WEST BENGAL
2021-09-15 12:05:09.083 7613-7710/com.capitalfirst D/OkHttp: 23067,733142,WEST DINAJPUR,WEST BENGAL
2021-09-15 12:05:09.083 7613-7710/com.capitalfirst D/OkHttp: 23068,733143,NORTH DINAJPUR,WEST BENGAL
2021-09-15 12:05:09.083 7613-7710/com.capitalfirst D/OkHttp: 23069,733144,WEST DINAJPUR,WEST BENGAL
2021-09-15 12:05:09.083 7613-7710/com.capitalfirst D/OkHttp: 23070,733145,WEST DINAJPUR,WEST BENGAL
2021-09-15 12:05:09.083 7613-7710/com.capitalfirst D/OkHttp: 23071,733146,WEST DINAJPUR,WEST BENGAL
2021-09-15 12:05:09.090 7613-7735/com.capitalfirst D/OkHttp: 27308,846006,DARBHANGA,BIHAR
2021-09-15 12:05:09.096 7613-7735/com.capitalfirst D/OkHttp: 27309,846007,DARBHANGA,BIHAR
2021-09-15 12:05:09.096 7613-7735/com.capitalfirst D/OkHttp: 27310,846008,DARBHANGA,BIHAR
2021-09-15 12:05:09.096 7613-7735/com.capitalfirst D/OkHttp: 27311,846009,DARBHANGA,BIHAR
2021-09-15 12:05:09.096 7613-7735/com.capitalfirst D/OkHttp: 27312,847101,DARBHANGA,BIHAR
2021-09-15 12:05:09.096 7613-7735/com.capitalfirst D/OkHttp: 27313,847102,MADHUBANI,BIHAR
2021-09-15 12:05:09.096 7613-7735/com.capitalfirst D/OkHttp: 27314,847103,DARBHANGA,BIHAR
2021-09-15 12:05:09.096 7613-7735/com.capitalfirst D/OkHttp: 27315,847104,DARBHANGA,BIHAR
2021-09-15 12:05:09.097 7613-7735/com.capitalfirst D/OkHttp: 27316,847105,SAMASTIPUR,BIHAR
2021-09-15 12:05:09.097 7613-7735/com.capitalfirst D/OkHttp: 27317,847106,DARBHANGA,BIHAR
2021-09-15 12:05:09.097 7613-7735/com.capitalfirst D/OkHttp: 27318,847107,MUZAFFARPUR,BIHAR
2021-09-15 12:05:09.097 7613-7735/com.capitalfirst D/OkHttp: 27319,847108,DARBHANGA,BIHAR
2021-09-15 12:05:09.097 7613-7735/com.capitalfirst D/OkHttp: 27320,847109,DARBHANGA,BIHAR
2021-09-15 12:05:09.097 7613-7735/com.capitalfirst D/OkHttp: 27321,847110,DARBHANGA,BIHAR
2021-09-15 12:05:09.097 7613-7735/com.capitalfirst D/OkHttp: 27322,847111,DARBHANGA,BIHAR
2021-09-15 12:05:09.098 7613-7735/com.capitalfirst D/OkHttp: 27323,847112,DARBHANGA,BIHAR
2021-09-15 12:05:09.098 7613-7735/com.capitalfirst D/OkHttp: 27324,847113,DARBHANGA,BIHAR
2021-09-15 12:05:09.098 7613-7735/com.capitalfirst D/OkHttp: 27325,847114,DARBHANGA,BIHAR
2021-09-15 12:05:09.098 7613-7735/com.capitalfirst D/OkHttp: 27326,847115,DARBHANGA,BIHAR
2021-09-15 12:05:09.098 7613-7735/com.capitalfirst D/OkHttp: 27327,847116,DARBHANGA,BIHAR
2021-09-15 12:05:09.098 7613-7735/com.capitalfirst D/OkHttp: 27328,847117,DARBHANGA,BIHAR
2021-09-15 12:05:09.098 7613-7735/com.capitalfirst D/OkHttp: 27329,847118,DARBHANGA,BIHAR
2021-09-15 12:05:09.098 7613-7735/com.capitalfirst D/OkHttp: 27330,847119,DARBHANGA,BIHAR
2021-09-15 12:05:09.098 7613-7735/com.capitalfirst D/OkHttp: 27331,847120,DARBHANGA,BIHAR
2021-09-15 12:05:09.098 7613-7735/com.capitalfirst D/OkHttp: 27332,847121,DARBHANGA,BIHAR
2021-09-15 12:05:09.098 7613-7735/com.capitalfirst D/OkHttp: 27333,847122,BUXAR,BIHAR
2021-09-15 12:05:09.098 7613-7735/com.capitalfirst D/OkHttp: 27334,847123,DARBHANGA,BIHAR
2021-09-15 12:05:09.098 7613-7735/com.capitalfirst D/OkHttp: 27335,847124,DARBHANGA,BIHAR
2021-09-15 12:05:09.098 7613-7735/com.capitalfirst D/OkHttp: 27336,847125,DARBHANGA,BIHAR
2021-09-15 12:05:09.099 7613-7735/com.capitalfirst D/OkHttp: 27337,847126,DARBHANGA,BIHAR
2021-09-15 12:05:09.099 7613-7735/com.capitalfirst D/OkHttp: 27338,847201,MADHUBANI,BIHAR
2021-09-15 12:05:09.099 7613-7735/com.capitalfirst D/OkHttp: 27339,847202,DARBHANGA,BIHAR
2021-09-15 12:05:09.099 7613-7735/com.capitalfirst D/OkHttp: 27340,847203,DARBHANGA,BIHAR
2021-09-15 12:05:09.099 7613-7735/com.capitalfirst D/OkHttp: 27341,847204,DARBHANGA,BIHAR
2021-09-15 12:05:09.099 7613-7735/com.capitalfirst D/OkHttp: 27342,847205,DARBHANGA,BIHAR
2021-09-15 12:05:09.099 7613-7735/com.capitalfirst D/OkHttp: 27343,847211,MADHUBANI,BIHAR
2021-09-15 12:05:09.099 7613-7735/com.capitalfirst D/OkHttp: 27344,847212,MADHUBANI,BIHAR
2021-09-15 12:05:09.099 7613-7735/com.capitalfirst D/OkHttp: 27345,847213,MADHUBANI,BIHAR
2021-09-15 12:05:09.099 7613-7735/com.capitalfirst D/OkHttp: 27346,847214,MADHUBANI,BIHAR
2021-09-15 12:05:09.100 7613-7676/com.capitalfirst D/OkHttp: 27798,888301,DHANBAD,JHARKHAND
2021-09-15 12:05:09.100 7613-7676/com.capitalfirst D/OkHttp: 27799,888304,DHANBAD,JHARKHAND
2021-09-15 12:05:09.100 7613-7676/com.capitalfirst D/OkHttp: 27800,896463,NAVSARI,GUJARAT
2021-09-15 12:05:09.100 7613-7676/com.capitalfirst D/OkHttp: 27801,906848,TENGA MARKET,ARUNACHAL PRADESH
2021-09-15 12:05:09.100 7613-7676/com.capitalfirst D/OkHttp: 27802,913371,BARDHAMAN,WEST BENGAL
2021-09-15 12:05:09.100 7613-7676/com.capitalfirst D/OkHttp: 27803,925409,KODARMA,JHARKHAND
2021-09-15 12:05:09.100 7613-7676/com.capitalfirst D/OkHttp: 27804,932560,AHMEDABAD,GUJARAT
2021-09-15 12:05:09.100 7613-7676/com.capitalfirst D/OkHttp: 27805,978411,DHEKIAJULI,ASSAM
2021-09-15 12:05:09.100 7613-7676/com.capitalfirst D/OkHttp: 27806,638153,Erode,TAMIL NADU
2021-09-15 12:05:09.100 7613-7676/com.capitalfirst D/OkHttp: 27807,141007,LUDHIANA,Punjab
2021-09-15 12:05:09.100 7613-7676/com.capitalfirst D/OkHttp: <-- END HTTP (899171-byte body)
2021-09-15 12:05:09.101 7613-7711/com.capitalfirst D/OkHttp: 26780,834017,KANKE,JHARKHAND
2021-09-15 12:05:09.101 7613-7711/com.capitalfirst D/OkHttp: 26781,834088,KANKE,JHARKHAND
2021-09-15 12:05:09.101 7613-7711/com.capitalfirst D/OkHttp: 26782,834108,MUZAFFARPUR,BIHAR
2021-09-15 12:05:09.101 7613-7711/com.capitalfirst D/OkHttp: 26783,834110,GOALPARA,ASSAM
2021-09-15 12:05:09.101 7613-7711/com.capitalfirst D/OkHttp: 26784,835101,RANCHI,JHARKHAND
2021-09-15 12:05:09.101 7613-7711/com.capitalfirst D/OkHttp: 26785,835102,RANCHI,JHARKHAND
2021-09-15 12:05:09.102 7613-7711/com.capitalfirst D/OkHttp: 26786,835103,RANCHI,JHARKHAND
2021-09-15 12:05:09.102 7613-7711/com.capitalfirst D/OkHttp: 26787,835104,BERMO,JHARKHAND
2021-09-15 12:05:09.102 7613-7711/com.capitalfirst D/OkHttp: 26788,835201,BOKARO,JHARKHAND
2021-09-15 12:05:09.102 7613-7711/com.capitalfirst D/OkHttp: 26789,835202,RANCHI,JHARKHAND
2021-09-15 12:05:09.102 7613-7711/com.capitalfirst D/OkHttp: 26790,835203,GUMLA,JHARKHAND
2021-09-15 12:05:09.102 7613-7711/com.capitalfirst D/OkHttp: 26791,835204,RANCHI,JHARKHAND
2021-09-15 12:05:09.102 7613-7711/com.capitalfirst D/OkHttp: 26792,835205,RANCHI,JHARKHAND
2021-09-15 12:05:09.102 7613-7711/com.capitalfirst D/OkHttp: 26793,835206,RANCHI,JHARKHAND
2021-09-15 12:05:09.103 7613-7711/com.capitalfirst D/OkHttp: 26794,835207,GUMLA,JHARKHAND
2021-09-15 12:05:09.103 7613-7711/com.capitalfirst D/OkHttp: 26795,835208,GUMLA,JHARKHAND
2021-09-15 12:05:09.103 7613-7711/com.capitalfirst D/OkHttp: 26796,835209,RANCHI,JHARKHAND
2021-09-15 12:05:09.103 7613-7711/com.capitalfirst D/OkHttp: 26797,835210,RANCHI,JHARKHAND
2021-09-15 12:05:09.103 7613-7711/com.capitalfirst D/OkHttp: 26798,835211,GUMLA,JHARKHAND
2021-09-15 12:05:09.103 7613-7711/com.capitalfirst D/OkHttp: 26799,835212,GUMLA,JHARKHAND
2021-09-15 12:05:09.104 7613-7711/com.capitalfirst D/OkHttp: 26800,835213,LOHARDAGA,JHARKHAND
2021-09-15 12:05:09.104 7613-7711/com.capitalfirst D/OkHttp: 26801,835214,RANCHI,JHARKHAND
2021-09-15 12:05:09.104 7613-7711/com.capitalfirst D/OkHttp: 26802,835215,RANCHI,JHARKHAND
2021-09-15 12:05:09.104 7613-7711/com.capitalfirst D/OkHttp: 26803,835216,RANCHI,JHARKHAND
2021-09-15 12:05:09.104 7613-7711/com.capitalfirst D/OkHttp: 26804,835217,RANCHI,JHARKHAND
2021-09-15 12:05:09.104 7613-7711/com.capitalfirst D/OkHttp: 26805,835218,LOHARDAGA,JHARKHAND
2021-09-15 12:05:09.104 7613-7711/com.capitalfirst D/OkHttp: 26806,835219,RANCHI,JHARKHAND
2021-09-15 12:05:09.104 7613-7711/com.capitalfirst D/OkHttp: 26807,835220,GUMLA,JHARKHAND
2021-09-15 12:05:09.104 7613-7711/com.capitalfirst D/OkHttp: 26808,835221,RANCHI,JHARKHAND
2021-09-15 12:05:09.104 7613-7711/com.capitalfirst D/OkHttp: 26809,835222,RANCHI,JHARKHAND
2021-09-15 12:05:09.104 7613-7711/com.capitalfirst D/OkHttp: 26810,835223,SIMDEGA,JHARKHAND
2021-09-15 12:05:09.106 7613-7711/com.capitalfirst D/OkHttp: 26811,835224,GUMLA,JHARKHAND
2021-09-15 12:05:09.115 7613-7711/com.capitalfirst D/OkHttp: 26812,835225,RANCHI,JHARKHAND
2021-09-15 12:05:09.115 7613-7711/com.capitalfirst D/OkHttp: 26813,835226,GUMLA,JHARKHAND
2021-09-15 12:05:09.115 7613-7711/com.capitalfirst D/OkHttp: 26814,835227,RANCHI,JHARKHAND
2021-09-15 12:05:09.115 7613-7711/com.capitalfirst D/OkHttp: 26815,835228,GUMLA,JHARKHAND
2021-09-15 12:05:09.115 7613-7711/com.capitalfirst D/OkHttp: 26816,835229,GUMLA,JHARKHAND
2021-09-15 12:05:09.115 7613-7711/com.capitalfirst D/OkHttp: 26817,835230,GUMLA,JHARKHAND
2021-09-15 12:05:09.115 7613-7711/com.capitalfirst D/OkHttp: 26818,835231,GUMLA,JHARKHAND
2021-09-15 12:05:09.115 7613-7711/com.capitalfirst D/OkHttp: 26819,835232,GUMLA,JHARKHAND
2021-09-15 12:05:09.115 7613-7711/com.capitalfirst D/OkHttp: 26820,835233,GUMLA,JHARKHAND
2021-09-15 12:05:09.115 7613-7711/com.capitalfirst D/OkHttp: 26821,835234,RANCHI,JHARKHAND
2021-09-15 12:05:09.116 7613-7711/com.capitalfirst D/OkHttp: 26822,835235,RANCHI,JHARKHAND
2021-09-15 12:05:09.116 7613-7711/com.capitalfirst D/OkHttp: 26823,835236,RANCHI,JHARKHAND
2021-09-15 12:05:09.116 7613-7711/com.capitalfirst D/OkHttp: 26824,835238,RANCHI,JHARKHAND
2021-09-15 12:05:09.116 7613-7711/com.capitalfirst D/OkHttp: 26825,835239,RANCHI,JHARKHAND
2021-09-15 12:05:09.116 7613-7711/com.capitalfirst D/OkHttp: 26826,835240,RANCHI,JHARKHAND
2021-09-15 12:05:09.116 7613-7711/com.capitalfirst D/OkHttp: 26827,835242,GUMLA,JHARKHAND
2021-09-15 12:05:09.116 7613-7711/com.capitalfirst D/OkHttp: 26828,835244,RANCHI,JHARKHAND
2021-09-15 12:05:09.116 7613-7711/com.capitalfirst D/OkHttp: 26829,835301,RANCHI,JHARKHAND
2021-09-15 12:05:09.116 7613-7711/com.capitalfirst D/OkHttp: 26830,835302,LOHARDAGA,JHARKHAND
2021-09-15 12:05:09.116 7613-7711/com.capitalfirst D/OkHttp: 26831,835303,RANCHI,JHARKHAND
2021-09-15 12:05:09.116 7613-7711/com.capitalfirst D/OkHttp: 26832,835304,LOHARDAGA,JHARKHAND
2021-09-15 12:05:09.117 7613-7711/com.capitalfirst D/OkHttp: 26833,835305,LOHARDAGA,JHARKHAND
2021-09-15 12:05:09.117 7613-7711/com.capitalfirst D/OkHttp: 26834,835306,LOHARDAGA,JHARKHAND
2021-09-15 12:05:09.117 7613-7711/com.capitalfirst D/OkHttp: 26835,835317,KODERMA,JHARKHAND
2021-09-15 12:05:09.117 7613-7711/com.capitalfirst D/OkHttp: 26836,835324,KANKE,JHARKHAND
2021-09-15 12:05:09.118 7613-7711/com.capitalfirst D/OkHttp: 26837,835325,RANCHI,JHARKHAND
2021-09-15 12:05:09.118 7613-7711/com.capitalfirst D/OkHttp: 26838,836001,DHANBAD,JHARKHAND
2021-09-15 12:05:09.118 7613-7711/com.capitalfirst D/OkHttp: 26839,840003,DARBHANGA,BIHAR
2021-09-15 12:05:09.118 7613-7711/com.capitalfirst D/OkHttp: 26840,840301,SARAN,BIHAR
2021-09-15 12:05:09.118 7613-7711/com.capitalfirst D/OkHttp: 26841,841101,SARAN,BIHAR
2021-09-15 12:05:09.118 7613-7711/com.capitalfirst D/OkHttp: 26842,841105,SARAN,BIHAR
2021-09-15 12:05:09.118 7613-7711/com.capitalfirst D/OkHttp: 26843,841201,SARAN,BIHAR
2021-09-15 12:05:09.118 7613-7711/com.capitalfirst D/OkHttp: 26844,841202,SARAN,BIHAR
2021-09-15 12:05:09.118 7613-7711/com.capitalfirst D/OkHttp: 26845,841203,GOPALGANJ,BIHAR
2021-09-15 12:05:09.118 7613-7711/com.capitalfirst D/OkHttp: 26846,841204,SARAN,BIHAR
2021-09-15 12:05:09.118 7613-7711/com.capitalfirst D/OkHttp: 26847,841205,SARAN,BIHAR
2021-09-15 12:05:09.118 7613-7711/com.capitalfirst D/OkHttp: 26848,841206,SARAN,BIHAR
2021-09-15 12:05:09.118 7613-7711/com.capitalfirst D/OkHttp: 26849,841207,SARAN,BIHAR
2021-09-15 12:05:09.118 7613-7711/com.capitalfirst D/OkHttp: 26850,841208,SARAN,BIHAR
2021-09-15 12:05:09.118 7613-7711/com.capitalfirst D/OkHttp: 26851,841209,SARAN,BIHAR
2021-09-15 12:05:09.118 7613-7711/com.capitalfirst D/OkHttp: 26852,841210,SIWAN,BIHAR
2021-09-15 12:05:09.118 7613-7711/com.capitalfirst D/OkHttp: 26853,841211,SARAN,BIHAR
2021-09-15 12:05:09.118 7613-7711/com.capitalfirst D/OkHttp: 26854,841212,SARAN,BIHAR
2021-09-15 12:05:09.118 7613-7711/com.capitalfirst D/OkHttp: 26855,841213,SARAN,BIHAR
2021-09-15 12:05:09.119 7613-7711/com.capitalfirst D/OkHttp: 26856,841214,SARAN,BIHAR
2021-09-15 12:05:09.119 7613-7711/com.capitalfirst D/OkHttp: 26857,841215,SARAN,BIHAR
2021-09-15 12:05:09.119 7613-7711/com.capitalfirst D/OkHttp: 26858,841216,SARAN,BIHAR
2021-09-15 12:05:09.119 7613-7711/com.capitalfirst D/OkHttp: 26859,841217,SARAN,BIHAR
2021-09-15 12:05:09.119 7613-7711/com.capitalfirst D/OkHttp: 26860,841218,SARAN,BIHAR
2021-09-15 12:05:09.119 7613-7711/com.capitalfirst D/OkHttp: 26861,841219,SARAN,BIHAR
2021-09-15 12:05:09.119 7613-7711/com.capitalfirst D/OkHttp: 26862,841220,SARAN,BIHAR
2021-09-15 12:05:09.119 7613-7711/com.capitalfirst D/OkHttp: 26863,841221,SARAN,BIHAR
2021-09-15 12:05:09.119 7613-7711/com.capitalfirst D/OkHttp: 26864,841222,SARAN,BIHAR
2021-09-15 12:05:09.119 7613-7711/com.capitalfirst D/OkHttp: 26865,841223,SARAN,BIHAR
2021-09-15 12:05:09.119 7613-7711/com.capitalfirst D/OkHttp: 26866,841224,SARAN,BIHAR
2021-09-15 12:05:09.119 7613-7711/com.capitalfirst D/OkHttp: 26867,841225,SARAN,BIHAR
2021-09-15 12:05:09.119 7613-7711/com.capitalfirst D/OkHttp: 26868,841226,SIWAN,BIHAR
2021-09-15 12:05:09.133 7613-7711/com.capitalfirst D/OkHttp: 26869,841227,SIWAN,BIHAR
2021-09-15 12:05:09.134 7613-7735/com.capitalfirst D/OkHttp: 27347,847215,MADHUBANI,BIHAR
2021-09-15 12:05:09.134 7613-7735/com.capitalfirst D/OkHttp: 27348,847222,MADHUBANI,BIHAR
2021-09-15 12:05:09.134 7613-7735/com.capitalfirst D/OkHttp: 27349,847223,MADHUBANI,BIHAR
2021-09-15 12:05:09.134 7613-7735/com.capitalfirst D/OkHttp: 27350,847224,MADHUBANI,BIHAR
2021-09-15 12:05:09.134 7613-7735/com.capitalfirst D/OkHttp: 27351,847225,MADHUBANI,BIHAR
2021-09-15 12:05:09.134 7613-7735/com.capitalfirst D/OkHttp: 27352,847226,MADHUBANI,BIHAR
2021-09-15 12:05:09.134 7613-7735/com.capitalfirst D/OkHttp: 27353,847227,MADHUBANI,BIHAR
2021-09-15 12:05:09.134 7613-7735/com.capitalfirst D/OkHttp: 27354,847228,MADHUBANI,BIHAR
2021-09-15 12:05:09.134 7613-7710/com.capitalfirst D/OkHttp: 23072,733147,WEST DINAJPUR,WEST BENGAL
2021-09-15 12:05:09.135 7613-7710/com.capitalfirst D/OkHttp: 23073,733148,WEST DINAJPUR,WEST BENGAL
2021-09-15 12:05:09.135 7613-7710/com.capitalfirst D/OkHttp: 23074,733149,WEST DINAJPUR,WEST BENGAL
2021-09-15 12:05:09.136 7613-7710/com.capitalfirst D/OkHttp: 23075,733150,WEST DINAJPUR,WEST BENGAL
2021-09-15 12:05:09.136 7613-7710/com.capitalfirst D/OkHttp: 23076,733151,WEST DINAJPUR,WEST BENGAL
2021-09-15 12:05:09.136 7613-7710/com.capitalfirst D/OkHttp: 23077,733153,WEST DINAJPUR,WEST BENGAL
2021-09-15 12:05:09.136 7613-7710/com.capitalfirst D/OkHttp: 23078,733154,WEST DINAJPUR,WEST BENGAL
2021-09-15 12:05:09.136 7613-7710/com.capitalfirst D/OkHttp: 23079,733156,WEST DINAJPUR,WEST BENGAL
2021-09-15 12:05:09.136 7613-7710/com.capitalfirst D/OkHttp: 23080,733157,WEST DINAJPUR,WEST BENGAL
2021-09-15 12:05:09.136 7613-7710/com.capitalfirst D/OkHttp: 23081,733201,WEST DINAJPUR,WEST BENGAL
2021-09-15 12:05:09.136 7613-7710/com.capitalfirst D/OkHttp: 23082,733202,ISLAMPUR,WEST BENGAL
2021-09-15 12:05:09.136 7613-7710/com.capitalfirst D/OkHttp: 23083,733207,WEST DINAJPUR,WEST BENGAL
2021-09-15 12:05:09.137 7613-7710/com.capitalfirst D/OkHttp: 23084,733208,WEST DINAJPUR,WEST BENGAL
2021-09-15 12:05:09.137 7613-7710/com.capitalfirst D/OkHttp: 23085,733209,WEST DINAJPUR,WEST BENGAL
2021-09-15 12:05:09.137 7613-7710/com.capitalfirst D/OkHttp: 23086,733210,WEST DINAJPUR,WEST BENGAL
2021-09-15 12:05:09.137 7613-7710/com.capitalfirst D/OkHttp: 23087,733211,WEST DINAJPUR,WEST BENGAL
2021-09-15 12:05:09.137 7613-7710/com.capitalfirst D/OkHttp: 23088,733212,WEST DINAJPUR,WEST BENGAL
2021-09-15 12:05:09.137 7613-7710/com.capitalfirst D/OkHttp: 23089,733213,WEST DINAJPUR,WEST BENGAL
2021-09-15 12:05:09.137 7613-7710/com.capitalfirst D/OkHttp: 23090,733214,WEST DINAJPUR,WEST BENGAL
2021-09-15 12:05:09.137 7613-7710/com.capitalfirst D/OkHttp: 23091,733215,WEST DINAJPUR,WEST BENGAL
2021-09-15 12:05:09.137 7613-7710/com.capitalfirst D/OkHttp: 23092,733216,WEST DINAJPUR,WEST BENGAL
2021-09-15 12:05:09.137 7613-7710/com.capitalfirst D/OkHttp: 23093,733302,DURGAPUR,WEST BENGAL
2021-09-15 12:05:09.137 7613-7711/com.capitalfirst D/OkHttp: 26870,841231,SIWAN,BIHAR
2021-09-15 12:05:09.138 7613-7711/com.capitalfirst D/OkHttp: 26871,841232,SIWAN,BIHAR
2021-09-15 12:05:09.141 7613-7711/com.capitalfirst D/OkHttp: 26872,841233,SIWAN,BIHAR
2021-09-15 12:05:09.145 7613-7711/com.capitalfirst D/OkHttp: 26873,841234,SARAN,BIHAR
2021-09-15 12:05:09.145 7613-7711/com.capitalfirst D/OkHttp: 26874,841235,SARAN,BIHAR
2021-09-15 12:05:09.145 7613-7711/com.capitalfirst D/OkHttp: 26875,841236,SIWAN,BIHAR
2021-09-15 12:05:09.145 7613-7711/com.capitalfirst D/OkHttp: 26876,841237,SIWAN,BIHAR
2021-09-15 12:05:09.145 7613-7711/com.capitalfirst D/OkHttp: 26877,841238,SIWAN,BIHAR
2021-09-15 12:05:09.145 7613-7711/com.capitalfirst D/OkHttp: 26878,841239,SARAN,BIHAR
2021-09-15 12:05:09.145 7613-7711/com.capitalfirst D/OkHttp: 26879,841240,SARAN,BIHAR
2021-09-15 12:05:09.145 7613-7711/com.capitalfirst D/OkHttp: 26880,841241,SIWAN,BIHAR
2021-09-15 12:05:09.145 7613-7711/com.capitalfirst D/OkHttp: 26881,841242,SARAN,BIHAR
2021-09-15 12:05:09.145 7613-7711/com.capitalfirst D/OkHttp: 26882,841243,SIWAN,BIHAR
2021-09-15 12:05:09.145 7613-7711/com.capitalfirst D/OkHttp: 26883,841244,SARAN,BIHAR
2021-09-15 12:05:09.145 7613-7711/com.capitalfirst D/OkHttp: 26884,841245,SIWAN,BIHAR
2021-09-15 12:05:09.145 7613-7711/com.capitalfirst D/OkHttp: 26885,841246,SARAN,BIHAR
2021-09-15 12:05:09.145 7613-7711/com.capitalfirst D/OkHttp: 26886,841247,SARAN,BIHAR
2021-09-15 12:05:09.149 7613-7711/com.capitalfirst D/OkHttp: 26887,841248,SARAN,BIHAR
2021-09-15 12:05:09.153 7613-7735/com.capitalfirst D/OkHttp: 27355,847229,MADHUBANI,BIHAR
2021-09-15 12:05:09.153 7613-7735/com.capitalfirst D/OkHttp: 27356,847230,MADHUBANI,BIHAR
2021-09-15 12:05:09.154 7613-7735/com.capitalfirst D/OkHttp: 27357,847231,MADHUBANI,BIHAR
2021-09-15 12:05:09.154 7613-7735/com.capitalfirst D/OkHttp: 27358,847232,MADHUBANI,BIHAR
2021-09-15 12:05:09.154 7613-7735/com.capitalfirst D/OkHttp: 27359,847233,MADHUBANI,BIHAR
2021-09-15 12:05:09.154 7613-7735/com.capitalfirst D/OkHttp: 27360,847234,MADHUBANI,BIHAR
2021-09-15 12:05:09.154 7613-7735/com.capitalfirst D/OkHttp: 27361,847235,MADHUBANI,BIHAR
2021-09-15 12:05:09.155 7613-7735/com.capitalfirst D/OkHttp: 27362,847236,MADHUBANI,BIHAR
2021-09-15 12:05:09.155 7613-7735/com.capitalfirst D/OkHttp: 27363,847237,MADHUBANI,BIHAR
2021-09-15 12:05:09.155 7613-7735/com.capitalfirst D/OkHttp: 27364,847238,MADHUBANI,BIHAR
2021-09-15 12:05:09.155 7613-7735/com.capitalfirst D/OkHttp: 27365,847239,MADHUBANI,BIHAR
2021-09-15 12:05:09.156 7613-7735/com.capitalfirst D/OkHttp: 27366,847240,BIRPUR,BIHAR
2021-09-15 12:05:09.165 7613-7735/com.capitalfirst D/OkHttp: 27367,847241,MADHUBANI,BIHAR
2021-09-15 12:05:09.170 7613-7710/com.capitalfirst D/OkHttp: 23094,733613,24 PARGANAS,WEST BENGAL
2021-09-15 12:05:09.170 7613-7710/com.capitalfirst D/OkHttp: 23095,734000,SILIGURI,WEST BENGAL
2021-09-15 12:05:09.170 7613-7710/com.capitalfirst D/OkHttp: 23096,734001,SILIGURI,WEST BENGAL
2021-09-15 12:05:09.170 7613-7710/com.capitalfirst D/OkHttp: 23097,734002,SILIGURI,WEST BENGAL
2021-09-15 12:05:09.170 7613-7710/com.capitalfirst D/OkHttp: 23098,734003,SILIGURI,WEST BENGAL
2021-09-15 12:05:09.170 7613-7710/com.capitalfirst D/OkHttp: 23099,734004,SILIGURI,WEST BENGAL
2021-09-15 12:05:09.170 7613-7710/com.capitalfirst D/OkHttp: 23100,734005,SILIGURI,WEST BENGAL
2021-09-15 12:05:09.170 7613-7710/com.capitalfirst D/OkHttp: 23101,734006,SILIGURI,WEST BENGAL
2021-09-15 12:05:09.170 7613-7710/com.capitalfirst D/OkHttp: 23102,734007,JALPAIGURI,WEST BENGAL
2021-09-15 12:05:09.171 7613-7710/com.capitalfirst D/OkHttp: 23103,734008,SILIGURI,WEST BENGAL
2021-09-15 12:05:09.171 7613-7711/com.capitalfirst D/OkHttp: 26888,841249,SARAN,BIHAR
2021-09-15 12:05:09.171 7613-7711/com.capitalfirst D/OkHttp: 26889,841250,SARAN,BIHAR
2021-09-15 12:05:09.171 7613-7711/com.capitalfirst D/OkHttp: 26890,841251,SARAN,BIHAR
2021-09-15 12:05:09.171 7613-7711/com.capitalfirst D/OkHttp: 26891,841252,SIWAN,BIHAR
2021-09-15 12:05:09.171 7613-7711/com.capitalfirst D/OkHttp: 26892,841253,SARAN,BIHAR
2021-09-15 12:05:09.171 7613-7711/com.capitalfirst D/OkHttp: 26893,841254,SIWAN,BIHAR
2021-09-15 12:05:09.171 7613-7711/com.capitalfirst D/OkHttp: 26894,841255,SARAN,BIHAR
2021-09-15 12:05:09.171 7613-7711/com.capitalfirst D/OkHttp: 26895,841256,SARAN,BIHAR
2021-09-15 12:05:09.171 7613-7711/com.capitalfirst D/OkHttp: 26896,841286,SIWAN,BIHAR
2021-09-15 12:05:09.171 7613-7711/com.capitalfirst D/OkHttp: 26897,841287,SIWAN,BIHAR
2021-09-15 12:05:09.171 7613-7711/com.capitalfirst D/OkHttp: 26898,841301,SARAN,BIHAR
2021-09-15 12:05:09.171 7613-7711/com.capitalfirst D/OkHttp: 26899,841302,SARAN,BIHAR
2021-09-15 12:05:09.172 7613-7711/com.capitalfirst D/OkHttp: 26900,841305,SARAN,BIHAR
2021-09-15 12:05:09.172 7613-7711/com.capitalfirst D/OkHttp: 26901,841311,SARAN,BIHAR
2021-09-15 12:05:09.172 7613-7711/com.capitalfirst D/OkHttp: 26902,841312,BHOJPUR,BIHAR
2021-09-15 12:05:09.172 7613-7711/com.capitalfirst D/OkHttp: 26903,841313,SARAN,BIHAR
2021-09-15 12:05:09.172 7613-7710/com.capitalfirst D/OkHttp: 23104,734009,DARJILING,WEST BENGAL
2021-09-15 12:05:09.177 7613-7710/com.capitalfirst D/OkHttp: 23105,734010,SILIGURI,WEST BENGAL
2021-09-15 12:05:09.177 7613-7710/com.capitalfirst D/OkHttp: 23106,734011,SILIGURI,WEST BENGAL
2021-09-15 12:05:09.177 7613-7710/com.capitalfirst D/OkHttp: 23107,734012,SILIGURI,WEST BENGAL
2021-09-15 12:05:09.177 7613-7710/com.capitalfirst D/OkHttp: 23108,734013,SILIGURI,WEST BENGAL
2021-09-15 12:05:09.177 7613-7710/com.capitalfirst D/OkHttp: 23109,734014,SILIGURI,WEST BENGAL
2021-09-15 12:05:09.177 7613-7710/com.capitalfirst D/OkHttp: 23110,734015,JALPAIGURI,WEST BENGAL
2021-09-15 12:05:09.177 7613-7710/com.capitalfirst D/OkHttp: 23111,734016,SILIGURI,WEST BENGAL
2021-09-15 12:05:09.177 7613-7710/com.capitalfirst D/OkHttp: 23112,734018,SILIGURI,WEST BENGAL
2021-09-15 12:05:09.177 7613-7710/com.capitalfirst D/OkHttp: 23113,734025,SILIGURI,WEST BENGAL
2021-09-15 12:05:09.177 7613-7710/com.capitalfirst D/OkHttp: 23114,734101,DARJILING,WEST BENGAL
2021-09-15 12:05:09.177 7613-7710/com.capitalfirst D/OkHttp: 23115,734102,DARJILING,WEST BENGAL
2021-09-15 12:05:09.177 7613-7710/com.capitalfirst D/OkHttp: 23116,734103,DARJILING,WEST BENGAL
2021-09-15 12:05:09.177 7613-7710/com.capitalfirst D/OkHttp: 23117,734104,DARJILING,WEST BENGAL
2021-09-15 12:05:09.178 7613-7710/com.capitalfirst D/OkHttp: 23118,734105,DARJILING,WEST BENGAL
2021-09-15 12:05:09.178 7613-7710/com.capitalfirst D/OkHttp: 23119,734118,SILIGURI,WEST BENGAL
2021-09-15 12:05:09.178 7613-7710/com.capitalfirst D/OkHttp: 23120,734121,DARJEELING,WEST BENGAL
2021-09-15 12:05:09.178 7613-7710/com.capitalfirst D/OkHttp: 23121,734122,DARJEELING,WEST BENGAL
2021-09-15 12:05:09.178 7613-7710/com.capitalfirst D/OkHttp: 23122,734123,DARJEELING,WEST BENGAL
2021-09-15 12:05:09.178 7613-7710/com.capitalfirst D/OkHttp: 23123,734124,DARJEELING,WEST BENGAL
2021-09-15 12:05:09.178 7613-7710/com.capitalfirst D/OkHttp: 23124,734201,DARJILING,WEST BENGAL
2021-09-15 12:05:09.178 7613-7710/com.capitalfirst D/OkHttp: 23125,734202,DARJEELING,WEST BENGAL
2021-09-15 12:05:09.178 7613-7710/com.capitalfirst D/OkHttp: 23126,734203,DARJILING,WEST BENGAL
2021-09-15 12:05:09.178 7613-7710/com.capitalfirst D/OkHttp: 23127,734204,DARJILING,WEST BENGAL
2021-09-15 12:05:09.178 7613-7710/com.capitalfirst D/OkHttp: 23128,734209,DARJEELING,WEST BENGAL
2021-09-15 12:05:09.178 7613-7710/com.capitalfirst D/OkHttp: 23129,734213,DARJILING,WEST BENGAL
2021-09-15 12:05:09.178 7613-7710/com.capitalfirst D/OkHttp: 23130,734214,MIRIK,WEST BENGAL
2021-09-15 12:05:09.178 7613-7710/com.capitalfirst D/OkHttp: 23131,734215,DARJILING,WEST BENGAL
2021-09-15 12:05:09.178 7613-7710/com.capitalfirst D/OkHttp: 23132,734216,DARJILING,WEST BENGAL
2021-09-15 12:05:09.178 7613-7710/com.capitalfirst D/OkHttp: 23133,734217,DARJILING,WEST BENGAL
2021-09-15 12:05:09.178 7613-7710/com.capitalfirst D/OkHttp: 23134,734218,DARJILING,WEST BENGAL
2021-09-15 12:05:09.178 7613-7710/com.capitalfirst D/OkHttp: 23135,734219,DARJILING,WEST BENGAL
2021-09-15 12:05:09.179 7613-7710/com.capitalfirst D/OkHttp: 23136,734220,DARJILING,WEST BENGAL
2021-09-15 12:05:09.179 7613-7710/com.capitalfirst D/OkHttp: 23137,734221,DARJILING,WEST BENGAL
2021-09-15 12:05:09.179 7613-7710/com.capitalfirst D/OkHttp: 23138,734222,DARJILING,WEST BENGAL
2021-09-15 12:05:09.179 7613-7710/com.capitalfirst D/OkHttp: 23139,734223,DARJILING,WEST BENGAL
2021-09-15 12:05:09.179 7613-7710/com.capitalfirst D/OkHttp: 23140,734224,DARJILING,WEST BENGAL
2021-09-15 12:05:09.179 7613-7710/com.capitalfirst D/OkHttp: 23141,734225,DARJILING,WEST BENGAL
2021-09-15 12:05:09.179 7613-7710/com.capitalfirst D/OkHttp: 23142,734226,DARJILING,WEST BENGAL
2021-09-15 12:05:09.179 7613-7710/com.capitalfirst D/OkHttp: 23143,734227,DARJEELING,WEST BENGAL
2021-09-15 12:05:09.179 7613-7710/com.capitalfirst D/OkHttp: 23144,734301,DARJILING,WEST BENGAL
2021-09-15 12:05:09.179 7613-7710/com.capitalfirst D/OkHttp: 23145,734311,DARJILING,WEST BENGAL
2021-09-15 12:05:09.179 7613-7710/com.capitalfirst D/OkHttp: 23146,734312,DARJILING,WEST BENGAL
2021-09-15 12:05:09.179 7613-7710/com.capitalfirst D/OkHttp: 23147,734313,DARJILING,WEST BENGAL
2021-09-15 12:05:09.179 7613-7710/com.capitalfirst D/OkHttp: 23148,734314,DARJILING,WEST BENGAL
2021-09-15 12:05:09.179 7613-7710/com.capitalfirst D/OkHttp: 23149,734315,DARJILING,WEST BENGAL
2021-09-15 12:05:09.179 7613-7710/com.capitalfirst D/OkHttp: 23150,734316,DARJILING,WEST BENGAL
2021-09-15 12:05:09.179 7613-7710/com.capitalfirst D/OkHttp: 23151,734317,DARJILING,WEST BENGAL
2021-09-15 12:05:09.179 7613-7710/com.capitalfirst D/OkHttp: 23152,734318,SILIGURI,WEST BENGAL
2021-09-15 12:05:09.184 7613-7735/com.capitalfirst D/OkHttp: 27368,847242,MADHUBANI,BIHAR
2021-09-15 12:05:09.184 7613-7735/com.capitalfirst D/OkHttp: 27369,847243,MADHUBANI,BIHAR
2021-09-15 12:05:09.184 7613-7735/com.capitalfirst D/OkHttp: 27370,847244,MADHUBANI,BIHAR
2021-09-15 12:05:09.185 7613-7735/com.capitalfirst D/OkHttp: 27371,847245,MADHUBANI,BIHAR
2021-09-15 12:05:09.185 7613-7735/com.capitalfirst D/OkHttp: 27372,847246,MADHUBANI,BIHAR
2021-09-15 12:05:09.185 7613-7735/com.capitalfirst D/OkHttp: 27373,847247,MADHUBANI,BIHAR
2021-09-15 12:05:09.185 7613-7735/com.capitalfirst D/OkHttp: 27374,847248,MADHUBANI,BIHAR
2021-09-15 12:05:09.185 7613-7735/com.capitalfirst D/OkHttp: 27375,847249,MADHUBANI,BIHAR
2021-09-15 12:05:09.185 7613-7735/com.capitalfirst D/OkHttp: 27376,847250,MADHUBANI,BIHAR
2021-09-15 12:05:09.185 7613-7735/com.capitalfirst D/OkHttp: 27377,847251,MADHUBANI,BIHAR
2021-09-15 12:05:09.185 7613-7735/com.capitalfirst D/OkHttp: 27378,847252,MADHUBANI,BIHAR
2021-09-15 12:05:09.185 7613-7735/com.capitalfirst D/OkHttp: 27379,847253,MADHUBANI,BIHAR
2021-09-15 12:05:09.186 7613-7735/com.capitalfirst D/OkHttp: 27380,847254,MADHUBANI,BIHAR
2021-09-15 12:05:09.186 7613-7735/com.capitalfirst D/OkHttp: 27381,847255,MADHUBANI,BIHAR
2021-09-15 12:05:09.186 7613-7735/com.capitalfirst D/OkHttp: 27382,847256,MADHUBANI,BIHAR
2021-09-15 12:05:09.186 7613-7735/com.capitalfirst D/OkHttp: 27383,847257,MADHUBANI,BIHAR
2021-09-15 12:05:09.186 7613-7735/com.capitalfirst D/OkHttp: 27384,847301,SAMASTIPUR,BIHAR
2021-09-15 12:05:09.186 7613-7735/com.capitalfirst D/OkHttp: 27385,847302,DARBHANGA,BIHAR
2021-09-15 12:05:09.186 7613-7735/com.capitalfirst D/OkHttp: 27386,847303,DARBHANGA,BIHAR
2021-09-15 12:05:09.186 7613-7735/com.capitalfirst D/OkHttp: 27387,847304,DARBHANGA,BIHAR
2021-09-15 12:05:09.187 7613-7735/com.capitalfirst D/OkHttp: 27388,847305,MADHUBANI,BIHAR
2021-09-15 12:05:09.187 7613-7735/com.capitalfirst D/OkHttp: 27389,847306,DARBHANGA,BIHAR
2021-09-15 12:05:09.191 7613-7735/com.capitalfirst D/OkHttp: 27390,847307,DARBHANGA,BIHAR
2021-09-15 12:05:09.191 7613-7735/com.capitalfirst D/OkHttp: 27391,847308,MADHUBANI,BIHAR
2021-09-15 12:05:09.191 7613-7735/com.capitalfirst D/OkHttp: 27392,847309,MADHUBANI,BIHAR
2021-09-15 12:05:09.191 7613-7735/com.capitalfirst D/OkHttp: 27393,847310,MADHUBANI,BIHAR
2021-09-15 12:05:09.191 7613-7735/com.capitalfirst D/OkHttp: 27394,847311,MADHUBANI,BIHAR
2021-09-15 12:05:09.191 7613-7735/com.capitalfirst D/OkHttp: 27395,847312,MADHUBANI,BIHAR
2021-09-15 12:05:09.191 7613-7735/com.capitalfirst D/OkHttp: 27396,847313,MADHUBANI,BIHAR
2021-09-15 12:05:09.191 7613-7735/com.capitalfirst D/OkHttp: 27397,847337,DARBHANGA,BIHAR
2021-09-15 12:05:09.191 7613-7735/com.capitalfirst D/OkHttp: 27398,847401,MADHUBANI,BIHAR
2021-09-15 12:05:09.191 7613-7735/com.capitalfirst D/OkHttp: 27399,847402,GHOGHARDIHA,BIHAR
2021-09-15 12:05:09.191 7613-7735/com.capitalfirst D/OkHttp: 27400,847403,MADHUBANI,BIHAR
2021-09-15 12:05:09.191 7613-7735/com.capitalfirst D/OkHttp: 27401,847404,JHANJHARPUR,BIHAR
2021-09-15 12:05:09.191 7613-7735/com.capitalfirst D/OkHttp: 27402,847405,DARBHANGA,BIHAR
2021-09-15 12:05:09.191 7613-7735/com.capitalfirst D/OkHttp: 27403,847406,MADHUBANI,BIHAR
2021-09-15 12:05:09.191 7613-7735/com.capitalfirst D/OkHttp: 27404,847407,MADHUBANI,BIHAR
2021-09-15 12:05:09.191 7613-7735/com.capitalfirst D/OkHttp: 27405,847408,MADHUBANI,BIHAR
2021-09-15 12:05:09.191 7613-7735/com.capitalfirst D/OkHttp: 27406,847409,MADHUBANI,BIHAR
2021-09-15 12:05:09.192 7613-7735/com.capitalfirst D/OkHttp: 27407,847410,MADHUBANI,BIHAR
2021-09-15 12:05:09.192 7613-7735/com.capitalfirst D/OkHttp: 27408,847411,DARBHANGA,BIHAR
2021-09-15 12:05:09.192 7613-7735/com.capitalfirst D/OkHttp: 27409,847412,MADHUBANI,BIHAR
2021-09-15 12:05:09.192 7613-7735/com.capitalfirst D/OkHttp: 27410,847413,MADHUBANI,BIHAR
2021-09-15 12:05:09.192 7613-7735/com.capitalfirst D/OkHttp: 27411,847414,MADHUBANI,BIHAR
2021-09-15 12:05:09.193 7613-7735/com.capitalfirst D/OkHttp: 27412,847415,MADHUBANI,BIHAR
2021-09-15 12:05:09.193 7613-7735/com.capitalfirst D/OkHttp: 27413,847416,MADHUBANI,BIHAR
2021-09-15 12:05:09.193 7613-7735/com.capitalfirst D/OkHttp: 27414,847417,MADHUBANI,BIHAR
2021-09-15 12:05:09.193 7613-7735/com.capitalfirst D/OkHttp: 27415,847418,MADHUBANI,BIHAR
2021-09-15 12:05:09.193 7613-7711/com.capitalfirst D/OkHttp: 26904,841314,SARAN,BIHAR
2021-09-15 12:05:09.193 7613-7711/com.capitalfirst D/OkHttp: 26905,841315,REVELGANJ,BIHAR
2021-09-15 12:05:09.193 7613-7711/com.capitalfirst D/OkHttp: 26906,841316,SARAN,BIHAR
2021-09-15 12:05:09.193 7613-7711/com.capitalfirst D/OkHttp: 26907,841317,SARAN,BIHAR
2021-09-15 12:05:09.193 7613-7711/com.capitalfirst D/OkHttp: 26908,841318,SARAN,BIHAR
2021-09-15 12:05:09.193 7613-7711/com.capitalfirst D/OkHttp: 26909,841339,SARAN,BIHAR
2021-09-15 12:05:09.194 7613-7711/com.capitalfirst D/OkHttp: 26910,841401,SARAN,BIHAR
2021-09-15 12:05:09.194 7613-7711/com.capitalfirst D/OkHttp: 26911,841402,SARAN,BIHAR
2021-09-15 12:05:09.194 7613-7711/com.capitalfirst D/OkHttp: 26912,841403,SARAN,BIHAR
2021-09-15 12:05:09.194 7613-7711/com.capitalfirst D/OkHttp: 26913,841404,SIWAN,BIHAR
2021-09-15 12:05:09.194 7613-7711/com.capitalfirst D/OkHttp: 26914,841405,SIWAN,BIHAR
2021-09-15 12:05:09.194 7613-7711/com.capitalfirst D/OkHttp: 26915,841406,SIWAN,BIHAR
2021-09-15 12:05:09.195 7613-7711/com.capitalfirst D/OkHttp: 26916,841407,GOPALGANJ,BIHAR
2021-09-15 12:05:09.195 7613-7711/com.capitalfirst D/OkHttp: 26917,841408,SIWAN,BIHAR
2021-09-15 12:05:09.195 7613-7711/com.capitalfirst D/OkHttp: 26918,841409,GOPALGANJ,BIHAR
