2021-10-11 11:19:05.706 8397-8481/com.capitalfirst D/OkHttp: 25136,782126,NAGAON,ASSAM
2021-10-11 11:19:05.706 8397-8481/com.capitalfirst D/OkHttp: 25137,782127,NAGAON,ASSAM
2021-10-11 11:19:05.706 8397-8481/com.capitalfirst D/OkHttp: 25138,782130,NAGAON,ASSAM
2021-10-11 11:19:05.706 8397-8481/com.capitalfirst D/OkHttp: 25139,782135,NAGAON,ASSAM
2021-10-11 11:19:05.706 8397-8481/com.capitalfirst D/OkHttp: 25140,782136,NAGAON,ASSAM
2021-10-11 11:19:05.706 8397-8481/com.capitalfirst D/OkHttp: 25141,782137,NAGAON,ASSAM
2021-10-11 11:19:05.706 8397-8481/com.capitalfirst D/OkHttp: 25142,782138,NAGAON,ASSAM
2021-10-11 11:19:05.706 8397-8481/com.capitalfirst D/OkHttp: 25143,782139,NAGAON,ASSAM
2021-10-11 11:19:05.706 8397-8481/com.capitalfirst D/OkHttp: 25144,782140,NAGAON,ASSAM
2021-10-11 11:19:05.706 8397-8481/com.capitalfirst D/OkHttp: 25145,782141,NAGAON,ASSAM
2021-10-11 11:19:05.706 8397-8481/com.capitalfirst D/OkHttp: 25146,782142,NAGAON,ASSAM
2021-10-11 11:19:05.707 8397-8481/com.capitalfirst D/OkHttp: 25147,782143,NAGAON,ASSAM
2021-10-11 11:19:05.707 8397-8481/com.capitalfirst D/OkHttp: 25148,782354,RANGIA,ASSAM
2021-10-11 11:19:05.707 8397-8481/com.capitalfirst D/OkHttp: 25149,782401,KAMRUP,ASSAM
2021-10-11 11:19:05.707 8397-8481/com.capitalfirst D/OkHttp: 25150,782402,KAMRUP,ASSAM
2021-10-11 11:19:05.707 8397-8481/com.capitalfirst D/OkHttp: 25151,782403,KAMRUP,ASSAM
2021-10-11 11:19:05.707 8397-8481/com.capitalfirst D/OkHttp: 25152,782410,MARIGAON,ASSAM
2021-10-11 11:19:05.707 8397-8481/com.capitalfirst D/OkHttp: 25153,782411,NAGAON,ASSAM
2021-10-11 11:19:05.707 8397-8481/com.capitalfirst D/OkHttp: 25154,782412,MARIGAON,ASSAM
2021-10-11 11:19:05.707 8397-8481/com.capitalfirst D/OkHttp: 25155,782425,NAGAON,ASSAM
2021-10-11 11:19:05.707 8397-8481/com.capitalfirst D/OkHttp: 25156,782426,NAGAON,ASSAM
2021-10-11 11:19:05.707 8397-8481/com.capitalfirst D/OkHttp: 25157,782427,NAGAON,ASSAM
2021-10-11 11:19:05.707 8397-8481/com.capitalfirst D/OkHttp: 25158,782428,NAGAON,ASSAM
2021-10-11 11:19:05.707 8397-8481/com.capitalfirst D/OkHttp: 25159,782435,NAGAON,ASSAM
2021-10-11 11:19:05.707 8397-8481/com.capitalfirst D/OkHttp: 25160,782439,NAGAON,ASSAM
2021-10-11 11:19:05.707 8397-8481/com.capitalfirst D/OkHttp: 25161,782440,NAGAON,ASSAM
2021-10-11 11:19:05.707 8397-8481/com.capitalfirst D/OkHttp: 25162,782445,NAGAON,ASSAM
2021-10-11 11:19:05.708 8397-8481/com.capitalfirst D/OkHttp: 25163,782446,LANKA,ASSAM
2021-10-11 11:19:05.710 8397-8481/com.capitalfirst D/OkHttp: 25164,782447,LUMDING,ASSAM
2021-10-11 11:19:05.710 8397-8481/com.capitalfirst D/OkHttp: 25165,782448,DIPHU,ASSAM
2021-10-11 11:19:05.710 8397-8481/com.capitalfirst D/OkHttp: 25166,782450,DIPHU,ASSAM
2021-10-11 11:19:05.711 8397-8481/com.capitalfirst D/OkHttp: 25167,782460,DIPHU,ASSAM
2021-10-11 11:19:05.711 8397-8481/com.capitalfirst D/OkHttp: 25168,782461,DIPHU,ASSAM
2021-10-11 11:19:05.711 8397-8481/com.capitalfirst D/OkHttp: 25169,782470,GOLAGHAT,ASSAM
2021-10-11 11:19:05.711 8397-8481/com.capitalfirst D/OkHttp: 25170,782475,DIPHU,ASSAM
2021-10-11 11:19:05.711 8397-8481/com.capitalfirst D/OkHttp: 25171,782480,BOKAJAN,ASSAM
2021-10-11 11:19:05.712 8397-8481/com.capitalfirst D/OkHttp: 25172,782481,HOWRAGHAT,ASSAM
2021-10-11 11:19:05.712 8397-8481/com.capitalfirst D/OkHttp: 25173,782482,DIPHU,ASSAM
2021-10-11 11:19:05.712 8397-8481/com.capitalfirst D/OkHttp: 25174,782485,DIPHU,ASSAM
2021-10-11 11:19:05.712 8397-8481/com.capitalfirst D/OkHttp: 25175,782486,HAMREN,ASSAM
2021-10-11 11:19:05.712 8397-8481/com.capitalfirst D/OkHttp: 25176,783100,GOALPARA,ASSAM
2021-10-11 11:19:05.712 8397-8481/com.capitalfirst D/OkHttp: 25177,783101,GOALPARA,ASSAM
2021-10-11 11:19:05.712 8397-8481/com.capitalfirst D/OkHttp: 25178,783105,GOALPARA,ASSAM
2021-10-11 11:19:05.712 8397-8481/com.capitalfirst D/OkHttp: 25179,783106,GOALPARA,ASSAM
2021-10-11 11:19:05.712 8397-8481/com.capitalfirst D/OkHttp: 25180,783120,GOALPARA,ASSAM
2021-10-11 11:19:05.712 8397-8481/com.capitalfirst D/OkHttp: 25181,783121,GOALPARA,ASSAM
2021-10-11 11:19:05.712 8397-8481/com.capitalfirst D/OkHttp: 25182,783122,GOALPARA,ASSAM
2021-10-11 11:19:05.712 8397-8481/com.capitalfirst D/OkHttp: 25183,783123,GOALPARA,ASSAM
2021-10-11 11:19:05.712 8397-8481/com.capitalfirst D/OkHttp: 25184,783124,GOALPARA,ASSAM
2021-10-11 11:19:05.712 8397-8481/com.capitalfirst D/OkHttp: 25185,783125,GOALPARA,ASSAM
2021-10-11 11:19:05.712 8397-8481/com.capitalfirst D/OkHttp: 25186,783126,DHUBRI,ASSAM
2021-10-11 11:19:05.712 8397-8481/com.capitalfirst D/OkHttp: 25187,783127,DHUBRI,ASSAM
2021-10-11 11:19:05.713 8397-8481/com.capitalfirst D/OkHttp: 25188,783129,GOALPARA,ASSAM
2021-10-11 11:19:05.713 8397-8481/com.capitalfirst D/OkHttp: 25189,783130,GOALPARA,ASSAM
2021-10-11 11:19:05.713 8397-8481/com.capitalfirst D/OkHttp: 25190,783131,MANKACHAR,ASSAM
2021-10-11 11:19:05.713 8397-8481/com.capitalfirst D/OkHttp: 25191,783132,GOALPARA,ASSAM
2021-10-11 11:19:05.713 8397-8481/com.capitalfirst D/OkHttp: 25192,783133,GOALPARA,ASSAM
2021-10-11 11:19:05.713 8397-8481/com.capitalfirst D/OkHttp: 25193,783134,GOALPARA,ASSAM
2021-10-11 11:19:05.713 8397-8481/com.capitalfirst D/OkHttp: 25194,783301,DHUBRI,ASSAM
2021-10-11 11:19:05.713 8397-8481/com.capitalfirst D/OkHttp: 25195,783325,KOKRAJHAR,ASSAM
2021-10-11 11:19:05.713 8397-8479/com.capitalfirst D/OkHttp: 23262,736146,COOCH BEHAR,WEST BENGAL
2021-10-11 11:19:05.713 8397-8479/com.capitalfirst D/OkHttp: 23263,736150,COOCH BEHAR,WEST BENGAL
2021-10-11 11:19:05.713 8397-8479/com.capitalfirst D/OkHttp: 23264,736156,COOCH BEHAR,WEST BENGAL
2021-10-11 11:19:05.713 8397-8479/com.capitalfirst D/OkHttp: 23265,736157,COOCH BEHAR,WEST BENGAL
2021-10-11 11:19:05.714 8397-8479/com.capitalfirst D/OkHttp: 23266,736158,COOCH BEHAR,WEST BENGAL
2021-10-11 11:19:05.714 8397-8479/com.capitalfirst D/OkHttp: 23267,736159,COOCH BEHAR,WEST BENGAL
2021-10-11 11:19:05.714 8397-8479/com.capitalfirst D/OkHttp: 23268,736160,COOCH BEHAR,WEST BENGAL
2021-10-11 11:19:05.714 8397-8479/com.capitalfirst D/OkHttp: 23269,736165,COOCH BEHAR,WEST BENGAL
2021-10-11 11:19:05.714 8397-8479/com.capitalfirst D/OkHttp: 23270,736166,COOCH BEHAR,WEST BENGAL
2021-10-11 11:19:05.718 8397-8479/com.capitalfirst D/OkHttp: 23271,736167,COOCH BEHAR,WEST BENGAL
2021-10-11 11:19:05.718 8397-8479/com.capitalfirst D/OkHttp: 23272,736168,COOCH BEHAR,WEST BENGAL
2021-10-11 11:19:05.718 8397-8479/com.capitalfirst D/OkHttp: 23273,736169,COOCH BEHAR,WEST BENGAL
2021-10-11 11:19:05.718 8397-8479/com.capitalfirst D/OkHttp: 23274,736170,COOCH BEHAR,WEST BENGAL
2021-10-11 11:19:05.718 8397-8479/com.capitalfirst D/OkHttp: 23275,736171,JALPAIGURI,WEST BENGAL
2021-10-11 11:19:05.718 8397-8479/com.capitalfirst D/OkHttp: 23276,736172,COOCH BEHAR,WEST BENGAL
2021-10-11 11:19:05.718 8397-8479/com.capitalfirst D/OkHttp: 23277,736173,COOCH BEHAR,WEST BENGAL
2021-10-11 11:19:05.719 8397-8479/com.capitalfirst D/OkHttp: 23278,736174,COOCH BEHAR,WEST BENGAL
2021-10-11 11:19:05.719 8397-8479/com.capitalfirst D/OkHttp: 23279,736175,COOCH BEHAR,WEST BENGAL
2021-10-11 11:19:05.719 8397-8479/com.capitalfirst D/OkHttp: 23280,736176,COOCH BEHAR,WEST BENGAL
2021-10-11 11:19:05.719 8397-8479/com.capitalfirst D/OkHttp: 23281,736177,COOCH BEHAR,WEST BENGAL
2021-10-11 11:19:05.719 8397-8479/com.capitalfirst D/OkHttp: 23282,736179,COOCH BEHAR,WEST BENGAL
2021-10-11 11:19:05.719 8397-8479/com.capitalfirst D/OkHttp: 23283,736180,COOCH BEHAR,WEST BENGAL
2021-10-11 11:19:05.719 8397-8479/com.capitalfirst D/OkHttp: 23284,736181,COOCH BEHAR,WEST BENGAL
2021-10-11 11:19:05.719 8397-8479/com.capitalfirst D/OkHttp: 23285,736182,JALPAIGURI,WEST BENGAL
2021-10-11 11:19:05.719 8397-8479/com.capitalfirst D/OkHttp: 23286,736201,JALPAIGURI,WEST BENGAL
2021-10-11 11:19:05.719 8397-8479/com.capitalfirst D/OkHttp: 23287,736202,JALPAIGURI,WEST BENGAL
2021-10-11 11:19:05.719 8397-8479/com.capitalfirst D/OkHttp: 23288,736203,JALPAIGURI,WEST BENGAL
2021-10-11 11:19:05.719 8397-8479/com.capitalfirst D/OkHttp: 23289,736204,COOCH BEHAR,WEST BENGAL
2021-10-11 11:19:05.719 8397-8479/com.capitalfirst D/OkHttp: 23290,736205,JALPAIGURI,WEST BENGAL
2021-10-11 11:19:05.719 8397-8479/com.capitalfirst D/OkHttp: 23291,736206,JALPAIGURI,WEST BENGAL
2021-10-11 11:19:05.719 8397-8479/com.capitalfirst D/OkHttp: 23292,736207,JALPAIGURI,WEST BENGAL
2021-10-11 11:19:05.719 8397-8479/com.capitalfirst D/OkHttp: 23293,736208,JALPAIGURI,WEST BENGAL
2021-10-11 11:19:05.719 8397-8479/com.capitalfirst D/OkHttp: 23294,736257,COOCH BEHAR,WEST BENGAL
2021-10-11 11:19:05.719 8397-8479/com.capitalfirst D/OkHttp: 23295,737101,GANGTOK,SIKKIM
2021-10-11 11:19:05.719 8397-8479/com.capitalfirst D/OkHttp: 23296,737102,GANGTOK,SIKKIM
2021-10-11 11:19:05.719 8397-8479/com.capitalfirst D/OkHttp: 23297,737103,GANGTOK,SIKKIM
2021-10-11 11:19:05.720 8397-8479/com.capitalfirst D/OkHttp: 23298,737106,GYALSHING,SIKKIM
2021-10-11 11:19:05.720 8397-8479/com.capitalfirst D/OkHttp: 23299,737107,GANGTOK,SIKKIM
2021-10-11 11:19:05.720 8397-8479/com.capitalfirst D/OkHttp: 23300,737111,GYALSHING,SIKKIM
2021-10-11 11:19:05.720 8397-8479/com.capitalfirst D/OkHttp: 23301,737112,GYALSHING,SIKKIM
2021-10-11 11:19:05.720 8397-8479/com.capitalfirst D/OkHttp: 23302,737113,GYALSHING,SIKKIM
2021-10-11 11:19:05.720 8397-8479/com.capitalfirst D/OkHttp: 23303,737114,GYALSHING,SIKKIM
2021-10-11 11:19:05.720 8397-8479/com.capitalfirst D/OkHttp: 23304,737116,MANGAN,SIKKIM
2021-10-11 11:19:05.720 8397-8479/com.capitalfirst D/OkHttp: 23305,737117,MANGAN,SIKKIM
2021-10-11 11:19:05.720 8397-8479/com.capitalfirst D/OkHttp: 23306,737118,MANGAN,SIKKIM
2021-10-11 11:19:05.720 8397-8479/com.capitalfirst D/OkHttp: 23307,737119,MANGAN,SIKKIM
2021-10-11 11:19:05.721 8397-8479/com.capitalfirst D/OkHttp: 23308,737120,MANGAN,SIKKIM
2021-10-11 11:19:05.721 8397-8458/com.capitalfirst D/OkHttp: 26329,816101,SAHEBGANJ,JHARKHAND
2021-10-11 11:19:05.721 8397-8458/com.capitalfirst D/OkHttp: 26330,816102,SAHEBGANJ,JHARKHAND
2021-10-11 11:19:05.721 8397-8458/com.capitalfirst D/OkHttp: 26331,816103,DUMKA,JHARKHAND
2021-10-11 11:19:05.721 8397-8458/com.capitalfirst D/OkHttp: 26332,816104,PAKAUR,JHARKHAND
2021-10-11 11:19:05.721 8397-8458/com.capitalfirst D/OkHttp: 26333,816105,SAHEBGANJ,JHARKHAND
2021-10-11 11:19:05.721 8397-8458/com.capitalfirst D/OkHttp: 26334,816106,PAKAUR,JHARKHAND
2021-10-11 11:19:05.722 8397-8458/com.capitalfirst D/OkHttp: 26335,816107,PAKAUR,JHARKHAND
2021-10-11 11:19:05.722 8397-8458/com.capitalfirst D/OkHttp: 26336,816108,DUMKA,JHARKHAND
2021-10-11 11:19:05.722 8397-8458/com.capitalfirst D/OkHttp: 26337,816109,SAHIBGANJ,JHARKHAND
2021-10-11 11:19:05.722 8397-8458/com.capitalfirst D/OkHttp: 26338,816110,SAHIBGANJ,JHARKHAND
2021-10-11 11:19:05.722 8397-8458/com.capitalfirst D/OkHttp: 26339,816115,SAHEBGANJ,JHARKHAND
2021-10-11 11:19:05.722 8397-8458/com.capitalfirst D/OkHttp: 26340,816116,SAHEBGANJ,JHARKHAND
2021-10-11 11:19:05.722 8397-8481/com.capitalfirst D/OkHttp: 25196,783330,DHUBRI,ASSAM
2021-10-11 11:19:05.722 8397-8479/com.capitalfirst D/OkHttp: 23309,737121,NAYABAZAR,SIKKIM
2021-10-11 11:19:05.723 8397-8479/com.capitalfirst D/OkHttp: 23310,737122,NAMCHI,SIKKIM
2021-10-11 11:19:05.723 8397-8481/com.capitalfirst D/OkHttp: 25197,783331,DHUBRI,ASSAM
2021-10-11 11:19:05.723 8397-8481/com.capitalfirst D/OkHttp: 25198,783332,KOKRAJHAR,ASSAM
2021-10-11 11:19:05.723 8397-8481/com.capitalfirst D/OkHttp: 25199,783333,KOKRAJHAR,ASSAM
2021-10-11 11:19:05.723 8397-8481/com.capitalfirst D/OkHttp: 25200,783334,DHUBRI,ASSAM
2021-10-11 11:19:05.723 8397-8481/com.capitalfirst D/OkHttp: 25201,783335,DHUBRI,ASSAM
2021-10-11 11:19:05.723 8397-8481/com.capitalfirst D/OkHttp: 25202,783337,SAPATGRAM,ASSAM
2021-10-11 11:19:05.723 8397-8481/com.capitalfirst D/OkHttp: 25203,783338,DHUBRI,ASSAM
2021-10-11 11:19:05.724 8397-8481/com.capitalfirst D/OkHttp: 25204,783339,DHUBRI,ASSAM
2021-10-11 11:19:05.724 8397-8458/com.capitalfirst D/OkHttp: 26341,816117,SAHEBGANJ,JHARKHAND
2021-10-11 11:19:05.724 8397-8458/com.capitalfirst D/OkHttp: 26342,816118,DUMKA,JHARKHAND
2021-10-11 11:19:05.724 8397-8458/com.capitalfirst D/OkHttp: 26343,816119,SAHEBGANJ,JHARKHAND
2021-10-11 11:19:05.724 8397-8458/com.capitalfirst D/OkHttp: 26344,816120,SAHEBGANJ,JHARKHAND
2021-10-11 11:19:05.724 8397-8458/com.capitalfirst D/OkHttp: 26345,816121,SAHEBGANJ,JHARKHAND
2021-10-11 11:19:05.724 8397-8458/com.capitalfirst D/OkHttp: 26346,816122,DUMKA,JHARKHAND
2021-10-11 11:19:05.724 8397-8458/com.capitalfirst D/OkHttp: 26347,816123,DUMKA,JHARKHAND
2021-10-11 11:19:05.724 8397-8458/com.capitalfirst D/OkHttp: 26348,816124,DUMKA,JHARKHAND
2021-10-11 11:19:05.724 8397-8458/com.capitalfirst D/OkHttp: 26349,816125,SAHEBGANJ,JHARKHAND
2021-10-11 11:19:05.724 8397-8507/com.capitalfirst D/OkHttp: 26352,821101,BHABUA,BIHAR
2021-10-11 11:19:05.724 8397-8507/com.capitalfirst D/OkHttp: 26353,821102,KAIMUR,BIHAR
2021-10-11 11:19:05.724 8397-8507/com.capitalfirst D/OkHttp: 26354,821103,KAIMUR,BIHAR
2021-10-11 11:19:05.725 8397-8507/com.capitalfirst D/OkHttp: 26355,821104,ROHTAS,BIHAR
2021-10-11 11:19:05.725 8397-8479/com.capitalfirst D/OkHttp: 23311,737126,NAMCHI,SIKKIM
2021-10-11 11:19:05.726 8397-8479/com.capitalfirst D/OkHttp: 23312,737127,GYALSHING,SIKKIM
2021-10-11 11:19:05.726 8397-8479/com.capitalfirst D/OkHttp: 23313,737128,NAMCHI,SIKKIM
2021-10-11 11:19:05.726 8397-8479/com.capitalfirst D/OkHttp: 23314,737131,GANGTOK,SIKKIM
2021-10-11 11:19:05.726 8397-8479/com.capitalfirst D/OkHttp: 23315,737132,RANGPO,SIKKIM
2021-10-11 11:19:05.726 8397-8479/com.capitalfirst D/OkHttp: 23316,737133,GANGTOK,SIKKIM
2021-10-11 11:19:05.726 8397-8479/com.capitalfirst D/OkHttp: 23317,737134,SINGTAM,SIKKIM
2021-10-11 11:19:05.727 8397-8479/com.capitalfirst D/OkHttp: 23318,737135,GANGTOK,SIKKIM
2021-10-11 11:19:05.727 8397-8479/com.capitalfirst D/OkHttp: 23319,737136,GANGTOK,SIKKIM
2021-10-11 11:19:05.728 8397-8479/com.capitalfirst D/OkHttp: 23320,737137,NAMCHI,SIKKIM
2021-10-11 11:19:05.728 8397-8458/com.capitalfirst D/OkHttp: 26350,816129,SAHEBGANJ,JHARKHAND
2021-10-11 11:19:05.728 8397-8458/com.capitalfirst D/OkHttp: 26351,820307,HAZARIBAGH,JHARKHAND
2021-10-11 11:19:05.728 8397-8458/com.capitalfirst D/OkHttp: 26352,821101,BHABUA,BIHAR
2021-10-11 11:19:05.728 8397-8458/com.capitalfirst D/OkHttp: 26353,821102,KAIMUR,BIHAR
2021-10-11 11:19:05.728 8397-8458/com.capitalfirst D/OkHttp: 26354,821103,KAIMUR,BIHAR
2021-10-11 11:19:05.729 8397-8458/com.capitalfirst D/OkHttp: 26355,821104,ROHTAS,BIHAR
2021-10-11 11:19:05.729 8397-8458/com.capitalfirst D/OkHttp: 26356,821105,KAIMUR (BHABUA),BIHAR
2021-10-11 11:19:05.729 8397-8458/com.capitalfirst D/OkHttp: 26357,821106,KAIMUR (BHABUA),BIHAR
2021-10-11 11:19:05.729 8397-8458/com.capitalfirst D/OkHttp: 26358,821107,SASARA,BIHAR
2021-10-11 11:19:05.729 8397-8458/com.capitalfirst D/OkHttp: 26359,821108,KATIHAR,BIHAR
2021-10-11 11:19:05.729 8397-8458/com.capitalfirst D/OkHttp: 26360,821109,KAIMUR,BIHAR
2021-10-11 11:19:05.729 8397-8458/com.capitalfirst D/OkHttp: 26361,821110,KAIMUR,BIHAR
2021-10-11 11:19:05.729 8397-8458/com.capitalfirst D/OkHttp: 26362,821111,SASARA,BIHAR
2021-10-11 11:19:05.729 8397-8458/com.capitalfirst D/OkHttp: 26363,821112,SAHARSA,BIHAR
2021-10-11 11:19:05.729 8397-8458/com.capitalfirst D/OkHttp: 26364,821113,SASARAM,BIHAR
2021-10-11 11:19:05.729 8397-8458/com.capitalfirst D/OkHttp: 26365,821115,ROHTAS,BIHAR
2021-10-11 11:19:05.729 8397-8458/com.capitalfirst D/OkHttp: 26366,821116,KAIMUR,BIHAR
2021-10-11 11:19:05.729 8397-8458/com.capitalfirst D/OkHttp: 26367,821117,KAIMUR,BIHAR
2021-10-11 11:19:05.729 8397-8458/com.capitalfirst D/OkHttp: 26368,821118,KISHANGANJ,BIHAR
2021-10-11 11:19:05.729 8397-8458/com.capitalfirst D/OkHttp: 26369,821119,SASARA,BIHAR
2021-10-11 11:19:05.730 8397-8458/com.capitalfirst D/OkHttp: 26370,821120,KAIMUR,BIHAR
2021-10-11 11:19:05.730 8397-8458/com.capitalfirst D/OkHttp: 26371,821121,SASARA,BIHAR
2021-10-11 11:19:05.730 8397-8458/com.capitalfirst D/OkHttp: 26372,821122,SASARA,BIHAR
2021-10-11 11:19:05.730 8397-8458/com.capitalfirst D/OkHttp: 26373,821123,SASARA,BIHAR
2021-10-11 11:19:05.730 8397-8458/com.capitalfirst D/OkHttp: 26374,821124,SASARA,BIHAR
2021-10-11 11:19:05.730 8397-8458/com.capitalfirst D/OkHttp: 26375,821125,SASARA,BIHAR
2021-10-11 11:19:05.730 8397-8458/com.capitalfirst D/OkHttp: 26376,821301,SASARA,BIHAR
2021-10-11 11:19:05.730 8397-8458/com.capitalfirst D/OkHttp: 26377,821302,SASARA,BIHAR
2021-10-11 11:19:05.730 8397-8458/com.capitalfirst D/OkHttp: 26378,821303,SASARA,BIHAR
2021-10-11 11:19:05.730 8397-8458/com.capitalfirst D/OkHttp: 26379,821304,ROHTAS,BIHAR
2021-10-11 11:19:05.730 8397-8458/com.capitalfirst D/OkHttp: 26380,821305,ROHTAS,BIHAR
2021-10-11 11:19:05.730 8397-8458/com.capitalfirst D/OkHttp: 26381,821306,SASARA,BIHAR
2021-10-11 11:19:05.730 8397-8458/com.capitalfirst D/OkHttp: 26382,821307,SASARA,BIHAR
2021-10-11 11:19:05.730 8397-8458/com.capitalfirst D/OkHttp: 26383,821308,SASARA,BIHAR
2021-10-11 11:19:05.730 8397-8458/com.capitalfirst D/OkHttp: 26384,821309,SASARA,BIHAR
2021-10-11 11:19:05.730 8397-8458/com.capitalfirst D/OkHttp: 26385,821310,SASARAM,BIHAR
2021-10-11 11:19:05.730 8397-8458/com.capitalfirst D/OkHttp: 26386,821311,SASARA,BIHAR
2021-10-11 11:19:05.730 8397-8458/com.capitalfirst D/OkHttp: 26387,821312,SASARA,BIHAR
2021-10-11 11:19:05.731 8397-8458/com.capitalfirst D/OkHttp: 26388,821313,SASARA,BIHAR
2021-10-11 11:19:05.731 8397-8458/com.capitalfirst D/OkHttp: 26389,821314,SASARA,BIHAR
2021-10-11 11:19:05.731 8397-8458/com.capitalfirst D/OkHttp: 26390,821315,SASARA,BIHAR
2021-10-11 11:19:05.731 8397-8458/com.capitalfirst D/OkHttp: 26391,821316,SASARA,BIHAR
2021-10-11 11:19:05.732 8397-8458/com.capitalfirst D/OkHttp: 26392,821317,SASARA,BIHAR
2021-10-11 11:19:05.732 8397-8458/com.capitalfirst D/OkHttp: 26393,821319,HAZARIBAGH,JHARKHAND
2021-10-11 11:19:05.732 8397-8458/com.capitalfirst D/OkHttp: 26394,822101,PALAMU,JHARKHAND
2021-10-11 11:19:05.733 8397-8458/com.capitalfirst D/OkHttp: 26395,822102,PALAMU,JHARKHAND
2021-10-11 11:19:05.733 8397-8458/com.capitalfirst D/OkHttp: 26396,822110,PALAMU,JHARKHAND
2021-10-11 11:19:05.733 8397-8458/com.capitalfirst D/OkHttp: 26397,822111,PALAMU,JHARKHAND
2021-10-11 11:19:05.733 8397-8458/com.capitalfirst D/OkHttp: 26398,822112,GRAHWA,JHARKHAND
2021-10-11 11:19:05.733 8397-8458/com.capitalfirst D/OkHttp: 26399,822113,PALAMU,JHARKHAND
2021-10-11 11:19:05.733 8397-8458/com.capitalfirst D/OkHttp: 26400,822114,GARHWA,JHARKHAND
2021-10-11 11:19:05.733 8397-8458/com.capitalfirst D/OkHttp: 26401,822115,PALAMU,JHARKHAND
2021-10-11 11:19:05.733 8397-8458/com.capitalfirst D/OkHttp: 26402,822116,PALAMU,JHARKHAND
2021-10-11 11:19:05.733 8397-8458/com.capitalfirst D/OkHttp: 26403,822117,PALAMU,JHARKHAND
2021-10-11 11:19:05.733 8397-8458/com.capitalfirst D/OkHttp: 26404,822118,PALAMU,JHARKHAND
2021-10-11 11:19:05.733 8397-8458/com.capitalfirst D/OkHttp: 26405,822119,PALAMU,JHARKHAND
2021-10-11 11:19:05.733 8397-8458/com.capitalfirst D/OkHttp: 26406,822120,PALAMU,JHARKHAND
2021-10-11 11:19:05.733 8397-8458/com.capitalfirst D/OkHttp: 26407,822121,GRAHWA,JHARKHAND
2021-10-11 11:19:05.733 8397-8458/com.capitalfirst D/OkHttp: 26408,822122,PALAMU,JHARKHAND
2021-10-11 11:19:05.733 8397-8458/com.capitalfirst D/OkHttp: 26409,822123,PALAMU,JHARKHAND
2021-10-11 11:19:05.733 8397-8458/com.capitalfirst D/OkHttp: 26410,822124,PALAMU,JHARKHAND
2021-10-11 11:19:05.733 8397-8458/com.capitalfirst D/OkHttp: 26411,822125,PALAMU,JHARKHAND
2021-10-11 11:19:05.734 8397-8458/com.capitalfirst D/OkHttp: 26412,822126,PALAMU,JHARKHAND
2021-10-11 11:19:05.734 8397-8458/com.capitalfirst D/OkHttp: 26413,822127,PALAMU,JHARKHAND
2021-10-11 11:19:05.734 8397-8458/com.capitalfirst D/OkHttp: 26414,822128,CHATRA,JHARKHAND
2021-10-11 11:19:05.734 8397-8458/com.capitalfirst D/OkHttp: 26415,822129,PALAMU,JHARKHAND
2021-10-11 11:19:05.734 8397-8458/com.capitalfirst D/OkHttp: 26416,822131,PALAMU,JHARKHAND
2021-10-11 11:19:05.734 8397-8458/com.capitalfirst D/OkHttp: 26417,822132,PALAMU,JHARKHAND
2021-10-11 11:19:05.734 8397-8458/com.capitalfirst D/OkHttp: 26418,822133,PALAMU,JHARKHAND
2021-10-11 11:19:05.734 8397-8458/com.capitalfirst D/OkHttp: 26419,822138,PALAMU,JHARKHAND
2021-10-11 11:19:05.734 8397-8458/com.capitalfirst D/OkHttp: 26420,822141,PALAMU,JHARKHAND
2021-10-11 11:19:05.734 8397-8458/com.capitalfirst D/OkHttp: 26421,823001,GAYA,BIHAR
2021-10-11 11:19:05.734 8397-8458/com.capitalfirst D/OkHttp: 26422,823002,GAYA,BIHAR
2021-10-11 11:19:05.734 8397-8458/com.capitalfirst D/OkHttp: 26423,823003,GAYA,BIHAR
2021-10-11 11:19:05.734 8397-8458/com.capitalfirst D/OkHttp: 26424,823004,GAYA,BIHAR
2021-10-11 11:19:05.734 8397-8458/com.capitalfirst D/OkHttp: 26425,823005,GAYA,BIHAR
2021-10-11 11:19:05.735 8397-8458/com.capitalfirst D/OkHttp: 26426,823109,KODARMA,JHARKHAND
2021-10-11 11:19:05.735 8397-8458/com.capitalfirst D/OkHttp: 26427,823311,GAYA,BIHAR
2021-10-11 11:19:05.735 8397-8458/com.capitalfirst D/OkHttp: 26428,823410,KODARMA,JHARKHAND
2021-10-11 11:19:05.735 8397-8458/com.capitalfirst D/OkHttp: 26429,823413,KODARMA,JHARKHAND
2021-10-11 11:19:05.735 8397-8458/com.capitalfirst D/OkHttp: 26430,824000,PATNA,BIHAR
2021-10-11 11:19:05.735 8397-8458/com.capitalfirst D/OkHttp: 26431,824008,KANKE,JHARKHAND
2021-10-11 11:19:05.735 8397-8458/com.capitalfirst D/OkHttp: 26432,824010,BOKARO,JHARKHAND
2021-10-11 11:19:05.736 8397-8458/com.capitalfirst D/OkHttp: 26433,824101,AURANGABAD BH,BIHAR
2021-10-11 11:19:05.736 8397-8481/com.capitalfirst D/OkHttp: 25205,783344,DHUBRI,ASSAM
2021-10-11 11:19:05.736 8397-8481/com.capitalfirst D/OkHttp: 25206,783345,KOKRAJHAR,ASSAM
2021-10-11 11:19:05.736 8397-8481/com.capitalfirst D/OkHttp: 25207,783346,KOKRAJHAR,ASSAM
2021-10-11 11:19:05.736 8397-8507/com.capitalfirst D/OkHttp: 26356,821105,KAIMUR (BHABUA),BIHAR
2021-10-11 11:19:05.737 8397-8507/com.capitalfirst D/OkHttp: 26357,821106,KAIMUR (BHABUA),BIHAR
2021-10-11 11:19:05.737 8397-8507/com.capitalfirst D/OkHttp: 26358,821107,SASARA,BIHAR
2021-10-11 11:19:05.737 8397-8507/com.capitalfirst D/OkHttp: 26359,821108,KATIHAR,BIHAR
2021-10-11 11:19:05.737 8397-8507/com.capitalfirst D/OkHttp: 26360,821109,KAIMUR,BIHAR
2021-10-11 11:19:05.737 8397-8507/com.capitalfirst D/OkHttp: 26361,821110,KAIMUR,BIHAR
2021-10-11 11:19:05.737 8397-8507/com.capitalfirst D/OkHttp: 26362,821111,SASARA,BIHAR
2021-10-11 11:19:05.737 8397-8507/com.capitalfirst D/OkHttp: 26363,821112,SAHARSA,BIHAR
2021-10-11 11:19:05.738 8397-8507/com.capitalfirst D/OkHttp: 26364,821113,SASARAM,BIHAR
2021-10-11 11:19:05.738 8397-8479/com.capitalfirst D/OkHttp: 23321,737138,GANGTOK,SIKKIM
2021-10-11 11:19:05.738 8397-8479/com.capitalfirst D/OkHttp: 23322,741002,KEONJHAR,ORISSA
2021-10-11 11:19:05.738 8397-8479/com.capitalfirst D/OkHttp: 23323,741014,KHURDHA,ORISSA
2021-10-11 11:19:05.738 8397-8479/com.capitalfirst D/OkHttp: 23324,741025,CHAKDAHA,WEST BENGAL
2021-10-11 11:19:05.738 8397-8479/com.capitalfirst D/OkHttp: 23325,741101,NADIA,WEST BENGAL
2021-10-11 11:19:05.738 8397-8479/com.capitalfirst D/OkHttp: 23326,741102,NADIA,WEST BENGAL
2021-10-11 11:19:05.738 8397-8479/com.capitalfirst D/OkHttp: 23327,741103,NADIA,WEST BENGAL
2021-10-11 11:19:05.738 8397-8479/com.capitalfirst D/OkHttp: 23328,741104,KRISHNAGAR,WEST BENGAL
2021-10-11 11:19:05.738 8397-8479/com.capitalfirst D/OkHttp: 23329,741111,CHAKDAHA,WEST BENGAL
2021-10-11 11:19:05.738 8397-8479/com.capitalfirst D/OkHttp: 23330,741121,NADIA,WEST BENGAL
2021-10-11 11:19:05.738 8397-8479/com.capitalfirst D/OkHttp: 23331,741122,KRISHNAGAR,WEST BENGAL
2021-10-11 11:19:05.738 8397-8479/com.capitalfirst D/OkHttp: 23332,741123,NADIA,WEST BENGAL
2021-10-11 11:19:05.738 8397-8479/com.capitalfirst D/OkHttp: 23333,741124,NADIA,WEST BENGAL
2021-10-11 11:19:05.738 8397-8479/com.capitalfirst D/OkHttp: 23334,741125,NADIA,WEST BENGAL
2021-10-11 11:19:05.739 8397-8479/com.capitalfirst D/OkHttp: 23335,741126,NADIA,WEST BENGAL
2021-10-11 11:19:05.739 8397-8479/com.capitalfirst D/OkHttp: 23336,741127,NADIA,WEST BENGAL
2021-10-11 11:19:05.739 8397-8479/com.capitalfirst D/OkHttp: 23337,741137,NADIA,WEST BENGAL
2021-10-11 11:19:05.739 8397-8479/com.capitalfirst D/OkHttp: 23338,741138,NADIA,WEST BENGAL
2021-10-11 11:19:05.739 8397-8479/com.capitalfirst D/OkHttp: 23339,741139,KRISHNAGAR,WEST BENGAL
2021-10-11 11:19:05.739 8397-8479/com.capitalfirst D/OkHttp: 23340,741140,NADIA,WEST BENGAL
2021-10-11 11:19:05.739 8397-8479/com.capitalfirst D/OkHttp: 23341,741142,KARIMPUR,WEST BENGAL
2021-10-11 11:19:05.740 8397-8479/com.capitalfirst D/OkHttp: 23342,741150,KRISHNAGAR,WEST BENGAL
2021-10-11 11:19:05.740 8397-8479/com.capitalfirst D/OkHttp: 23343,741151,NADIA,WEST BENGAL
2021-10-11 11:19:05.740 8397-8479/com.capitalfirst D/OkHttp: 23344,741152,KARIMPUR,WEST BENGAL
2021-10-11 11:19:05.740 8397-8479/com.capitalfirst D/OkHttp: 23345,741153,KRISHNAGAR,WEST BENGAL
2021-10-11 11:19:05.740 8397-8479/com.capitalfirst D/OkHttp: 23346,741154,NADIA,WEST BENGAL
2021-10-11 11:19:05.740 8397-8479/com.capitalfirst D/OkHttp: 23347,741155,NADIA,WEST BENGAL
2021-10-11 11:19:05.740 8397-8479/com.capitalfirst D/OkHttp: 23348,741156,NADIA,WEST BENGAL
2021-10-11 11:19:05.740 8397-8479/com.capitalfirst D/OkHttp: 23349,741157,KRISHNAGAR,WEST BENGAL
2021-10-11 11:19:05.740 8397-8479/com.capitalfirst D/OkHttp: 23350,741158,KRISHNAGAR,WEST BENGAL
2021-10-11 11:19:05.740 8397-8479/com.capitalfirst D/OkHttp: 23351,741159,NADIA,WEST BENGAL
2021-10-11 11:19:05.740 8397-8479/com.capitalfirst D/OkHttp: 23352,741160,NADIA,WEST BENGAL
2021-10-11 11:19:05.740 8397-8479/com.capitalfirst D/OkHttp: 23353,741161,NADIA,WEST BENGAL
2021-10-11 11:19:05.741 8397-8479/com.capitalfirst D/OkHttp: 23354,741162,NADIA,WEST BENGAL
2021-10-11 11:19:05.741 8397-8479/com.capitalfirst D/OkHttp: 23355,741163,KRISHNAGAR,WEST BENGAL
2021-10-11 11:19:05.741 8397-8479/com.capitalfirst D/OkHttp: 23356,741164,NADIA,WEST BENGAL
2021-10-11 11:19:05.741 8397-8479/com.capitalfirst D/OkHttp: 23357,741165,NADIA,WEST BENGAL
2021-10-11 11:19:05.741 8397-8479/com.capitalfirst D/OkHttp: 23358,741166,NADIA,WEST BENGAL
2021-10-11 11:19:05.741 8397-8479/com.capitalfirst D/OkHttp: 23359,741167,NADIA,WEST BENGAL
2021-10-11 11:19:05.741 8397-8479/com.capitalfirst D/OkHttp: 23360,741168,KRISHNAGAR,WEST BENGAL
2021-10-11 11:19:05.741 8397-8479/com.capitalfirst D/OkHttp: 23361,741169,KRISHNAGAR,WEST BENGAL
2021-10-11 11:19:05.741 8397-8479/com.capitalfirst D/OkHttp: 23362,741170,KRISHNAGAR,WEST BENGAL
2021-10-11 11:19:05.742 8397-8479/com.capitalfirst D/OkHttp: 23363,741171,KRISHNAGAR,WEST BENGAL
2021-10-11 11:19:05.742 8397-8479/com.capitalfirst D/OkHttp: 23364,741172,KRISHNAGAR,WEST BENGAL
2021-10-11 11:19:05.742 8397-8479/com.capitalfirst D/OkHttp: 23365,741173,KRISHNAGAR,WEST BENGAL
2021-10-11 11:19:05.742 8397-8479/com.capitalfirst D/OkHttp: 23366,741174,KRISHNAGAR,WEST BENGAL
2021-10-11 11:19:05.742 8397-8479/com.capitalfirst D/OkHttp: 23367,741175,KRISHNAGAR,WEST BENGAL
2021-10-11 11:19:05.742 8397-8479/com.capitalfirst D/OkHttp: 23368,741176,KRISHNAGAR,WEST BENGAL
2021-10-11 11:19:05.743 8397-8479/com.capitalfirst D/OkHttp: 23369,741177,KRISHNAGAR,WEST BENGAL
2021-10-11 11:19:05.743 8397-8479/com.capitalfirst D/OkHttp: 23370,741178,KRISHNAGAR,WEST BENGAL
2021-10-11 11:19:05.743 8397-8479/com.capitalfirst D/OkHttp: 23371,741179,ENGLISH BAZAR,WEST BENGAL
2021-10-11 11:19:05.743 8397-8479/com.capitalfirst D/OkHttp: 23372,741180,KRISHNAGAR,WEST BENGAL
2021-10-11 11:19:05.744 8397-8481/com.capitalfirst D/OkHttp: 25208,783347,KOKRAJHAR,ASSAM
2021-10-11 11:19:05.744 8397-8481/com.capitalfirst D/OkHttp: 25209,783348,DHUBRI,ASSAM
2021-10-11 11:19:05.744 8397-8481/com.capitalfirst D/OkHttp: 25210,783349,DHUBRI,ASSAM
2021-10-11 11:19:05.744 8397-8481/com.capitalfirst D/OkHttp: 25211,783350,KOKRAJHAR,ASSAM
2021-10-11 11:19:05.744 8397-8481/com.capitalfirst D/OkHttp: 25212,783351,KOKRAJHAR,ASSAM
2021-10-11 11:19:05.744 8397-8481/com.capitalfirst D/OkHttp: 25213,783360,KOKRAJHAR,ASSAM
2021-10-11 11:19:05.745 8397-8481/com.capitalfirst D/OkHttp: 25214,783361,KOKRAJHAR,ASSAM
2021-10-11 11:19:05.745 8397-8481/com.capitalfirst D/OkHttp: 25215,783362,KOKRAJHAR,ASSAM
2021-10-11 11:19:05.745 8397-8481/com.capitalfirst D/OkHttp: 25216,783370,KOKRAJHAR,ASSAM
2021-10-11 11:19:05.745 8397-8481/com.capitalfirst D/OkHttp: 25217,783371,CHAPAR,ASSAM
2021-10-11 11:19:05.745 8397-8481/com.capitalfirst D/OkHttp: 25218,783372,BASUGAON,ASSAM
2021-10-11 11:19:05.745 8397-8481/com.capitalfirst D/OkHttp: 25219,783373,BONGAIGAON,ASSAM
2021-10-11 11:19:05.745 8397-8481/com.capitalfirst D/OkHttp: 25220,783374,KOKRAJHAR,ASSAM
2021-10-11 11:19:05.745 8397-8481/com.capitalfirst D/OkHttp: 25221,783375,BONGAIGAON,ASSAM
2021-10-11 11:19:05.746 8397-8481/com.capitalfirst D/OkHttp: 25222,783380,BONGAIGAON,ASSAM
2021-10-11 11:19:05.746 8397-8481/com.capitalfirst D/OkHttp: 25223,783381,KOKRAJHAR,ASSAM
2021-10-11 11:19:05.746 8397-8481/com.capitalfirst D/OkHttp: 25224,783382,GOALPARA,ASSAM
2021-10-11 11:19:05.746 8397-8481/com.capitalfirst D/OkHttp: 25225,783383,GOALPARA,ASSAM
2021-10-11 11:19:05.746 8397-8481/com.capitalfirst D/OkHttp: 25226,783384,ABHAYAPURI,ASSAM
2021-10-11 11:19:05.746 8397-8481/com.capitalfirst D/OkHttp: 25227,783385,KOKRAJHAR,ASSAM
2021-10-11 11:19:05.746 8397-8481/com.capitalfirst D/OkHttp: 25228,783386,BONGAIGAON,ASSAM
2021-10-11 11:19:05.746 8397-8481/com.capitalfirst D/OkHttp: 25229,783387,KOKRAJHAR,ASSAM
2021-10-11 11:19:05.746 8397-8481/com.capitalfirst D/OkHttp: 25230,783388,KOKRAJHAR,ASSAM
2021-10-11 11:19:05.746 8397-8481/com.capitalfirst D/OkHttp: 25231,783389,GOALPARA,ASSAM
2021-10-11 11:19:05.746 8397-8481/com.capitalfirst D/OkHttp: 25232,783390,BIJNI,ASSAM
2021-10-11 11:19:05.746 8397-8481/com.capitalfirst D/OkHttp: 25233,783391,KOKRAJHAR,ASSAM
2021-10-11 11:19:05.746 8397-8507/com.capitalfirst D/OkHttp: 26365,821115,ROHTAS,BIHAR
2021-10-11 11:19:05.747 8397-8507/com.capitalfirst D/OkHttp: 26366,821116,KAIMUR,BIHAR
2021-10-11 11:19:05.747 8397-8507/com.capitalfirst D/OkHttp: 26367,821117,KAIMUR,BIHAR
2021-10-11 11:19:05.747 8397-8507/com.capitalfirst D/OkHttp: 26368,821118,KISHANGANJ,BIHAR
2021-10-11 11:19:05.748 8397-8507/com.capitalfirst D/OkHttp: 26369,821119,SASARA,BIHAR
2021-10-11 11:19:05.748 8397-8507/com.capitalfirst D/OkHttp: 26370,821120,KAIMUR,BIHAR
2021-10-11 11:19:05.748 8397-8507/com.capitalfirst D/OkHttp: 26371,821121,SASARA,BIHAR
2021-10-11 11:19:05.748 8397-8507/com.capitalfirst D/OkHttp: 26372,821122,SASARA,BIHAR
2021-10-11 11:19:05.748 8397-8507/com.capitalfirst D/OkHttp: 26373,821123,SASARA,BIHAR
2021-10-11 11:19:05.749 8397-8507/com.capitalfirst D/OkHttp: 26374,821124,SASARA,BIHAR
2021-10-11 11:19:05.749 8397-8507/com.capitalfirst D/OkHttp: 26375,821125,SASARA,BIHAR
2021-10-11 11:19:05.749 8397-8507/com.capitalfirst D/OkHttp: 26376,821301,SASARA,BIHAR
2021-10-11 11:19:05.749 8397-8507/com.capitalfirst D/OkHttp: 26377,821302,SASARA,BIHAR
2021-10-11 11:19:05.749 8397-8507/com.capitalfirst D/OkHttp: 26378,821303,SASARA,BIHAR
2021-10-11 11:19:05.749 8397-8507/com.capitalfirst D/OkHttp: 26379,821304,ROHTAS,BIHAR
2021-10-11 11:19:05.749 8397-8507/com.capitalfirst D/OkHttp: 26380,821305,ROHTAS,BIHAR
2021-10-11 11:19:05.749 8397-8507/com.capitalfirst D/OkHttp: 26381,821306,SASARA,BIHAR
2021-10-11 11:19:05.749 8397-8507/com.capitalfirst D/OkHttp: 26382,821307,SASARA,BIHAR
2021-10-11 11:19:05.750 8397-8507/com.capitalfirst D/OkHttp: 26383,821308,SASARA,BIHAR
2021-10-11 11:19:05.750 8397-8507/com.capitalfirst D/OkHttp: 26384,821309,SASARA,BIHAR
2021-10-11 11:19:05.750 8397-8507/com.capitalfirst D/OkHttp: 26385,821310,SASARAM,BIHAR
2021-10-11 11:19:05.750 8397-8507/com.capitalfirst D/OkHttp: 26386,821311,SASARA,BIHAR
2021-10-11 11:19:05.750 8397-8481/com.capitalfirst D/OkHttp: 25234,783392,KOKRAJHAR,ASSAM
2021-10-11 11:19:05.750 8397-8481/com.capitalfirst D/OkHttp: 25235,783393,BONGAIGAON,ASSAM
2021-10-11 11:19:05.750 8397-8481/com.capitalfirst D/OkHttp: 25236,783394,CHACHER,ASSAM
2021-10-11 11:19:05.750 8397-8481/com.capitalfirst D/OkHttp: 25237,783890,BONGAIGAON,ASSAM
2021-10-11 11:19:05.750 8397-8481/com.capitalfirst D/OkHttp: 25238,784001,SONITPUR,ASSAM
2021-10-11 11:19:05.750 8397-8481/com.capitalfirst D/OkHttp: 25239,784025,TEZPUR,ASSAM
2021-10-11 11:19:05.750 8397-8481/com.capitalfirst D/OkHttp: 25240,784026,SONITPUR,ASSAM
2021-10-11 11:19:05.750 8397-8481/com.capitalfirst D/OkHttp: 25241,784027,DARRANG,ASSAM
2021-10-11 11:19:05.750 8397-8481/com.capitalfirst D/OkHttp: 25242,784028,SONITPUR,ASSAM
2021-10-11 11:19:05.751 8397-8481/com.capitalfirst D/OkHttp: 25243,784101,TEZPUR,ASSAM
2021-10-11 11:19:05.751 8397-8481/com.capitalfirst D/OkHttp: 25244,784102,TEZPUR,ASSAM
2021-10-11 11:19:05.751 8397-8481/com.capitalfirst D/OkHttp: 25245,784103,TEZPUR,ASSAM
2021-10-11 11:19:05.751 8397-8481/com.capitalfirst D/OkHttp: 25246,784104,TEZPUR,ASSAM
2021-10-11 11:19:05.751 8397-8481/com.capitalfirst D/OkHttp: 25247,784105,SONITPUR,ASSAM
2021-10-11 11:19:05.751 8397-8481/com.capitalfirst D/OkHttp: 25248,784110,SONITPUR,ASSAM
2021-10-11 11:19:05.751 8397-8481/com.capitalfirst D/OkHttp: 25249,784111,MANGALDOI,ASSAM
2021-10-11 11:19:05.751 8397-8481/com.capitalfirst D/OkHttp: 25250,784112,TEZPUR,ASSAM
2021-10-11 11:19:05.751 8397-8481/com.capitalfirst D/OkHttp: 25251,784113,MANGALDOI,ASSAM
2021-10-11 11:19:05.751 8397-8481/com.capitalfirst D/OkHttp: 25252,784114,DHEKIAJULI,ASSAM
2021-10-11 11:19:05.751 8397-8481/com.capitalfirst D/OkHttp: 25253,784115,MANGALDOI,ASSAM
2021-10-11 11:19:05.752 8397-8481/com.capitalfirst D/OkHttp: 25254,784116,MANGALDOI,ASSAM
2021-10-11 11:19:05.752 8397-8481/com.capitalfirst D/OkHttp: 25255,784117,MANGALDOI,ASSAM
2021-10-11 11:19:05.752 8397-8481/com.capitalfirst D/OkHttp: 25256,784118,TEZPUR,ASSAM
2021-10-11 11:19:05.752 8397-8481/com.capitalfirst D/OkHttp: 25257,784119,TEZPUR,ASSAM
2021-10-11 11:19:05.752 8397-8481/com.capitalfirst D/OkHttp: 25258,784120,TEZPUR,ASSAM
2021-10-11 11:19:05.752 8397-8481/com.capitalfirst D/OkHttp: 25259,784125,DARRANG,ASSAM
2021-10-11 11:19:05.752 8397-8481/com.capitalfirst D/OkHttp: 25260,784144,MANGALDOI,ASSAM
2021-10-11 11:19:05.752 8397-8481/com.capitalfirst D/OkHttp: 25261,784145,MANGALDOI,ASSAM
2021-10-11 11:19:05.752 8397-8481/com.capitalfirst D/OkHttp: 25262,784146,DARRANG,ASSAM
2021-10-11 11:19:05.752 8397-8481/com.capitalfirst D/OkHttp: 25263,784147,MANGALDOI,ASSAM
2021-10-11 11:19:05.752 8397-8481/com.capitalfirst D/OkHttp: 25264,784148,DARRANG,ASSAM
2021-10-11 11:19:05.752 8397-8481/com.capitalfirst D/OkHttp: 25265,784149,TEZPUR,ASSAM
2021-10-11 11:19:05.753 8397-8481/com.capitalfirst D/OkHttp: 25266,784150,TEZPUR,ASSAM
2021-10-11 11:19:05.753 8397-8481/com.capitalfirst D/OkHttp: 25267,784151,TEZPUR,ASSAM
2021-10-11 11:19:05.753 8397-8481/com.capitalfirst D/OkHttp: 25268,784152,TEZPUR,ASSAM
2021-10-11 11:19:05.753 8397-8481/com.capitalfirst D/OkHttp: 25269,784153,SONITPUR,ASSAM
2021-10-11 11:19:05.753 8397-8481/com.capitalfirst D/OkHttp: 25270,784154,SONITPUR,ASSAM
2021-10-11 11:19:05.753 8397-8481/com.capitalfirst D/OkHttp: 25271,784157,GUWAHATI,ASSAM
2021-10-11 11:19:05.753 8397-8481/com.capitalfirst D/OkHttp: 25272,784160,NORTH LAKHIMPUR,ASSAM
2021-10-11 11:19:05.753 8397-8481/com.capitalfirst D/OkHttp: 25273,784161,NORTH LAKHIMPUR,ASSAM
2021-10-11 11:19:05.753 8397-8481/com.capitalfirst D/OkHttp: 25274,784162,NORTH LAKHIMPUR,ASSAM
2021-10-11 11:19:05.753 8397-8481/com.capitalfirst D/OkHttp: 25275,784163,NORTH LAKHIMPUR,ASSAM
2021-10-11 11:19:05.753 8397-8481/com.capitalfirst D/OkHttp: 25276,784164,TEZPUR,ASSAM
2021-10-11 11:19:05.753 8397-8481/com.capitalfirst D/OkHttp: 25277,784165,NORTH LAKHIMPUR,ASSAM
2021-10-11 11:19:05.753 8397-8481/com.capitalfirst D/OkHttp: 25278,784166,SONITPUR,ASSAM
2021-10-11 11:19:05.753 8397-8481/com.capitalfirst D/OkHttp: 25279,784167,SONITPUR,ASSAM
2021-10-11 11:19:05.753 8397-8481/com.capitalfirst D/OkHttp: 25280,784168,GOHPUR,ASSAM
2021-10-11 11:19:05.753 8397-8481/com.capitalfirst D/OkHttp: 25281,784169,SONITPUR,ASSAM
2021-10-11 11:19:05.753 8397-8481/com.capitalfirst D/OkHttp: 25282,784170,TEZPUR,ASSAM
2021-10-11 11:19:05.753 8397-8481/com.capitalfirst D/OkHttp: 25283,784171,TEZPUR,ASSAM
2021-10-11 11:19:05.754 8397-8481/com.capitalfirst D/OkHttp: 25284,784172,TEZPUR,ASSAM
2021-10-11 11:19:05.754 8397-8481/com.capitalfirst D/OkHttp: 25285,784173,SONITPUR,ASSAM
2021-10-11 11:19:05.754 8397-8481/com.capitalfirst D/OkHttp: 25286,784174,DARRANG,ASSAM
2021-10-11 11:19:05.754 8397-8481/com.capitalfirst D/OkHttp: 25287,784175,SONITPUR,ASSAM
2021-10-11 11:19:05.754 8397-8481/com.capitalfirst D/OkHttp: 25288,784176,SONITPUR,ASSAM
2021-10-11 11:19:05.754 8397-8481/com.capitalfirst D/OkHttp: 25289,784177,SONITPUR,ASSAM
2021-10-11 11:19:05.754 8397-8481/com.capitalfirst D/OkHttp: 25290,784178,SONITPUR,ASSAM
2021-10-11 11:19:05.754 8397-8481/com.capitalfirst D/OkHttp: 25291,784179,SONITPUR,ASSAM
2021-10-11 11:19:05.754 8397-8481/com.capitalfirst D/OkHttp: 25292,784180,SONITPUR,ASSAM
2021-10-11 11:19:05.754 8397-8481/com.capitalfirst D/OkHttp: 25293,784181,TEZPUR,ASSAM
2021-10-11 11:19:05.754 8397-8481/com.capitalfirst D/OkHttp: 25294,784182,TEZPUR,ASSAM
2021-10-11 11:19:05.755 8397-8481/com.capitalfirst D/OkHttp: 25295,784183,TEZPUR,ASSAM
2021-10-11 11:19:05.755 8397-8481/com.capitalfirst D/OkHttp: 25296,784184,SONITPUR,ASSAM
2021-10-11 11:19:05.755 8397-8481/com.capitalfirst D/OkHttp: 25297,784185,TEZPUR,ASSAM
2021-10-11 11:19:05.755 8397-8481/com.capitalfirst D/OkHttp: 25298,784189,SONITPUR,ASSAM
2021-10-11 11:19:05.756 8397-8481/com.capitalfirst D/OkHttp: 25299,784190,DARRANG,ASSAM
2021-10-11 11:19:05.756 8397-8458/com.capitalfirst D/OkHttp: 26434,824102,AURANGABAD BH,BIHAR
2021-10-11 11:19:05.756 8397-8458/com.capitalfirst D/OkHttp: 26435,824103,AURANGABAD BH,BIHAR
2021-10-11 11:19:05.756 8397-8458/com.capitalfirst D/OkHttp: 26436,824104,AURANGABAD BH,BIHAR
2021-10-11 11:19:05.756 8397-8458/com.capitalfirst D/OkHttp: 26437,824108,AURANGABAD BH,BIHAR
2021-10-11 11:19:05.756 8397-8458/com.capitalfirst D/OkHttp: 26438,824110,AURANGABAD BH,BIHAR
2021-10-11 11:19:05.756 8397-8507/com.capitalfirst D/OkHttp: 26387,821312,SASARA,BIHAR
2021-10-11 11:19:05.756 8397-8479/com.capitalfirst D/OkHttp: 23373,741181,KRISHNAGAR,WEST BENGAL
2021-10-11 11:19:05.757 8397-8479/com.capitalfirst D/OkHttp: 23374,741182,KRISHNAGAR,WEST BENGAL
2021-10-11 11:19:05.757 8397-8479/com.capitalfirst D/OkHttp: 23375,741183,KRISHNAGAR,WEST BENGAL
2021-10-11 11:19:05.757 8397-8479/com.capitalfirst D/OkHttp: 23376,741184,KRISHNAGAR,WEST BENGAL
2021-10-11 11:19:05.757 8397-8479/com.capitalfirst D/OkHttp: 23377,741185,KRISHNAGAR,WEST BENGAL
2021-10-11 11:19:05.757 8397-8479/com.capitalfirst D/OkHttp: 23378,741186,KRISHNAGAR,WEST BENGAL
2021-10-11 11:19:05.757 8397-8479/com.capitalfirst D/OkHttp: 23379,741187,KRISHNAGAR,WEST BENGAL
2021-10-11 11:19:05.757 8397-8479/com.capitalfirst D/OkHttp: 23380,741188,BERHAMPORE,WEST BENGAL
2021-10-11 11:19:05.757 8397-8479/com.capitalfirst D/OkHttp: 23381,741189,KRISHNAGAR,WEST BENGAL
2021-10-11 11:19:05.757 8397-8479/com.capitalfirst D/OkHttp: 23382,741190,KRISHNAGAR,WEST BENGAL
2021-10-11 11:19:05.757 8397-8479/com.capitalfirst D/OkHttp: 23383,741191,KRISHNAGAR,WEST BENGAL
2021-10-11 11:19:05.758 8397-8479/com.capitalfirst D/OkHttp: 23384,741192,KRISHNAGAR,WEST BENGAL
2021-10-11 11:19:05.758 8397-8479/com.capitalfirst D/OkHttp: 23385,741193,KRISHNAGAR,WEST BENGAL
2021-10-11 11:19:05.758 8397-8479/com.capitalfirst D/OkHttp: 23386,741194,KRISHNAGAR,WEST BENGAL
2021-10-11 11:19:05.758 8397-8479/com.capitalfirst D/OkHttp: 23387,741195,KRISHNAGAR,WEST BENGAL
2021-10-11 11:19:05.758 8397-8479/com.capitalfirst D/OkHttp: 23388,741196,KRISHNAGAR,WEST BENGAL
2021-10-11 11:19:05.758 8397-8479/com.capitalfirst D/OkHttp: 23389,741197,KRISHNAGAR,WEST BENGAL
2021-10-11 11:19:05.758 8397-8479/com.capitalfirst D/OkHttp: 23390,741198,GOPINATHPUR,WEST BENGAL
2021-10-11 11:19:05.758 8397-8479/com.capitalfirst D/OkHttp: 23391,741199,KRISHNAGAR,WEST BENGAL
2021-10-11 11:19:05.758 8397-8479/com.capitalfirst D/OkHttp: 23392,741201,NADIA,WEST BENGAL
2021-10-11 11:19:05.759 8397-8479/com.capitalfirst D/OkHttp: 23393,741202,NADIA,WEST BENGAL
2021-10-11 11:19:05.759 8397-8479/com.capitalfirst D/OkHttp: 23394,741212,KARIMPUR,WEST BENGAL
2021-10-11 11:19:05.759 8397-8479/com.capitalfirst D/OkHttp: 23395,741221,NADIA,WEST BENGAL
2021-10-11 11:19:05.759 8397-8479/com.capitalfirst D/OkHttp: 23396,741222,NADIA,WEST BENGAL
2021-10-11 11:19:05.759 8397-8479/com.capitalfirst D/OkHttp: 23397,741223,NADIA,WEST BENGAL
2021-10-11 11:19:05.759 8397-8479/com.capitalfirst D/OkHttp: 23398,741224,NADIA,WEST BENGAL
2021-10-11 11:19:05.759 8397-8479/com.capitalfirst D/OkHttp: 23399,741225,NADIA,WEST BENGAL
2021-10-11 11:19:05.759 8397-8479/com.capitalfirst D/OkHttp: 23400,741232,NADIA,WEST BENGAL
2021-10-11 11:19:05.759 8397-8479/com.capitalfirst D/OkHttp: 23401,741233,NADIA,WEST BENGAL
2021-10-11 11:19:05.759 8397-8479/com.capitalfirst D/OkHttp: 23402,741234,NADIA,WEST BENGAL
2021-10-11 11:19:05.759 8397-8479/com.capitalfirst D/OkHttp: 23403,741235,NADIA,WEST BENGAL
2021-10-11 11:19:05.759 8397-8479/com.capitalfirst D/OkHttp: 23404,741236,KRISHNAGAR,WEST BENGAL
2021-10-11 11:19:05.759 8397-8479/com.capitalfirst D/OkHttp: 23405,741238,NADIA,WEST BENGAL
2021-10-11 11:19:05.759 8397-8479/com.capitalfirst D/OkHttp: 23406,741243,KRISHNAGAR,WEST BENGAL
2021-10-11 11:19:05.759 8397-8479/com.capitalfirst D/OkHttp: 23407,741245,NADIA,WEST BENGAL
2021-10-11 11:19:05.759 8397-8479/com.capitalfirst D/OkHttp: 23408,741246,NADIA,WEST BENGAL
2021-10-11 11:19:05.759 8397-8479/com.capitalfirst D/OkHttp: 23409,741247,NADIA,WEST BENGAL
2021-10-11 11:19:05.759 8397-8479/com.capitalfirst D/OkHttp: 23410,741248,24 PARGANAS,WEST BENGAL
2021-10-11 11:19:05.760 8397-8479/com.capitalfirst D/OkHttp: 23411,741249,NADIA,WEST BENGAL
2021-10-11 11:19:05.760 8397-8479/com.capitalfirst D/OkHttp: 23412,741250,24 PARGANAS,WEST BENGAL
2021-10-11 11:19:05.761 8397-8458/com.capitalfirst D/OkHttp: 26439,824111,AURANGABAD BH,BIHAR
2021-10-11 11:19:05.761 8397-8458/com.capitalfirst D/OkHttp: 26440,824112,AURANGABAD BH,BIHAR
2021-10-11 11:19:05.761 8397-8458/com.capitalfirst D/OkHttp: 26441,824113,AURANGABAD BH,BIHAR
2021-10-11 11:19:05.761 8397-8458/com.capitalfirst D/OkHttp: 26442,824114,AURANGABAD BH,BIHAR
2021-10-11 11:19:05.761 8397-8458/com.capitalfirst D/OkHttp: 26443,824115,AURANGABAD BH,BIHAR
2021-10-11 11:19:05.761 8397-8458/com.capitalfirst D/OkHttp: 26444,824116,GAYA,BIHAR
2021-10-11 11:19:05.761 8397-8458/com.capitalfirst D/OkHttp: 26445,824118,GAYA,BIHAR
2021-10-11 11:19:05.761 8397-8458/com.capitalfirst D/OkHttp: 26446,824119,PALAMU,JHARKHAND
2021-10-11 11:19:05.761 8397-8458/com.capitalfirst D/OkHttp: 26447,824120,AURANGABAD BH,BIHAR
2021-10-11 11:19:05.761 8397-8507/com.capitalfirst D/OkHttp: 26388,821313,SASARA,BIHAR
2021-10-11 11:19:05.761 8397-8479/com.capitalfirst D/OkHttp: 23413,741251,NADIA,WEST BENGAL
2021-10-11 11:19:05.762 8397-8479/com.capitalfirst D/OkHttp: 23414,741252,NADIA,WEST BENGAL
2021-10-11 11:19:05.762 8397-8479/com.capitalfirst D/OkHttp: 23415,741253,NADIA,WEST BENGAL
2021-10-11 11:19:05.762 8397-8479/com.capitalfirst D/OkHttp: 23416,741254,NADIA,WEST BENGAL
2021-10-11 11:19:05.762 8397-8479/com.capitalfirst D/OkHttp: 23417,741255,NADIA,WEST BENGAL
2021-10-11 11:19:05.762 8397-8479/com.capitalfirst D/OkHttp: 23418,741256,NADIA,WEST BENGAL
2021-10-11 11:19:05.762 8397-8479/com.capitalfirst D/OkHttp: 23419,741257,NADIA,WEST BENGAL
2021-10-11 11:19:05.762 8397-8479/com.capitalfirst D/OkHttp: 23420,741301,NADIA,WEST BENGAL
2021-10-11 11:19:05.763 8397-8479/com.capitalfirst D/OkHttp: 23421,741302,NADIA,WEST BENGAL
2021-10-11 11:19:05.763 8397-8479/com.capitalfirst D/OkHttp: 23422,741303,KRISHNAGAR,WEST BENGAL
2021-10-11 11:19:05.763 8397-8479/com.capitalfirst D/OkHttp: 23423,741312,KRISHNAGAR,WEST BENGAL
2021-10-11 11:19:05.763 8397-8479/com.capitalfirst D/OkHttp: 23424,741313,NADIA,WEST BENGAL
2021-10-11 11:19:05.763 8397-8479/com.capitalfirst D/OkHttp: 23425,741314,KRISHNAGAR,WEST BENGAL
2021-10-11 11:19:05.763 8397-8479/com.capitalfirst D/OkHttp: 23426,741315,NADIA,WEST BENGAL
2021-10-11 11:19:05.763 8397-8479/com.capitalfirst D/OkHttp: 23427,741316,NADIA,WEST BENGAL
2021-10-11 11:19:05.763 8397-8479/com.capitalfirst D/OkHttp: 23428,741317,NADIA,WEST BENGAL
2021-10-11 11:19:05.763 8397-8479/com.capitalfirst D/OkHttp: 23429,741318,NADIA,WEST BENGAL
2021-10-11 11:19:05.763 8397-8479/com.capitalfirst D/OkHttp: 23430,741319,NADIA,WEST BENGAL
2021-10-11 11:19:05.763 8397-8479/com.capitalfirst D/OkHttp: 23431,741401,NADIA,WEST BENGAL
2021-10-11 11:19:05.763 8397-8479/com.capitalfirst D/OkHttp: 23432,741402,NADIA,WEST BENGAL
2021-10-11 11:19:05.763 8397-8479/com.capitalfirst D/OkHttp: 23433,741403,NADIA,WEST BENGAL
2021-10-11 11:19:05.764 8397-8479/com.capitalfirst D/OkHttp: 23434,741404,NADIA,WEST BENGAL
2021-10-11 11:19:05.764 8397-8479/com.capitalfirst D/OkHttp: 23435,741501,NADIA,WEST BENGAL
2021-10-11 11:19:05.764 8397-8479/com.capitalfirst D/OkHttp: 23436,741502,NADIA,WEST BENGAL
2021-10-11 11:19:05.764 8397-8479/com.capitalfirst D/OkHttp: 23437,741503,NADIA,WEST BENGAL
2021-10-11 11:19:05.764 8397-8479/com.capitalfirst D/OkHttp: 23438,741504,NADIA,WEST BENGAL
2021-10-11 11:19:05.764 8397-8479/com.capitalfirst D/OkHttp: 23439,741505,NADIA,WEST BENGAL
2021-10-11 11:19:05.764 8397-8479/com.capitalfirst D/OkHttp: 23440,741506,NADIA,WEST BENGAL
2021-10-11 11:19:05.764 8397-8479/com.capitalfirst D/OkHttp: 23441,741507,NADIA,WEST BENGAL
2021-10-11 11:19:05.764 8397-8479/com.capitalfirst D/OkHttp: 23442,741508,NADIA,WEST BENGAL
2021-10-11 11:19:05.764 8397-8479/com.capitalfirst D/OkHttp: 23443,741509,NADIA,WEST BENGAL
2021-10-11 11:19:05.764 8397-8479/com.capitalfirst D/OkHttp: 23444,741511,NADIA,WEST BENGAL
2021-10-11 11:19:05.764 8397-8479/com.capitalfirst D/OkHttp: 23445,741513,NADIA,WEST BENGAL
2021-10-11 11:19:05.764 8397-8479/com.capitalfirst D/OkHttp: 23446,742000,MURSHIDABAD,WEST BENGAL
2021-10-11 11:19:05.764 8397-8479/com.capitalfirst D/OkHttp: 23447,742101,BERHAMPORE,WEST BENGAL
2021-10-11 11:19:05.764 8397-8479/com.capitalfirst D/OkHttp: 23448,742102,MURSHIDABAD,WEST BENGAL
2021-10-11 11:19:05.765 8397-8479/com.capitalfirst D/OkHttp: 23449,742103,BERHAMPORE,WEST BENGAL
2021-10-11 11:19:05.765 8397-8479/com.capitalfirst D/OkHttp: 23450,742104,MURSHIDABAD,WEST BENGAL
2021-10-11 11:19:05.765 8397-8479/com.capitalfirst D/OkHttp: 23451,742109,BERHAMPORE,WEST BENGAL
2021-10-11 11:19:05.765 8397-8479/com.capitalfirst D/OkHttp: 23452,742113,MURSHIDABAD,WEST BENGAL
2021-10-11 11:19:05.765 8397-8479/com.capitalfirst D/OkHttp: 23453,742121,AMTALA,WEST BENGAL
2021-10-11 11:19:05.765 8397-8479/com.capitalfirst D/OkHttp: 23454,742122,BERHAMPORE,WEST BENGAL
2021-10-11 11:19:05.765 8397-8479/com.capitalfirst D/OkHttp: 23455,742123,BERHAMPORE,WEST BENGAL
2021-10-11 11:19:05.765 8397-8479/com.capitalfirst D/OkHttp: 23456,742124,DEBIPUR,WEST BENGAL
2021-10-11 11:19:05.765 8397-8479/com.capitalfirst D/OkHttp: 23457,742131,MURSHIDABAD,WEST BENGAL
2021-10-11 11:19:05.765 8397-8479/com.capitalfirst D/OkHttp: 23458,742132,BERHAMPORE,WEST BENGAL
2021-10-11 11:19:05.765 8397-8479/com.capitalfirst D/OkHttp: 23459,742133,BERHAMPORE,WEST BENGAL
2021-10-11 11:19:05.765 8397-8479/com.capitalfirst D/OkHttp: 23460,742134,BERHAMPORE,WEST BENGAL
2021-10-11 11:19:05.766 8397-8479/com.capitalfirst D/OkHttp: 23461,742135,BERHAMPORE,WEST BENGAL
2021-10-11 11:19:05.766 8397-8479/com.capitalfirst D/OkHttp: 23462,742136,BERHAMPORE,WEST BENGAL
2021-10-11 11:19:05.766 8397-8479/com.capitalfirst D/OkHttp: 23463,742137,BERHAMPORE,WEST BENGAL
2021-10-11 11:19:05.766 8397-8479/com.capitalfirst D/OkHttp: 23464,742138,BERHAMPORE,WEST BENGAL
2021-10-11 11:19:05.766 8397-8479/com.capitalfirst D/OkHttp: 23465,742139,BERHAMPORE,WEST BENGAL
2021-10-11 11:19:05.766 8397-8479/com.capitalfirst D/OkHttp: 23466,742140,BERHAMPORE,WEST BENGAL
2021-10-11 11:19:05.766 8397-8479/com.capitalfirst D/OkHttp: 23467,742147,BERHAMPORE,WEST BENGAL
2021-10-11 11:19:05.766 8397-8479/com.capitalfirst D/OkHttp: 23468,742148,BERHAMPORE,WEST BENGAL
2021-10-11 11:19:05.766 8397-8479/com.capitalfirst D/OkHttp: 23469,742149,MURSHIDABAD,WEST BENGAL
2021-10-11 11:19:05.766 8397-8479/com.capitalfirst D/OkHttp: 23470,742150,BERHAMPORE,WEST BENGAL
2021-10-11 11:19:05.766 8397-8479/com.capitalfirst D/OkHttp: 23471,742151,BERHAMPORE,WEST BENGAL
2021-10-11 11:19:05.766 8397-8479/com.capitalfirst D/OkHttp: 23472,742157,MURSHIDABAD,WEST BENGAL
2021-10-11 11:19:05.766 8397-8479/com.capitalfirst D/OkHttp: 23473,742159,MURSHIDABAD,WEST BENGAL
2021-10-11 11:19:05.766 8397-8479/com.capitalfirst D/OkHttp: 23474,742160,BERHAMPORE,WEST BENGAL
2021-10-11 11:19:05.766 8397-8479/com.capitalfirst D/OkHttp: 23475,742161,BERHAMPORE,WEST BENGAL
2021-10-11 11:19:05.766 8397-8479/com.capitalfirst D/OkHttp: 23476,742162,MURSHIDABAD,WEST BENGAL
2021-10-11 11:19:05.766 8397-8479/com.capitalfirst D/OkHttp: 23477,742163,BERHAMPORE,WEST BENGAL
2021-10-11 11:19:05.767 8397-8479/com.capitalfirst D/OkHttp: 23478,742164,BERHAMPORE,WEST BENGAL
2021-10-11 11:19:05.768 8397-8479/com.capitalfirst D/OkHttp: 23479,742165,BERHAMPORE,WEST BENGAL
2021-10-11 11:19:05.768 8397-8479/com.capitalfirst D/OkHttp: 23480,742166,BERHAMPORE,WEST BENGAL
2021-10-11 11:19:05.768 8397-8507/com.capitalfirst D/OkHttp: 26389,821314,SASARA,BIHAR
2021-10-11 11:19:05.768 8397-8507/com.capitalfirst D/OkHttp: 26390,821315,SASARA,BIHAR
2021-10-11 11:19:05.768 8397-8507/com.capitalfirst D/OkHttp: 26391,821316,SASARA,BIHAR
2021-10-11 11:19:05.768 8397-8507/com.capitalfirst D/OkHttp: 26392,821317,SASARA,BIHAR
2021-10-11 11:19:05.768 8397-8507/com.capitalfirst D/OkHttp: 26393,821319,HAZARIBAGH,JHARKHAND
2021-10-11 11:19:05.768 8397-8507/com.capitalfirst D/OkHttp: 26394,822101,PALAMU,JHARKHAND
2021-10-11 11:19:05.768 8397-8507/com.capitalfirst D/OkHttp: 26395,822102,PALAMU,JHARKHAND
2021-10-11 11:19:05.768 8397-8507/com.capitalfirst D/OkHttp: 26396,822110,PALAMU,JHARKHAND
2021-10-11 11:19:05.769 8397-8507/com.capitalfirst D/OkHttp: 26397,822111,PALAMU,JHARKHAND
