2021-10-11 11:19:06.062 8397-8458/com.capitalfirst D/OkHttp: 27062,843334,SITAMARHI,BIHAR
2021-10-11 11:19:06.062 8397-8458/com.capitalfirst D/OkHttp: 27063,843335,SITAMARHI,BIHAR
2021-10-11 11:19:06.062 8397-8458/com.capitalfirst D/OkHttp: 27064,843336,SITAMARHI,BIHAR
2021-10-11 11:19:06.062 8397-8458/com.capitalfirst D/OkHttp: 27065,843337,SITAMARHI,BIHAR
2021-10-11 11:19:06.062 8397-8458/com.capitalfirst D/OkHttp: 27066,843338,SITAMARHI,BIHAR
2021-10-11 11:19:06.062 8397-8458/com.capitalfirst D/OkHttp: 27067,843339,SITAMARHI,BIHAR
2021-10-11 11:19:06.062 8397-8458/com.capitalfirst D/OkHttp: 27068,843340,SITAMARHI,BIHAR
2021-10-11 11:19:06.062 8397-8458/com.capitalfirst D/OkHttp: 27069,843341,SITAMARHI,BIHAR
2021-10-11 11:19:06.062 8397-8458/com.capitalfirst D/OkHttp: 27070,843342,SITAMARHI,BIHAR
2021-10-11 11:19:06.063 8397-8458/com.capitalfirst D/OkHttp: 27071,843343,SITAMARHI,BIHAR
2021-10-11 11:19:06.063 8397-8458/com.capitalfirst D/OkHttp: 27072,843344,SITAMARHI,BIHAR
2021-10-11 11:19:06.063 8397-8458/com.capitalfirst D/OkHttp: 27073,843346,SITAMARHI,BIHAR
2021-10-11 11:19:06.063 8397-8458/com.capitalfirst D/OkHttp: 27074,843347,SITAMARHI,BIHAR
2021-10-11 11:19:06.063 8397-8458/com.capitalfirst D/OkHttp: 27075,843348,SITAMARHI,BIHAR
2021-10-11 11:19:06.063 8397-8458/com.capitalfirst D/OkHttp: 27076,843349,SITAMARHI,BIHAR
2021-10-11 11:19:06.063 8397-8458/com.capitalfirst D/OkHttp: 27077,843350,SITAMARHI,BIHAR
2021-10-11 11:19:06.064 8397-8458/com.capitalfirst D/OkHttp: 27078,843351,SITAMARHI,BIHAR
2021-10-11 11:19:06.065 8397-8458/com.capitalfirst D/OkHttp: 27079,843352,SITAMARHI,BIHAR
2021-10-11 11:19:06.065 8397-8507/com.capitalfirst D/OkHttp: 27238,845457,MOTIHARI,BIHAR
2021-10-11 11:19:06.065 8397-8507/com.capitalfirst D/OkHttp: 27239,845458,MOTIHARI,BIHAR
2021-10-11 11:19:06.065 8397-8507/com.capitalfirst D/OkHttp: 27240,845459,WEST CHAMPARAN,BIHAR
2021-10-11 11:19:06.065 8397-8507/com.capitalfirst D/OkHttp: 27241,845460,BETIA,BIHAR
2021-10-11 11:19:06.065 8397-8507/com.capitalfirst D/OkHttp: 27242,845461,MOTIHARI,BIHAR
2021-10-11 11:19:06.065 8397-8507/com.capitalfirst D/OkHttp: 27243,845462,MOTIHARI,BIHAR
2021-10-11 11:19:06.066 8397-8507/com.capitalfirst D/OkHttp: 27244,845463,MOTIHARI,BIHAR
2021-10-11 11:19:06.066 8397-8507/com.capitalfirst D/OkHttp: 27245,845464,MOTIHARI,BIHAR
2021-10-11 11:19:06.066 8397-8507/com.capitalfirst D/OkHttp: 27246,845465,MOTIHARI,BIHAR
2021-10-11 11:19:06.066 8397-8507/com.capitalfirst D/OkHttp: 27247,845466,MOTIHARI,BIHAR
2021-10-11 11:19:06.066 8397-8507/com.capitalfirst D/OkHttp: 27248,845467,MOTIHARI,BIHAR
2021-10-11 11:19:06.066 8397-8507/com.capitalfirst D/OkHttp: 27249,845468,MOTIHARI,BIHAR
2021-10-11 11:19:06.066 8397-8507/com.capitalfirst D/OkHttp: 27250,845469,MOTIHARI,BIHAR
2021-10-11 11:19:06.066 8397-8507/com.capitalfirst D/OkHttp: 27251,845470,BETIA,BIHAR
2021-10-11 11:19:06.066 8397-8507/com.capitalfirst D/OkHttp: 27252,845471,BETIA,BIHAR
2021-10-11 11:19:06.067 8397-8507/com.capitalfirst D/OkHttp: 27253,845472,BETIA,BIHAR
2021-10-11 11:19:06.067 8397-8507/com.capitalfirst D/OkHttp: 27254,845473,BETIA,BIHAR
2021-10-11 11:19:06.067 8397-8507/com.capitalfirst D/OkHttp: 27255,845474,BETIA,BIHAR
2021-10-11 11:19:06.067 8397-8507/com.capitalfirst D/OkHttp: 27256,845475,BETIA,BIHAR
2021-10-11 11:19:06.067 8397-8507/com.capitalfirst D/OkHttp: 27257,845476,BETIA,BIHAR
2021-10-11 11:19:06.067 8397-8507/com.capitalfirst D/OkHttp: 27258,845477,BETIA,BIHAR
2021-10-11 11:19:06.069 8397-8507/com.capitalfirst D/OkHttp: 27259,845478,BETIA,BIHAR
2021-10-11 11:19:06.069 8397-8507/com.capitalfirst D/OkHttp: 27260,845479,BETIA,BIHAR
2021-10-11 11:19:06.069 8397-8507/com.capitalfirst D/OkHttp: 27261,845480,BETIA,BIHAR
2021-10-11 11:19:06.069 8397-8507/com.capitalfirst D/OkHttp: 27262,845481,BETIA,BIHAR
2021-10-11 11:19:06.069 8397-8507/com.capitalfirst D/OkHttp: 27263,845483,BETIA,BIHAR
2021-10-11 11:19:06.069 8397-8507/com.capitalfirst D/OkHttp: 27264,845484,BETIA,BIHAR
2021-10-11 11:19:06.069 8397-8507/com.capitalfirst D/OkHttp: 27265,845485,MUZAFFARPUR,BIHAR
2021-10-11 11:19:06.069 8397-8507/com.capitalfirst D/OkHttp: 27266,845486,MOTIHARI,BIHAR
2021-10-11 11:19:06.069 8397-8507/com.capitalfirst D/OkHttp: 27267,845487,MOTIHARI,BIHAR
2021-10-11 11:19:06.069 8397-8507/com.capitalfirst D/OkHttp: 27268,845488,MOTIHARI,BIHAR
2021-10-11 11:19:06.069 8397-8507/com.capitalfirst D/OkHttp: 27269,845489,MOTIHARI,BIHAR
2021-10-11 11:19:06.069 8397-8507/com.capitalfirst D/OkHttp: 27270,845490,MOTIHARI,BIHAR
2021-10-11 11:19:06.070 8397-8507/com.capitalfirst D/OkHttp: 27271,845491,MOTIHARI,BIHAR
2021-10-11 11:19:06.070 8397-8507/com.capitalfirst D/OkHttp: 27272,845492,MOTIHARI,BIHAR
2021-10-11 11:19:06.070 8397-8507/com.capitalfirst D/OkHttp: 27273,845494,MOTIHARI,BIHAR
2021-10-11 11:19:06.070 8397-8507/com.capitalfirst D/OkHttp: 27274,845495,MOTIHARI,BIHAR
2021-10-11 11:19:06.070 8397-8507/com.capitalfirst D/OkHttp: 27275,845496,MOTIHARI,BIHAR
2021-10-11 11:19:06.070 8397-8507/com.capitalfirst D/OkHttp: 27276,845497,MOTIHARI,BIHAR
2021-10-11 11:19:06.070 8397-8507/com.capitalfirst D/OkHttp: 27277,845498,MOTIHARI,BIHAR
2021-10-11 11:19:06.070 8397-8507/com.capitalfirst D/OkHttp: 27278,845499,MOTIHARI,BIHAR
2021-10-11 11:19:06.070 8397-8507/com.capitalfirst D/OkHttp: 27279,845501,MOTIHARI,BIHAR
2021-10-11 11:19:06.070 8397-8507/com.capitalfirst D/OkHttp: 27280,845502,MOTIHARI,BIHAR
2021-10-11 11:19:06.070 8397-8507/com.capitalfirst D/OkHttp: 27281,845503,MOTIHARI,BIHAR
2021-10-11 11:19:06.070 8397-8507/com.capitalfirst D/OkHttp: 27282,845504,MOTIHARI,BIHAR
2021-10-11 11:19:06.070 8397-8507/com.capitalfirst D/OkHttp: 27283,845505,MOTIHARI,BIHAR
2021-10-11 11:19:06.070 8397-8507/com.capitalfirst D/OkHttp: 27284,845506,MOTIHARI,BIHAR
2021-10-11 11:19:06.070 8397-8507/com.capitalfirst D/OkHttp: 27285,845507,MOTIHARI,BIHAR
2021-10-11 11:19:06.070 8397-8507/com.capitalfirst D/OkHttp: 27286,845508,MOTIHARI,BIHAR
2021-10-11 11:19:06.070 8397-8507/com.capitalfirst D/OkHttp: 27287,845509,MOTIHARI,BIHAR
2021-10-11 11:19:06.070 8397-8507/com.capitalfirst D/OkHttp: 27288,845511,MOTIHARI,BIHAR
2021-10-11 11:19:06.070 8397-8507/com.capitalfirst D/OkHttp: 27289,845513,AKBARPUR,UTTAR PRADESH
2021-10-11 11:19:06.071 8397-8507/com.capitalfirst D/OkHttp: 27290,845514,MOTIHARI,BIHAR
2021-10-11 11:19:06.071 8397-8507/com.capitalfirst D/OkHttp: 27291,845515,MOTIHARI,BIHAR
2021-10-11 11:19:06.071 8397-8507/com.capitalfirst D/OkHttp: 27292,845516,MOTIHARI,BIHAR
2021-10-11 11:19:06.071 8397-8507/com.capitalfirst D/OkHttp: 27293,845517,MOTIHARI,BIHAR
2021-10-11 11:19:06.072 8397-8507/com.capitalfirst D/OkHttp: 27294,845518,MOTIHARI,BIHAR
2021-10-11 11:19:06.072 8397-8507/com.capitalfirst D/OkHttp: 27295,845519,MOTIHARI,BIHAR
2021-10-11 11:19:06.072 8397-8507/com.capitalfirst D/OkHttp: 27296,845520,MOTIHARI,BIHAR
2021-10-11 11:19:06.072 8397-8507/com.capitalfirst D/OkHttp: 27297,845521,MOTIHARI,BIHAR
2021-10-11 11:19:06.073 8397-8507/com.capitalfirst D/OkHttp: 27298,845522,MOTIHARI,BIHAR
2021-10-11 11:19:06.073 8397-8507/com.capitalfirst D/OkHttp: 27299,845523,MOTIHARI,BIHAR
2021-10-11 11:19:06.073 8397-8507/com.capitalfirst D/OkHttp: 27300,845524,MOTIHARI,BIHAR
2021-10-11 11:19:06.073 8397-8507/com.capitalfirst D/OkHttp: 27301,845525,MOTIHARI,BIHAR
2021-10-11 11:19:06.073 8397-8507/com.capitalfirst D/OkHttp: 27302,845950,BETIA,BIHAR
2021-10-11 11:19:06.073 8397-8507/com.capitalfirst D/OkHttp: 27303,846001,DARBHANGA,BIHAR
2021-10-11 11:19:06.073 8397-8507/com.capitalfirst D/OkHttp: 27304,846002,DARBHANGA,BIHAR
2021-10-11 11:19:06.073 8397-8507/com.capitalfirst D/OkHttp: 27305,846003,DARBHANGA,BIHAR
2021-10-11 11:19:06.074 8397-8507/com.capitalfirst D/OkHttp: 27306,846004,DARBHANGA,BIHAR
2021-10-11 11:19:06.074 8397-8507/com.capitalfirst D/OkHttp: 27307,846005,DARBHANGA,BIHAR
2021-10-11 11:19:06.078 8397-8481/com.capitalfirst D/OkHttp: 25873,799269,KAILASHAHAR,TRIPURA
2021-10-11 11:19:06.078 8397-8481/com.capitalfirst D/OkHttp: 25874,799270,KANCHANPUR,TRIPURA
2021-10-11 11:19:06.078 8397-8481/com.capitalfirst D/OkHttp: 25875,799271,KAILASHAHAR,TRIPURA
2021-10-11 11:19:06.078 8397-8481/com.capitalfirst D/OkHttp: 25876,799273,KAILASHAHAR,TRIPURA
2021-10-11 11:19:06.078 8397-8481/com.capitalfirst D/OkHttp: 25877,799275,KAILASHAHAR,TRIPURA
2021-10-11 11:19:06.079 8397-8481/com.capitalfirst D/OkHttp: 25878,799277,KAILASHAHAR,TRIPURA
2021-10-11 11:19:06.079 8397-8481/com.capitalfirst D/OkHttp: 25879,799278,AMBASSA,TRIPURA
2021-10-11 11:19:06.079 8397-8481/com.capitalfirst D/OkHttp: 25880,799279,KAILASHAHAR,TRIPURA
2021-10-11 11:19:06.079 8397-8481/com.capitalfirst D/OkHttp: 25881,799285,KAMALPUR,TRIPURA
2021-10-11 11:19:06.079 8397-8481/com.capitalfirst D/OkHttp: 25882,799286,KAILASHAHAR,TRIPURA
2021-10-11 11:19:06.079 8397-8481/com.capitalfirst D/OkHttp: 25883,799287,KAILASHAHAR,TRIPURA
2021-10-11 11:19:06.079 8397-8481/com.capitalfirst D/OkHttp: 25884,799288,KAILASHAHAR,TRIPURA
2021-10-11 11:19:06.079 8397-8481/com.capitalfirst D/OkHttp: 25885,799289,AMBASSA,TRIPURA
2021-10-11 11:19:06.079 8397-8481/com.capitalfirst D/OkHttp: 25886,799290,KAILASHAHAR,TRIPURA
2021-10-11 11:19:06.080 8397-8479/com.capitalfirst D/OkHttp: 24050,754159,JAGATSINGHAPUR,ORISSA
2021-10-11 11:19:06.080 8397-8479/com.capitalfirst D/OkHttp: 24051,754160,JAGATSINGHAPUR,ORISSA
2021-10-11 11:19:06.080 8397-8479/com.capitalfirst D/OkHttp: 24052,754161,CUTTACK,ORISSA
2021-10-11 11:19:06.080 8397-8479/com.capitalfirst D/OkHttp: 24053,754162,KENDRAPARA,ORISSA
2021-10-11 11:19:06.080 8397-8479/com.capitalfirst D/OkHttp: 24054,754200,CUTTACK,ORISSA
2021-10-11 11:19:06.080 8397-8479/com.capitalfirst D/OkHttp: 24055,754201,CUTTACK,ORISSA
2021-10-11 11:19:06.080 8397-8479/com.capitalfirst D/OkHttp: 24056,754202,CUTTACK,ORISSA
2021-10-11 11:19:06.080 8397-8479/com.capitalfirst D/OkHttp: 24057,754203,CUTTACK,ORISSA
2021-10-11 11:19:06.080 8397-8479/com.capitalfirst D/OkHttp: 24058,754204,CUTTACK,ORISSA
2021-10-11 11:19:06.080 8397-8479/com.capitalfirst D/OkHttp: 24059,754205,JAJAPUR,ORISSA
2021-10-11 11:19:06.080 8397-8479/com.capitalfirst D/OkHttp: 24060,754206,CUTTACK,ORISSA
2021-10-11 11:19:06.080 8397-8479/com.capitalfirst D/OkHttp: 24061,754207,CUTTACK,ORISSA
2021-10-11 11:19:06.080 8397-8479/com.capitalfirst D/OkHttp: 24062,754208,KENDRAPARA,ORISSA
2021-10-11 11:19:06.080 8397-8479/com.capitalfirst D/OkHttp: 24063,754209,CUTTACK,ORISSA
2021-10-11 11:19:06.080 8397-8479/com.capitalfirst D/OkHttp: 24064,754210,KENDRAPARA,ORISSA
2021-10-11 11:19:06.081 8397-8479/com.capitalfirst D/OkHttp: 24065,754211,KENDRAPARA,ORISSA
2021-10-11 11:19:06.081 8397-8479/com.capitalfirst D/OkHttp: 24066,754212,KENDRAPARA,ORISSA
2021-10-11 11:19:06.081 8397-8479/com.capitalfirst D/OkHttp: 24067,754213,KENDRAPARA,ORISSA
2021-10-11 11:19:06.081 8397-8479/com.capitalfirst D/OkHttp: 24068,754214,KENDRAPARA,ORISSA
2021-10-11 11:19:06.081 8397-8479/com.capitalfirst D/OkHttp: 24069,754215,KENDRAPARA,ORISSA
2021-10-11 11:19:06.081 8397-8479/com.capitalfirst D/OkHttp: 24070,754216,KENDRAPARA,ORISSA
2021-10-11 11:19:06.081 8397-8479/com.capitalfirst D/OkHttp: 24071,754217,KENDRAPARA,ORISSA
2021-10-11 11:19:06.081 8397-8479/com.capitalfirst D/OkHttp: 24072,754218,KENDRAPARA,ORISSA
2021-10-11 11:19:06.081 8397-8479/com.capitalfirst D/OkHttp: 24073,754219,KENDRAPARA,ORISSA
2021-10-11 11:19:06.081 8397-8479/com.capitalfirst D/OkHttp: 24074,754220,KENDRAPARA,ORISSA
2021-10-11 11:19:06.081 8397-8458/com.capitalfirst D/OkHttp: 27080,843353,SITAMARHI,BIHAR
2021-10-11 11:19:06.082 8397-8458/com.capitalfirst D/OkHttp: 27081,843354,SITAMARHI,BIHAR
2021-10-11 11:19:06.082 8397-8458/com.capitalfirst D/OkHttp: 27082,843355,SITAMARHI,BIHAR
2021-10-11 11:19:06.082 8397-8458/com.capitalfirst D/OkHttp: 27083,843356,SHEIKHPURA,BIHAR
2021-10-11 11:19:06.082 8397-8458/com.capitalfirst D/OkHttp: 27084,843357,SITAMARHI,BIHAR
2021-10-11 11:19:06.082 8397-8458/com.capitalfirst D/OkHttp: 27085,843358,SITAMARHI,BIHAR
2021-10-11 11:19:06.082 8397-8458/com.capitalfirst D/OkHttp: 27086,843359,SITAMARHI,BIHAR
2021-10-11 11:19:06.082 8397-8458/com.capitalfirst D/OkHttp: 27087,843360,MUZAFFARPUR,BIHAR
2021-10-11 11:19:06.082 8397-8458/com.capitalfirst D/OkHttp: 27088,843361,SITAMARHI,BIHAR
2021-10-11 11:19:06.082 8397-8458/com.capitalfirst D/OkHttp: 27089,843362,SITAMARHI,BIHAR
2021-10-11 11:19:06.082 8397-8458/com.capitalfirst D/OkHttp: 27090,843363,SITAMARHI,BIHAR
2021-10-11 11:19:06.082 8397-8458/com.capitalfirst D/OkHttp: 27091,843364,SITAMARHI,BIHAR
2021-10-11 11:19:06.082 8397-8458/com.capitalfirst D/OkHttp: 27092,843365,SITAMARHI,BIHAR
2021-10-11 11:19:06.082 8397-8458/com.capitalfirst D/OkHttp: 27093,843366,SITAMARHI,BIHAR
2021-10-11 11:19:06.082 8397-8458/com.capitalfirst D/OkHttp: 27094,843367,SITAMARHI,BIHAR
2021-10-11 11:19:06.082 8397-8458/com.capitalfirst D/OkHttp: 27095,843368,SHEOHAR,BIHAR
2021-10-11 11:19:06.082 8397-8458/com.capitalfirst D/OkHttp: 27096,843401,MUZAFFARPUR,BIHAR
2021-10-11 11:19:06.083 8397-8458/com.capitalfirst D/OkHttp: 27097,844010,HAJIPUR,PUNJAB
2021-10-11 11:19:06.083 8397-8458/com.capitalfirst D/OkHttp: 27098,844056,VAISHALI,BIHAR
2021-10-11 11:19:06.083 8397-8458/com.capitalfirst D/OkHttp: 27099,844101,VAISHALI,BIHAR
2021-10-11 11:19:06.083 8397-8458/com.capitalfirst D/OkHttp: 27100,844102,VAISHALI,BIHAR
2021-10-11 11:19:06.083 8397-8458/com.capitalfirst D/OkHttp: 27101,844103,VAISHALI,BIHAR
2021-10-11 11:19:06.083 8397-8458/com.capitalfirst D/OkHttp: 27102,844111,VAISHALI,BIHAR
2021-10-11 11:19:06.083 8397-8458/com.capitalfirst D/OkHttp: 27103,844112,VAISHALI,BIHAR
2021-10-11 11:19:06.083 8397-8458/com.capitalfirst D/OkHttp: 27104,844113,VAISHALI,BIHAR
2021-10-11 11:19:06.083 8397-8458/com.capitalfirst D/OkHttp: 27105,844114,VAISHALI,BIHAR
2021-10-11 11:19:06.084 8397-8458/com.capitalfirst D/OkHttp: 27106,844115,VAISHALI,BIHAR
2021-10-11 11:19:06.084 8397-8458/com.capitalfirst D/OkHttp: 27107,844116,VAISHALI,BIHAR
2021-10-11 11:19:06.084 8397-8458/com.capitalfirst D/OkHttp: 27108,844117,VAISHALI,BIHAR
2021-10-11 11:19:06.084 8397-8458/com.capitalfirst D/OkHttp: 27109,844118,HAZIPUR,BIHAR
2021-10-11 11:19:06.084 8397-8458/com.capitalfirst D/OkHttp: 27110,844119,VAISHALI,BIHAR
2021-10-11 11:19:06.084 8397-8458/com.capitalfirst D/OkHttp: 27111,844120,MUZAFFARPUR,BIHAR
2021-10-11 11:19:06.084 8397-8458/com.capitalfirst D/OkHttp: 27112,844121,VAISHALI,BIHAR
2021-10-11 11:19:06.084 8397-8458/com.capitalfirst D/OkHttp: 27113,844122,VAISHALI,BIHAR
2021-10-11 11:19:06.084 8397-8458/com.capitalfirst D/OkHttp: 27114,844123,VAISHALI,BIHAR
2021-10-11 11:19:06.084 8397-8458/com.capitalfirst D/OkHttp: 27115,844124,VAISHALI,BIHAR
2021-10-11 11:19:06.085 8397-8458/com.capitalfirst D/OkHttp: 27116,844125,VAISHALI,BIHAR
2021-10-11 11:19:06.085 8397-8458/com.capitalfirst D/OkHttp: 27117,844126,VAISHALI,BIHAR
2021-10-11 11:19:06.085 8397-8458/com.capitalfirst D/OkHttp: 27118,844127,MUZAFFARPUR,BIHAR
2021-10-11 11:19:06.085 8397-8458/com.capitalfirst D/OkHttp: 27119,844128,HAZIPUR,BIHAR
2021-10-11 11:19:06.085 8397-8458/com.capitalfirst D/OkHttp: 27120,844129,KAIMUR,BIHAR
2021-10-11 11:19:06.085 8397-8458/com.capitalfirst D/OkHttp: 27121,844130,HAZIPUR,BIHAR
2021-10-11 11:19:06.085 8397-8458/com.capitalfirst D/OkHttp: 27122,844131,HAZIPUR,BIHAR
2021-10-11 11:19:06.085 8397-8458/com.capitalfirst D/OkHttp: 27123,844132,HAZIPUR,BIHAR
2021-10-11 11:19:06.085 8397-8458/com.capitalfirst D/OkHttp: 27124,844133,HAZIPUR,BIHAR
2021-10-11 11:19:06.086 8397-8458/com.capitalfirst D/OkHttp: 27125,844134,HAZIPUR,BIHAR
2021-10-11 11:19:06.086 8397-8458/com.capitalfirst D/OkHttp: 27126,844135,HAZIPUR,BIHAR
2021-10-11 11:19:06.086 8397-8458/com.capitalfirst D/OkHttp: 27127,844136,HAZIPUR,BIHAR
2021-10-11 11:19:06.086 8397-8458/com.capitalfirst D/OkHttp: 27128,844137,HAZIPUR,BIHAR
2021-10-11 11:19:06.086 8397-8458/com.capitalfirst D/OkHttp: 27129,844138,HAZIPUR,BIHAR
2021-10-11 11:19:06.086 8397-8481/com.capitalfirst D/OkHttp: 25887,799901,NAYABAZAR,SIKKIM
2021-10-11 11:19:06.086 8397-8481/com.capitalfirst D/OkHttp: 25888,800001,PATNA,BIHAR
2021-10-11 11:19:06.086 8397-8481/com.capitalfirst D/OkHttp: 25889,800002,PATNA,BIHAR
2021-10-11 11:19:06.086 8397-8481/com.capitalfirst D/OkHttp: 25890,800003,PATNA,BIHAR
2021-10-11 11:19:06.087 8397-8481/com.capitalfirst D/OkHttp: 25891,800004,PATNA,BIHAR
2021-10-11 11:19:06.087 8397-8481/com.capitalfirst D/OkHttp: 25892,800005,PATNA,BIHAR
2021-10-11 11:19:06.087 8397-8481/com.capitalfirst D/OkHttp: 25893,800006,PATNA,BIHAR
2021-10-11 11:19:06.087 8397-8481/com.capitalfirst D/OkHttp: 25894,800007,PATNA,BIHAR
2021-10-11 11:19:06.087 8397-8481/com.capitalfirst D/OkHttp: 25895,800008,PATNA,BIHAR
2021-10-11 11:19:06.087 8397-8481/com.capitalfirst D/OkHttp: 25896,800009,PATNA,BIHAR
2021-10-11 11:19:06.087 8397-8481/com.capitalfirst D/OkHttp: 25897,800010,PATNA,BIHAR
2021-10-11 11:19:06.087 8397-8481/com.capitalfirst D/OkHttp: 25898,800011,PATNA,BIHAR
2021-10-11 11:19:06.088 8397-8481/com.capitalfirst D/OkHttp: 25899,800012,PATNA,BIHAR
2021-10-11 11:19:06.088 8397-8481/com.capitalfirst D/OkHttp: 25900,800013,PATNA,BIHAR
2021-10-11 11:19:06.088 8397-8481/com.capitalfirst D/OkHttp: 25901,800014,PATNA,BIHAR
2021-10-11 11:19:06.088 8397-8481/com.capitalfirst D/OkHttp: 25902,800015,PATNA,BIHAR
2021-10-11 11:19:06.088 8397-8481/com.capitalfirst D/OkHttp: 25903,800016,PATNA,BIHAR
2021-10-11 11:19:06.088 8397-8481/com.capitalfirst D/OkHttp: 25904,800017,PATNA,BIHAR
2021-10-11 11:19:06.088 8397-8458/com.capitalfirst D/OkHttp: 27130,844139,HAZIPUR,BIHAR
2021-10-11 11:19:06.090 8397-8507/com.capitalfirst D/OkHttp: 27310,846008,DARBHANGA,BIHAR
2021-10-11 11:19:06.091 8397-8479/com.capitalfirst D/OkHttp: 24075,754221,CUTTACK,ORISSA
2021-10-11 11:19:06.092 8397-8479/com.capitalfirst D/OkHttp: 24076,754222,KENDRAPARA,ORISSA
2021-10-11 11:19:06.092 8397-8479/com.capitalfirst D/OkHttp: 24077,754223,KENDRAPARA,ORISSA
2021-10-11 11:19:06.092 8397-8458/com.capitalfirst D/OkHttp: 27131,844140,HAZIPUR,BIHAR
2021-10-11 11:19:06.093 8397-8458/com.capitalfirst D/OkHttp: 27132,844141,HAZIPUR,BIHAR
2021-10-11 11:19:06.093 8397-8507/com.capitalfirst D/OkHttp: 27311,846009,DARBHANGA,BIHAR
2021-10-11 11:19:06.094 8397-8481/com.capitalfirst D/OkHttp: 25905,800018,PATNA,BIHAR
2021-10-11 11:19:06.094 8397-8481/com.capitalfirst D/OkHttp: 25906,800019,PATNA,BIHAR
2021-10-11 11:19:06.094 8397-8481/com.capitalfirst D/OkHttp: 25907,800020,PATNA,BIHAR
2021-10-11 11:19:06.094 8397-8481/com.capitalfirst D/OkHttp: 25908,800021,PATNA,BIHAR
2021-10-11 11:19:06.094 8397-8481/com.capitalfirst D/OkHttp: 25909,800022,PATNA,BIHAR
2021-10-11 11:19:06.094 8397-8481/com.capitalfirst D/OkHttp: 25910,800023,PATNA,BIHAR
2021-10-11 11:19:06.094 8397-8481/com.capitalfirst D/OkHttp: 25911,800024,PATNA,BIHAR
2021-10-11 11:19:06.094 8397-8481/com.capitalfirst D/OkHttp: 25912,800025,PATNA,BIHAR
2021-10-11 11:19:06.095 8397-8481/com.capitalfirst D/OkHttp: 25913,800026,PATNA,BIHAR
2021-10-11 11:19:06.095 8397-8481/com.capitalfirst D/OkHttp: 25914,800027,PATNA,BIHAR
2021-10-11 11:19:06.095 8397-8481/com.capitalfirst D/OkHttp: 25915,800028,PATNA,BIHAR
2021-10-11 11:19:06.095 8397-8481/com.capitalfirst D/OkHttp: 25916,800029,PATNA,BIHAR
2021-10-11 11:19:06.095 8397-8481/com.capitalfirst D/OkHttp: 25917,800030,PATNA,BIHAR
2021-10-11 11:19:06.096 8397-8481/com.capitalfirst D/OkHttp: 25918,800108,PATNA,BIHAR
2021-10-11 11:19:06.096 8397-8481/com.capitalfirst D/OkHttp: 25919,800111,PATNA,BIHAR
2021-10-11 11:19:06.096 8397-8481/com.capitalfirst D/OkHttp: 25920,801101,PATNA,BIHAR
2021-10-11 11:19:06.096 8397-8481/com.capitalfirst D/OkHttp: 25921,801102,PATNA,BIHAR
2021-10-11 11:19:06.096 8397-8481/com.capitalfirst D/OkHttp: 25922,801103,PATNA,BIHAR
2021-10-11 11:19:06.096 8397-8481/com.capitalfirst D/OkHttp: 25923,801104,PATNA,BIHAR
2021-10-11 11:19:06.096 8397-8481/com.capitalfirst D/OkHttp: 25924,801105,PATNA,BIHAR
2021-10-11 11:19:06.096 8397-8481/com.capitalfirst D/OkHttp: 25925,801106,PATNA,BIHAR
2021-10-11 11:19:06.096 8397-8481/com.capitalfirst D/OkHttp: 25926,801108,PATNA,BIHAR
2021-10-11 11:19:06.096 8397-8481/com.capitalfirst D/OkHttp: 25927,801109,PATNA,BIHAR
2021-10-11 11:19:06.096 8397-8481/com.capitalfirst D/OkHttp: 25928,801110,PATNA,BIHAR
2021-10-11 11:19:06.096 8397-8481/com.capitalfirst D/OkHttp: 25929,801111,PATNA,BIHAR
2021-10-11 11:19:06.096 8397-8481/com.capitalfirst D/OkHttp: 25930,801112,PATNA,BIHAR
2021-10-11 11:19:06.097 8397-8481/com.capitalfirst D/OkHttp: 25931,801113,PATNA,BIHAR
2021-10-11 11:19:06.097 8397-8481/com.capitalfirst D/OkHttp: 25932,801114,PATNA,BIHAR
2021-10-11 11:19:06.097 8397-8481/com.capitalfirst D/OkHttp: 25933,801115,PATNA,BIHAR
2021-10-11 11:19:06.097 8397-8481/com.capitalfirst D/OkHttp: 25934,801116,PATNA,BIHAR
2021-10-11 11:19:06.097 8397-8481/com.capitalfirst D/OkHttp: 25935,801117,PATNA,BIHAR
2021-10-11 11:19:06.097 8397-8481/com.capitalfirst D/OkHttp: 25936,801118,PATNA,BIHAR
2021-10-11 11:19:06.097 8397-8481/com.capitalfirst D/OkHttp: 25937,801119,ARRAH,BIHAR
2021-10-11 11:19:06.097 8397-8481/com.capitalfirst D/OkHttp: 25938,801301,BIHARSHARIF,BIHAR
2021-10-11 11:19:06.097 8397-8481/com.capitalfirst D/OkHttp: 25939,801302,HILSA,BIHAR
2021-10-11 11:19:06.097 8397-8481/com.capitalfirst D/OkHttp: 25940,801303,NALANDA,BIHAR
2021-10-11 11:19:06.097 8397-8481/com.capitalfirst D/OkHttp: 25941,801304,BIHARSHARIF,BIHAR
2021-10-11 11:19:06.097 8397-8481/com.capitalfirst D/OkHttp: 25942,801305,BIHARSHARIF,BIHAR
2021-10-11 11:19:06.097 8397-8481/com.capitalfirst D/OkHttp: 25943,801306,BIHARSHARIF,BIHAR
2021-10-11 11:19:06.098 8397-8481/com.capitalfirst D/OkHttp: 25944,801307,NALANDA,BIHAR
2021-10-11 11:19:06.098 8397-8481/com.capitalfirst D/OkHttp: 25945,801309,BIHARSHARIF,BIHAR
2021-10-11 11:19:06.098 8397-8481/com.capitalfirst D/OkHttp: 25946,801310,BIHARSHARIF,BIHAR
2021-10-11 11:19:06.098 8397-8481/com.capitalfirst D/OkHttp: 25947,801311,BIHARSHARIF,BIHAR
2021-10-11 11:19:06.098 8397-8481/com.capitalfirst D/OkHttp: 25948,801501,PATNA,BIHAR
2021-10-11 11:19:06.098 8397-8481/com.capitalfirst D/OkHttp: 25949,801502,PATNA,BIHAR
2021-10-11 11:19:06.098 8397-8481/com.capitalfirst D/OkHttp: 25950,801503,PATNA,BIHAR
2021-10-11 11:19:06.098 8397-8481/com.capitalfirst D/OkHttp: 25951,801505,PATNA,BIHAR
2021-10-11 11:19:06.098 8397-8481/com.capitalfirst D/OkHttp: 25952,801506,PATNA,BIHAR
2021-10-11 11:19:06.098 8397-8481/com.capitalfirst D/OkHttp: 25953,801507,PATNA,BIHAR
2021-10-11 11:19:06.098 8397-8481/com.capitalfirst D/OkHttp: 25954,801508,PATNA,BIHAR
2021-10-11 11:19:06.098 8397-8481/com.capitalfirst D/OkHttp: 25955,801509,PATNA,BIHAR
2021-10-11 11:19:06.098 8397-8481/com.capitalfirst D/OkHttp: 25956,801522,NAWADA,BIHAR
2021-10-11 11:19:06.098 8397-8481/com.capitalfirst D/OkHttp: 25957,802101,BUXAR,BIHAR
2021-10-11 11:19:06.098 8397-8481/com.capitalfirst D/OkHttp: 25958,802102,BUXAR,BIHAR
2021-10-11 11:19:06.098 8397-8481/com.capitalfirst D/OkHttp: 25959,802103,BUXAR,BIHAR
2021-10-11 11:19:06.098 8397-8481/com.capitalfirst D/OkHttp: 25960,802111,ARRAH,BIHAR
2021-10-11 11:19:06.099 8397-8481/com.capitalfirst D/OkHttp: 25961,802112,ARRAH,BIHAR
2021-10-11 11:19:06.099 8397-8481/com.capitalfirst D/OkHttp: 25962,802113,BUXAR,BIHAR
2021-10-11 11:19:06.099 8397-8481/com.capitalfirst D/OkHttp: 25963,802114,BUXAR,BIHAR
2021-10-11 11:19:06.099 8397-8481/com.capitalfirst D/OkHttp: 25964,802115,ARRAH,BIHAR
2021-10-11 11:19:06.100 8397-8481/com.capitalfirst D/OkHttp: 25965,802116,BUXAR,BIHAR
2021-10-11 11:19:06.100 8397-8481/com.capitalfirst D/OkHttp: 25966,802117,BUXAR,BIHAR
2021-10-11 11:19:06.100 8397-8481/com.capitalfirst D/OkHttp: 25967,802118,ARRAH,BIHAR
2021-10-11 11:19:06.100 8397-8481/com.capitalfirst D/OkHttp: 25968,802119,BUXAR,BIHAR
2021-10-11 11:19:06.100 8397-8481/com.capitalfirst D/OkHttp: 25969,802120,ARRAH,BIHAR
2021-10-11 11:19:06.103 8397-8481/com.capitalfirst D/OkHttp: 25994,802162,ARRAH,BIHAR
2021-10-11 11:19:06.103 8397-8481/com.capitalfirst D/OkHttp: 25995,802163,BHOJPUR,BIHAR
2021-10-11 11:19:06.104 8397-8481/com.capitalfirst D/OkHttp: 25996,802164,BHOJPUR,BIHAR
2021-10-11 11:19:06.104 8397-8481/com.capitalfirst D/OkHttp: 25997,802165,ARRAH,BIHAR
2021-10-11 11:19:06.104 8397-8481/com.capitalfirst D/OkHttp: 25998,802166,BHOJPUR,BIHAR
2021-10-11 11:19:06.104 8397-8481/com.capitalfirst D/OkHttp: 25999,802169,ARRAH,BIHAR
2021-10-11 11:19:06.104 8397-8481/com.capitalfirst D/OkHttp: 26000,802171,ARRAH,BIHAR
2021-10-11 11:19:06.104 8397-8481/com.capitalfirst D/OkHttp: 26001,802172,ARRAH,BIHAR
2021-10-11 11:19:06.104 8397-8481/com.capitalfirst D/OkHttp: 26002,802173,ARRAH,BIHAR
2021-10-11 11:19:06.104 8397-8481/com.capitalfirst D/OkHttp: 26003,802174,ARRAH,BIHAR
2021-10-11 11:19:06.104 8397-8481/com.capitalfirst D/OkHttp: 26004,802178,ARRAH,BIHAR
2021-10-11 11:19:06.104 8397-8481/com.capitalfirst D/OkHttp: 26005,802182,SASARA,BIHAR
2021-10-11 11:19:06.104 8397-8481/com.capitalfirst D/OkHttp: 26006,802183,ARRAH,BIHAR
2021-10-11 11:19:06.104 8397-8481/com.capitalfirst D/OkHttp: 26007,802201,ARRAH,BIHAR
2021-10-11 11:19:06.105 8397-8481/com.capitalfirst D/OkHttp: 26008,802202,ARRAH,BIHAR
2021-10-11 11:19:06.105 8397-8481/com.capitalfirst D/OkHttp: 26009,802203,ARRAH,BIHAR
2021-10-11 11:19:06.105 8397-8481/com.capitalfirst D/OkHttp: 26010,802204,ARRAH,BIHAR
2021-10-11 11:19:06.105 8397-8481/com.capitalfirst D/OkHttp: 26011,802205,ARRAH,BIHAR
2021-10-11 11:19:06.105 8397-8481/com.capitalfirst D/OkHttp: 26012,802206,ARRAH,BIHAR
2021-10-11 11:19:06.105 8397-8481/com.capitalfirst D/OkHttp: 26013,802207,BHOJPUR,BIHAR
2021-10-11 11:19:06.105 8397-8481/com.capitalfirst D/OkHttp: 26014,802208,ARRAH,BIHAR
2021-10-11 11:19:06.105 8397-8481/com.capitalfirst D/OkHttp: 26015,802209,ARRAH,BIHAR
2021-10-11 11:19:06.105 8397-8481/com.capitalfirst D/OkHttp: 26016,802210,ARRAH,BIHAR
2021-10-11 11:19:06.105 8397-8481/com.capitalfirst D/OkHttp: 26017,802211,SASARA,BIHAR
2021-10-11 11:19:06.105 8397-8481/com.capitalfirst D/OkHttp: 26018,802212,ROHTAS,BIHAR
2021-10-11 11:19:06.105 8397-8481/com.capitalfirst D/OkHttp: 26019,802213,SASARAM,BIHAR
2021-10-11 11:19:06.105 8397-8481/com.capitalfirst D/OkHttp: 26020,802214,ROHTAS,BIHAR
2021-10-11 11:19:06.106 8397-8481/com.capitalfirst D/OkHttp: 26021,802215,SASARAM,BIHAR
2021-10-11 11:19:06.106 8397-8481/com.capitalfirst D/OkHttp: 26022,802216,KOATH,BIHAR
2021-10-11 11:19:06.106 8397-8481/com.capitalfirst D/OkHttp: 26023,802217,SASARA,BIHAR
2021-10-11 11:19:06.106 8397-8481/com.capitalfirst D/OkHttp: 26024,802218,ROHTAS,BIHAR
2021-10-11 11:19:06.106 8397-8481/com.capitalfirst D/OkHttp: 26025,802219,SASARA,BIHAR
2021-10-11 11:19:06.106 8397-8481/com.capitalfirst D/OkHttp: 26026,802220,SASARA,BIHAR
2021-10-11 11:19:06.106 8397-8481/com.capitalfirst D/OkHttp: 26027,802221,SASARA,BIHAR
2021-10-11 11:19:06.106 8397-8481/com.capitalfirst D/OkHttp: 26028,802222,ARRAH,BIHAR
2021-10-11 11:19:06.106 8397-8481/com.capitalfirst D/OkHttp: 26029,802223,ARRAH,BIHAR
2021-10-11 11:19:06.106 8397-8481/com.capitalfirst D/OkHttp: 26030,802225,ARRAH,BIHAR
2021-10-11 11:19:06.106 8397-8481/com.capitalfirst D/OkHttp: 26031,802226,SASARA,BIHAR
2021-10-11 11:19:06.106 8397-8481/com.capitalfirst D/OkHttp: 26032,802230,ARRAH,BIHAR
2021-10-11 11:19:06.107 8397-8481/com.capitalfirst D/OkHttp: 26033,802231,ARRAH,BIHAR
2021-10-11 11:19:06.107 8397-8481/com.capitalfirst D/OkHttp: 26034,802237,ARRAH,BIHAR
2021-10-11 11:19:06.107 8397-8481/com.capitalfirst D/OkHttp: 26035,802301,BHOJPUR,BIHAR
2021-10-11 11:19:06.108 8397-8479/com.capitalfirst D/OkHttp: 24081,754227,KENDRAPARA,ORISSA
2021-10-11 11:19:06.108 8397-8479/com.capitalfirst D/OkHttp: 24082,754228,KENDRAPARA,ORISSA
2021-10-11 11:19:06.108 8397-8479/com.capitalfirst D/OkHttp: 24083,754229,KENDRAPARA,ORISSA
2021-10-11 11:19:06.108 8397-8479/com.capitalfirst D/OkHttp: 24084,754230,CUTTACK,ORISSA
2021-10-11 11:19:06.109 8397-8479/com.capitalfirst D/OkHttp: 24085,754231,KENDRAPARA,ORISSA
2021-10-11 11:19:06.109 8397-8479/com.capitalfirst D/OkHttp: 24086,754232,CUTTACK,ORISSA
2021-10-11 11:19:06.109 8397-8479/com.capitalfirst D/OkHttp: 24087,754233,KENDRAPARA,ORISSA
2021-10-11 11:19:06.109 8397-8479/com.capitalfirst D/OkHttp: 24088,754234,CUTTACK,ORISSA
2021-10-11 11:19:06.109 8397-8479/com.capitalfirst D/OkHttp: 24089,754235,CUTTACK,ORISSA
2021-10-11 11:19:06.109 8397-8479/com.capitalfirst D/OkHttp: 24090,754236,CUTTACK,ORISSA
2021-10-11 11:19:06.110 8397-8479/com.capitalfirst D/OkHttp: 24091,754237,KENDRAPARA,ORISSA
2021-10-11 11:19:06.110 8397-8479/com.capitalfirst D/OkHttp: 24092,754238,KENDRAPARA,ORISSA
2021-10-11 11:19:06.110 8397-8479/com.capitalfirst D/OkHttp: 24093,754239,KENDRAPARA,ORISSA
2021-10-11 11:19:06.110 8397-8479/com.capitalfirst D/OkHttp: 24094,754240,KENDRAPARA,ORISSA
2021-10-11 11:19:06.110 8397-8479/com.capitalfirst D/OkHttp: 24095,754241,KENDRAPARA,ORISSA
2021-10-11 11:19:06.110 8397-8479/com.capitalfirst D/OkHttp: 24096,754242,KENDRAPARA,ORISSA
2021-10-11 11:19:06.110 8397-8479/com.capitalfirst D/OkHttp: 24097,754243,KENDRAPARA,ORISSA
2021-10-11 11:19:06.110 8397-8479/com.capitalfirst D/OkHttp: 24098,754244,KENDRAPARA,ORISSA
2021-10-11 11:19:06.111 8397-8479/com.capitalfirst D/OkHttp: 24099,754245,KENDRAPARA,ORISSA
2021-10-11 11:19:06.111 8397-8479/com.capitalfirst D/OkHttp: 24100,754246,KENDRAPARA,ORISSA
2021-10-11 11:19:06.111 8397-8479/com.capitalfirst D/OkHttp: 24101,754247,CUTTACK,ORISSA
2021-10-11 11:19:06.111 8397-8479/com.capitalfirst D/OkHttp: 24102,754248,KENDRAPARA,ORISSA
2021-10-11 11:19:06.111 8397-8479/com.capitalfirst D/OkHttp: 24103,754249,CUTTACK,ORISSA
2021-10-11 11:19:06.111 8397-8479/com.capitalfirst D/OkHttp: 24104,754250,KENDRAPARA,ORISSA
2021-10-11 11:19:06.111 8397-8479/com.capitalfirst D/OkHttp: 24105,754251,KENDRAPARA,ORISSA
2021-10-11 11:19:06.111 8397-8479/com.capitalfirst D/OkHttp: 24106,754252,CUTTACK,ORISSA
2021-10-11 11:19:06.111 8397-8479/com.capitalfirst D/OkHttp: 24107,754253,KENDRAPARA,ORISSA
2021-10-11 11:19:06.112 8397-8479/com.capitalfirst D/OkHttp: 24108,754259,CUTTACK,ORISSA
2021-10-11 11:19:06.112 8397-8479/com.capitalfirst D/OkHttp: 24109,754260,PADMAPUR,ORISSA
2021-10-11 11:19:06.112 8397-8479/com.capitalfirst D/OkHttp: 24110,754280,CUTTACK,ORISSA
2021-10-11 11:19:06.112 8397-8479/com.capitalfirst D/OkHttp: 24111,754281,CUTTACK,ORISSA
2021-10-11 11:19:06.112 8397-8507/com.capitalfirst D/OkHttp: 27312,847101,DARBHANGA,BIHAR
2021-10-11 11:19:06.112 8397-8507/com.capitalfirst D/OkHttp: 27313,847102,MADHUBANI,BIHAR
2021-10-11 11:19:06.112 8397-8507/com.capitalfirst D/OkHttp: 27314,847103,DARBHANGA,BIHAR
2021-10-11 11:19:06.112 8397-8507/com.capitalfirst D/OkHttp: 27315,847104,DARBHANGA,BIHAR
2021-10-11 11:19:06.112 8397-8507/com.capitalfirst D/OkHttp: 27316,847105,SAMASTIPUR,BIHAR
2021-10-11 11:19:06.113 8397-8507/com.capitalfirst D/OkHttp: 27317,847106,DARBHANGA,BIHAR
2021-10-11 11:19:06.113 8397-8507/com.capitalfirst D/OkHttp: 27318,847107,MUZAFFARPUR,BIHAR
2021-10-11 11:19:06.113 8397-8507/com.capitalfirst D/OkHttp: 27319,847108,DARBHANGA,BIHAR
2021-10-11 11:19:06.113 8397-8507/com.capitalfirst D/OkHttp: 27320,847109,DARBHANGA,BIHAR
2021-10-11 11:19:06.113 8397-8507/com.capitalfirst D/OkHttp: 27321,847110,DARBHANGA,BIHAR
2021-10-11 11:19:06.129 8397-8479/com.capitalfirst D/OkHttp: 24126,754296,JAJAPUR,ORISSA
2021-10-11 11:19:06.129 8397-8479/com.capitalfirst D/OkHttp: 24127,754297,CUTTACK,ORISSA
2021-10-11 11:19:06.129 8397-8479/com.capitalfirst D/OkHttp: 24128,754400,KHURDHA,ORISSA
2021-10-11 11:19:06.129 8397-8479/com.capitalfirst D/OkHttp: 24129,755001,JAJAPUR,ORISSA
2021-10-11 11:19:06.129 8397-8479/com.capitalfirst D/OkHttp: 24130,755003,JAJAPUR,ORISSA
2021-10-11 11:19:06.129 8397-8479/com.capitalfirst D/OkHttp: 24131,755004,JAJAPUR,ORISSA
2021-10-11 11:19:06.129 8397-8479/com.capitalfirst D/OkHttp: 24132,755005,JAJAPUR,ORISSA
2021-10-11 11:19:06.129 8397-8479/com.capitalfirst D/OkHttp: 24133,755006,JAJAPUR,ORISSA
2021-10-11 11:19:06.129 8397-8479/com.capitalfirst D/OkHttp: 24134,755007,JAJAPUR,ORISSA
2021-10-11 11:19:06.130 8397-8479/com.capitalfirst D/OkHttp: 24135,755008,JAJAPUR,ORISSA
2021-10-11 11:19:06.130 8397-8479/com.capitalfirst D/OkHttp: 24136,755009,JAJAPUR,ORISSA
2021-10-11 11:19:06.130 8397-8479/com.capitalfirst D/OkHttp: 24137,755010,JAJAPUR,ORISSA
2021-10-11 11:19:06.130 8397-8479/com.capitalfirst D/OkHttp: 24138,755011,JAJAPUR,ORISSA
2021-10-11 11:19:06.132 8397-8481/com.capitalfirst D/OkHttp: 26044,802318,ARRAH,BIHAR
2021-10-11 11:19:06.133 8397-8481/com.capitalfirst D/OkHttp: 26045,802351,SIWAN,BIHAR
2021-10-11 11:19:06.133 8397-8481/com.capitalfirst D/OkHttp: 26046,802352,BHOJPUR,BIHAR
2021-10-11 11:19:06.133 8397-8481/com.capitalfirst D/OkHttp: 26047,803101,NALANDA,BIHAR
2021-10-11 11:19:06.133 8397-8481/com.capitalfirst D/OkHttp: 26048,803102,BIHARSHARIF,BIHAR
2021-10-11 11:19:06.133 8397-8481/com.capitalfirst D/OkHttp: 26049,803103,BUXAR,BIHAR
2021-10-11 11:19:06.133 8397-8481/com.capitalfirst D/OkHttp: 26050,803105,BIHARSHARIF,BIHAR
2021-10-11 11:19:06.133 8397-8481/com.capitalfirst D/OkHttp: 26051,803107,BIHARSHARIF,BIHAR
2021-10-11 11:19:06.134 8397-8481/com.capitalfirst D/OkHttp: 26052,803108,BIHARSHARIF,BIHAR
2021-10-11 11:19:06.134 8397-8481/com.capitalfirst D/OkHttp: 26053,803109,BIHARSHARIF,BIHAR
2021-10-11 11:19:06.134 8397-8481/com.capitalfirst D/OkHttp: 26054,803110,PATNA,BIHAR
2021-10-11 11:19:06.134 8397-8481/com.capitalfirst D/OkHttp: 26055,803111,BIHARSHARIF,BIHAR
2021-10-11 11:19:06.134 8397-8481/com.capitalfirst D/OkHttp: 26056,803112,BIHARSHARIF,BIHAR
2021-10-11 11:19:06.134 8397-8481/com.capitalfirst D/OkHttp: 26057,803113,BIHARSHARIF,BIHAR
2021-10-11 11:19:06.134 8397-8481/com.capitalfirst D/OkHttp: 26058,803114,NALANDA,BIHAR
2021-10-11 11:19:06.134 8397-8481/com.capitalfirst D/OkHttp: 26059,803115,NALANDA,BIHAR
2021-10-11 11:19:06.134 8397-8481/com.capitalfirst D/OkHttp: 26060,803116,BIHARSHARIF,BIHAR
2021-10-11 11:19:06.134 8397-8481/com.capitalfirst D/OkHttp: 26061,803117,SILAO,BIHAR
2021-10-11 11:19:06.134 8397-8481/com.capitalfirst D/OkHttp: 26062,803118,BIHARSHARIF,BIHAR
2021-10-11 11:19:06.134 8397-8481/com.capitalfirst D/OkHttp: 26063,803119,BIHARSHARIF,BIHAR
2021-10-11 11:19:06.134 8397-8481/com.capitalfirst D/OkHttp: 26064,803120,BIHARSHARIF,BIHAR
2021-10-11 11:19:06.135 8397-8481/com.capitalfirst D/OkHttp: 26065,803121,NALANDA,BIHAR
2021-10-11 11:19:06.135 8397-8481/com.capitalfirst D/OkHttp: 26066,803123,BIHARSHARIF,BIHAR
2021-10-11 11:19:06.135 8397-8481/com.capitalfirst D/OkHttp: 26067,803124,BIHARSHARIF,BIHAR
2021-10-11 11:19:06.135 8397-8481/com.capitalfirst D/OkHttp: 26068,803129,BIHARSHARIF,BIHAR
2021-10-11 11:19:06.135 8397-8481/com.capitalfirst D/OkHttp: 26069,803130,BIHARSHARIF,BIHAR
2021-10-11 11:19:06.135 8397-8481/com.capitalfirst D/OkHttp: 26070,803131,BIHARSHARIF,BIHAR
2021-10-11 11:19:06.135 8397-8481/com.capitalfirst D/OkHttp: 26071,803201,PATNA,BIHAR
2021-10-11 11:19:06.135 8397-8481/com.capitalfirst D/OkHttp: 26072,803202,PATNA,BIHAR
2021-10-11 11:19:06.135 8397-8481/com.capitalfirst D/OkHttp: 26073,803203,PATNA,BIHAR
2021-10-11 11:19:06.135 8397-8481/com.capitalfirst D/OkHttp: 26074,803204,PATNA,BIHAR
2021-10-11 11:19:06.135 8397-8481/com.capitalfirst D/OkHttp: 26075,803205,SHEIKHPURA,BIHAR
2021-10-11 11:19:06.135 8397-8481/com.capitalfirst D/OkHttp: 26076,803206,PATNA,BIHAR
2021-10-11 11:19:06.135 8397-8481/com.capitalfirst D/OkHttp: 26077,803211,PATNA,BIHAR
2021-10-11 11:19:06.135 8397-8481/com.capitalfirst D/OkHttp: 26078,803212,PATNA,BIHAR
2021-10-11 11:19:06.136 8397-8481/com.capitalfirst D/OkHttp: 26079,803213,PATNA,BIHAR
2021-10-11 11:19:06.136 8397-8481/com.capitalfirst D/OkHttp: 26080,803214,PATNA,BIHAR
2021-10-11 11:19:06.136 8397-8458/com.capitalfirst D/OkHttp: 27217,845428,MOTIHARI,BIHAR
2021-10-11 11:19:06.137 8397-8458/com.capitalfirst D/OkHttp: 27218,845429,MOTIHARI,BIHAR
2021-10-11 11:19:06.137 8397-8458/com.capitalfirst D/OkHttp: 27219,845430,MOTIHARI,BIHAR
2021-10-11 11:19:06.137 8397-8458/com.capitalfirst D/OkHttp: 27220,845431,MOTIHARI,BIHAR
2021-10-11 11:19:06.137 8397-8458/com.capitalfirst D/OkHttp: 27221,845432,MOTIHARI,BIHAR
2021-10-11 11:19:06.137 8397-8458/com.capitalfirst D/OkHttp: 27222,845433,MOTIHARI,BIHAR
2021-10-11 11:19:06.137 8397-8458/com.capitalfirst D/OkHttp: 27223,845434,MOTIHARI,BIHAR
2021-10-11 11:19:06.137 8397-8458/com.capitalfirst D/OkHttp: 27224,845435,MOTIHARI,BIHAR
2021-10-11 11:19:06.137 8397-8458/com.capitalfirst D/OkHttp: 27225,845436,MOTIHARI,BIHAR
2021-10-11 11:19:06.137 8397-8458/com.capitalfirst D/OkHttp: 27226,845437,EAST CHAMPARAN,BIHAR
2021-10-11 11:19:06.137 8397-8458/com.capitalfirst D/OkHttp: 27227,845438,WEST CHAMPARAN,BIHAR
2021-10-11 11:19:06.137 8397-8458/com.capitalfirst D/OkHttp: 27228,845439,BETIA,BIHAR
2021-10-11 11:19:06.137 8397-8458/com.capitalfirst D/OkHttp: 27229,845440,EAST CHAMPARAN,BIHAR
2021-10-11 11:19:06.137 8397-8458/com.capitalfirst D/OkHttp: 27230,845449,WEST CHAMPARAN,BIHAR
2021-10-11 11:19:06.137 8397-8458/com.capitalfirst D/OkHttp: 27231,845450,WEST CHAMPARAN,BIHAR
2021-10-11 11:19:06.137 8397-8458/com.capitalfirst D/OkHttp: 27232,845451,BETIA,BIHAR
2021-10-11 11:19:06.138 8397-8458/com.capitalfirst D/OkHttp: 27233,845452,WEST CHAMPARAN,BIHAR
2021-10-11 11:19:06.138 8397-8458/com.capitalfirst D/OkHttp: 27234,845453,WEST CHAMPARAN,BIHAR
2021-10-11 11:19:06.138 8397-8458/com.capitalfirst D/OkHttp: 27235,845454,WEST CHAMPARAN,BIHAR
2021-10-11 11:19:06.138 8397-8458/com.capitalfirst D/OkHttp: 27236,845455,WEST CHAMPARAN,BIHAR
2021-10-11 11:19:06.138 8397-8458/com.capitalfirst D/OkHttp: 27237,845456,MOTIHARI,BIHAR
2021-10-11 11:19:06.138 8397-8458/com.capitalfirst D/OkHttp: 27238,845457,MOTIHARI,BIHAR
2021-10-11 11:19:06.138 8397-8458/com.capitalfirst D/OkHttp: 27239,845458,MOTIHARI,BIHAR
2021-10-11 11:19:06.138 8397-8458/com.capitalfirst D/OkHttp: 27240,845459,WEST CHAMPARAN,BIHAR
2021-10-11 11:19:06.138 8397-8458/com.capitalfirst D/OkHttp: 27241,845460,BETIA,BIHAR
2021-10-11 11:19:06.138 8397-8458/com.capitalfirst D/OkHttp: 27242,845461,MOTIHARI,BIHAR
2021-10-11 11:19:06.138 8397-8458/com.capitalfirst D/OkHttp: 27243,845462,MOTIHARI,BIHAR
2021-10-11 11:19:06.139 8397-8458/com.capitalfirst D/OkHttp: 27244,845463,MOTIHARI,BIHAR
2021-10-11 11:19:06.139 8397-8458/com.capitalfirst D/OkHttp: 27245,845464,MOTIHARI,BIHAR
2021-10-11 11:19:06.139 8397-8458/com.capitalfirst D/OkHttp: 27246,845465,MOTIHARI,BIHAR
2021-10-11 11:19:06.139 8397-8458/com.capitalfirst D/OkHttp: 27247,845466,MOTIHARI,BIHAR
2021-10-11 11:19:06.139 8397-8458/com.capitalfirst D/OkHttp: 27248,845467,MOTIHARI,BIHAR
2021-10-11 11:19:06.139 8397-8458/com.capitalfirst D/OkHttp: 27249,845468,MOTIHARI,BIHAR
2021-10-11 11:19:06.139 8397-8458/com.capitalfirst D/OkHttp: 27250,845469,MOTIHARI,BIHAR
2021-10-11 11:19:06.139 8397-8507/com.capitalfirst D/OkHttp: 27362,847236,MADHUBANI,BIHAR
2021-10-11 11:19:06.140 8397-8507/com.capitalfirst D/OkHttp: 27363,847237,MADHUBANI,BIHAR
2021-10-11 11:19:06.140 8397-8507/com.capitalfirst D/OkHttp: 27364,847238,MADHUBANI,BIHAR
2021-10-11 11:19:06.140 8397-8507/com.capitalfirst D/OkHttp: 27365,847239,MADHUBANI,BIHAR
2021-10-11 11:19:06.140 8397-8507/com.capitalfirst D/OkHttp: 27366,847240,BIRPUR,BIHAR
2021-10-11 11:19:06.140 8397-8507/com.capitalfirst D/OkHttp: 27367,847241,MADHUBANI,BIHAR
2021-10-11 11:19:06.140 8397-8507/com.capitalfirst D/OkHttp: 27368,847242,MADHUBANI,BIHAR
2021-10-11 11:19:06.140 8397-8507/com.capitalfirst D/OkHttp: 27369,847243,MADHUBANI,BIHAR
2021-10-11 11:19:06.140 8397-8507/com.capitalfirst D/OkHttp: 27370,847244,MADHUBANI,BIHAR
2021-10-11 11:19:06.140 8397-8507/com.capitalfirst D/OkHttp: 27371,847245,MADHUBANI,BIHAR
2021-10-11 11:19:06.140 8397-8507/com.capitalfirst D/OkHttp: 27372,847246,MADHUBANI,BIHAR
2021-10-11 11:19:06.140 8397-8507/com.capitalfirst D/OkHttp: 27373,847247,MADHUBANI,BIHAR
2021-10-11 11:19:06.140 8397-8507/com.capitalfirst D/OkHttp: 27374,847248,MADHUBANI,BIHAR
2021-10-11 11:19:06.141 8397-8507/com.capitalfirst D/OkHttp: 27375,847249,MADHUBANI,BIHAR
2021-10-11 11:19:06.141 8397-8507/com.capitalfirst D/OkHttp: 27376,847250,MADHUBANI,BIHAR
2021-10-11 11:19:06.141 8397-8507/com.capitalfirst D/OkHttp: 27377,847251,MADHUBANI,BIHAR
2021-10-11 11:19:06.141 8397-8507/com.capitalfirst D/OkHttp: 27378,847252,MADHUBANI,BIHAR
2021-10-11 11:19:06.141 8397-8507/com.capitalfirst D/OkHttp: 27379,847253,MADHUBANI,BIHAR
2021-10-11 11:19:06.142 8397-8507/com.capitalfirst D/OkHttp: 27380,847254,MADHUBANI,BIHAR
2021-10-11 11:19:06.142 8397-8507/com.capitalfirst D/OkHttp: 27381,847255,MADHUBANI,BIHAR
2021-10-11 11:19:06.142 8397-8507/com.capitalfirst D/OkHttp: 27382,847256,MADHUBANI,BIHAR
2021-10-11 11:19:06.142 8397-8507/com.capitalfirst D/OkHttp: 27383,847257,MADHUBANI,BIHAR
2021-10-11 11:19:06.142 8397-8507/com.capitalfirst D/OkHttp: 27384,847301,SAMASTIPUR,BIHAR
2021-10-11 11:19:06.142 8397-8507/com.capitalfirst D/OkHttp: 27385,847302,DARBHANGA,BIHAR
2021-10-11 11:19:06.142 8397-8507/com.capitalfirst D/OkHttp: 27386,847303,DARBHANGA,BIHAR
2021-10-11 11:19:06.143 8397-8507/com.capitalfirst D/OkHttp: 27387,847304,DARBHANGA,BIHAR
2021-10-11 11:19:06.143 8397-8507/com.capitalfirst D/OkHttp: 27388,847305,MADHUBANI,BIHAR
2021-10-11 11:19:06.143 8397-8507/com.capitalfirst D/OkHttp: 27389,847306,DARBHANGA,BIHAR
2021-10-11 11:19:06.143 8397-8507/com.capitalfirst D/OkHttp: 27390,847307,DARBHANGA,BIHAR
2021-10-11 11:19:06.143 8397-8507/com.capitalfirst D/OkHttp: 27391,847308,MADHUBANI,BIHAR
2021-10-11 11:19:06.143 8397-8507/com.capitalfirst D/OkHttp: 27392,847309,MADHUBANI,BIHAR
2021-10-11 11:19:06.144 8397-8507/com.capitalfirst D/OkHttp: 27393,847310,MADHUBANI,BIHAR
2021-10-11 11:19:06.144 8397-8507/com.capitalfirst D/OkHttp: 27394,847311,MADHUBANI,BIHAR
2021-10-11 11:19:06.144 8397-8507/com.capitalfirst D/OkHttp: 27395,847312,MADHUBANI,BIHAR
2021-10-11 11:19:06.144 8397-8507/com.capitalfirst D/OkHttp: 27396,847313,MADHUBANI,BIHAR
2021-10-11 11:19:06.144 8397-8507/com.capitalfirst D/OkHttp: 27397,847337,DARBHANGA,BIHAR
2021-10-11 11:19:06.144 8397-8507/com.capitalfirst D/OkHttp: 27398,847401,MADHUBANI,BIHAR
2021-10-11 11:19:06.145 8397-8507/com.capitalfirst D/OkHttp: 27399,847402,GHOGHARDIHA,BIHAR
2021-10-11 11:19:06.145 8397-8481/com.capitalfirst D/OkHttp: 26081,803215,NALANDA,BIHAR
2021-10-11 11:19:06.145 8397-8481/com.capitalfirst D/OkHttp: 26082,803216,BIHARSHARIF,BIHAR
2021-10-11 11:19:06.145 8397-8481/com.capitalfirst D/OkHttp: 26083,803218,PATNA,BIHAR
2021-10-11 11:19:06.145 8397-8481/com.capitalfirst D/OkHttp: 26084,803221,PATNA,BIHAR
2021-10-11 11:19:06.145 8397-8481/com.capitalfirst D/OkHttp: 26085,803231,BAKHTIARPUR,BIHAR
2021-10-11 11:19:06.145 8397-8481/com.capitalfirst D/OkHttp: 26086,803232,PATNA,BIHAR
2021-10-11 11:19:06.145 8397-8481/com.capitalfirst D/OkHttp: 26087,803301,PATNA,BIHAR
2021-10-11 11:19:06.145 8397-8481/com.capitalfirst D/OkHttp: 26088,803302,PATNA,BIHAR
2021-10-11 11:19:06.145 8397-8481/com.capitalfirst D/OkHttp: 26089,803303,PATNA,BIHAR
2021-10-11 11:19:06.145 8397-8481/com.capitalfirst D/OkHttp: 26090,803306,PATNA,BIHAR
2021-10-11 11:19:06.145 8397-8481/com.capitalfirst D/OkHttp: 26091,803307,PATNA,BIHAR
2021-10-11 11:19:06.145 8397-8481/com.capitalfirst D/OkHttp: 26092,803311,BIHARSHARIF,BIHAR
2021-10-11 11:19:06.145 8397-8481/com.capitalfirst D/OkHttp: 26093,804401,ARWAL,BIHAR
2021-10-11 11:19:06.145 8397-8481/com.capitalfirst D/OkHttp: 26094,804402,JAHANABAD,BIHAR
2021-10-11 11:19:06.145 8397-8481/com.capitalfirst D/OkHttp: 26095,804403,GAYA,BIHAR
2021-10-11 11:19:06.145 8397-8481/com.capitalfirst D/OkHttp: 26096,804404,GAYA,BIHAR
2021-10-11 11:19:06.145 8397-8481/com.capitalfirst D/OkHttp: 26097,804405,GAYA,BIHAR
2021-10-11 11:19:06.145 8397-8481/com.capitalfirst D/OkHttp: 26098,804406,HILSA,BIHAR
2021-10-11 11:19:06.145 8397-8481/com.capitalfirst D/OkHttp: 26099,804407,GAYA,BIHAR
2021-10-11 11:19:06.146 8397-8481/com.capitalfirst D/OkHttp: 26100,804408,JAHANABAD,BIHAR
2021-10-11 11:19:06.146 8397-8481/com.capitalfirst D/OkHttp: 26101,804410,JAHANABAD,BIHAR
2021-10-11 11:19:06.146 8397-8481/com.capitalfirst D/OkHttp: 26102,804417,JAHANABAD,BIHAR
2021-10-11 11:19:06.146 8397-8481/com.capitalfirst D/OkHttp: 26103,804418,JHANJHARPUR,BIHAR
2021-10-11 11:19:06.146 8397-8481/com.capitalfirst D/OkHttp: 26104,804419,KARPI,BIHAR
2021-10-11 11:19:06.146 8397-8481/com.capitalfirst D/OkHttp: 26105,804420,JAHANABAD,BIHAR
2021-10-11 11:19:06.146 8397-8481/com.capitalfirst D/OkHttp: 26106,804421,HILSA,BIHAR
2021-10-11 11:19:06.146 8397-8481/com.capitalfirst D/OkHttp: 26107,804422,GAYA,BIHAR
2021-10-11 11:19:06.146 8397-8481/com.capitalfirst D/OkHttp: 26108,804423,JAHANABAD,BIHAR
2021-10-11 11:19:06.146 8397-8481/com.capitalfirst D/OkHttp: 26109,804424,GAYA,BIHAR
2021-10-11 11:19:06.146 8397-8481/com.capitalfirst D/OkHttp: 26110,804425,JAHANABAD,BIHAR
2021-10-11 11:19:06.146 8397-8481/com.capitalfirst D/OkHttp: 26111,804426,PATNA,BIHAR
2021-10-11 11:19:06.146 8397-8481/com.capitalfirst D/OkHttp: 26112,804427,GAYA,BIHAR
2021-10-11 11:19:06.146 8397-8481/com.capitalfirst D/OkHttp: 26113,804428,ARWAL,BIHAR
2021-10-11 11:19:06.146 8397-8481/com.capitalfirst D/OkHttp: 26114,804429,BAHADURPUR,BIHAR
2021-10-11 11:19:06.146 8397-8481/com.capitalfirst D/OkHttp: 26115,804430,JAHANABAD,BIHAR
2021-10-11 11:19:06.146 8397-8481/com.capitalfirst D/OkHttp: 26116,804431,JAHANABAD,BIHAR
2021-10-11 11:19:06.146 8397-8481/com.capitalfirst D/OkHttp: 26117,804432,GAYA,BIHAR
2021-10-11 11:19:06.146 8397-8481/com.capitalfirst D/OkHttp: 26118,804433,JAHANABAD,BIHAR
2021-10-11 11:19:06.146 8397-8481/com.capitalfirst D/OkHttp: 26119,804434,GHOSHI,BIHAR
2021-10-11 11:19:06.146 8397-8481/com.capitalfirst D/OkHttp: 26120,804435,JAHANABAD,BIHAR
2021-10-11 11:19:06.146 8397-8481/com.capitalfirst D/OkHttp: 26121,804451,PATNA,BIHAR
2021-10-11 11:19:06.147 8397-8481/com.capitalfirst D/OkHttp: 26122,804452,PATNA,BIHAR
2021-10-11 11:19:06.147 8397-8481/com.capitalfirst D/OkHttp: 26123,804453,PATNA,BIHAR
2021-10-11 11:19:06.147 8397-8481/com.capitalfirst D/OkHttp: 26124,804454,PATNA,BIHAR
2021-10-11 11:19:06.147 8397-8481/com.capitalfirst D/OkHttp: 26125,804457,PATNA,BIHAR
2021-10-11 11:19:06.147 8397-8481/com.capitalfirst D/OkHttp: 26126,804908,JAHANABAD,BIHAR
2021-10-11 11:19:06.147 8397-8481/com.capitalfirst D/OkHttp: 26127,805101,NAWADA,BIHAR
2021-10-11 11:19:06.147 8397-8481/com.capitalfirst D/OkHttp: 26128,805102,NAWADA,BIHAR
2021-10-11 11:19:06.147 8397-8481/com.capitalfirst D/OkHttp: 26129,805103,NAWADA,BIHAR
2021-10-11 11:19:06.147 8397-8481/com.capitalfirst D/OkHttp: 26130,805104,NAWADA,BIHAR
2021-10-11 11:19:06.147 8397-8481/com.capitalfirst D/OkHttp: 26131,805105,NALANDA,BIHAR
2021-10-11 11:19:06.147 8397-8481/com.capitalfirst D/OkHttp: 26132,805106,NAWADA,BIHAR
2021-10-11 11:19:06.147 8397-8481/com.capitalfirst D/OkHttp: 26133,805107,NAWADA,BIHAR
2021-10-11 11:19:06.147 8397-8481/com.capitalfirst D/OkHttp: 26134,805108,NAWADA,BIHAR
2021-10-11 11:19:06.147 8397-8481/com.capitalfirst D/OkHttp: 26135,805109,NAWADA,BIHAR
2021-10-11 11:19:06.147 8397-8481/com.capitalfirst D/OkHttp: 26136,805110,NAWADA,BIHAR
2021-10-11 11:19:06.147 8397-8481/com.capitalfirst D/OkHttp: 26137,805111,NAWADA,BIHAR
2021-10-11 11:19:06.148 8397-8481/com.capitalfirst D/OkHttp: 26138,805112,NAWADA,BIHAR
2021-10-11 11:19:06.148 8397-8481/com.capitalfirst D/OkHttp: 26139,805113,NAWADA,BIHAR
2021-10-11 11:19:06.148 8397-8481/com.capitalfirst D/OkHttp: 26140,805116,NAWADA,BIHAR
2021-10-11 11:19:06.149 8397-8479/com.capitalfirst D/OkHttp: 24160,755033,JAJAPUR,ORISSA
2021-10-11 11:19:06.149 8397-8479/com.capitalfirst D/OkHttp: 24161,755034,CUTTACK,ORISSA
2021-10-11 11:19:06.149 8397-8479/com.capitalfirst D/OkHttp: 24162,755035,JAJAPUR,ORISSA
2021-10-11 11:19:06.149 8397-8479/com.capitalfirst D/OkHttp: 24163,755036,JAJAPUR,ORISSA
2021-10-11 11:19:06.149 8397-8479/com.capitalfirst D/OkHttp: 24164,755037,CUTTACK,ORISSA
2021-10-11 11:19:06.149 8397-8479/com.capitalfirst D/OkHttp: 24165,755038,JAJAPUR,ORISSA
2021-10-11 11:19:06.149 8397-8479/com.capitalfirst D/OkHttp: 24166,755039,JAJAPUR,ORISSA
2021-10-11 11:19:06.149 8397-8479/com.capitalfirst D/OkHttp: 24167,755041,JAJAPUR,ORISSA
2021-10-11 11:19:06.149 8397-8479/com.capitalfirst D/OkHttp: 24168,755042,CUTTACK,ORISSA
2021-10-11 11:19:06.149 8397-8479/com.capitalfirst D/OkHttp: 24169,755043,JAJAPUR,ORISSA
2021-10-11 11:19:06.150 8397-8479/com.capitalfirst D/OkHttp: 24170,755044,JAJAPUR,ORISSA
2021-10-11 11:19:06.150 8397-8479/com.capitalfirst D/OkHttp: 24171,755045,JAJAPUR,ORISSA
2021-10-11 11:19:06.150 8397-8479/com.capitalfirst D/OkHttp: 24172,755046,JAJAPUR,ORISSA
2021-10-11 11:19:06.150 8397-8479/com.capitalfirst D/OkHttp: 24173,755047,JAJAPUR,ORISSA
2021-10-11 11:19:06.150 8397-8479/com.capitalfirst D/OkHttp: 24174,755048,CUTTACK,ORISSA
2021-10-11 11:19:06.150 8397-8479/com.capitalfirst D/OkHttp: 24175,755049,JAJAPUR,ORISSA
2021-10-11 11:19:06.150 8397-8479/com.capitalfirst D/OkHttp: 24176,755050,JAJAPUR,ORISSA
2021-10-11 11:19:06.150 8397-8479/com.capitalfirst D/OkHttp: 24177,755051,JAJAPUR,ORISSA
2021-10-11 11:19:06.150 8397-8479/com.capitalfirst D/OkHttp: 24178,755061,KENDRAPARA,ORISSA
2021-10-11 11:19:06.150 8397-8479/com.capitalfirst D/OkHttp: 24179,756001,BALESHWAR,ORISSA
2021-10-11 11:19:06.151 8397-8479/com.capitalfirst D/OkHttp: 24180,756002,BALESHWAR,ORISSA
2021-10-11 11:19:06.151 8397-8479/com.capitalfirst D/OkHttp: 24181,756003,BALESHWAR,ORISSA
2021-10-11 11:19:06.151 8397-8479/com.capitalfirst D/OkHttp: 24182,756017,BALESHWAR,ORISSA
2021-10-11 11:19:06.151 8397-8479/com.capitalfirst D/OkHttp: 24183,756018,BALESHWAR,ORISSA
2021-10-11 11:19:06.151 8397-8479/com.capitalfirst D/OkHttp: 24184,756019,BALESWAR,ORISSA
2021-10-11 11:19:06.151 8397-8479/com.capitalfirst D/OkHttp: 24185,756020,BALESHWAR,ORISSA
2021-10-11 11:19:06.151 8397-8479/com.capitalfirst D/OkHttp: 24186,756021,BALESWAR,ORISSA
2021-10-11 11:19:06.151 8397-8479/com.capitalfirst D/OkHttp: 24187,756022,BALESHWAR,ORISSA
2021-10-11 11:19:06.151 8397-8479/com.capitalfirst D/OkHttp: 24188,756023,BALESHWAR,ORISSA
