2021-10-11 11:19:05.534 8397-8479/com.capitalfirst D/OkHttp: 23043,732212,ENGLISH BAZAR,WEST BENGAL
2021-10-11 11:19:05.535 8397-8479/com.capitalfirst D/OkHttp: 23044,732213,ENGLISH BAZAR,WEST BENGAL
2021-10-11 11:19:05.535 8397-8479/com.capitalfirst D/OkHttp: 23045,732214,ENGLISH BAZAR,WEST BENGAL
2021-10-11 11:19:05.535 8397-8479/com.capitalfirst D/OkHttp: 23046,732215,ENGLISH BAZAR,WEST BENGAL
2021-10-11 11:19:05.535 8397-8479/com.capitalfirst D/OkHttp: 23047,732216,MALDA,WEST BENGAL
2021-10-11 11:19:05.535 8397-8479/com.capitalfirst D/OkHttp: 23048,733006,SILIGURI,WEST BENGAL
2021-10-11 11:19:05.535 8397-8479/com.capitalfirst D/OkHttp: 23049,733101,WEST DINAJPUR,WEST BENGAL
2021-10-11 11:19:05.535 8397-8479/com.capitalfirst D/OkHttp: 23050,733102,WEST DINAJPUR,WEST BENGAL
2021-10-11 11:19:05.535 8397-8479/com.capitalfirst D/OkHttp: 23051,733103,WEST DINAJPUR,WEST BENGAL
2021-10-11 11:19:05.535 8397-8479/com.capitalfirst D/OkHttp: 23052,733121,WEST DINAJPUR,WEST BENGAL
2021-10-11 11:19:05.535 8397-8479/com.capitalfirst D/OkHttp: 23053,733123,WEST DINAJPUR,WEST BENGAL
2021-10-11 11:19:05.535 8397-8479/com.capitalfirst D/OkHttp: 23054,733124,GANGARAMPUR,WEST BENGAL
2021-10-11 11:19:05.535 8397-8479/com.capitalfirst D/OkHttp: 23055,733125,BALURGHAT,WEST BENGAL
2021-10-11 11:19:05.535 8397-8479/com.capitalfirst D/OkHttp: 23056,733126,WEST DINAJPUR,WEST BENGAL
2021-10-11 11:19:05.535 8397-8479/com.capitalfirst D/OkHttp: 23057,733127,BALURGHAT,WEST BENGAL
2021-10-11 11:19:05.535 8397-8479/com.capitalfirst D/OkHttp: 23058,733128,WEST DINAJPUR,WEST BENGAL
2021-10-11 11:19:05.537 8397-8479/com.capitalfirst D/OkHttp: 23059,733129,WEST DINAJPUR,WEST BENGAL
2021-10-11 11:19:05.537 8397-8479/com.capitalfirst D/OkHttp: 23060,733130,WEST DINAJPUR,WEST BENGAL
2021-10-11 11:19:05.537 8397-8479/com.capitalfirst D/OkHttp: 23061,733131,WEST DINAJPUR,WEST BENGAL
2021-10-11 11:19:05.537 8397-8479/com.capitalfirst D/OkHttp: 23062,733132,WEST DINAJPUR,WEST BENGAL
2021-10-11 11:19:05.537 8397-8479/com.capitalfirst D/OkHttp: 23063,733133,WEST DINAJPUR,WEST BENGAL
2021-10-11 11:19:05.537 8397-8479/com.capitalfirst D/OkHttp: 23064,733134,RAIGANJ,WEST BENGAL
2021-10-11 11:19:05.537 8397-8479/com.capitalfirst D/OkHttp: 23065,733140,WEST DINAJPUR,WEST BENGAL
2021-10-11 11:19:05.537 8397-8479/com.capitalfirst D/OkHttp: 23066,733141,WEST DINAJPUR,WEST BENGAL
2021-10-11 11:19:05.537 8397-8479/com.capitalfirst D/OkHttp: 23067,733142,WEST DINAJPUR,WEST BENGAL
2021-10-11 11:19:05.537 8397-8479/com.capitalfirst D/OkHttp: 23068,733143,NORTH DINAJPUR,WEST BENGAL
2021-10-11 11:19:05.537 8397-8479/com.capitalfirst D/OkHttp: 23069,733144,WEST DINAJPUR,WEST BENGAL
2021-10-11 11:19:05.538 8397-8479/com.capitalfirst D/OkHttp: 23070,733145,WEST DINAJPUR,WEST BENGAL
2021-10-11 11:19:05.538 8397-8479/com.capitalfirst D/OkHttp: 23071,733146,WEST DINAJPUR,WEST BENGAL
2021-10-11 11:19:05.538 8397-8479/com.capitalfirst D/OkHttp: 23072,733147,WEST DINAJPUR,WEST BENGAL
2021-10-11 11:19:05.538 8397-8479/com.capitalfirst D/OkHttp: 23073,733148,WEST DINAJPUR,WEST BENGAL
2021-10-11 11:19:05.538 8397-8479/com.capitalfirst D/OkHttp: 23074,733149,WEST DINAJPUR,WEST BENGAL
2021-10-11 11:19:05.538 8397-8479/com.capitalfirst D/OkHttp: 23075,733150,WEST DINAJPUR,WEST BENGAL
2021-10-11 11:19:05.538 8397-8479/com.capitalfirst D/OkHttp: 23076,733151,WEST DINAJPUR,WEST BENGAL
2021-10-11 11:19:05.538 8397-8479/com.capitalfirst D/OkHttp: 23077,733153,WEST DINAJPUR,WEST BENGAL
2021-10-11 11:19:05.538 8397-8479/com.capitalfirst D/OkHttp: 23078,733154,WEST DINAJPUR,WEST BENGAL
2021-10-11 11:19:05.538 8397-8479/com.capitalfirst D/OkHttp: 23079,733156,WEST DINAJPUR,WEST BENGAL
2021-10-11 11:19:05.538 8397-8479/com.capitalfirst D/OkHttp: 23080,733157,WEST DINAJPUR,WEST BENGAL
2021-10-11 11:19:05.538 8397-8479/com.capitalfirst D/OkHttp: 23081,733201,WEST DINAJPUR,WEST BENGAL
2021-10-11 11:19:05.538 8397-8479/com.capitalfirst D/OkHttp: 23082,733202,ISLAMPUR,WEST BENGAL
2021-10-11 11:19:05.538 8397-8479/com.capitalfirst D/OkHttp: 23083,733207,WEST DINAJPUR,WEST BENGAL
2021-10-11 11:19:05.538 8397-8479/com.capitalfirst D/OkHttp: 23084,733208,WEST DINAJPUR,WEST BENGAL
2021-10-11 11:19:05.538 8397-8479/com.capitalfirst D/OkHttp: 23085,733209,WEST DINAJPUR,WEST BENGAL
2021-10-11 11:19:05.538 8397-8479/com.capitalfirst D/OkHttp: 23086,733210,WEST DINAJPUR,WEST BENGAL
2021-10-11 11:19:05.539 8397-8479/com.capitalfirst D/OkHttp: 23087,733211,WEST DINAJPUR,WEST BENGAL
2021-10-11 11:19:05.539 8397-8479/com.capitalfirst D/OkHttp: 23088,733212,WEST DINAJPUR,WEST BENGAL
2021-10-11 11:19:05.539 8397-8479/com.capitalfirst D/OkHttp: 23089,733213,WEST DINAJPUR,WEST BENGAL
2021-10-11 11:19:05.539 8397-8479/com.capitalfirst D/OkHttp: 23090,733214,WEST DINAJPUR,WEST BENGAL
2021-10-11 11:19:05.539 8397-8479/com.capitalfirst D/OkHttp: 23091,733215,WEST DINAJPUR,WEST BENGAL
2021-10-11 11:19:05.539 8397-8479/com.capitalfirst D/OkHttp: 23092,733216,WEST DINAJPUR,WEST BENGAL
2021-10-11 11:19:05.539 8397-8479/com.capitalfirst D/OkHttp: 23093,733302,DURGAPUR,WEST BENGAL
2021-10-11 11:19:05.541 8397-8479/com.capitalfirst D/OkHttp: 23094,733613,24 PARGANAS,WEST BENGAL
2021-10-11 11:19:05.542 8397-8507/com.capitalfirst D/OkHttp: 25933,801115,PATNA,BIHAR
2021-10-11 11:19:05.542 8397-8507/com.capitalfirst D/OkHttp: 25934,801116,PATNA,BIHAR
2021-10-11 11:19:05.542 8397-8507/com.capitalfirst D/OkHttp: 25935,801117,PATNA,BIHAR
2021-10-11 11:19:05.542 8397-8507/com.capitalfirst D/OkHttp: 25936,801118,PATNA,BIHAR
2021-10-11 11:19:05.542 8397-8507/com.capitalfirst D/OkHttp: 25937,801119,ARRAH,BIHAR
2021-10-11 11:19:05.542 8397-8507/com.capitalfirst D/OkHttp: 25938,801301,BIHARSHARIF,BIHAR
2021-10-11 11:19:05.542 8397-8507/com.capitalfirst D/OkHttp: 25939,801302,HILSA,BIHAR
2021-10-11 11:19:05.542 8397-8507/com.capitalfirst D/OkHttp: 25940,801303,NALANDA,BIHAR
2021-10-11 11:19:05.542 8397-8507/com.capitalfirst D/OkHttp: 25941,801304,BIHARSHARIF,BIHAR
2021-10-11 11:19:05.542 8397-8507/com.capitalfirst D/OkHttp: 25942,801305,BIHARSHARIF,BIHAR
2021-10-11 11:19:05.542 8397-8507/com.capitalfirst D/OkHttp: 25943,801306,BIHARSHARIF,BIHAR
2021-10-11 11:19:05.542 8397-8507/com.capitalfirst D/OkHttp: 25944,801307,NALANDA,BIHAR
2021-10-11 11:19:05.542 8397-8507/com.capitalfirst D/OkHttp: 25945,801309,BIHARSHARIF,BIHAR
2021-10-11 11:19:05.542 8397-8507/com.capitalfirst D/OkHttp: 25946,801310,BIHARSHARIF,BIHAR
2021-10-11 11:19:05.543 8397-8507/com.capitalfirst D/OkHttp: 25947,801311,BIHARSHARIF,BIHAR
2021-10-11 11:19:05.543 8397-8507/com.capitalfirst D/OkHttp: 25948,801501,PATNA,BIHAR
2021-10-11 11:19:05.543 8397-8507/com.capitalfirst D/OkHttp: 25949,801502,PATNA,BIHAR
2021-10-11 11:19:05.543 8397-8507/com.capitalfirst D/OkHttp: 25950,801503,PATNA,BIHAR
2021-10-11 11:19:05.543 8397-8507/com.capitalfirst D/OkHttp: 25951,801505,PATNA,BIHAR
2021-10-11 11:19:05.544 8397-8507/com.capitalfirst D/OkHttp: 25952,801506,PATNA,BIHAR
2021-10-11 11:19:05.544 8397-8507/com.capitalfirst D/OkHttp: 25953,801507,PATNA,BIHAR
2021-10-11 11:19:05.544 8397-8507/com.capitalfirst D/OkHttp: 25954,801508,PATNA,BIHAR
2021-10-11 11:19:05.544 8397-8507/com.capitalfirst D/OkHttp: 25955,801509,PATNA,BIHAR
2021-10-11 11:19:05.544 8397-8507/com.capitalfirst D/OkHttp: 25956,801522,NAWADA,BIHAR
2021-10-11 11:19:05.544 8397-8507/com.capitalfirst D/OkHttp: 25957,802101,BUXAR,BIHAR
2021-10-11 11:19:05.544 8397-8507/com.capitalfirst D/OkHttp: 25958,802102,BUXAR,BIHAR
2021-10-11 11:19:05.544 8397-8507/com.capitalfirst D/OkHttp: 25959,802103,BUXAR,BIHAR
2021-10-11 11:19:05.544 8397-8507/com.capitalfirst D/OkHttp: 25960,802111,ARRAH,BIHAR
2021-10-11 11:19:05.544 8397-8507/com.capitalfirst D/OkHttp: 25961,802112,ARRAH,BIHAR
2021-10-11 11:19:05.544 8397-8507/com.capitalfirst D/OkHttp: 25962,802113,BUXAR,BIHAR
2021-10-11 11:19:05.544 8397-8507/com.capitalfirst D/OkHttp: 25963,802114,BUXAR,BIHAR
2021-10-11 11:19:05.544 8397-8507/com.capitalfirst D/OkHttp: 25964,802115,ARRAH,BIHAR
2021-10-11 11:19:05.545 8397-8507/com.capitalfirst D/OkHttp: 25965,802116,BUXAR,BIHAR
2021-10-11 11:19:05.545 8397-8507/com.capitalfirst D/OkHttp: 25966,802117,BUXAR,BIHAR
2021-10-11 11:19:05.545 8397-8507/com.capitalfirst D/OkHttp: 25967,802118,ARRAH,BIHAR
2021-10-11 11:19:05.545 8397-8507/com.capitalfirst D/OkHttp: 25968,802119,BUXAR,BIHAR
2021-10-11 11:19:05.545 8397-8507/com.capitalfirst D/OkHttp: 25969,802120,ARRAH,BIHAR
2021-10-11 11:19:05.545 8397-8507/com.capitalfirst D/OkHttp: 25970,802122,BUXAR,BIHAR
2021-10-11 11:19:05.545 8397-8507/com.capitalfirst D/OkHttp: 25971,802123,BUXAR,BIHAR
2021-10-11 11:19:05.545 8397-8507/com.capitalfirst D/OkHttp: 25972,802125,ARRAH,BIHAR
2021-10-11 11:19:05.545 8397-8507/com.capitalfirst D/OkHttp: 25973,802126,BUXAR,BIHAR
2021-10-11 11:19:05.545 8397-8507/com.capitalfirst D/OkHttp: 25974,802127,ARRAH,BIHAR
2021-10-11 11:19:05.545 8397-8507/com.capitalfirst D/OkHttp: 25975,802128,BUXAR,BIHAR
2021-10-11 11:19:05.545 8397-8507/com.capitalfirst D/OkHttp: 25976,802129,BHAGWANPUR,BIHAR
2021-10-11 11:19:05.545 8397-8507/com.capitalfirst D/OkHttp: 25977,802130,ARRAH,BIHAR
2021-10-11 11:19:05.545 8397-8507/com.capitalfirst D/OkHttp: 25978,802131,ARRAH,BIHAR
2021-10-11 11:19:05.545 8397-8507/com.capitalfirst D/OkHttp: 25979,802132,SASARAM,BIHAR
2021-10-11 11:19:05.545 8397-8507/com.capitalfirst D/OkHttp: 25980,802133,ARRAH,BIHAR
2021-10-11 11:19:05.545 8397-8507/com.capitalfirst D/OkHttp: 25981,802134,BUXAR,BIHAR
2021-10-11 11:19:05.545 8397-8507/com.capitalfirst D/OkHttp: 25982,802135,ARRAH,BIHAR
2021-10-11 11:19:05.545 8397-8507/com.capitalfirst D/OkHttp: 25983,802136,ARRAH,BIHAR
2021-10-11 11:19:05.545 8397-8507/com.capitalfirst D/OkHttp: 25984,802151,ARRAH,BIHAR
2021-10-11 11:19:05.545 8397-8507/com.capitalfirst D/OkHttp: 25985,802152,ARRAH,BIHAR
2021-10-11 11:19:05.545 8397-8507/com.capitalfirst D/OkHttp: 25986,802154,ARRAH,BIHAR
2021-10-11 11:19:05.546 8397-8507/com.capitalfirst D/OkHttp: 25987,802155,ARRAH,BIHAR
2021-10-11 11:19:05.546 8397-8507/com.capitalfirst D/OkHttp: 25988,802156,ARRAH,BIHAR
2021-10-11 11:19:05.546 8397-8507/com.capitalfirst D/OkHttp: 25989,802157,ARRAH,BIHAR
2021-10-11 11:19:05.546 8397-8507/com.capitalfirst D/OkHttp: 25990,802158,ARRAH,BIHAR
2021-10-11 11:19:05.546 8397-8507/com.capitalfirst D/OkHttp: 25991,802159,ARRAH,BIHAR
2021-10-11 11:19:05.546 8397-8507/com.capitalfirst D/OkHttp: 25992,802160,PATNA,BIHAR
2021-10-11 11:19:05.546 8397-8507/com.capitalfirst D/OkHttp: 25993,802161,ARRAH,BIHAR
2021-10-11 11:19:05.546 8397-8507/com.capitalfirst D/OkHttp: 25994,802162,ARRAH,BIHAR
2021-10-11 11:19:05.546 8397-8507/com.capitalfirst D/OkHttp: 25995,802163,BHOJPUR,BIHAR
2021-10-11 11:19:05.546 8397-8507/com.capitalfirst D/OkHttp: 25996,802164,BHOJPUR,BIHAR
2021-10-11 11:19:05.547 8397-8507/com.capitalfirst D/OkHttp: 25997,802165,ARRAH,BIHAR
2021-10-11 11:19:05.547 8397-8507/com.capitalfirst D/OkHttp: 25998,802166,BHOJPUR,BIHAR
2021-10-11 11:19:05.547 8397-8507/com.capitalfirst D/OkHttp: 25999,802169,ARRAH,BIHAR
2021-10-11 11:19:05.547 8397-8507/com.capitalfirst D/OkHttp: 26000,802171,ARRAH,BIHAR
2021-10-11 11:19:05.547 8397-8507/com.capitalfirst D/OkHttp: 26001,802172,ARRAH,BIHAR
2021-10-11 11:19:05.547 8397-8507/com.capitalfirst D/OkHttp: 26002,802173,ARRAH,BIHAR
2021-10-11 11:19:05.547 8397-8507/com.capitalfirst D/OkHttp: 26003,802174,ARRAH,BIHAR
2021-10-11 11:19:05.547 8397-8507/com.capitalfirst D/OkHttp: 26004,802178,ARRAH,BIHAR
2021-10-11 11:19:05.547 8397-8507/com.capitalfirst D/OkHttp: 26005,802182,SASARA,BIHAR
2021-10-11 11:19:05.547 8397-8507/com.capitalfirst D/OkHttp: 26006,802183,ARRAH,BIHAR
2021-10-11 11:19:05.547 8397-8507/com.capitalfirst D/OkHttp: 26007,802201,ARRAH,BIHAR
2021-10-11 11:19:05.547 8397-8507/com.capitalfirst D/OkHttp: 26008,802202,ARRAH,BIHAR
2021-10-11 11:19:05.547 8397-8507/com.capitalfirst D/OkHttp: 26009,802203,ARRAH,BIHAR
2021-10-11 11:19:05.547 8397-8507/com.capitalfirst D/OkHttp: 26010,802204,ARRAH,BIHAR
2021-10-11 11:19:05.547 8397-8507/com.capitalfirst D/OkHttp: 26011,802205,ARRAH,BIHAR
2021-10-11 11:19:05.548 8397-8458/com.capitalfirst D/OkHttp: 26005,802182,SASARA,BIHAR
2021-10-11 11:19:05.548 8397-8458/com.capitalfirst D/OkHttp: 26006,802183,ARRAH,BIHAR
2021-10-11 11:19:05.548 8397-8458/com.capitalfirst D/OkHttp: 26007,802201,ARRAH,BIHAR
2021-10-11 11:19:05.548 8397-8458/com.capitalfirst D/OkHttp: 26008,802202,ARRAH,BIHAR
2021-10-11 11:19:05.548 8397-8458/com.capitalfirst D/OkHttp: 26009,802203,ARRAH,BIHAR
2021-10-11 11:19:05.548 8397-8458/com.capitalfirst D/OkHttp: 26010,802204,ARRAH,BIHAR
2021-10-11 11:19:05.548 8397-8458/com.capitalfirst D/OkHttp: 26011,802205,ARRAH,BIHAR
2021-10-11 11:19:05.548 8397-8458/com.capitalfirst D/OkHttp: 26012,802206,ARRAH,BIHAR
2021-10-11 11:19:05.549 8397-8458/com.capitalfirst D/OkHttp: 26013,802207,BHOJPUR,BIHAR
2021-10-11 11:19:05.549 8397-8458/com.capitalfirst D/OkHttp: 26014,802208,ARRAH,BIHAR
2021-10-11 11:19:05.549 8397-8458/com.capitalfirst D/OkHttp: 26015,802209,ARRAH,BIHAR
2021-10-11 11:19:05.549 8397-8458/com.capitalfirst D/OkHttp: 26016,802210,ARRAH,BIHAR
2021-10-11 11:19:05.549 8397-8458/com.capitalfirst D/OkHttp: 26017,802211,SASARA,BIHAR
2021-10-11 11:19:05.549 8397-8458/com.capitalfirst D/OkHttp: 26018,802212,ROHTAS,BIHAR
2021-10-11 11:19:05.549 8397-8458/com.capitalfirst D/OkHttp: 26019,802213,SASARAM,BIHAR
2021-10-11 11:19:05.549 8397-8458/com.capitalfirst D/OkHttp: 26020,802214,ROHTAS,BIHAR
2021-10-11 11:19:05.549 8397-8458/com.capitalfirst D/OkHttp: 26021,802215,SASARAM,BIHAR
2021-10-11 11:19:05.549 8397-8458/com.capitalfirst D/OkHttp: 26022,802216,KOATH,BIHAR
2021-10-11 11:19:05.550 8397-8458/com.capitalfirst D/OkHttp: 26023,802217,SASARA,BIHAR
2021-10-11 11:19:05.550 8397-8458/com.capitalfirst D/OkHttp: 26024,802218,ROHTAS,BIHAR
2021-10-11 11:19:05.550 8397-8458/com.capitalfirst D/OkHttp: 26025,802219,SASARA,BIHAR
2021-10-11 11:19:05.550 8397-8458/com.capitalfirst D/OkHttp: 26026,802220,SASARA,BIHAR
2021-10-11 11:19:05.550 8397-8458/com.capitalfirst D/OkHttp: 26027,802221,SASARA,BIHAR
2021-10-11 11:19:05.550 8397-8458/com.capitalfirst D/OkHttp: 26028,802222,ARRAH,BIHAR
2021-10-11 11:19:05.550 8397-8458/com.capitalfirst D/OkHttp: 26029,802223,ARRAH,BIHAR
2021-10-11 11:19:05.550 8397-8458/com.capitalfirst D/OkHttp: 26030,802225,ARRAH,BIHAR
2021-10-11 11:19:05.552 8397-8481/com.capitalfirst D/OkHttp: 24836,768040,SAMBALPUR,ORISSA
2021-10-11 11:19:05.552 8397-8481/com.capitalfirst D/OkHttp: 24837,768041,SAMBALPUR,ORISSA
2021-10-11 11:19:05.552 8397-8481/com.capitalfirst D/OkHttp: 24838,768042,BARGARH,ORISSA
2021-10-11 11:19:05.553 8397-8481/com.capitalfirst D/OkHttp: 24839,768043,SAMBALPUR,ORISSA
2021-10-11 11:19:05.553 8397-8481/com.capitalfirst D/OkHttp: 24840,768044,SAMBALPUR,ORISSA
2021-10-11 11:19:05.553 8397-8481/com.capitalfirst D/OkHttp: 24841,768045,BARGARH,ORISSA
2021-10-11 11:19:05.553 8397-8481/com.capitalfirst D/OkHttp: 24842,768046,SAMBALPUR,ORISSA
2021-10-11 11:19:05.553 8397-8481/com.capitalfirst D/OkHttp: 24843,768047,SAMBALPUR,ORISSA
2021-10-11 11:19:05.553 8397-8481/com.capitalfirst D/OkHttp: 24844,768048,SAMBALPUR,ORISSA
2021-10-11 11:19:05.553 8397-8481/com.capitalfirst D/OkHttp: 24845,768049,SAMBALPUR,ORISSA
2021-10-11 11:19:05.553 8397-8481/com.capitalfirst D/OkHttp: 24846,768050,BARGARH,ORISSA
2021-10-11 11:19:05.553 8397-8481/com.capitalfirst D/OkHttp: 24847,768051,SAMBALPUR,ORISSA
2021-10-11 11:19:05.553 8397-8481/com.capitalfirst D/OkHttp: 24848,768052,SAMBALPUR,ORISSA
2021-10-11 11:19:05.553 8397-8481/com.capitalfirst D/OkHttp: 24849,768053,JHARSUGUDA,ORISSA
2021-10-11 11:19:05.553 8397-8481/com.capitalfirst D/OkHttp: 24850,768054,SAMBALPUR,ORISSA
2021-10-11 11:19:05.553 8397-8481/com.capitalfirst D/OkHttp: 24851,768101,SAMBALPUR,ORISSA
2021-10-11 11:19:05.553 8397-8481/com.capitalfirst D/OkHttp: 24852,768102,SAMBALPUR,ORISSA
2021-10-11 11:19:05.553 8397-8481/com.capitalfirst D/OkHttp: 24853,768103,SAMBALPUR,ORISSA
2021-10-11 11:19:05.553 8397-8481/com.capitalfirst D/OkHttp: 24854,768104,SAMBALPUR,ORISSA
2021-10-11 11:19:05.553 8397-8481/com.capitalfirst D/OkHttp: 24855,768105,SAMBALPUR,ORISSA
2021-10-11 11:19:05.553 8397-8481/com.capitalfirst D/OkHttp: 24856,768106,SAMBALPUR,ORISSA
2021-10-11 11:19:05.554 8397-8481/com.capitalfirst D/OkHttp: 24857,768107,SAMBALPUR,ORISSA
2021-10-11 11:19:05.554 8397-8481/com.capitalfirst D/OkHttp: 24858,768108,SAMBALPUR,ORISSA
2021-10-11 11:19:05.554 8397-8481/com.capitalfirst D/OkHttp: 24859,768109,DEBAGARH,ORISSA
2021-10-11 11:19:05.554 8397-8481/com.capitalfirst D/OkHttp: 24860,768110,DEBAGARH,ORISSA
2021-10-11 11:19:05.554 8397-8481/com.capitalfirst D/OkHttp: 24861,768111,SAMBALPUR,ORISSA
2021-10-11 11:19:05.554 8397-8481/com.capitalfirst D/OkHttp: 24862,768112,SAMBALPUR,ORISSA
2021-10-11 11:19:05.554 8397-8481/com.capitalfirst D/OkHttp: 24863,768113,SAMBALPUR,ORISSA
2021-10-11 11:19:05.554 8397-8481/com.capitalfirst D/OkHttp: 24864,768114,DEBAGARH,ORISSA
2021-10-11 11:19:05.554 8397-8481/com.capitalfirst D/OkHttp: 24865,768115,SAMBALPUR,ORISSA
2021-10-11 11:19:05.554 8397-8481/com.capitalfirst D/OkHttp: 24866,768116,SAMBALPUR,ORISSA
2021-10-11 11:19:05.554 8397-8481/com.capitalfirst D/OkHttp: 24867,768117,SAMBALPUR,ORISSA
2021-10-11 11:19:05.554 8397-8481/com.capitalfirst D/OkHttp: 24868,768118,SAMBALPUR,ORISSA
2021-10-11 11:19:05.554 8397-8481/com.capitalfirst D/OkHttp: 24869,768119,SAMBALPUR,ORISSA
2021-10-11 11:19:05.554 8397-8481/com.capitalfirst D/OkHttp: 24870,768120,BAUDH,ORISSA
2021-10-11 11:19:05.554 8397-8481/com.capitalfirst D/OkHttp: 24871,768121,SAMBALPUR,ORISSA
2021-10-11 11:19:05.554 8397-8481/com.capitalfirst D/OkHttp: 24872,768150,SAMBALPUR,ORISSA
2021-10-11 11:19:05.554 8397-8481/com.capitalfirst D/OkHttp: 24873,768151,SAMBALPUR,ORISSA
2021-10-11 11:19:05.555 8397-8481/com.capitalfirst D/OkHttp: 24874,768201,JHARSUGUDA,ORISSA
2021-10-11 11:19:05.555 8397-8481/com.capitalfirst D/OkHttp: 24875,768202,JHARSUGUDA,ORISSA
2021-10-11 11:19:05.555 8397-8481/com.capitalfirst D/OkHttp: 24876,768203,SAMBALPUR,ORISSA
2021-10-11 11:19:05.555 8397-8481/com.capitalfirst D/OkHttp: 24877,768204,SAMBALPUR,ORISSA
2021-10-11 11:19:05.555 8397-8481/com.capitalfirst D/OkHttp: 24878,768205,SAMBALPUR,ORISSA
2021-10-11 11:19:05.555 8397-8481/com.capitalfirst D/OkHttp: 24879,768211,SAMBALPUR,ORISSA
2021-10-11 11:19:05.555 8397-8481/com.capitalfirst D/OkHttp: 24880,768212,JHARSUGUDA,ORISSA
2021-10-11 11:19:05.555 8397-8481/com.capitalfirst D/OkHttp: 24881,768213,JHARSUGUDA,ORISSA
2021-10-11 11:19:05.555 8397-8481/com.capitalfirst D/OkHttp: 24882,768214,SAMBALPUR,ORISSA
2021-10-11 11:19:05.555 8397-8481/com.capitalfirst D/OkHttp: 24883,768215,SAMBALPUR,ORISSA
2021-10-11 11:19:05.555 8397-8481/com.capitalfirst D/OkHttp: 24884,768216,SAMBALPUR,ORISSA
2021-10-11 11:19:05.555 8397-8481/com.capitalfirst D/OkHttp: 24885,768217,BELPAHAR,ORISSA
2021-10-11 11:19:05.556 8397-8481/com.capitalfirst D/OkHttp: 24886,768218,JHARSUGUDA,ORISSA
2021-10-11 11:19:05.556 8397-8481/com.capitalfirst D/OkHttp: 24887,768219,SAMBALPUR,ORISSA
2021-10-11 11:19:05.556 8397-8481/com.capitalfirst D/OkHttp: 24888,768220,JHARSUGUDA,ORISSA
2021-10-11 11:19:05.556 8397-8481/com.capitalfirst D/OkHttp: 24889,768221,SAMBALPUR,ORISSA
2021-10-11 11:19:05.556 8397-8481/com.capitalfirst D/OkHttp: 24890,768222,SAMBALPUR,ORISSA
2021-10-11 11:19:05.556 8397-8481/com.capitalfirst D/OkHttp: 24891,768223,SAMBALPUR,ORISSA
2021-10-11 11:19:05.559 8397-8479/com.capitalfirst D/OkHttp: 23095,734000,SILIGURI,WEST BENGAL
2021-10-11 11:19:05.560 8397-8479/com.capitalfirst D/OkHttp: 23096,734001,SILIGURI,WEST BENGAL
2021-10-11 11:19:05.560 8397-8479/com.capitalfirst D/OkHttp: 23097,734002,SILIGURI,WEST BENGAL
2021-10-11 11:19:05.560 8397-8479/com.capitalfirst D/OkHttp: 23098,734003,SILIGURI,WEST BENGAL
2021-10-11 11:19:05.560 8397-8481/com.capitalfirst D/OkHttp: 24892,768224,SAMBALPUR,ORISSA
2021-10-11 11:19:05.560 8397-8458/com.capitalfirst D/OkHttp: 26056,803112,BIHARSHARIF,BIHAR
2021-10-11 11:19:05.560 8397-8458/com.capitalfirst D/OkHttp: 26057,803113,BIHARSHARIF,BIHAR
2021-10-11 11:19:05.560 8397-8458/com.capitalfirst D/OkHttp: 26058,803114,NALANDA,BIHAR
2021-10-11 11:19:05.560 8397-8458/com.capitalfirst D/OkHttp: 26059,803115,NALANDA,BIHAR
2021-10-11 11:19:05.560 8397-8458/com.capitalfirst D/OkHttp: 26060,803116,BIHARSHARIF,BIHAR
2021-10-11 11:19:05.560 8397-8458/com.capitalfirst D/OkHttp: 26061,803117,SILAO,BIHAR
2021-10-11 11:19:05.561 8397-8458/com.capitalfirst D/OkHttp: 26062,803118,BIHARSHARIF,BIHAR
2021-10-11 11:19:05.561 8397-8458/com.capitalfirst D/OkHttp: 26063,803119,BIHARSHARIF,BIHAR
2021-10-11 11:19:05.561 8397-8479/com.capitalfirst D/OkHttp: 23099,734004,SILIGURI,WEST BENGAL
2021-10-11 11:19:05.561 8397-8479/com.capitalfirst D/OkHttp: 23100,734005,SILIGURI,WEST BENGAL
2021-10-11 11:19:05.561 8397-8458/com.capitalfirst D/OkHttp: 26064,803120,BIHARSHARIF,BIHAR
2021-10-11 11:19:05.561 8397-8458/com.capitalfirst D/OkHttp: 26065,803121,NALANDA,BIHAR
2021-10-11 11:19:05.561 8397-8458/com.capitalfirst D/OkHttp: 26066,803123,BIHARSHARIF,BIHAR
2021-10-11 11:19:05.561 8397-8458/com.capitalfirst D/OkHttp: 26067,803124,BIHARSHARIF,BIHAR
2021-10-11 11:19:05.561 8397-8458/com.capitalfirst D/OkHttp: 26068,803129,BIHARSHARIF,BIHAR
2021-10-11 11:19:05.561 8397-8458/com.capitalfirst D/OkHttp: 26069,803130,BIHARSHARIF,BIHAR
2021-10-11 11:19:05.561 8397-8458/com.capitalfirst D/OkHttp: 26070,803131,BIHARSHARIF,BIHAR
2021-10-11 11:19:05.561 8397-8458/com.capitalfirst D/OkHttp: 26071,803201,PATNA,BIHAR
2021-10-11 11:19:05.562 8397-8458/com.capitalfirst D/OkHttp: 26072,803202,PATNA,BIHAR
2021-10-11 11:19:05.562 8397-8458/com.capitalfirst D/OkHttp: 26073,803203,PATNA,BIHAR
2021-10-11 11:19:05.562 8397-8458/com.capitalfirst D/OkHttp: 26074,803204,PATNA,BIHAR
2021-10-11 11:19:05.562 8397-8458/com.capitalfirst D/OkHttp: 26075,803205,SHEIKHPURA,BIHAR
2021-10-11 11:19:05.562 8397-8458/com.capitalfirst D/OkHttp: 26076,803206,PATNA,BIHAR
2021-10-11 11:19:05.562 8397-8458/com.capitalfirst D/OkHttp: 26077,803211,PATNA,BIHAR
2021-10-11 11:19:05.562 8397-8458/com.capitalfirst D/OkHttp: 26078,803212,PATNA,BIHAR
2021-10-11 11:19:05.562 8397-8458/com.capitalfirst D/OkHttp: 26079,803213,PATNA,BIHAR
2021-10-11 11:19:05.564 8397-8479/com.capitalfirst D/OkHttp: 23101,734006,SILIGURI,WEST BENGAL
2021-10-11 11:19:05.564 8397-8458/com.capitalfirst D/OkHttp: 26080,803214,PATNA,BIHAR
2021-10-11 11:19:05.565 8397-8458/com.capitalfirst D/OkHttp: 26081,803215,NALANDA,BIHAR
2021-10-11 11:19:05.565 8397-8458/com.capitalfirst D/OkHttp: 26082,803216,BIHARSHARIF,BIHAR
2021-10-11 11:19:05.565 8397-8458/com.capitalfirst D/OkHttp: 26083,803218,PATNA,BIHAR
2021-10-11 11:19:05.565 8397-8458/com.capitalfirst D/OkHttp: 26084,803221,PATNA,BIHAR
2021-10-11 11:19:05.565 8397-8458/com.capitalfirst D/OkHttp: 26085,803231,BAKHTIARPUR,BIHAR
2021-10-11 11:19:05.565 8397-8458/com.capitalfirst D/OkHttp: 26086,803232,PATNA,BIHAR
2021-10-11 11:19:05.565 8397-8458/com.capitalfirst D/OkHttp: 26087,803301,PATNA,BIHAR
2021-10-11 11:19:05.567 8397-8458/com.capitalfirst D/OkHttp: 26088,803302,PATNA,BIHAR
2021-10-11 11:19:05.569 8397-8507/com.capitalfirst D/OkHttp: 26012,802206,ARRAH,BIHAR
2021-10-11 11:19:05.569 8397-8507/com.capitalfirst D/OkHttp: 26013,802207,BHOJPUR,BIHAR
2021-10-11 11:19:05.569 8397-8507/com.capitalfirst D/OkHttp: 26014,802208,ARRAH,BIHAR
2021-10-11 11:19:05.569 8397-8507/com.capitalfirst D/OkHttp: 26015,802209,ARRAH,BIHAR
2021-10-11 11:19:05.569 8397-8507/com.capitalfirst D/OkHttp: 26016,802210,ARRAH,BIHAR
2021-10-11 11:19:05.569 8397-8507/com.capitalfirst D/OkHttp: 26017,802211,SASARA,BIHAR
2021-10-11 11:19:05.569 8397-8507/com.capitalfirst D/OkHttp: 26018,802212,ROHTAS,BIHAR
2021-10-11 11:19:05.569 8397-8507/com.capitalfirst D/OkHttp: 26019,802213,SASARAM,BIHAR
2021-10-11 11:19:05.570 8397-8507/com.capitalfirst D/OkHttp: 26020,802214,ROHTAS,BIHAR
2021-10-11 11:19:05.570 8397-8507/com.capitalfirst D/OkHttp: 26021,802215,SASARAM,BIHAR
2021-10-11 11:19:05.570 8397-8507/com.capitalfirst D/OkHttp: 26022,802216,KOATH,BIHAR
2021-10-11 11:19:05.570 8397-8507/com.capitalfirst D/OkHttp: 26023,802217,SASARA,BIHAR
2021-10-11 11:19:05.570 8397-8507/com.capitalfirst D/OkHttp: 26024,802218,ROHTAS,BIHAR
2021-10-11 11:19:05.570 8397-8507/com.capitalfirst D/OkHttp: 26025,802219,SASARA,BIHAR
2021-10-11 11:19:05.570 8397-8507/com.capitalfirst D/OkHttp: 26026,802220,SASARA,BIHAR
2021-10-11 11:19:05.570 8397-8507/com.capitalfirst D/OkHttp: 26027,802221,SASARA,BIHAR
2021-10-11 11:19:05.570 8397-8507/com.capitalfirst D/OkHttp: 26028,802222,ARRAH,BIHAR
2021-10-11 11:19:05.570 8397-8507/com.capitalfirst D/OkHttp: 26029,802223,ARRAH,BIHAR
2021-10-11 11:19:05.570 8397-8507/com.capitalfirst D/OkHttp: 26030,802225,ARRAH,BIHAR
2021-10-11 11:19:05.570 8397-8507/com.capitalfirst D/OkHttp: 26031,802226,SASARA,BIHAR
2021-10-11 11:19:05.570 8397-8507/com.capitalfirst D/OkHttp: 26032,802230,ARRAH,BIHAR
2021-10-11 11:19:05.571 8397-8507/com.capitalfirst D/OkHttp: 26033,802231,ARRAH,BIHAR
2021-10-11 11:19:05.571 8397-8507/com.capitalfirst D/OkHttp: 26034,802237,ARRAH,BIHAR
2021-10-11 11:19:05.571 8397-8507/com.capitalfirst D/OkHttp: 26035,802301,BHOJPUR,BIHAR
2021-10-11 11:19:05.571 8397-8507/com.capitalfirst D/OkHttp: 26036,802302,BHOJPUR,BIHAR
2021-10-11 11:19:05.571 8397-8507/com.capitalfirst D/OkHttp: 26037,802311,ARRAH,BIHAR
2021-10-11 11:19:05.572 8397-8507/com.capitalfirst D/OkHttp: 26038,802312,ARRAH,BIHAR
2021-10-11 11:19:05.572 8397-8507/com.capitalfirst D/OkHttp: 26039,802313,ARRAH,BIHAR
2021-10-11 11:19:05.572 8397-8507/com.capitalfirst D/OkHttp: 26040,802314,BHOJPUR,BIHAR
2021-10-11 11:19:05.572 8397-8507/com.capitalfirst D/OkHttp: 26041,802315,ARRAH,BIHAR
2021-10-11 11:19:05.572 8397-8507/com.capitalfirst D/OkHttp: 26042,802316,ARRAH,BIHAR
2021-10-11 11:19:05.572 8397-8507/com.capitalfirst D/OkHttp: 26043,802317,ARRAH,BIHAR
2021-10-11 11:19:05.572 8397-8507/com.capitalfirst D/OkHttp: 26044,802318,ARRAH,BIHAR
2021-10-11 11:19:05.572 8397-8507/com.capitalfirst D/OkHttp: 26045,802351,SIWAN,BIHAR
2021-10-11 11:19:05.572 8397-8507/com.capitalfirst D/OkHttp: 26046,802352,BHOJPUR,BIHAR
2021-10-11 11:19:05.572 8397-8507/com.capitalfirst D/OkHttp: 26047,803101,NALANDA,BIHAR
2021-10-11 11:19:05.572 8397-8507/com.capitalfirst D/OkHttp: 26048,803102,BIHARSHARIF,BIHAR
2021-10-11 11:19:05.572 8397-8507/com.capitalfirst D/OkHttp: 26049,803103,BUXAR,BIHAR
2021-10-11 11:19:05.574 8397-8507/com.capitalfirst D/OkHttp: 26050,803105,BIHARSHARIF,BIHAR
2021-10-11 11:19:05.574 8397-8507/com.capitalfirst D/OkHttp: 26051,803107,BIHARSHARIF,BIHAR
2021-10-11 11:19:05.574 8397-8507/com.capitalfirst D/OkHttp: 26052,803108,BIHARSHARIF,BIHAR
2021-10-11 11:19:05.574 8397-8481/com.capitalfirst D/OkHttp: 24893,768225,SAMBALPUR,ORISSA
2021-10-11 11:19:05.574 8397-8481/com.capitalfirst D/OkHttp: 24894,768226,JHARSUGUDA,ORISSA
2021-10-11 11:19:05.574 8397-8481/com.capitalfirst D/OkHttp: 24895,768227,SAMBALPUR,ORISSA
2021-10-11 11:19:05.574 8397-8481/com.capitalfirst D/OkHttp: 24896,768228,SAMBALPUR,ORISSA
2021-10-11 11:19:05.575 8397-8481/com.capitalfirst D/OkHttp: 24897,768229,SAMBALPUR,ORISSA
2021-10-11 11:19:05.575 8397-8481/com.capitalfirst D/OkHttp: 24898,768230,SAMBALPUR,ORISSA
2021-10-11 11:19:05.575 8397-8479/com.capitalfirst D/OkHttp: 23102,734007,JALPAIGURI,WEST BENGAL
2021-10-11 11:19:05.576 8397-8479/com.capitalfirst D/OkHttp: 23103,734008,SILIGURI,WEST BENGAL
2021-10-11 11:19:05.576 8397-8507/com.capitalfirst D/OkHttp: 26053,803109,BIHARSHARIF,BIHAR
2021-10-11 11:19:05.576 8397-8507/com.capitalfirst D/OkHttp: 26054,803110,PATNA,BIHAR
2021-10-11 11:19:05.576 8397-8507/com.capitalfirst D/OkHttp: 26055,803111,BIHARSHARIF,BIHAR
2021-10-11 11:19:05.576 8397-8507/com.capitalfirst D/OkHttp: 26056,803112,BIHARSHARIF,BIHAR
2021-10-11 11:19:05.576 8397-8507/com.capitalfirst D/OkHttp: 26057,803113,BIHARSHARIF,BIHAR
2021-10-11 11:19:05.576 8397-8507/com.capitalfirst D/OkHttp: 26058,803114,NALANDA,BIHAR
2021-10-11 11:19:05.576 8397-8507/com.capitalfirst D/OkHttp: 26059,803115,NALANDA,BIHAR
2021-10-11 11:19:05.576 8397-8507/com.capitalfirst D/OkHttp: 26060,803116,BIHARSHARIF,BIHAR
2021-10-11 11:19:05.576 8397-8507/com.capitalfirst D/OkHttp: 26061,803117,SILAO,BIHAR
2021-10-11 11:19:05.576 8397-8507/com.capitalfirst D/OkHttp: 26062,803118,BIHARSHARIF,BIHAR
2021-10-11 11:19:05.576 8397-8507/com.capitalfirst D/OkHttp: 26063,803119,BIHARSHARIF,BIHAR
2021-10-11 11:19:05.576 8397-8507/com.capitalfirst D/OkHttp: 26064,803120,BIHARSHARIF,BIHAR
2021-10-11 11:19:05.576 8397-8507/com.capitalfirst D/OkHttp: 26065,803121,NALANDA,BIHAR
2021-10-11 11:19:05.577 8397-8507/com.capitalfirst D/OkHttp: 26066,803123,BIHARSHARIF,BIHAR
2021-10-11 11:19:05.577 8397-8507/com.capitalfirst D/OkHttp: 26067,803124,BIHARSHARIF,BIHAR
2021-10-11 11:19:05.577 8397-8507/com.capitalfirst D/OkHttp: 26068,803129,BIHARSHARIF,BIHAR
2021-10-11 11:19:05.577 8397-8507/com.capitalfirst D/OkHttp: 26069,803130,BIHARSHARIF,BIHAR
2021-10-11 11:19:05.577 8397-8507/com.capitalfirst D/OkHttp: 26070,803131,BIHARSHARIF,BIHAR
2021-10-11 11:19:05.577 8397-8507/com.capitalfirst D/OkHttp: 26071,803201,PATNA,BIHAR
2021-10-11 11:19:05.577 8397-8507/com.capitalfirst D/OkHttp: 26072,803202,PATNA,BIHAR
2021-10-11 11:19:05.577 8397-8507/com.capitalfirst D/OkHttp: 26073,803203,PATNA,BIHAR
2021-10-11 11:19:05.577 8397-8507/com.capitalfirst D/OkHttp: 26074,803204,PATNA,BIHAR
2021-10-11 11:19:05.577 8397-8507/com.capitalfirst D/OkHttp: 26075,803205,SHEIKHPURA,BIHAR
2021-10-11 11:19:05.577 8397-8507/com.capitalfirst D/OkHttp: 26076,803206,PATNA,BIHAR
2021-10-11 11:19:05.577 8397-8507/com.capitalfirst D/OkHttp: 26077,803211,PATNA,BIHAR
2021-10-11 11:19:05.577 8397-8507/com.capitalfirst D/OkHttp: 26078,803212,PATNA,BIHAR
2021-10-11 11:19:05.577 8397-8507/com.capitalfirst D/OkHttp: 26079,803213,PATNA,BIHAR
2021-10-11 11:19:05.577 8397-8507/com.capitalfirst D/OkHttp: 26080,803214,PATNA,BIHAR
2021-10-11 11:19:05.578 8397-8507/com.capitalfirst D/OkHttp: 26081,803215,NALANDA,BIHAR
2021-10-11 11:19:05.578 8397-8507/com.capitalfirst D/OkHttp: 26082,803216,BIHARSHARIF,BIHAR
2021-10-11 11:19:05.578 8397-8507/com.capitalfirst D/OkHttp: 26083,803218,PATNA,BIHAR
2021-10-11 11:19:05.578 8397-8507/com.capitalfirst D/OkHttp: 26084,803221,PATNA,BIHAR
2021-10-11 11:19:05.578 8397-8507/com.capitalfirst D/OkHttp: 26085,803231,BAKHTIARPUR,BIHAR
2021-10-11 11:19:05.578 8397-8507/com.capitalfirst D/OkHttp: 26086,803232,PATNA,BIHAR
2021-10-11 11:19:05.578 8397-8507/com.capitalfirst D/OkHttp: 26087,803301,PATNA,BIHAR
2021-10-11 11:19:05.578 8397-8507/com.capitalfirst D/OkHttp: 26088,803302,PATNA,BIHAR
2021-10-11 11:19:05.578 8397-8507/com.capitalfirst D/OkHttp: 26089,803303,PATNA,BIHAR
2021-10-11 11:19:05.578 8397-8507/com.capitalfirst D/OkHttp: 26090,803306,PATNA,BIHAR
2021-10-11 11:19:05.578 8397-8507/com.capitalfirst D/OkHttp: 26091,803307,PATNA,BIHAR
2021-10-11 11:19:05.578 8397-8507/com.capitalfirst D/OkHttp: 26092,803311,BIHARSHARIF,BIHAR
2021-10-11 11:19:05.578 8397-8507/com.capitalfirst D/OkHttp: 26093,804401,ARWAL,BIHAR
2021-10-11 11:19:05.578 8397-8507/com.capitalfirst D/OkHttp: 26094,804402,JAHANABAD,BIHAR
2021-10-11 11:19:05.578 8397-8507/com.capitalfirst D/OkHttp: 26095,804403,GAYA,BIHAR
2021-10-11 11:19:05.578 8397-8507/com.capitalfirst D/OkHttp: 26096,804404,GAYA,BIHAR
2021-10-11 11:19:05.578 8397-8507/com.capitalfirst D/OkHttp: 26097,804405,GAYA,BIHAR
2021-10-11 11:19:05.578 8397-8507/com.capitalfirst D/OkHttp: 26098,804406,HILSA,BIHAR
2021-10-11 11:19:05.578 8397-8507/com.capitalfirst D/OkHttp: 26099,804407,GAYA,BIHAR
2021-10-11 11:19:05.578 8397-8507/com.capitalfirst D/OkHttp: 26100,804408,JAHANABAD,BIHAR
2021-10-11 11:19:05.579 8397-8507/com.capitalfirst D/OkHttp: 26101,804410,JAHANABAD,BIHAR
2021-10-11 11:19:05.579 8397-8507/com.capitalfirst D/OkHttp: 26102,804417,JAHANABAD,BIHAR
2021-10-11 11:19:05.579 8397-8507/com.capitalfirst D/OkHttp: 26103,804418,JHANJHARPUR,BIHAR
2021-10-11 11:19:05.579 8397-8507/com.capitalfirst D/OkHttp: 26104,804419,KARPI,BIHAR
2021-10-11 11:19:05.579 8397-8507/com.capitalfirst D/OkHttp: 26105,804420,JAHANABAD,BIHAR
2021-10-11 11:19:05.579 8397-8507/com.capitalfirst D/OkHttp: 26106,804421,HILSA,BIHAR
2021-10-11 11:19:05.579 8397-8507/com.capitalfirst D/OkHttp: 26107,804422,GAYA,BIHAR
2021-10-11 11:19:05.579 8397-8507/com.capitalfirst D/OkHttp: 26108,804423,JAHANABAD,BIHAR
2021-10-11 11:19:05.579 8397-8507/com.capitalfirst D/OkHttp: 26109,804424,GAYA,BIHAR
2021-10-11 11:19:05.580 8397-8507/com.capitalfirst D/OkHttp: 26110,804425,JAHANABAD,BIHAR
2021-10-11 11:19:05.580 8397-8507/com.capitalfirst D/OkHttp: 26111,804426,PATNA,BIHAR
2021-10-11 11:19:05.580 8397-8507/com.capitalfirst D/OkHttp: 26112,804427,GAYA,BIHAR
2021-10-11 11:19:05.580 8397-8507/com.capitalfirst D/OkHttp: 26113,804428,ARWAL,BIHAR
2021-10-11 11:19:05.580 8397-8507/com.capitalfirst D/OkHttp: 26114,804429,BAHADURPUR,BIHAR
2021-10-11 11:19:05.581 8397-8507/com.capitalfirst D/OkHttp: 26115,804430,JAHANABAD,BIHAR
2021-10-11 11:19:05.581 8397-8507/com.capitalfirst D/OkHttp: 26116,804431,JAHANABAD,BIHAR
2021-10-11 11:19:05.581 8397-8507/com.capitalfirst D/OkHttp: 26117,804432,GAYA,BIHAR
2021-10-11 11:19:05.581 8397-8507/com.capitalfirst D/OkHttp: 26118,804433,JAHANABAD,BIHAR
2021-10-11 11:19:05.581 8397-8481/com.capitalfirst D/OkHttp: 24899,768231,SAMBALPUR,ORISSA
2021-10-11 11:19:05.581 8397-8481/com.capitalfirst D/OkHttp: 24900,768232,SAMBALPUR,ORISSA
2021-10-11 11:19:05.581 8397-8481/com.capitalfirst D/OkHttp: 24901,768233,JHARSUGUDA,ORISSA
2021-10-11 11:19:05.581 8397-8481/com.capitalfirst D/OkHttp: 24902,769001,ROURKELA,ORISSA
2021-10-11 11:19:05.581 8397-8481/com.capitalfirst D/OkHttp: 24903,769002,ROURKELA,ORISSA
2021-10-11 11:19:05.581 8397-8481/com.capitalfirst D/OkHttp: 24904,769003,ROURKELA,ORISSA
2021-10-11 11:19:05.581 8397-8481/com.capitalfirst D/OkHttp: 24905,769004,ROURKELA,ORISSA
2021-10-11 11:19:05.581 8397-8481/com.capitalfirst D/OkHttp: 24906,769005,ROURKELA,ORISSA
2021-10-11 11:19:05.581 8397-8481/com.capitalfirst D/OkHttp: 24907,769006,ROURKELA,ORISSA
2021-10-11 11:19:05.582 8397-8481/com.capitalfirst D/OkHttp: 24908,769007,ROURKELA,ORISSA
2021-10-11 11:19:05.582 8397-8481/com.capitalfirst D/OkHttp: 24909,769008,ROURKELA,ORISSA
2021-10-11 11:19:05.582 8397-8481/com.capitalfirst D/OkHttp: 24910,769009,ROURKELA,ORISSA
2021-10-11 11:19:05.582 8397-8481/com.capitalfirst D/OkHttp: 24911,769010,ROURKELA,ORISSA
2021-10-11 11:19:05.582 8397-8481/com.capitalfirst D/OkHttp: 24912,769012,ROURKELA,ORISSA
2021-10-11 11:19:05.582 8397-8481/com.capitalfirst D/OkHttp: 24913,769013,ROURKELA,ORISSA
2021-10-11 11:19:05.582 8397-8481/com.capitalfirst D/OkHttp: 24914,769014,ROURKELA,ORISSA
2021-10-11 11:19:05.582 8397-8481/com.capitalfirst D/OkHttp: 24915,769015,ROURKELA,ORISSA
2021-10-11 11:19:05.582 8397-8481/com.capitalfirst D/OkHttp: 24916,769016,ROURKELA,ORISSA
2021-10-11 11:19:05.582 8397-8481/com.capitalfirst D/OkHttp: 24917,769041,ROURKELA,ORISSA
2021-10-11 11:19:05.582 8397-8481/com.capitalfirst D/OkHttp: 24918,769042,ANANDAPUR,ORISSA
2021-10-11 11:19:05.582 8397-8481/com.capitalfirst D/OkHttp: 24919,769043,ROURKELA,ORISSA
2021-10-11 11:19:05.582 8397-8481/com.capitalfirst D/OkHttp: 24920,770001,SUNDARGARH,ORISSA
2021-10-11 11:19:05.582 8397-8481/com.capitalfirst D/OkHttp: 24921,770002,SUNDARGARH,ORISSA
2021-10-11 11:19:05.583 8397-8481/com.capitalfirst D/OkHttp: 24922,770011,SUNDARGARH,ORISSA
2021-10-11 11:19:05.583 8397-8481/com.capitalfirst D/OkHttp: 24923,770012,SUNDARGARH,ORISSA
2021-10-11 11:19:05.583 8397-8481/com.capitalfirst D/OkHttp: 24924,770013,SUNDARGARH,ORISSA
2021-10-11 11:19:05.583 8397-8481/com.capitalfirst D/OkHttp: 24925,770014,SUNDARGARH,ORISSA
2021-10-11 11:19:05.583 8397-8481/com.capitalfirst D/OkHttp: 24926,770015,SUNDARGARH,ORISSA
2021-10-11 11:19:05.583 8397-8481/com.capitalfirst D/OkHttp: 24927,770016,SUNDARGARH,ORISSA
2021-10-11 11:19:05.583 8397-8481/com.capitalfirst D/OkHttp: 24928,770017,SUNDARGARH,ORISSA
2021-10-11 11:19:05.583 8397-8481/com.capitalfirst D/OkHttp: 24929,770018,ROURKELA,ORISSA
2021-10-11 11:19:05.583 8397-8481/com.capitalfirst D/OkHttp: 24930,770019,SUNDARGARH,ORISSA
2021-10-11 11:19:05.584 8397-8481/com.capitalfirst D/OkHttp: 24931,770020,SONAPUR,ORISSA
2021-10-11 11:19:05.584 8397-8481/com.capitalfirst D/OkHttp: 24932,770021,SUNDARGARH,ORISSA
2021-10-11 11:19:05.584 8397-8481/com.capitalfirst D/OkHttp: 24933,770023,SUNDARGARH,ORISSA
2021-10-11 11:19:05.584 8397-8481/com.capitalfirst D/OkHttp: 24934,770024,SUNDARGARH,ORISSA
2021-10-11 11:19:05.584 8397-8481/com.capitalfirst D/OkHttp: 24935,770025,SUNDARGARH,ORISSA
2021-10-11 11:19:05.584 8397-8481/com.capitalfirst D/OkHttp: 24936,770026,SUNDARGARH,ORISSA
2021-10-11 11:19:05.584 8397-8481/com.capitalfirst D/OkHttp: 24937,770027,SUNDARGARH,ORISSA
2021-10-11 11:19:05.584 8397-8481/com.capitalfirst D/OkHttp: 24938,770028,SUNDARGARH,ORISSA
2021-10-11 11:19:05.584 8397-8481/com.capitalfirst D/OkHttp: 24939,770029,SUNDARGARH,ORISSA
2021-10-11 11:19:05.584 8397-8481/com.capitalfirst D/OkHttp: 24940,770031,SUNDARGARH,ORISSA
2021-10-11 11:19:05.585 8397-8481/com.capitalfirst D/OkHttp: 24941,770032,SUNDARGARH,ORISSA
2021-10-11 11:19:05.585 8397-8481/com.capitalfirst D/OkHttp: 24942,770033,SUNDARGARH,ORISSA
2021-10-11 11:19:05.585 8397-8481/com.capitalfirst D/OkHttp: 24943,770034,ROURKELA,ORISSA
2021-10-11 11:19:05.585 8397-8481/com.capitalfirst D/OkHttp: 24944,770035,SUNDARGARH,ORISSA
2021-10-11 11:19:05.585 8397-8481/com.capitalfirst D/OkHttp: 24945,770036,SUNDARGARH,ORISSA
2021-10-11 11:19:05.585 8397-8481/com.capitalfirst D/OkHttp: 24946,770037,SUNDARGARH,ORISSA
2021-10-11 11:19:05.585 8397-8481/com.capitalfirst D/OkHttp: 24947,770038,SUNDARGARH,ORISSA
2021-10-11 11:19:05.585 8397-8481/com.capitalfirst D/OkHttp: 24948,770039,SUNDARGARH,ORISSA
2021-10-11 11:19:05.585 8397-8481/com.capitalfirst D/OkHttp: 24949,770040,SUNDARGARH,ORISSA
2021-10-11 11:19:05.585 8397-8481/com.capitalfirst D/OkHttp: 24950,770041,SUNDARGARH,ORISSA
2021-10-11 11:19:05.585 8397-8481/com.capitalfirst D/OkHttp: 24951,770042,TENSA,ORISSA
2021-10-11 11:19:05.585 8397-8481/com.capitalfirst D/OkHttp: 24952,770043,SUNDARGARH,ORISSA
2021-10-11 11:19:05.585 8397-8481/com.capitalfirst D/OkHttp: 24953,770044,SUNDARGARH,ORISSA
2021-10-11 11:19:05.585 8397-8481/com.capitalfirst D/OkHttp: 24954,770045,SUNDARGARH,ORISSA
2021-10-11 11:19:05.586 8397-8481/com.capitalfirst D/OkHttp: 24955,770046,SUNDARGARH,ORISSA
2021-10-11 11:19:05.586 8397-8481/com.capitalfirst D/OkHttp: 24956,770047,SUNDARGARH,ORISSA
2021-10-11 11:19:05.586 8397-8481/com.capitalfirst D/OkHttp: 24957,770048,KENDUJHAR,ORISSA
2021-10-11 11:19:05.586 8397-8481/com.capitalfirst D/OkHttp: 24958,770049,SUNDARGARH,ORISSA
2021-10-11 11:19:05.586 8397-8481/com.capitalfirst D/OkHttp: 24959,770050,SUNDARGARH,ORISSA
2021-10-11 11:19:05.586 8397-8481/com.capitalfirst D/OkHttp: 24960,770051,SUNDARGARH,ORISSA
2021-10-11 11:19:05.586 8397-8481/com.capitalfirst D/OkHttp: 24961,770052,SUNDARGARH,ORISSA
2021-10-11 11:19:05.586 8397-8481/com.capitalfirst D/OkHttp: 24962,770070,SUNDARGARH,ORISSA
2021-10-11 11:19:05.586 8397-8481/com.capitalfirst D/OkHttp: 24963,770071,SUNDARGARH,ORISSA
2021-10-11 11:19:05.586 8397-8481/com.capitalfirst D/OkHttp: 24964,770072,SUNDARGARH,ORISSA
2021-10-11 11:19:05.586 8397-8481/com.capitalfirst D/OkHttp: 24965,770073,SUNDARGARH,ORISSA
2021-10-11 11:19:05.586 8397-8481/com.capitalfirst D/OkHttp: 24966,770074,SUNDARGARH,ORISSA
2021-10-11 11:19:05.586 8397-8481/com.capitalfirst D/OkHttp: 24967,770075,SUNDARGARH,ORISSA
2021-10-11 11:19:05.586 8397-8481/com.capitalfirst D/OkHttp: 24968,770076,JHARSUGUDA,ORISSA
2021-10-11 11:19:05.586 8397-8481/com.capitalfirst D/OkHttp: 24969,770077,SUNDARGARH,ORISSA
2021-10-11 11:19:05.586 8397-8481/com.capitalfirst D/OkHttp: 24970,771158,KARIMPUR,WEST BENGAL
2021-10-11 11:19:05.587 8397-8481/com.capitalfirst D/OkHttp: 24971,771688,ANUGUL,ORISSA
2021-10-11 11:19:05.587 8397-8481/com.capitalfirst D/OkHttp: 24972,774161,KRISHNAGAR,WEST BENGAL
2021-10-11 11:19:05.587 8397-8481/com.capitalfirst D/OkHttp: 24973,774258,KHURDHA,ORISSA
2021-10-11 11:19:05.587 8397-8481/com.capitalfirst D/OkHttp: 24974,781001,KAMRUP,ASSAM
2021-10-11 11:19:05.587 8397-8481/com.capitalfirst D/OkHttp: 24975,781002,KAMRUP,ASSAM
2021-10-11 11:19:05.587 8397-8481/com.capitalfirst D/OkHttp: 24976,781003,KAMRUP,ASSAM
2021-10-11 11:19:05.587 8397-8481/com.capitalfirst D/OkHttp: 24977,781004,KAMRUP,ASSAM
2021-10-11 11:19:05.587 8397-8481/com.capitalfirst D/OkHttp: 24978,781005,KAMRUP,ASSAM
2021-10-11 11:19:05.587 8397-8458/com.capitalfirst D/OkHttp: 26089,803303,PATNA,BIHAR
2021-10-11 11:19:05.587 8397-8458/com.capitalfirst D/OkHttp: 26090,803306,PATNA,BIHAR
2021-10-11 11:19:05.588 8397-8458/com.capitalfirst D/OkHttp: 26091,803307,PATNA,BIHAR
2021-10-11 11:19:05.588 8397-8458/com.capitalfirst D/OkHttp: 26092,803311,BIHARSHARIF,BIHAR
2021-10-11 11:19:05.588 8397-8458/com.capitalfirst D/OkHttp: 26093,804401,ARWAL,BIHAR
2021-10-11 11:19:05.588 8397-8458/com.capitalfirst D/OkHttp: 26094,804402,JAHANABAD,BIHAR
2021-10-11 11:19:05.588 8397-8458/com.capitalfirst D/OkHttp: 26095,804403,GAYA,BIHAR
2021-10-11 11:19:05.588 8397-8458/com.capitalfirst D/OkHttp: 26096,804404,GAYA,BIHAR
2021-10-11 11:19:05.588 8397-8458/com.capitalfirst D/OkHttp: 26097,804405,GAYA,BIHAR
2021-10-11 11:19:05.588 8397-8458/com.capitalfirst D/OkHttp: 26098,804406,HILSA,BIHAR
2021-10-11 11:19:05.588 8397-8458/com.capitalfirst D/OkHttp: 26099,804407,GAYA,BIHAR
2021-10-11 11:19:05.588 8397-8458/com.capitalfirst D/OkHttp: 26100,804408,JAHANABAD,BIHAR
2021-10-11 11:19:05.588 8397-8458/com.capitalfirst D/OkHttp: 26101,804410,JAHANABAD,BIHAR
2021-10-11 11:19:05.588 8397-8458/com.capitalfirst D/OkHttp: 26102,804417,JAHANABAD,BIHAR
2021-10-11 11:19:05.588 8397-8458/com.capitalfirst D/OkHttp: 26103,804418,JHANJHARPUR,BIHAR
2021-10-11 11:19:05.588 8397-8458/com.capitalfirst D/OkHttp: 26104,804419,KARPI,BIHAR
2021-10-11 11:19:05.588 8397-8458/com.capitalfirst D/OkHttp: 26105,804420,JAHANABAD,BIHAR
2021-10-11 11:19:05.588 8397-8458/com.capitalfirst D/OkHttp: 26106,804421,HILSA,BIHAR
2021-10-11 11:19:05.588 8397-8458/com.capitalfirst D/OkHttp: 26107,804422,GAYA,BIHAR
2021-10-11 11:19:05.588 8397-8458/com.capitalfirst D/OkHttp: 26108,804423,JAHANABAD,BIHAR
2021-10-11 11:19:05.588 8397-8458/com.capitalfirst D/OkHttp: 26109,804424,GAYA,BIHAR
2021-10-11 11:19:05.588 8397-8458/com.capitalfirst D/OkHttp: 26110,804425,JAHANABAD,BIHAR
2021-10-11 11:19:05.588 8397-8458/com.capitalfirst D/OkHttp: 26111,804426,PATNA,BIHAR
2021-10-11 11:19:05.588 8397-8458/com.capitalfirst D/OkHttp: 26112,804427,GAYA,BIHAR
2021-10-11 11:19:05.588 8397-8458/com.capitalfirst D/OkHttp: 26113,804428,ARWAL,BIHAR
2021-10-11 11:19:05.588 8397-8458/com.capitalfirst D/OkHttp: 26114,804429,BAHADURPUR,BIHAR
2021-10-11 11:19:05.589 8397-8458/com.capitalfirst D/OkHttp: 26115,804430,JAHANABAD,BIHAR
2021-10-11 11:19:05.589 8397-8458/com.capitalfirst D/OkHttp: 26116,804431,JAHANABAD,BIHAR
2021-10-11 11:19:05.589 8397-8458/com.capitalfirst D/OkHttp: 26117,804432,GAYA,BIHAR
2021-10-11 11:19:05.589 8397-8458/com.capitalfirst D/OkHttp: 26118,804433,JAHANABAD,BIHAR
2021-10-11 11:19:05.589 8397-8458/com.capitalfirst D/OkHttp: 26119,804434,GHOSHI,BIHAR
2021-10-11 11:19:05.589 8397-8458/com.capitalfirst D/OkHttp: 26120,804435,JAHANABAD,BIHAR
2021-10-11 11:19:05.589 8397-8458/com.capitalfirst D/OkHttp: 26121,804451,PATNA,BIHAR
2021-10-11 11:19:05.589 8397-8458/com.capitalfirst D/OkHttp: 26122,804452,PATNA,BIHAR
2021-10-11 11:19:05.589 8397-8479/com.capitalfirst D/OkHttp: 23104,734009,DARJILING,WEST BENGAL
2021-10-11 11:19:05.590 8397-8479/com.capitalfirst D/OkHttp: 23105,734010,SILIGURI,WEST BENGAL
2021-10-11 11:19:05.590 8397-8479/com.capitalfirst D/OkHttp: 23106,734011,SILIGURI,WEST BENGAL
2021-10-11 11:19:05.590 8397-8507/com.capitalfirst D/OkHttp: 26119,804434,GHOSHI,BIHAR
2021-10-11 11:19:05.590 8397-8507/com.capitalfirst D/OkHttp: 26120,804435,JAHANABAD,BIHAR
2021-10-11 11:19:05.590 8397-8507/com.capitalfirst D/OkHttp: 26121,804451,PATNA,BIHAR
2021-10-11 11:19:05.590 8397-8507/com.capitalfirst D/OkHttp: 26122,804452,PATNA,BIHAR
2021-10-11 11:19:05.590 8397-8507/com.capitalfirst D/OkHttp: 26123,804453,PATNA,BIHAR
2021-10-11 11:19:05.590 8397-8507/com.capitalfirst D/OkHttp: 26124,804454,PATNA,BIHAR
2021-10-11 11:19:05.590 8397-8507/com.capitalfirst D/OkHttp: 26125,804457,PATNA,BIHAR
2021-10-11 11:19:05.590 8397-8507/com.capitalfirst D/OkHttp: 26126,804908,JAHANABAD,BIHAR
2021-10-11 11:19:05.591 8397-8507/com.capitalfirst D/OkHttp: 26127,805101,NAWADA,BIHAR
2021-10-11 11:19:05.591 8397-8507/com.capitalfirst D/OkHttp: 26128,805102,NAWADA,BIHAR
2021-10-11 11:19:05.591 8397-8507/com.capitalfirst D/OkHttp: 26129,805103,NAWADA,BIHAR
2021-10-11 11:19:05.591 8397-8507/com.capitalfirst D/OkHttp: 26130,805104,NAWADA,BIHAR
2021-10-11 11:19:05.591 8397-8507/com.capitalfirst D/OkHttp: 26131,805105,NALANDA,BIHAR
2021-10-11 11:19:05.591 8397-8507/com.capitalfirst D/OkHttp: 26132,805106,NAWADA,BIHAR
2021-10-11 11:19:05.591 8397-8507/com.capitalfirst D/OkHttp: 26133,805107,NAWADA,BIHAR
2021-10-11 11:19:05.592 8397-8507/com.capitalfirst D/OkHttp: 26134,805108,NAWADA,BIHAR
2021-10-11 11:19:05.592 8397-8479/com.capitalfirst D/OkHttp: 23107,734012,SILIGURI,WEST BENGAL
2021-10-11 11:19:05.592 8397-8479/com.capitalfirst D/OkHttp: 23108,734013,SILIGURI,WEST BENGAL
2021-10-11 11:19:05.592 8397-8479/com.capitalfirst D/OkHttp: 23109,734014,SILIGURI,WEST BENGAL
2021-10-11 11:19:05.592 8397-8479/com.capitalfirst D/OkHttp: 23110,734015,JALPAIGURI,WEST BENGAL
2021-10-11 11:19:05.592 8397-8479/com.capitalfirst D/OkHttp: 23111,734016,SILIGURI,WEST BENGAL
2021-10-11 11:19:05.592 8397-8479/com.capitalfirst D/OkHttp: 23112,734018,SILIGURI,WEST BENGAL
2021-10-11 11:19:05.592 8397-8479/com.capitalfirst D/OkHttp: 23113,734025,SILIGURI,WEST BENGAL
2021-10-11 11:19:05.592 8397-8479/com.capitalfirst D/OkHttp: 23114,734101,DARJILING,WEST BENGAL
2021-10-11 11:19:05.592 8397-8479/com.capitalfirst D/OkHttp: 23115,734102,DARJILING,WEST BENGAL
2021-10-11 11:19:05.592 8397-8479/com.capitalfirst D/OkHttp: 23116,734103,DARJILING,WEST BENGAL
2021-10-11 11:19:05.592 8397-8479/com.capitalfirst D/OkHttp: 23117,734104,DARJILING,WEST BENGAL
2021-10-11 11:19:05.592 8397-8479/com.capitalfirst D/OkHttp: 23118,734105,DARJILING,WEST BENGAL
2021-10-11 11:19:05.593 8397-8479/com.capitalfirst D/OkHttp: 23119,734118,SILIGURI,WEST BENGAL
2021-10-11 11:19:05.593 8397-8479/com.capitalfirst D/OkHttp: 23120,734121,DARJEELING,WEST BENGAL
2021-10-11 11:19:05.593 8397-8479/com.capitalfirst D/OkHttp: 23121,734122,DARJEELING,WEST BENGAL
2021-10-11 11:19:05.593 8397-8479/com.capitalfirst D/OkHttp: 23122,734123,DARJEELING,WEST BENGAL
2021-10-11 11:19:05.593 8397-8479/com.capitalfirst D/OkHttp: 23123,734124,DARJEELING,WEST BENGAL
2021-10-11 11:19:05.593 8397-8479/com.capitalfirst D/OkHttp: 23124,734201,DARJILING,WEST BENGAL
2021-10-11 11:19:05.593 8397-8479/com.capitalfirst D/OkHttp: 23125,734202,DARJEELING,WEST BENGAL
2021-10-11 11:19:05.593 8397-8479/com.capitalfirst D/OkHttp: 23126,734203,DARJILING,WEST BENGAL
2021-10-11 11:19:05.593 8397-8479/com.capitalfirst D/OkHttp: 23127,734204,DARJILING,WEST BENGAL
2021-10-11 11:19:05.593 8397-8479/com.capitalfirst D/OkHttp: 23128,734209,DARJEELING,WEST BENGAL
2021-10-11 11:19:05.593 8397-8479/com.capitalfirst D/OkHttp: 23129,734213,DARJILING,WEST BENGAL
2021-10-11 11:19:05.593 8397-8479/com.capitalfirst D/OkHttp: 23130,734214,MIRIK,WEST BENGAL
2021-10-11 11:19:05.593 8397-8479/com.capitalfirst D/OkHttp: 23131,734215,DARJILING,WEST BENGAL
2021-10-11 11:19:05.593 8397-8479/com.capitalfirst D/OkHttp: 23132,734216,DARJILING,WEST BENGAL
2021-10-11 11:19:05.593 8397-8479/com.capitalfirst D/OkHttp: 23133,734217,DARJILING,WEST BENGAL
2021-10-11 11:19:05.593 8397-8479/com.capitalfirst D/OkHttp: 23134,734218,DARJILING,WEST BENGAL
2021-10-11 11:19:05.593 8397-8479/com.capitalfirst D/OkHttp: 23135,734219,DARJILING,WEST BENGAL
2021-10-11 11:19:05.594 8397-8479/com.capitalfirst D/OkHttp: 23136,734220,DARJILING,WEST BENGAL
2021-10-11 11:19:05.594 8397-8479/com.capitalfirst D/OkHttp: 23137,734221,DARJILING,WEST BENGAL
2021-10-11 11:19:05.594 8397-8479/com.capitalfirst D/OkHttp: 23138,734222,DARJILING,WEST BENGAL
2021-10-11 11:19:05.594 8397-8479/com.capitalfirst D/OkHttp: 23139,734223,DARJILING,WEST BENGAL
2021-10-11 11:19:05.594 8397-8479/com.capitalfirst D/OkHttp: 23140,734224,DARJILING,WEST BENGAL
2021-10-11 11:19:05.594 8397-8479/com.capitalfirst D/OkHttp: 23141,734225,DARJILING,WEST BENGAL
2021-10-11 11:19:05.594 8397-8479/com.capitalfirst D/OkHttp: 23142,734226,DARJILING,WEST BENGAL
2021-10-11 11:19:05.594 8397-8479/com.capitalfirst D/OkHttp: 23143,734227,DARJEELING,WEST BENGAL
2021-10-11 11:19:05.594 8397-8479/com.capitalfirst D/OkHttp: 23144,734301,DARJILING,WEST BENGAL
2021-10-11 11:19:05.594 8397-8479/com.capitalfirst D/OkHttp: 23145,734311,DARJILING,WEST BENGAL
2021-10-11 11:19:05.594 8397-8479/com.capitalfirst D/OkHttp: 23146,734312,DARJILING,WEST BENGAL
2021-10-11 11:19:05.594 8397-8481/com.capitalfirst D/OkHttp: 24979,781006,KAMRUP,ASSAM
2021-10-11 11:19:05.594 8397-8458/com.capitalfirst D/OkHttp: 26123,804453,PATNA,BIHAR
2021-10-11 11:19:05.596 8397-8458/com.capitalfirst D/OkHttp: 26124,804454,PATNA,BIHAR
2021-10-11 11:19:05.596 8397-8458/com.capitalfirst D/OkHttp: 26125,804457,PATNA,BIHAR
2021-10-11 11:19:05.596 8397-8458/com.capitalfirst D/OkHttp: 26126,804908,JAHANABAD,BIHAR
2021-10-11 11:19:05.596 8397-8458/com.capitalfirst D/OkHttp: 26127,805101,NAWADA,BIHAR
2021-10-11 11:19:05.596 8397-8458/com.capitalfirst D/OkHttp: 26128,805102,NAWADA,BIHAR
2021-10-11 11:19:05.596 8397-8458/com.capitalfirst D/OkHttp: 26129,805103,NAWADA,BIHAR
2021-10-11 11:19:05.596 8397-8458/com.capitalfirst D/OkHttp: 26130,805104,NAWADA,BIHAR
2021-10-11 11:19:05.596 8397-8458/com.capitalfirst D/OkHttp: 26131,805105,NALANDA,BIHAR
2021-10-11 11:19:05.596 8397-8458/com.capitalfirst D/OkHttp: 26132,805106,NAWADA,BIHAR
