2021-10-11 11:19:05.919 8397-8479/com.capitalfirst D/OkHttp: 23727,743507,24 PARGANAS,WEST BENGAL
2021-10-11 11:19:05.919 8397-8479/com.capitalfirst D/OkHttp: 23728,743508,24 PARGANAS,WEST BENGAL
2021-10-11 11:19:05.920 8397-8479/com.capitalfirst D/OkHttp: 23729,743510,24 PARGANAS,WEST BENGAL
2021-10-11 11:19:05.920 8397-8479/com.capitalfirst D/OkHttp: 23730,743511,ALIPORE,WEST BENGAL
2021-10-11 11:19:05.920 8397-8479/com.capitalfirst D/OkHttp: 23731,743512,24 PARGANAS,WEST BENGAL
2021-10-11 11:19:05.920 8397-8479/com.capitalfirst D/OkHttp: 23732,743513,SOUTH 24 PARGANAS,WEST BENGAL
2021-10-11 11:19:05.920 8397-8479/com.capitalfirst D/OkHttp: 23733,743514,BARAST,WEST BENGAL
2021-10-11 11:19:05.920 8397-8479/com.capitalfirst D/OkHttp: 23734,743515,BARAST,WEST BENGAL
2021-10-11 11:19:05.920 8397-8479/com.capitalfirst D/OkHttp: 23735,743516,BARAST,WEST BENGAL
2021-10-11 11:19:05.920 8397-8507/com.capitalfirst D/OkHttp: 26773,834006,RANCHI,JHARKHAND
2021-10-11 11:19:05.920 8397-8507/com.capitalfirst D/OkHttp: 26774,834007,RANCHI,JHARKHAND
2021-10-11 11:19:05.920 8397-8507/com.capitalfirst D/OkHttp: 26775,834008,RANCHI,JHARKHAND
2021-10-11 11:19:05.920 8397-8507/com.capitalfirst D/OkHttp: 26776,834009,RANCHI,JHARKHAND
2021-10-11 11:19:05.921 8397-8507/com.capitalfirst D/OkHttp: 26777,834010,RANCHI,JHARKHAND
2021-10-11 11:19:05.921 8397-8507/com.capitalfirst D/OkHttp: 26778,834011,RANCHI,JHARKHAND
2021-10-11 11:19:05.921 8397-8507/com.capitalfirst D/OkHttp: 26779,834012,RANCHI,JHARKHAND
2021-10-11 11:19:05.921 8397-8507/com.capitalfirst D/OkHttp: 26780,834017,KANKE,JHARKHAND
2021-10-11 11:19:05.921 8397-8507/com.capitalfirst D/OkHttp: 26781,834088,KANKE,JHARKHAND
2021-10-11 11:19:05.921 8397-8507/com.capitalfirst D/OkHttp: 26782,834108,MUZAFFARPUR,BIHAR
2021-10-11 11:19:05.921 8397-8507/com.capitalfirst D/OkHttp: 26783,834110,GOALPARA,ASSAM
2021-10-11 11:19:05.921 8397-8507/com.capitalfirst D/OkHttp: 26784,835101,RANCHI,JHARKHAND
2021-10-11 11:19:05.921 8397-8507/com.capitalfirst D/OkHttp: 26785,835102,RANCHI,JHARKHAND
2021-10-11 11:19:05.921 8397-8507/com.capitalfirst D/OkHttp: 26786,835103,RANCHI,JHARKHAND
2021-10-11 11:19:05.921 8397-8507/com.capitalfirst D/OkHttp: 26787,835104,BERMO,JHARKHAND
2021-10-11 11:19:05.921 8397-8507/com.capitalfirst D/OkHttp: 26788,835201,BOKARO,JHARKHAND
2021-10-11 11:19:05.921 8397-8507/com.capitalfirst D/OkHttp: 26789,835202,RANCHI,JHARKHAND
2021-10-11 11:19:05.921 8397-8507/com.capitalfirst D/OkHttp: 26790,835203,GUMLA,JHARKHAND
2021-10-11 11:19:05.921 8397-8458/com.capitalfirst D/OkHttp: 26744,833103,PASCHIMI SINGHBHUM,JHARKHAND
2021-10-11 11:19:05.921 8397-8458/com.capitalfirst D/OkHttp: 26745,833104,PASCHIMI SINGHBHUM,JHARKHAND
2021-10-11 11:19:05.921 8397-8458/com.capitalfirst D/OkHttp: 26746,833105,PASCHIMI SINGHBHUM,JHARKHAND
2021-10-11 11:19:05.921 8397-8458/com.capitalfirst D/OkHttp: 26747,833106,CHIRIA,JHARKHAND
2021-10-11 11:19:05.921 8397-8458/com.capitalfirst D/OkHttp: 26748,833108,AURANGABAD,MAHARASHTRA
2021-10-11 11:19:05.921 8397-8458/com.capitalfirst D/OkHttp: 26749,833201,WEST SINGHBHUM,JHARKHAND
2021-10-11 11:19:05.921 8397-8458/com.capitalfirst D/OkHttp: 26750,833202,PASCHIMI SINGHBHUM,JHARKHAND
2021-10-11 11:19:05.921 8397-8458/com.capitalfirst D/OkHttp: 26751,833203,WEST SINGHBHUM,JHARKHAND
2021-10-11 11:19:05.921 8397-8458/com.capitalfirst D/OkHttp: 26752,833204,SINGHBHUM,JHARKHAND
2021-10-11 11:19:05.921 8397-8458/com.capitalfirst D/OkHttp: 26753,833210,SERAIKELA-KHARSAWAN,JHARKHAND
2021-10-11 11:19:05.921 8397-8458/com.capitalfirst D/OkHttp: 26754,833212,WEST SINGHBHUM,JHARKHAND
2021-10-11 11:19:05.922 8397-8481/com.capitalfirst D/OkHttp: 25543,788165,SILCHAR,ASSAM
2021-10-11 11:19:05.922 8397-8481/com.capitalfirst D/OkHttp: 25544,788166,KARIMGANJ,ASSAM
2021-10-11 11:19:05.922 8397-8481/com.capitalfirst D/OkHttp: 25545,788167,SILCHAR,ASSAM
2021-10-11 11:19:05.922 8397-8481/com.capitalfirst D/OkHttp: 25546,788169,SILCHAR,ASSAM
2021-10-11 11:19:05.922 8397-8481/com.capitalfirst D/OkHttp: 25547,788701,KARIMGANJ,ASSAM
2021-10-11 11:19:05.922 8397-8481/com.capitalfirst D/OkHttp: 25548,788702,KARIMGANJ,ASSAM
2021-10-11 11:19:05.922 8397-8481/com.capitalfirst D/OkHttp: 25549,788705,KARIMGANJ,ASSAM
2021-10-11 11:19:05.922 8397-8481/com.capitalfirst D/OkHttp: 25550,788706,KARIMGANJ,ASSAM
2021-10-11 11:19:05.924 8397-8481/com.capitalfirst D/OkHttp: 25551,788708,KARIMGANJ,ASSAM
2021-10-11 11:19:05.924 8397-8481/com.capitalfirst D/OkHttp: 25552,788710,KARIMGANJ,ASSAM
2021-10-11 11:19:05.924 8397-8481/com.capitalfirst D/OkHttp: 25553,788711,KARIMGANJ,ASSAM
2021-10-11 11:19:05.924 8397-8481/com.capitalfirst D/OkHttp: 25554,788716,KARIMGANJ,ASSAM
2021-10-11 11:19:05.924 8397-8481/com.capitalfirst D/OkHttp: 25555,788719,KARIMGANJ,ASSAM
2021-10-11 11:19:05.924 8397-8458/com.capitalfirst D/OkHttp: 26755,833213,WEST SINGHBHUM,JHARKHAND
2021-10-11 11:19:05.924 8397-8458/com.capitalfirst D/OkHttp: 26756,833214,WEST SINGHBHUM,JHARKHAND
2021-10-11 11:19:05.925 8397-8458/com.capitalfirst D/OkHttp: 26757,833215,WEST SINGHBHUM,JHARKHAND
2021-10-11 11:19:05.925 8397-8458/com.capitalfirst D/OkHttp: 26758,833216,WEST SINGHBHUM,JHARKHAND
2021-10-11 11:19:05.925 8397-8458/com.capitalfirst D/OkHttp: 26759,833217,WEST SINGHBHUM,JHARKHAND
2021-10-11 11:19:05.925 8397-8458/com.capitalfirst D/OkHttp: 26760,833218,PASCHIMI SINGHBHUM,JHARKHAND
2021-10-11 11:19:05.925 8397-8458/com.capitalfirst D/OkHttp: 26761,833219,PASCHIMI SINGHBHUM,JHARKHAND
2021-10-11 11:19:05.925 8397-8458/com.capitalfirst D/OkHttp: 26762,833220,SINI,JHARKHAND
2021-10-11 11:19:05.925 8397-8458/com.capitalfirst D/OkHttp: 26763,833221,WEST SINGHBHUM,JHARKHAND
2021-10-11 11:19:05.926 8397-8458/com.capitalfirst D/OkHttp: 26764,833222,WEST SINGHBHUM,JHARKHAND
2021-10-11 11:19:05.926 8397-8458/com.capitalfirst D/OkHttp: 26765,833223,WEST SINGHBHUM,JHARKHAND
2021-10-11 11:19:05.926 8397-8458/com.capitalfirst D/OkHttp: 26766,833233,PASCHIMI SINGHBHUM,JHARKHAND
2021-10-11 11:19:05.926 8397-8479/com.capitalfirst D/OkHttp: 23736,743517,BARAST,WEST BENGAL
2021-10-11 11:19:05.926 8397-8479/com.capitalfirst D/OkHttp: 23737,743518,24 PARGANAS,WEST BENGAL
2021-10-11 11:19:05.926 8397-8479/com.capitalfirst D/OkHttp: 23738,743552,24 PARGANAS,WEST BENGAL
2021-10-11 11:19:05.926 8397-8479/com.capitalfirst D/OkHttp: 23739,743593,AMTALA,WEST BENGAL
2021-10-11 11:19:05.926 8397-8479/com.capitalfirst D/OkHttp: 23740,743601,BARAST,WEST BENGAL
2021-10-11 11:19:05.926 8397-8479/com.capitalfirst D/OkHttp: 23741,743602,BARAST,WEST BENGAL
2021-10-11 11:19:05.926 8397-8479/com.capitalfirst D/OkHttp: 23742,743603,BARAST,WEST BENGAL
2021-10-11 11:19:05.926 8397-8479/com.capitalfirst D/OkHttp: 23743,743604,BARAST,WEST BENGAL
2021-10-11 11:19:05.927 8397-8479/com.capitalfirst D/OkHttp: 23744,743605,BARAST,WEST BENGAL
2021-10-11 11:19:05.927 8397-8479/com.capitalfirst D/OkHttp: 23745,743606,BARAST,WEST BENGAL
2021-10-11 11:19:05.927 8397-8479/com.capitalfirst D/OkHttp: 23746,743607,BARAST,WEST BENGAL
2021-10-11 11:19:05.927 8397-8479/com.capitalfirst D/OkHttp: 23747,743608,BARAST,WEST BENGAL
2021-10-11 11:19:05.927 8397-8479/com.capitalfirst D/OkHttp: 23748,743609,SOUTH 24 PARGANAS,WEST BENGAL
2021-10-11 11:19:05.927 8397-8479/com.capitalfirst D/OkHttp: 23749,743610,SOUTH 24 PARGANAS,WEST BENGAL
2021-10-11 11:19:05.927 8397-8479/com.capitalfirst D/OkHttp: 23750,743611,NORTH 24 PARGANAS,WEST BENGAL
2021-10-11 11:19:05.928 8397-8479/com.capitalfirst D/OkHttp: 23751,743612,24 PARGANAS,WEST BENGAL
2021-10-11 11:19:05.930 8397-8481/com.capitalfirst D/OkHttp: 25556,788720,KARIMGANJ,ASSAM
2021-10-11 11:19:05.930 8397-8481/com.capitalfirst D/OkHttp: 25557,788721,KARIMGANJ,ASSAM
2021-10-11 11:19:05.930 8397-8481/com.capitalfirst D/OkHttp: 25558,788722,KARIMGANJ,ASSAM
2021-10-11 11:19:05.930 8397-8481/com.capitalfirst D/OkHttp: 25559,788723,KARIMGANJ,ASSAM
2021-10-11 11:19:05.930 8397-8481/com.capitalfirst D/OkHttp: 25560,788724,KARIMGANJ,ASSAM
2021-10-11 11:19:05.930 8397-8481/com.capitalfirst D/OkHttp: 25561,788725,KARIMGANJ,ASSAM
2021-10-11 11:19:05.930 8397-8481/com.capitalfirst D/OkHttp: 25562,788726,KARIMGANJ,ASSAM
2021-10-11 11:19:05.930 8397-8481/com.capitalfirst D/OkHttp: 25563,788727,KARIMGANJ,ASSAM
2021-10-11 11:19:05.930 8397-8481/com.capitalfirst D/OkHttp: 25564,788729,KARIMGANJ,ASSAM
2021-10-11 11:19:05.930 8397-8481/com.capitalfirst D/OkHttp: 25565,788731,SILCHAR,ASSAM
2021-10-11 11:19:05.930 8397-8481/com.capitalfirst D/OkHttp: 25566,788733,KARIMGANJ,ASSAM
2021-10-11 11:19:05.930 8397-8481/com.capitalfirst D/OkHttp: 25567,788734,KARIMGANJ,ASSAM
2021-10-11 11:19:05.930 8397-8481/com.capitalfirst D/OkHttp: 25568,788735,KARIMGANJ,ASSAM
2021-10-11 11:19:05.930 8397-8481/com.capitalfirst D/OkHttp: 25569,788736,KARIMGANJ,ASSAM
2021-10-11 11:19:05.930 8397-8481/com.capitalfirst D/OkHttp: 25570,788737,KARIMGANJ,ASSAM
2021-10-11 11:19:05.930 8397-8481/com.capitalfirst D/OkHttp: 25571,788740,KARIMGANJ,ASSAM
2021-10-11 11:19:05.930 8397-8481/com.capitalfirst D/OkHttp: 25572,788781,KARIMGANJ,ASSAM
2021-10-11 11:19:05.931 8397-8481/com.capitalfirst D/OkHttp: 25573,788790,KARIMGANJ,ASSAM
2021-10-11 11:19:05.931 8397-8481/com.capitalfirst D/OkHttp: 25574,788801,SILCHAR,ASSAM
2021-10-11 11:19:05.931 8397-8481/com.capitalfirst D/OkHttp: 25575,788802,SILCHAR,ASSAM
2021-10-11 11:19:05.931 8397-8481/com.capitalfirst D/OkHttp: 25576,788803,KARIMGANJ,ASSAM
2021-10-11 11:19:05.931 8397-8481/com.capitalfirst D/OkHttp: 25577,788805,SILCHAR,ASSAM
2021-10-11 11:19:05.931 8397-8481/com.capitalfirst D/OkHttp: 25578,788806,BADARPUR,ASSAM
2021-10-11 11:19:05.931 8397-8479/com.capitalfirst D/OkHttp: 23752,743613,SOUTH 24 PARGANAS,WEST BENGAL
2021-10-11 11:19:05.931 8397-8479/com.capitalfirst D/OkHttp: 23753,743700,24 PARGANAS,WEST BENGAL
2021-10-11 11:19:05.931 8397-8479/com.capitalfirst D/OkHttp: 23754,743701,NORTH 24 PARGANAS,WEST BENGAL
2021-10-11 11:19:05.931 8397-8479/com.capitalfirst D/OkHttp: 23755,743702,NORTH 24 PARGANAS,WEST BENGAL
2021-10-11 11:19:05.931 8397-8479/com.capitalfirst D/OkHttp: 23756,743703,ALIPORE,WEST BENGAL
2021-10-11 11:19:05.931 8397-8479/com.capitalfirst D/OkHttp: 23757,743704,NORTH 24 PARGANAS,WEST BENGAL
2021-10-11 11:19:05.931 8397-8479/com.capitalfirst D/OkHttp: 23758,743705,ALIPORE,WEST BENGAL
2021-10-11 11:19:05.931 8397-8479/com.capitalfirst D/OkHttp: 23759,743706,24 PARGANAS,WEST BENGAL
2021-10-11 11:19:05.931 8397-8479/com.capitalfirst D/OkHttp: 23760,743707,24 PARGANAS,WEST BENGAL
2021-10-11 11:19:05.931 8397-8479/com.capitalfirst D/OkHttp: 23761,743708,24 PARGANAS,WEST BENGAL
2021-10-11 11:19:05.932 8397-8479/com.capitalfirst D/OkHttp: 23762,743709,24 PARGANAS,WEST BENGAL
2021-10-11 11:19:05.932 8397-8479/com.capitalfirst D/OkHttp: 23763,743710,NORTH 24 PARGANAS,WEST BENGAL
2021-10-11 11:19:05.932 8397-8479/com.capitalfirst D/OkHttp: 23764,743711,NORTH 24 PARGANAS,WEST BENGAL
2021-10-11 11:19:05.932 8397-8479/com.capitalfirst D/OkHttp: 23765,744101,PORT BLAIR,ANDAMAN AND NICOBAR ISLANDS
2021-10-11 11:19:05.932 8397-8479/com.capitalfirst D/OkHttp: 23766,744102,PORT BLAIR,ANDAMAN AND NICOBAR ISLANDS
2021-10-11 11:19:05.932 8397-8479/com.capitalfirst D/OkHttp: 23767,744103,PORT BLAIR,ANDAMAN AND NICOBAR ISLANDS
2021-10-11 11:19:05.933 8397-8479/com.capitalfirst D/OkHttp: 23768,744104,PORT BLAIR,ANDAMAN AND NICOBAR ISLANDS
2021-10-11 11:19:05.933 8397-8479/com.capitalfirst D/OkHttp: 23769,744105,PORT BLAIR,ANDAMAN AND NICOBAR ISLANDS
2021-10-11 11:19:05.933 8397-8479/com.capitalfirst D/OkHttp: 23770,744106,PORT BLAIR,ANDAMAN AND NICOBAR ISLANDS
2021-10-11 11:19:05.933 8397-8479/com.capitalfirst D/OkHttp: 23771,744107,PORT BLAIR,ANDAMAN AND NICOBAR ISLANDS
2021-10-11 11:19:05.933 8397-8479/com.capitalfirst D/OkHttp: 23772,744110,DHEKIAJULI,ASSAM
2021-10-11 11:19:05.933 8397-8479/com.capitalfirst D/OkHttp: 23773,744153,DHEKIAJULI,ASSAM
2021-10-11 11:19:05.933 8397-8479/com.capitalfirst D/OkHttp: 23774,744201,PORT BLAIR,ANDAMAN AND NICOBAR ISLANDS
2021-10-11 11:19:05.933 8397-8479/com.capitalfirst D/OkHttp: 23775,744202,PORT BLAIR,ANDAMAN AND NICOBAR ISLANDS
2021-10-11 11:19:05.933 8397-8479/com.capitalfirst D/OkHttp: 23776,744203,PORT BLAIR,ANDAMAN AND NICOBAR ISLANDS
2021-10-11 11:19:05.933 8397-8479/com.capitalfirst D/OkHttp: 23777,744204,PORT BLAIR,ANDAMAN AND NICOBAR ISLANDS
2021-10-11 11:19:05.933 8397-8479/com.capitalfirst D/OkHttp: 23778,744205,PORT BLAIR,ANDAMAN AND NICOBAR ISLANDS
2021-10-11 11:19:05.933 8397-8479/com.capitalfirst D/OkHttp: 23779,744206,PORT BLAIR,ANDAMAN AND NICOBAR ISLANDS
2021-10-11 11:19:05.933 8397-8479/com.capitalfirst D/OkHttp: 23780,744207,PORT BLAIR,ANDAMAN AND NICOBAR ISLANDS
2021-10-11 11:19:05.933 8397-8479/com.capitalfirst D/OkHttp: 23781,744208,PORT BLAIR,ANDAMAN AND NICOBAR ISLANDS
2021-10-11 11:19:05.933 8397-8479/com.capitalfirst D/OkHttp: 23782,744209,PORT BLAIR,ANDAMAN AND NICOBAR ISLANDS
2021-10-11 11:19:05.933 8397-8479/com.capitalfirst D/OkHttp: 23783,744210,PORT BLAIR,ANDAMAN AND NICOBAR ISLANDS
2021-10-11 11:19:05.934 8397-8479/com.capitalfirst D/OkHttp: 23784,744211,PORT BLAIR,ANDAMAN AND NICOBAR ISLANDS
2021-10-11 11:19:05.934 8397-8479/com.capitalfirst D/OkHttp: 23785,744301,CAR NICOBAR,ANDAMAN AND NICOBAR ISLANDS
2021-10-11 11:19:05.934 8397-8479/com.capitalfirst D/OkHttp: 23786,744302,PORT BLAIR,ANDAMAN AND NICOBAR ISLANDS
2021-10-11 11:19:05.934 8397-8479/com.capitalfirst D/OkHttp: 23787,744303,PORT BLAIR,ANDAMAN AND NICOBAR ISLANDS
2021-10-11 11:19:05.934 8397-8479/com.capitalfirst D/OkHttp: 23788,744304,PORT BLAIR,ANDAMAN AND NICOBAR ISLANDS
2021-10-11 11:19:05.934 8397-8479/com.capitalfirst D/OkHttp: 23789,745100,KHURDHA,ORISSA
2021-10-11 11:19:05.934 8397-8479/com.capitalfirst D/OkHttp: 23790,745214,KRISHNAGAR,WEST BENGAL
2021-10-11 11:19:05.934 8397-8479/com.capitalfirst D/OkHttp: 23791,745415,BONGAIGAON,ASSAM
2021-10-11 11:19:05.934 8397-8479/com.capitalfirst D/OkHttp: 23792,746531,KOLKATA,WEST BENGAL
2021-10-11 11:19:05.934 8397-8479/com.capitalfirst D/OkHttp: 23793,750012,BHUBANESHWAR,ORISSA
2021-10-11 11:19:05.934 8397-8479/com.capitalfirst D/OkHttp: 23794,750103,CUTTACK,ORISSA
2021-10-11 11:19:05.934 8397-8479/com.capitalfirst D/OkHttp: 23795,750106,CUTTACK,ORISSA
2021-10-11 11:19:05.934 8397-8479/com.capitalfirst D/OkHttp: 23796,750214,CUTTACK,ORISSA
2021-10-11 11:19:05.934 8397-8479/com.capitalfirst D/OkHttp: 23797,750221,CUTTACK,ORISSA
2021-10-11 11:19:05.934 8397-8479/com.capitalfirst D/OkHttp: 23798,750310,CUTTACK,ORISSA
2021-10-11 11:19:05.935 8397-8479/com.capitalfirst D/OkHttp: 23799,750324,CUTTACK,ORISSA
2021-10-11 11:19:05.935 8397-8479/com.capitalfirst D/OkHttp: 23800,751000,BHUBANESHWAR,ORISSA
2021-10-11 11:19:05.935 8397-8479/com.capitalfirst D/OkHttp: 23801,751001,KHORDA,ORISSA
2021-10-11 11:19:05.935 8397-8479/com.capitalfirst D/OkHttp: 23802,751002,KHORDA,ORISSA
2021-10-11 11:19:05.935 8397-8479/com.capitalfirst D/OkHttp: 23803,751003,KHORDA,ORISSA
2021-10-11 11:19:05.935 8397-8479/com.capitalfirst D/OkHttp: 23804,751004,KHORDA,ORISSA
2021-10-11 11:19:05.935 8397-8479/com.capitalfirst D/OkHttp: 23805,751005,KHORDA,ORISSA
2021-10-11 11:19:05.935 8397-8479/com.capitalfirst D/OkHttp: 23806,751006,KHORDA,ORISSA
2021-10-11 11:19:05.935 8397-8479/com.capitalfirst D/OkHttp: 23807,751007,KHORDA,ORISSA
2021-10-11 11:19:05.935 8397-8479/com.capitalfirst D/OkHttp: 23808,751008,KHORDA,ORISSA
2021-10-11 11:19:05.935 8397-8479/com.capitalfirst D/OkHttp: 23809,751009,KHORDA,ORISSA
2021-10-11 11:19:05.935 8397-8479/com.capitalfirst D/OkHttp: 23810,751010,BHUBANESHWAR,ORISSA
2021-10-11 11:19:05.935 8397-8479/com.capitalfirst D/OkHttp: 23811,751011,KHORDA,ORISSA
2021-10-11 11:19:05.935 8397-8479/com.capitalfirst D/OkHttp: 23812,751012,KHORDA,ORISSA
2021-10-11 11:19:05.935 8397-8479/com.capitalfirst D/OkHttp: 23813,751013,KHORDA,ORISSA
2021-10-11 11:19:05.936 8397-8479/com.capitalfirst D/OkHttp: 23814,751014,KHORDA,ORISSA
2021-10-11 11:19:05.936 8397-8479/com.capitalfirst D/OkHttp: 23815,751015,KHORDA,ORISSA
2021-10-11 11:19:05.936 8397-8481/com.capitalfirst D/OkHttp: 25579,788808,SILCHAR,ASSAM
2021-10-11 11:19:05.936 8397-8481/com.capitalfirst D/OkHttp: 25580,788812,SILCHAR,ASSAM
2021-10-11 11:19:05.936 8397-8507/com.capitalfirst D/OkHttp: 26791,835204,RANCHI,JHARKHAND
2021-10-11 11:19:05.937 8397-8507/com.capitalfirst D/OkHttp: 26792,835205,RANCHI,JHARKHAND
2021-10-11 11:19:05.937 8397-8507/com.capitalfirst D/OkHttp: 26793,835206,RANCHI,JHARKHAND
2021-10-11 11:19:05.937 8397-8507/com.capitalfirst D/OkHttp: 26794,835207,GUMLA,JHARKHAND
2021-10-11 11:19:05.953 8397-8458/com.capitalfirst D/OkHttp: 26772,834005,RANCHI,JHARKHAND
2021-10-11 11:19:05.953 8397-8458/com.capitalfirst D/OkHttp: 26773,834006,RANCHI,JHARKHAND
2021-10-11 11:19:05.953 8397-8458/com.capitalfirst D/OkHttp: 26774,834007,RANCHI,JHARKHAND
2021-10-11 11:19:05.953 8397-8458/com.capitalfirst D/OkHttp: 26775,834008,RANCHI,JHARKHAND
2021-10-11 11:19:05.953 8397-8458/com.capitalfirst D/OkHttp: 26776,834009,RANCHI,JHARKHAND
2021-10-11 11:19:05.953 8397-8458/com.capitalfirst D/OkHttp: 26777,834010,RANCHI,JHARKHAND
2021-10-11 11:19:05.953 8397-8458/com.capitalfirst D/OkHttp: 26778,834011,RANCHI,JHARKHAND
2021-10-11 11:19:05.981 8397-8479/com.capitalfirst D/OkHttp: 23866,752036,PURI,ORISSA
2021-10-11 11:19:05.981 8397-8479/com.capitalfirst D/OkHttp: 23867,752037,KHORDA,ORISSA
2021-10-11 11:19:05.981 8397-8479/com.capitalfirst D/OkHttp: 23868,752038,KHORDA,ORISSA
2021-10-11 11:19:05.981 8397-8479/com.capitalfirst D/OkHttp: 23869,752040,KHURDHA,ORISSA
2021-10-11 11:19:05.981 8397-8479/com.capitalfirst D/OkHttp: 23870,752041,PURI,ORISSA
2021-10-11 11:19:05.981 8397-8479/com.capitalfirst D/OkHttp: 23871,752042,PURI,ORISSA
2021-10-11 11:19:05.981 8397-8479/com.capitalfirst D/OkHttp: 23872,752043,PURI,ORISSA
2021-10-11 11:19:05.981 8397-8479/com.capitalfirst D/OkHttp: 23873,752044,PANIKOII,ORISSA
2021-10-11 11:19:05.981 8397-8479/com.capitalfirst D/OkHttp: 23874,752045,PURI,ORISSA
2021-10-11 11:19:05.981 8397-8479/com.capitalfirst D/OkHttp: 23875,752046,PURI,ORISSA
2021-10-11 11:19:05.982 8397-8479/com.capitalfirst D/OkHttp: 23876,752050,KHORDA,ORISSA
2021-10-11 11:19:05.982 8397-8479/com.capitalfirst D/OkHttp: 23877,752051,KHURDHA,ORISSA
2021-10-11 11:19:05.982 8397-8479/com.capitalfirst D/OkHttp: 23878,752054,KHORDA,ORISSA
2021-10-11 11:19:05.982 8397-8479/com.capitalfirst D/OkHttp: 23879,752055,KHORDA,ORISSA
2021-10-11 11:19:05.982 8397-8479/com.capitalfirst D/OkHttp: 23880,752056,KHORDA,ORISSA
2021-10-11 11:19:05.982 8397-8479/com.capitalfirst D/OkHttp: 23881,752057,KHORDA,ORISSA
2021-10-11 11:19:05.982 8397-8479/com.capitalfirst D/OkHttp: 23882,752058,PURI,ORISSA
2021-10-11 11:19:05.982 8397-8479/com.capitalfirst D/OkHttp: 23883,752059,PURI,ORISSA
2021-10-11 11:19:05.982 8397-8479/com.capitalfirst D/OkHttp: 23884,752060,KHORDA,ORISSA
2021-10-11 11:19:05.982 8397-8479/com.capitalfirst D/OkHttp: 23885,752061,KHORDA,ORISSA
2021-10-11 11:19:05.982 8397-8479/com.capitalfirst D/OkHttp: 23886,752062,KHORDA,ORISSA
2021-10-11 11:19:05.982 8397-8479/com.capitalfirst D/OkHttp: 23887,752063,BHAPUR,ORISSA
2021-10-11 11:19:05.982 8397-8479/com.capitalfirst D/OkHttp: 23888,752064,KHORDA,ORISSA
2021-10-11 11:19:05.982 8397-8479/com.capitalfirst D/OkHttp: 23889,752065,NAYAGARH,ORISSA
2021-10-11 11:19:05.982 8397-8479/com.capitalfirst D/OkHttp: 23890,752066,KHORDA,ORISSA
2021-10-11 11:19:05.982 8397-8479/com.capitalfirst D/OkHttp: 23891,752067,PURI,ORISSA
2021-10-11 11:19:05.982 8397-8479/com.capitalfirst D/OkHttp: 23892,752068,NAYAGARH,ORISSA
2021-10-11 11:19:05.982 8397-8479/com.capitalfirst D/OkHttp: 23893,752069,NAYAGARH,ORISSA
2021-10-11 11:19:05.982 8397-8479/com.capitalfirst D/OkHttp: 23894,752070,NAYAGARH,ORISSA
2021-10-11 11:19:05.982 8397-8479/com.capitalfirst D/OkHttp: 23895,752077,NAYAGARH,ORISSA
2021-10-11 11:19:05.982 8397-8479/com.capitalfirst D/OkHttp: 23896,752078,NAYAGARH,ORISSA
2021-10-11 11:19:05.982 8397-8479/com.capitalfirst D/OkHttp: 23897,752079,NAYAGARH,ORISSA
2021-10-11 11:19:05.982 8397-8479/com.capitalfirst D/OkHttp: 23898,752080,NAYAGARH,ORISSA
2021-10-11 11:19:05.983 8397-8479/com.capitalfirst D/OkHttp: 23899,752081,NAYAGARH,ORISSA
2021-10-11 11:19:05.983 8397-8479/com.capitalfirst D/OkHttp: 23900,752082,NAYAGARH,ORISSA
2021-10-11 11:19:05.983 8397-8479/com.capitalfirst D/OkHttp: 23901,752083,NAYAGARH,ORISSA
2021-10-11 11:19:05.983 8397-8479/com.capitalfirst D/OkHttp: 23902,752084,NAYAGARH,ORISSA
2021-10-11 11:19:05.983 8397-8479/com.capitalfirst D/OkHttp: 23903,752085,NAYAGARH,ORISSA
2021-10-11 11:19:05.983 8397-8479/com.capitalfirst D/OkHttp: 23904,752086,PURI,ORISSA
2021-10-11 11:19:05.983 8397-8479/com.capitalfirst D/OkHttp: 23905,752087,DEBAGARH,ORISSA
2021-10-11 11:19:05.983 8397-8479/com.capitalfirst D/OkHttp: 23906,752088,PURI,ORISSA
2021-10-11 11:19:05.983 8397-8479/com.capitalfirst D/OkHttp: 23907,752089,NAYAGARH,ORISSA
2021-10-11 11:19:05.983 8397-8479/com.capitalfirst D/OkHttp: 23908,752090,PURI,ORISSA
2021-10-11 11:19:05.983 8397-8479/com.capitalfirst D/OkHttp: 23909,752091,NAYAGARH,ORISSA
2021-10-11 11:19:05.983 8397-8479/com.capitalfirst D/OkHttp: 23910,752092,NAYAGARH,ORISSA
2021-10-11 11:19:05.983 8397-8479/com.capitalfirst D/OkHttp: 23911,752093,NAYAGARH,ORISSA
2021-10-11 11:19:05.983 8397-8479/com.capitalfirst D/OkHttp: 23912,752094,NAYAGARH,ORISSA
2021-10-11 11:19:05.983 8397-8479/com.capitalfirst D/OkHttp: 23913,752095,BALUGAON,ORISSA
2021-10-11 11:19:05.983 8397-8479/com.capitalfirst D/OkHttp: 23914,752096,PURI,ORISSA
2021-10-11 11:19:05.983 8397-8479/com.capitalfirst D/OkHttp: 23915,752100,KHORDA,ORISSA
2021-10-11 11:19:05.983 8397-8479/com.capitalfirst D/OkHttp: 23916,752101,KHORDA,ORISSA
2021-10-11 11:19:05.983 8397-8479/com.capitalfirst D/OkHttp: 23917,752102,KHORDA,ORISSA
2021-10-11 11:19:05.984 8397-8479/com.capitalfirst D/OkHttp: 23918,752103,KHORDA,ORISSA
2021-10-11 11:19:05.984 8397-8479/com.capitalfirst D/OkHttp: 23919,752104,PURI,ORISSA
2021-10-11 11:19:05.984 8397-8479/com.capitalfirst D/OkHttp: 23920,752105,NIMAPARA,ORISSA
2021-10-11 11:19:05.984 8397-8479/com.capitalfirst D/OkHttp: 23921,752106,PURI,ORISSA
2021-10-11 11:19:05.984 8397-8479/com.capitalfirst D/OkHttp: 23922,752107,PURI,ORISSA
2021-10-11 11:19:05.984 8397-8479/com.capitalfirst D/OkHttp: 23923,752108,PURI,ORISSA
2021-10-11 11:19:05.984 8397-8479/com.capitalfirst D/OkHttp: 23924,752109,PURI,ORISSA
2021-10-11 11:19:05.984 8397-8479/com.capitalfirst D/OkHttp: 23925,752110,PURI,ORISSA
2021-10-11 11:19:05.984 8397-8479/com.capitalfirst D/OkHttp: 23926,752111,KONARK,ORISSA
2021-10-11 11:19:05.984 8397-8479/com.capitalfirst D/OkHttp: 23927,752112,PURI,ORISSA
2021-10-11 11:19:05.984 8397-8479/com.capitalfirst D/OkHttp: 23928,752113,PURI,ORISSA
2021-10-11 11:19:05.984 8397-8479/com.capitalfirst D/OkHttp: 23929,752114,PURI,ORISSA
2021-10-11 11:19:05.984 8397-8479/com.capitalfirst D/OkHttp: 23930,752115,KHORDA,ORISSA
2021-10-11 11:19:05.985 8397-8479/com.capitalfirst D/OkHttp: 23931,752116,PURI,ORISSA
2021-10-11 11:19:05.985 8397-8458/com.capitalfirst D/OkHttp: 26811,835224,GUMLA,JHARKHAND
2021-10-11 11:19:05.985 8397-8458/com.capitalfirst D/OkHttp: 26812,835225,RANCHI,JHARKHAND
2021-10-11 11:19:05.985 8397-8458/com.capitalfirst D/OkHttp: 26813,835226,GUMLA,JHARKHAND
2021-10-11 11:19:05.985 8397-8458/com.capitalfirst D/OkHttp: 26814,835227,RANCHI,JHARKHAND
2021-10-11 11:19:05.985 8397-8458/com.capitalfirst D/OkHttp: 26815,835228,GUMLA,JHARKHAND
2021-10-11 11:19:05.985 8397-8458/com.capitalfirst D/OkHttp: 26816,835229,GUMLA,JHARKHAND
2021-10-11 11:19:05.985 8397-8458/com.capitalfirst D/OkHttp: 26817,835230,GUMLA,JHARKHAND
2021-10-11 11:19:05.985 8397-8458/com.capitalfirst D/OkHttp: 26818,835231,GUMLA,JHARKHAND
2021-10-11 11:19:05.985 8397-8458/com.capitalfirst D/OkHttp: 26819,835232,GUMLA,JHARKHAND
2021-10-11 11:19:05.985 8397-8458/com.capitalfirst D/OkHttp: 26820,835233,GUMLA,JHARKHAND
2021-10-11 11:19:05.985 8397-8458/com.capitalfirst D/OkHttp: 26821,835234,RANCHI,JHARKHAND
2021-10-11 11:19:05.985 8397-8458/com.capitalfirst D/OkHttp: 26822,835235,RANCHI,JHARKHAND
2021-10-11 11:19:05.985 8397-8458/com.capitalfirst D/OkHttp: 26823,835236,RANCHI,JHARKHAND
2021-10-11 11:19:05.985 8397-8458/com.capitalfirst D/OkHttp: 26824,835238,RANCHI,JHARKHAND
2021-10-11 11:19:05.985 8397-8458/com.capitalfirst D/OkHttp: 26825,835239,RANCHI,JHARKHAND
2021-10-11 11:19:05.985 8397-8458/com.capitalfirst D/OkHttp: 26826,835240,RANCHI,JHARKHAND
2021-10-11 11:19:05.986 8397-8458/com.capitalfirst D/OkHttp: 26827,835242,GUMLA,JHARKHAND
2021-10-11 11:19:05.986 8397-8458/com.capitalfirst D/OkHttp: 26828,835244,RANCHI,JHARKHAND
2021-10-11 11:19:05.986 8397-8458/com.capitalfirst D/OkHttp: 26829,835301,RANCHI,JHARKHAND
2021-10-11 11:19:05.986 8397-8458/com.capitalfirst D/OkHttp: 26830,835302,LOHARDAGA,JHARKHAND
2021-10-11 11:19:05.986 8397-8458/com.capitalfirst D/OkHttp: 26831,835303,RANCHI,JHARKHAND
2021-10-11 11:19:05.986 8397-8458/com.capitalfirst D/OkHttp: 26832,835304,LOHARDAGA,JHARKHAND
2021-10-11 11:19:05.986 8397-8458/com.capitalfirst D/OkHttp: 26833,835305,LOHARDAGA,JHARKHAND
2021-10-11 11:19:05.986 8397-8458/com.capitalfirst D/OkHttp: 26834,835306,LOHARDAGA,JHARKHAND
2021-10-11 11:19:05.986 8397-8458/com.capitalfirst D/OkHttp: 26835,835317,KODERMA,JHARKHAND
2021-10-11 11:19:05.986 8397-8458/com.capitalfirst D/OkHttp: 26836,835324,KANKE,JHARKHAND
2021-10-11 11:19:05.986 8397-8458/com.capitalfirst D/OkHttp: 26837,835325,RANCHI,JHARKHAND
2021-10-11 11:19:05.986 8397-8458/com.capitalfirst D/OkHttp: 26838,836001,DHANBAD,JHARKHAND
2021-10-11 11:19:05.986 8397-8458/com.capitalfirst D/OkHttp: 26839,840003,DARBHANGA,BIHAR
2021-10-11 11:19:05.986 8397-8458/com.capitalfirst D/OkHttp: 26840,840301,SARAN,BIHAR
2021-10-11 11:19:05.986 8397-8458/com.capitalfirst D/OkHttp: 26841,841101,SARAN,BIHAR
2021-10-11 11:19:05.986 8397-8458/com.capitalfirst D/OkHttp: 26842,841105,SARAN,BIHAR
2021-10-11 11:19:05.986 8397-8458/com.capitalfirst D/OkHttp: 26843,841201,SARAN,BIHAR
2021-10-11 11:19:05.986 8397-8458/com.capitalfirst D/OkHttp: 26844,841202,SARAN,BIHAR
2021-10-11 11:19:05.986 8397-8458/com.capitalfirst D/OkHttp: 26845,841203,GOPALGANJ,BIHAR
2021-10-11 11:19:05.987 8397-8458/com.capitalfirst D/OkHttp: 26846,841204,SARAN,BIHAR
2021-10-11 11:19:05.987 8397-8458/com.capitalfirst D/OkHttp: 26847,841205,SARAN,BIHAR
2021-10-11 11:19:05.987 8397-8458/com.capitalfirst D/OkHttp: 26848,841206,SARAN,BIHAR
2021-10-11 11:19:05.987 8397-8458/com.capitalfirst D/OkHttp: 26849,841207,SARAN,BIHAR
2021-10-11 11:19:05.987 8397-8458/com.capitalfirst D/OkHttp: 26850,841208,SARAN,BIHAR
2021-10-11 11:19:05.987 8397-8458/com.capitalfirst D/OkHttp: 26851,841209,SARAN,BIHAR
2021-10-11 11:19:05.987 8397-8458/com.capitalfirst D/OkHttp: 26852,841210,SIWAN,BIHAR
2021-10-11 11:19:05.987 8397-8458/com.capitalfirst D/OkHttp: 26853,841211,SARAN,BIHAR
2021-10-11 11:19:05.987 8397-8458/com.capitalfirst D/OkHttp: 26854,841212,SARAN,BIHAR
2021-10-11 11:19:05.987 8397-8458/com.capitalfirst D/OkHttp: 26855,841213,SARAN,BIHAR
2021-10-11 11:19:05.987 8397-8458/com.capitalfirst D/OkHttp: 26856,841214,SARAN,BIHAR
2021-10-11 11:19:05.987 8397-8458/com.capitalfirst D/OkHttp: 26857,841215,SARAN,BIHAR
2021-10-11 11:19:05.987 8397-8458/com.capitalfirst D/OkHttp: 26858,841216,SARAN,BIHAR
2021-10-11 11:19:05.987 8397-8458/com.capitalfirst D/OkHttp: 26859,841217,SARAN,BIHAR
2021-10-11 11:19:05.987 8397-8458/com.capitalfirst D/OkHttp: 26860,841218,SARAN,BIHAR
2021-10-11 11:19:05.988 8397-8458/com.capitalfirst D/OkHttp: 26861,841219,SARAN,BIHAR
2021-10-11 11:19:05.988 8397-8458/com.capitalfirst D/OkHttp: 26862,841220,SARAN,BIHAR
2021-10-11 11:19:05.988 8397-8458/com.capitalfirst D/OkHttp: 26863,841221,SARAN,BIHAR
2021-10-11 11:19:05.988 8397-8458/com.capitalfirst D/OkHttp: 26864,841222,SARAN,BIHAR
2021-10-11 11:19:05.988 8397-8458/com.capitalfirst D/OkHttp: 26865,841223,SARAN,BIHAR
2021-10-11 11:19:05.988 8397-8458/com.capitalfirst D/OkHttp: 26866,841224,SARAN,BIHAR
2021-10-11 11:19:05.988 8397-8458/com.capitalfirst D/OkHttp: 26867,841225,SARAN,BIHAR
2021-10-11 11:19:05.988 8397-8458/com.capitalfirst D/OkHttp: 26868,841226,SIWAN,BIHAR
2021-10-11 11:19:05.989 8397-8507/com.capitalfirst D/OkHttp: 27065,843337,SITAMARHI,BIHAR
2021-10-11 11:19:05.989 8397-8507/com.capitalfirst D/OkHttp: 27066,843338,SITAMARHI,BIHAR
2021-10-11 11:19:05.989 8397-8507/com.capitalfirst D/OkHttp: 27067,843339,SITAMARHI,BIHAR
2021-10-11 11:19:05.989 8397-8507/com.capitalfirst D/OkHttp: 27068,843340,SITAMARHI,BIHAR
2021-10-11 11:19:05.990 8397-8507/com.capitalfirst D/OkHttp: 27069,843341,SITAMARHI,BIHAR
2021-10-11 11:19:05.990 8397-8507/com.capitalfirst D/OkHttp: 27070,843342,SITAMARHI,BIHAR
2021-10-11 11:19:05.990 8397-8507/com.capitalfirst D/OkHttp: 27071,843343,SITAMARHI,BIHAR
2021-10-11 11:19:05.990 8397-8507/com.capitalfirst D/OkHttp: 27072,843344,SITAMARHI,BIHAR
2021-10-11 11:19:05.990 8397-8507/com.capitalfirst D/OkHttp: 27073,843346,SITAMARHI,BIHAR
2021-10-11 11:19:05.990 8397-8507/com.capitalfirst D/OkHttp: 27074,843347,SITAMARHI,BIHAR
2021-10-11 11:19:05.990 8397-8507/com.capitalfirst D/OkHttp: 27075,843348,SITAMARHI,BIHAR
2021-10-11 11:19:05.990 8397-8507/com.capitalfirst D/OkHttp: 27076,843349,SITAMARHI,BIHAR
2021-10-11 11:19:05.990 8397-8507/com.capitalfirst D/OkHttp: 27077,843350,SITAMARHI,BIHAR
2021-10-11 11:19:05.990 8397-8507/com.capitalfirst D/OkHttp: 27078,843351,SITAMARHI,BIHAR
2021-10-11 11:19:05.990 8397-8507/com.capitalfirst D/OkHttp: 27079,843352,SITAMARHI,BIHAR
2021-10-11 11:19:05.990 8397-8507/com.capitalfirst D/OkHttp: 27080,843353,SITAMARHI,BIHAR
2021-10-11 11:19:05.990 8397-8507/com.capitalfirst D/OkHttp: 27081,843354,SITAMARHI,BIHAR
2021-10-11 11:19:05.990 8397-8507/com.capitalfirst D/OkHttp: 27082,843355,SITAMARHI,BIHAR
2021-10-11 11:19:05.990 8397-8507/com.capitalfirst D/OkHttp: 27083,843356,SHEIKHPURA,BIHAR
2021-10-11 11:19:05.990 8397-8507/com.capitalfirst D/OkHttp: 27084,843357,SITAMARHI,BIHAR
2021-10-11 11:19:05.990 8397-8507/com.capitalfirst D/OkHttp: 27085,843358,SITAMARHI,BIHAR
2021-10-11 11:19:05.990 8397-8507/com.capitalfirst D/OkHttp: 27086,843359,SITAMARHI,BIHAR
2021-10-11 11:19:05.991 8397-8507/com.capitalfirst D/OkHttp: 27087,843360,MUZAFFARPUR,BIHAR
2021-10-11 11:19:05.991 8397-8507/com.capitalfirst D/OkHttp: 27088,843361,SITAMARHI,BIHAR
2021-10-11 11:19:05.991 8397-8507/com.capitalfirst D/OkHttp: 27089,843362,SITAMARHI,BIHAR
2021-10-11 11:19:05.991 8397-8507/com.capitalfirst D/OkHttp: 27090,843363,SITAMARHI,BIHAR
2021-10-11 11:19:05.991 8397-8507/com.capitalfirst D/OkHttp: 27091,843364,SITAMARHI,BIHAR
2021-10-11 11:19:05.991 8397-8507/com.capitalfirst D/OkHttp: 27092,843365,SITAMARHI,BIHAR
2021-10-11 11:19:05.991 8397-8507/com.capitalfirst D/OkHttp: 27093,843366,SITAMARHI,BIHAR
2021-10-11 11:19:05.991 8397-8507/com.capitalfirst D/OkHttp: 27094,843367,SITAMARHI,BIHAR
2021-10-11 11:19:05.991 8397-8507/com.capitalfirst D/OkHttp: 27095,843368,SHEOHAR,BIHAR
2021-10-11 11:19:05.991 8397-8507/com.capitalfirst D/OkHttp: 27096,843401,MUZAFFARPUR,BIHAR
2021-10-11 11:19:05.991 8397-8507/com.capitalfirst D/OkHttp: 27097,844010,HAJIPUR,PUNJAB
2021-10-11 11:19:05.991 8397-8507/com.capitalfirst D/OkHttp: 27098,844056,VAISHALI,BIHAR
2021-10-11 11:19:05.991 8397-8507/com.capitalfirst D/OkHttp: 27099,844101,VAISHALI,BIHAR
2021-10-11 11:19:05.991 8397-8507/com.capitalfirst D/OkHttp: 27100,844102,VAISHALI,BIHAR
2021-10-11 11:19:05.991 8397-8507/com.capitalfirst D/OkHttp: 27101,844103,VAISHALI,BIHAR
2021-10-11 11:19:05.991 8397-8507/com.capitalfirst D/OkHttp: 27102,844111,VAISHALI,BIHAR
2021-10-11 11:19:05.991 8397-8507/com.capitalfirst D/OkHttp: 27103,844112,VAISHALI,BIHAR
2021-10-11 11:19:05.992 8397-8507/com.capitalfirst D/OkHttp: 27104,844113,VAISHALI,BIHAR
2021-10-11 11:19:05.992 8397-8507/com.capitalfirst D/OkHttp: 27105,844114,VAISHALI,BIHAR
2021-10-11 11:19:05.992 8397-8507/com.capitalfirst D/OkHttp: 27106,844115,VAISHALI,BIHAR
2021-10-11 11:19:05.992 8397-8507/com.capitalfirst D/OkHttp: 27107,844116,VAISHALI,BIHAR
2021-10-11 11:19:05.992 8397-8507/com.capitalfirst D/OkHttp: 27108,844117,VAISHALI,BIHAR
2021-10-11 11:19:05.992 8397-8507/com.capitalfirst D/OkHttp: 27109,844118,HAZIPUR,BIHAR
2021-10-11 11:19:05.992 8397-8507/com.capitalfirst D/OkHttp: 27110,844119,VAISHALI,BIHAR
2021-10-11 11:19:05.992 8397-8507/com.capitalfirst D/OkHttp: 27111,844120,MUZAFFARPUR,BIHAR
2021-10-11 11:19:05.992 8397-8507/com.capitalfirst D/OkHttp: 27112,844121,VAISHALI,BIHAR
2021-10-11 11:19:05.992 8397-8507/com.capitalfirst D/OkHttp: 27113,844122,VAISHALI,BIHAR
2021-10-11 11:19:05.992 8397-8507/com.capitalfirst D/OkHttp: 27114,844123,VAISHALI,BIHAR
2021-10-11 11:19:05.993 8397-8507/com.capitalfirst D/OkHttp: 27115,844124,VAISHALI,BIHAR
2021-10-11 11:19:05.993 8397-8481/com.capitalfirst D/OkHttp: 25694,795122,SENAPATI,MANIPUR
2021-10-11 11:19:05.993 8397-8481/com.capitalfirst D/OkHttp: 25695,795123,THOUBAL,MANIPUR
2021-10-11 11:19:05.993 8397-8481/com.capitalfirst D/OkHttp: 25696,795124,CHURACHANDPUR,MANIPUR
2021-10-11 11:19:05.993 8397-8481/com.capitalfirst D/OkHttp: 25697,795125,TAMENGLONG,MANIPUR
2021-10-11 11:19:05.993 8397-8481/com.capitalfirst D/OkHttp: 25698,795126,CHANDEL,MANIPUR
2021-10-11 11:19:05.993 8397-8481/com.capitalfirst D/OkHttp: 25699,795127,CHANDEL,MANIPUR
2021-10-11 11:19:05.993 8397-8481/com.capitalfirst D/OkHttp: 25700,795128,CHURACHANDPUR,MANIPUR
2021-10-11 11:19:05.993 8397-8481/com.capitalfirst D/OkHttp: 25701,795129,SENAPATI,MANIPUR
2021-10-11 11:19:05.993 8397-8481/com.capitalfirst D/OkHttp: 25702,795130,THOUBAL,MANIPUR
2021-10-11 11:19:05.993 8397-8481/com.capitalfirst D/OkHttp: 25703,795131,MOREH,MANIPUR
2021-10-11 11:19:05.993 8397-8481/com.capitalfirst D/OkHttp: 25704,795132,MAYANG IMPHAL,MANIPUR
2021-10-11 11:19:05.993 8397-8481/com.capitalfirst D/OkHttp: 25705,795133,MOIRANG,MANIPUR
2021-10-11 11:19:05.993 8397-8481/com.capitalfirst D/OkHttp: 25706,795134,BISHENPUR,MANIPUR
2021-10-11 11:19:05.993 8397-8481/com.capitalfirst D/OkHttp: 25707,795135,CHANDEL,MANIPUR
2021-10-11 11:19:05.993 8397-8481/com.capitalfirst D/OkHttp: 25708,795136,IMPHAL,MANIPUR
2021-10-11 11:19:05.993 8397-8481/com.capitalfirst D/OkHttp: 25709,795137,IMPHAL,MANIPUR
2021-10-11 11:19:05.994 8397-8481/com.capitalfirst D/OkHttp: 25710,795138,THOUBAL,MANIPUR
2021-10-11 11:19:05.994 8397-8481/com.capitalfirst D/OkHttp: 25711,795139,CHURACHANDPUR,MANIPUR
2021-10-11 11:19:05.994 8397-8481/com.capitalfirst D/OkHttp: 25712,795140,IMPHAL,MANIPUR
2021-10-11 11:19:05.994 8397-8481/com.capitalfirst D/OkHttp: 25713,795141,TAMENGLONG,MANIPUR
2021-10-11 11:19:05.994 8397-8481/com.capitalfirst D/OkHttp: 25714,795142,UKHRUL,MANIPUR
2021-10-11 11:19:05.994 8397-8481/com.capitalfirst D/OkHttp: 25715,795143,CHURACHANDPUR,MANIPUR
2021-10-11 11:19:05.994 8397-8481/com.capitalfirst D/OkHttp: 25716,795144,CHURACHANDPUR,MANIPUR
2021-10-11 11:19:05.994 8397-8481/com.capitalfirst D/OkHttp: 25717,795145,IMPHAL,MANIPUR
2021-10-11 11:19:05.994 8397-8481/com.capitalfirst D/OkHttp: 25718,795146,IMPHAL,MANIPUR
2021-10-11 11:19:05.994 8397-8481/com.capitalfirst D/OkHttp: 25719,795147,TAMENGLONG,MANIPUR
2021-10-11 11:19:05.994 8397-8481/com.capitalfirst D/OkHttp: 25720,795150,SENAPATI,MANIPUR
2021-10-11 11:19:05.994 8397-8481/com.capitalfirst D/OkHttp: 25721,795151,SENAPATI,MANIPUR
2021-10-11 11:19:05.994 8397-8481/com.capitalfirst D/OkHttp: 25722,795158,SENAPATI,MANIPUR
2021-10-11 11:19:05.994 8397-8481/com.capitalfirst D/OkHttp: 25723,796001,AIZWAL,MIZORAM
2021-10-11 11:19:05.994 8397-8481/com.capitalfirst D/OkHttp: 25724,796005,AIZWAL,MIZORAM
2021-10-11 11:19:05.994 8397-8481/com.capitalfirst D/OkHttp: 25725,796007,AIZWAL,MIZORAM
2021-10-11 11:19:05.995 8397-8481/com.capitalfirst D/OkHttp: 25726,796009,AIZWAL,MIZORAM
2021-10-11 11:19:05.995 8397-8481/com.capitalfirst D/OkHttp: 25727,796012,AIZWAL,MIZORAM
2021-10-11 11:19:05.995 8397-8481/com.capitalfirst D/OkHttp: 25728,796015,AIZWAL,MIZORAM
2021-10-11 11:19:05.995 8397-8481/com.capitalfirst D/OkHttp: 25729,796017,AIZWAL,MIZORAM
2021-10-11 11:19:05.995 8397-8481/com.capitalfirst D/OkHttp: 25730,796025,AIZWAL,MIZORAM
2021-10-11 11:19:05.995 8397-8481/com.capitalfirst D/OkHttp: 25731,796031,KOLASIB,MIZORAM
2021-10-11 11:19:05.995 8397-8481/com.capitalfirst D/OkHttp: 25732,796070,AIZWAL,MIZORAM
2021-10-11 11:19:05.995 8397-8481/com.capitalfirst D/OkHttp: 25733,796081,AIZWAL,MIZORAM
2021-10-11 11:19:05.995 8397-8481/com.capitalfirst D/OkHttp: 25734,796101,VAIRENGTE,MIZORAM
2021-10-11 11:19:05.995 8397-8481/com.capitalfirst D/OkHttp: 25735,796111,DARLAWN,MIZORAM
2021-10-11 11:19:05.995 8397-8481/com.capitalfirst D/OkHttp: 25736,796161,SHERCHIP,MIZORAM
2021-10-11 11:19:05.995 8397-8481/com.capitalfirst D/OkHttp: 25737,796181,SHERCHIP,MIZORAM
2021-10-11 11:19:05.995 8397-8481/com.capitalfirst D/OkHttp: 25738,796190,AIZWAL,MIZORAM
2021-10-11 11:19:05.995 8397-8481/com.capitalfirst D/OkHttp: 25739,796230,AIZWAL,MIZORAM
2021-10-11 11:19:05.996 8397-8481/com.capitalfirst D/OkHttp: 25740,796261,SAITUAL,MIZORAM
2021-10-11 11:19:05.996 8397-8481/com.capitalfirst D/OkHttp: 25741,796290,CHAMPHAI,MIZORAM
2021-10-11 11:19:05.996 8397-8481/com.capitalfirst D/OkHttp: 25742,796310,KHAWZAWL,MIZORAM
2021-10-11 11:19:05.996 8397-8481/com.capitalfirst D/OkHttp: 25743,796321,AIZWAL,MIZORAM
2021-10-11 11:19:05.996 8397-8481/com.capitalfirst D/OkHttp: 25744,796370,SHERCHIP,MIZORAM
2021-10-11 11:19:05.997 8397-8481/com.capitalfirst D/OkHttp: 25745,796410,SAIRANG,MIZORAM
2021-10-11 11:19:05.997 8397-8481/com.capitalfirst D/OkHttp: 25746,796441,AIZWAL,MIZORAM
2021-10-11 11:19:05.997 8397-8481/com.capitalfirst D/OkHttp: 25747,796471,AIZWAL,MIZORAM
2021-10-11 11:19:05.997 8397-8481/com.capitalfirst D/OkHttp: 25748,796571,HNAHTHIAL,MIZORAM
2021-10-11 11:19:05.997 8397-8481/com.capitalfirst D/OkHttp: 25749,796629,LUNGLEH,MIZORAM
2021-10-11 11:19:05.997 8397-8481/com.capitalfirst D/OkHttp: 25750,796691,LUNGLEH,MIZORAM
2021-10-11 11:19:05.997 8397-8481/com.capitalfirst D/OkHttp: 25751,796701,LUNGLEI,MIZORAM
2021-10-11 11:19:05.997 8397-8481/com.capitalfirst D/OkHttp: 25752,796710,LUNGLEH,MIZORAM
2021-10-11 11:19:05.997 8397-8481/com.capitalfirst D/OkHttp: 25753,796730,LUNGSEN,MIZORAM
2021-10-11 11:19:05.997 8397-8481/com.capitalfirst D/OkHttp: 25754,796751,LUNGLEH,MIZORAM
2021-10-11 11:19:05.997 8397-8481/com.capitalfirst D/OkHttp: 25755,796770,LAWNGTLAI,MIZORAM
2021-10-11 11:19:05.997 8397-8481/com.capitalfirst D/OkHttp: 25756,796892,LAWNGTLAI,MIZORAM
2021-10-11 11:19:05.997 8397-8481/com.capitalfirst D/OkHttp: 25757,796901,LUNGLEH,MIZORAM
2021-10-11 11:19:05.997 8397-8481/com.capitalfirst D/OkHttp: 25758,797001,KOHIMA,NAGALAND
2021-10-11 11:19:05.997 8397-8481/com.capitalfirst D/OkHttp: 25759,797101,KOHIMA,NAGALAND
2021-10-11 11:19:05.997 8397-8481/com.capitalfirst D/OkHttp: 25760,797102,PHEK,NAGALAND
2021-10-11 11:19:05.998 8397-8481/com.capitalfirst D/OkHttp: 25761,797103,CHUMUKHEDIMA,NAGALAND
2021-10-11 11:19:05.998 8397-8481/com.capitalfirst D/OkHttp: 25762,797104,PHEK,NAGALAND
2021-10-11 11:19:05.998 8397-8481/com.capitalfirst D/OkHttp: 25763,797105,KOHIMA,NAGALAND
2021-10-11 11:19:05.998 8397-8481/com.capitalfirst D/OkHttp: 25764,797106,KOHIMA,NAGALAND
2021-10-11 11:19:05.998 8397-8481/com.capitalfirst D/OkHttp: 25765,797107,PHEK,NAGALAND
2021-10-11 11:19:05.998 8397-8481/com.capitalfirst D/OkHttp: 25766,797108,PHEK,NAGALAND
2021-10-11 11:19:05.998 8397-8481/com.capitalfirst D/OkHttp: 25767,797109,KOHIMA,NAGALAND
2021-10-11 11:19:05.998 8397-8481/com.capitalfirst D/OkHttp: 25768,797110,KOHIMA,NAGALAND
2021-10-11 11:19:05.998 8397-8481/com.capitalfirst D/OkHttp: 25769,797111,WOKHA,NAGALAND
2021-10-11 11:19:05.998 8397-8481/com.capitalfirst D/OkHttp: 25770,797112,DIMAPUR,NAGALAND
2021-10-11 11:19:05.998 8397-8481/com.capitalfirst D/OkHttp: 25771,797116,DIMAPUR,NAGALAND
2021-10-11 11:19:05.998 8397-8481/com.capitalfirst D/OkHttp: 25772,797121,KOHIMA,NAGALAND
2021-10-11 11:19:05.998 8397-8481/com.capitalfirst D/OkHttp: 25773,797122,KOHIMA,NAGALAND
2021-10-11 11:19:05.998 8397-8481/com.capitalfirst D/OkHttp: 25774,797123,KOHIMA,NAGALAND
2021-10-11 11:19:05.998 8397-8481/com.capitalfirst D/OkHttp: 25775,797124,KOHIMA,NAGALAND
2021-10-11 11:19:05.998 8397-8481/com.capitalfirst D/OkHttp: 25776,797125,KOHIMA,NAGALAND
2021-10-11 11:19:05.998 8397-8481/com.capitalfirst D/OkHttp: 25777,797126,KOHIMA,NAGALAND
2021-10-11 11:19:05.999 8397-8481/com.capitalfirst D/OkHttp: 25778,797127,KOHIMA,NAGALAND
2021-10-11 11:19:05.999 8397-8481/com.capitalfirst D/OkHttp: 25779,798601,MOKOKCHUNG,NAGALAND
2021-10-11 11:19:05.999 8397-8481/com.capitalfirst D/OkHttp: 25780,798611,TUENGSANG,NAGALAND
2021-10-11 11:19:05.999 8397-8481/com.capitalfirst D/OkHttp: 25781,798612,TUENGSANG,NAGALAND
2021-10-11 11:19:05.999 8397-8481/com.capitalfirst D/OkHttp: 25782,798613,MOKOKCHUNG,NAGALAND
2021-10-11 11:19:05.999 8397-8481/com.capitalfirst D/OkHttp: 25783,798614,MOKOKCHUNG,NAGALAND
2021-10-11 11:19:05.999 8397-8481/com.capitalfirst D/OkHttp: 25784,798615,MOKOKCHUNG,NAGALAND
2021-10-11 11:19:05.999 8397-8481/com.capitalfirst D/OkHttp: 25785,798616,TUENGSANG,NAGALAND
2021-10-11 11:19:05.999 8397-8481/com.capitalfirst D/OkHttp: 25786,798617,MOKOKCHUNG,NAGALAND
2021-10-11 11:19:05.999 8397-8481/com.capitalfirst D/OkHttp: 25787,798618,MOKOKCHUNG,NAGALAND
2021-10-11 11:19:05.999 8397-8481/com.capitalfirst D/OkHttp: 25788,798619,ZUNEHBOTO,NAGALAND
2021-10-11 11:19:05.999 8397-8481/com.capitalfirst D/OkHttp: 25789,798620,ZUNEHBOTO,NAGALAND
2021-10-11 11:19:05.999 8397-8481/com.capitalfirst D/OkHttp: 25790,798621,MON,NAGALAND
2021-10-11 11:19:05.999 8397-8481/com.capitalfirst D/OkHttp: 25791,798622,MOKOKCHUNG,NAGALAND
2021-10-11 11:19:05.999 8397-8481/com.capitalfirst D/OkHttp: 25792,798623,MOKOKCHUNG,NAGALAND
2021-10-11 11:19:05.999 8397-8481/com.capitalfirst D/OkHttp: 25793,798626,ZUNEHBOTO,NAGALAND
2021-10-11 11:19:05.999 8397-8481/com.capitalfirst D/OkHttp: 25794,798627,ZUNEHBOTO,NAGALAND
2021-10-11 11:19:05.999 8397-8481/com.capitalfirst D/OkHttp: 25795,798628,MOKOKCHUNG,NAGALAND
2021-10-11 11:19:05.999 8397-8481/com.capitalfirst D/OkHttp: 25796,798629,ZUNEHBOTO,NAGALAND
2021-10-11 11:19:05.999 8397-8481/com.capitalfirst D/OkHttp: 25797,798630,MOKOKCHUNG,NAGALAND
2021-10-11 11:19:05.999 8397-8481/com.capitalfirst D/OkHttp: 25798,798631,CHUKITONG,NAGALAND
2021-10-11 11:19:05.999 8397-8481/com.capitalfirst D/OkHttp: 25799,798632,MOKOKCHUNG,NAGALAND
2021-10-11 11:19:06.003 8397-8481/com.capitalfirst D/OkHttp: 25800,799001,AGARTALA,TRIPURA
2021-10-11 11:19:06.003 8397-8507/com.capitalfirst D/OkHttp: 27116,844125,VAISHALI,BIHAR
2021-10-11 11:19:06.003 8397-8507/com.capitalfirst D/OkHttp: 27117,844126,VAISHALI,BIHAR
2021-10-11 11:19:06.003 8397-8507/com.capitalfirst D/OkHttp: 27118,844127,MUZAFFARPUR,BIHAR
2021-10-11 11:19:06.003 8397-8458/com.capitalfirst D/OkHttp: 26869,841227,SIWAN,BIHAR
2021-10-11 11:19:06.003 8397-8458/com.capitalfirst D/OkHttp: 26870,841231,SIWAN,BIHAR
2021-10-11 11:19:06.003 8397-8458/com.capitalfirst D/OkHttp: 26871,841232,SIWAN,BIHAR
2021-10-11 11:19:06.003 8397-8479/com.capitalfirst D/OkHttp: 23932,752117,PURI,ORISSA
2021-10-11 11:19:06.003 8397-8479/com.capitalfirst D/OkHttp: 23933,752118,PURI,ORISSA
2021-10-11 11:19:06.003 8397-8479/com.capitalfirst D/OkHttp: 23934,752119,PURI,ORISSA
2021-10-11 11:19:06.003 8397-8479/com.capitalfirst D/OkHttp: 23935,752120,CUTTACK,ORISSA
2021-10-11 11:19:06.004 8397-8458/com.capitalfirst D/OkHttp: 26872,841233,SIWAN,BIHAR
2021-10-11 11:19:06.004 8397-8458/com.capitalfirst D/OkHttp: 26873,841234,SARAN,BIHAR
2021-10-11 11:19:06.004 8397-8458/com.capitalfirst D/OkHttp: 26874,841235,SARAN,BIHAR
2021-10-11 11:19:06.004 8397-8458/com.capitalfirst D/OkHttp: 26875,841236,SIWAN,BIHAR
2021-10-11 11:19:06.004 8397-8458/com.capitalfirst D/OkHttp: 26876,841237,SIWAN,BIHAR
2021-10-11 11:19:06.004 8397-8458/com.capitalfirst D/OkHttp: 26877,841238,SIWAN,BIHAR
2021-10-11 11:19:06.005 8397-8458/com.capitalfirst D/OkHttp: 26878,841239,SARAN,BIHAR
2021-10-11 11:19:06.005 8397-8458/com.capitalfirst D/OkHttp: 26879,841240,SARAN,BIHAR
2021-10-11 11:19:06.005 8397-8458/com.capitalfirst D/OkHttp: 26880,841241,SIWAN,BIHAR
2021-10-11 11:19:06.005 8397-8458/com.capitalfirst D/OkHttp: 26881,841242,SARAN,BIHAR
2021-10-11 11:19:06.005 8397-8458/com.capitalfirst D/OkHttp: 26882,841243,SIWAN,BIHAR
2021-10-11 11:19:06.005 8397-8458/com.capitalfirst D/OkHttp: 26883,841244,SARAN,BIHAR
2021-10-11 11:19:06.005 8397-8458/com.capitalfirst D/OkHttp: 26884,841245,SIWAN,BIHAR
2021-10-11 11:19:06.005 8397-8458/com.capitalfirst D/OkHttp: 26885,841246,SARAN,BIHAR
2021-10-11 11:19:06.005 8397-8458/com.capitalfirst D/OkHttp: 26886,841247,SARAN,BIHAR
2021-10-11 11:19:06.005 8397-8458/com.capitalfirst D/OkHttp: 26887,841248,SARAN,BIHAR
2021-10-11 11:19:06.005 8397-8458/com.capitalfirst D/OkHttp: 26888,841249,SARAN,BIHAR
2021-10-11 11:19:06.005 8397-8458/com.capitalfirst D/OkHttp: 26889,841250,SARAN,BIHAR
2021-10-11 11:19:06.005 8397-8458/com.capitalfirst D/OkHttp: 26890,841251,SARAN,BIHAR
2021-10-11 11:19:06.005 8397-8458/com.capitalfirst D/OkHttp: 26891,841252,SIWAN,BIHAR
2021-10-11 11:19:06.005 8397-8458/com.capitalfirst D/OkHttp: 26892,841253,SARAN,BIHAR
2021-10-11 11:19:06.005 8397-8458/com.capitalfirst D/OkHttp: 26893,841254,SIWAN,BIHAR
2021-10-11 11:19:06.005 8397-8458/com.capitalfirst D/OkHttp: 26894,841255,SARAN,BIHAR
2021-10-11 11:19:06.005 8397-8458/com.capitalfirst D/OkHttp: 26895,841256,SARAN,BIHAR
2021-10-11 11:19:06.054 8397-8458/com.capitalfirst D/OkHttp: 27039,843311,SITAMARHI,BIHAR
2021-10-11 11:19:06.054 8397-8458/com.capitalfirst D/OkHttp: 27040,843312,MUZAFFARPUR,BIHAR
2021-10-11 11:19:06.054 8397-8458/com.capitalfirst D/OkHttp: 27041,843313,SITAMARHI,BIHAR
2021-10-11 11:19:06.054 8397-8458/com.capitalfirst D/OkHttp: 27042,843314,SITAMARHI,BIHAR
2021-10-11 11:19:06.054 8397-8458/com.capitalfirst D/OkHttp: 27043,843315,SITAMARHI,BIHAR
2021-10-11 11:19:06.054 8397-8458/com.capitalfirst D/OkHttp: 27044,843316,SITAMARHI,BIHAR
2021-10-11 11:19:06.054 8397-8479/com.capitalfirst D/OkHttp: 24022,754115,CUTTACK,ORISSA
2021-10-11 11:19:06.054 8397-8479/com.capitalfirst D/OkHttp: 24023,754116,JAGATSINGHAPUR,ORISSA
2021-10-11 11:19:06.054 8397-8479/com.capitalfirst D/OkHttp: 24024,754117,CUTTACK,ORISSA
2021-10-11 11:19:06.055 8397-8479/com.capitalfirst D/OkHttp: 24025,754118,CUTTACK,ORISSA
2021-10-11 11:19:06.055 8397-8479/com.capitalfirst D/OkHttp: 24026,754119,JAGATSINGHAPUR,ORISSA
2021-10-11 11:19:06.055 8397-8479/com.capitalfirst D/OkHttp: 24027,754120,JAGATSINGHAPUR,ORISSA
2021-10-11 11:19:06.055 8397-8479/com.capitalfirst D/OkHttp: 24028,754130,CUTTACK,ORISSA
2021-10-11 11:19:06.055 8397-8479/com.capitalfirst D/OkHttp: 24029,754131,CUTTACK,ORISSA
2021-10-11 11:19:06.055 8397-8479/com.capitalfirst D/OkHttp: 24030,754132,JAGATSINGHAPUR,ORISSA
2021-10-11 11:19:06.055 8397-8479/com.capitalfirst D/OkHttp: 24031,754133,JAGATSINGHAPUR,ORISSA
2021-10-11 11:19:06.055 8397-8479/com.capitalfirst D/OkHttp: 24032,754134,KENDRAPARA,ORISSA
2021-10-11 11:19:06.056 8397-8479/com.capitalfirst D/OkHttp: 24033,754135,KENDRAPARA,ORISSA
2021-10-11 11:19:06.057 8397-8479/com.capitalfirst D/OkHttp: 24034,754136,JAGATSINGHAPUR,ORISSA
2021-10-11 11:19:06.057 8397-8479/com.capitalfirst D/OkHttp: 24035,754137,JAGATSINGHAPUR,ORISSA
2021-10-11 11:19:06.057 8397-8479/com.capitalfirst D/OkHttp: 24036,754138,JAGATSINGHAPUR,ORISSA
2021-10-11 11:19:06.057 8397-8479/com.capitalfirst D/OkHttp: 24037,754139,JAGATSINGHAPUR,ORISSA
2021-10-11 11:19:06.057 8397-8479/com.capitalfirst D/OkHttp: 24038,754140,KENDRAPARA,ORISSA
2021-10-11 11:19:06.058 8397-8479/com.capitalfirst D/OkHttp: 24039,754141,JAGATSINGHAPUR,ORISSA
2021-10-11 11:19:06.058 8397-8479/com.capitalfirst D/OkHttp: 24040,754142,JAGATSINGHAPUR,ORISSA
2021-10-11 11:19:06.058 8397-8479/com.capitalfirst D/OkHttp: 24041,754143,JAGATSINGHAPUR,ORISSA
2021-10-11 11:19:06.058 8397-8479/com.capitalfirst D/OkHttp: 24042,754144,JAGATSINGHAPUR,ORISSA
2021-10-11 11:19:06.058 8397-8479/com.capitalfirst D/OkHttp: 24043,754145,JAGATSINGHAPUR,ORISSA
2021-10-11 11:19:06.058 8397-8479/com.capitalfirst D/OkHttp: 24044,754153,KENDRAPARA,ORISSA
2021-10-11 11:19:06.059 8397-8479/com.capitalfirst D/OkHttp: 24045,754154,CUTTACK,ORISSA
2021-10-11 11:19:06.059 8397-8479/com.capitalfirst D/OkHttp: 24046,754155,CUTTACK,ORISSA
2021-10-11 11:19:06.059 8397-8479/com.capitalfirst D/OkHttp: 24047,754156,KENDRAPARA,ORISSA
2021-10-11 11:19:06.059 8397-8479/com.capitalfirst D/OkHttp: 24048,754157,CUTTACK,ORISSA
2021-10-11 11:19:06.059 8397-8479/com.capitalfirst D/OkHttp: 24049,754158,CUTTACK,ORISSA
2021-10-11 11:19:06.060 8397-8458/com.capitalfirst D/OkHttp: 27045,843317,SITAMARHI,BIHAR
2021-10-11 11:19:06.060 8397-8458/com.capitalfirst D/OkHttp: 27046,843318,SITAMARHI,BIHAR
2021-10-11 11:19:06.060 8397-8458/com.capitalfirst D/OkHttp: 27047,843319,SITAMARHI,BIHAR
2021-10-11 11:19:06.061 8397-8458/com.capitalfirst D/OkHttp: 27048,843320,SITAMARHI,BIHAR
2021-10-11 11:19:06.061 8397-8458/com.capitalfirst D/OkHttp: 27049,843321,MUZAFFARPUR,BIHAR
2021-10-11 11:19:06.061 8397-8458/com.capitalfirst D/OkHttp: 27050,843322,SITAMARHI,BIHAR
2021-10-11 11:19:06.061 8397-8458/com.capitalfirst D/OkHttp: 27051,843323,SITAMARHI,BIHAR
2021-10-11 11:19:06.061 8397-8458/com.capitalfirst D/OkHttp: 27052,843324,SITAMARHI,BIHAR
2021-10-11 11:19:06.061 8397-8458/com.capitalfirst D/OkHttp: 27053,843325,SITAMARHI,BIHAR
2021-10-11 11:19:06.061 8397-8458/com.capitalfirst D/OkHttp: 27054,843326,SITAMARHI,BIHAR
2021-10-11 11:19:06.061 8397-8458/com.capitalfirst D/OkHttp: 27055,843327,SITAMARHI,BIHAR
2021-10-11 11:19:06.061 8397-8458/com.capitalfirst D/OkHttp: 27056,843328,SITAMARHI,BIHAR
2021-10-11 11:19:06.061 8397-8458/com.capitalfirst D/OkHttp: 27057,843329,SHEOHAR,BIHAR
2021-10-11 11:19:06.061 8397-8458/com.capitalfirst D/OkHttp: 27058,843330,SITAMARHI,BIHAR
2021-10-11 11:19:06.061 8397-8458/com.capitalfirst D/OkHttp: 27059,843331,SITAMARHI,BIHAR
2021-10-11 11:19:06.062 8397-8458/com.capitalfirst D/OkHttp: 27060,843332,SITAMARHI,BIHAR
2021-10-11 11:19:06.062 8397-8458/com.capitalfirst D/OkHttp: 27061,843333,SITAMARHI,BIHAR
